******************************************************************************
            TI ARM Clang Linker PC v4.0.2                      
******************************************************************************
>> Linked Thu Jul 31 20:48:19 2025

OUTPUT FILE NAME:   <DS_E02.out>
ENTRY POINT SYMBOL: "_c_int00_noargs"  address: 00004ae1


MEMORY CONFIGURATION

         name            origin    length      used     unused   attr    fill
----------------------  --------  ---------  --------  --------  ----  --------
  FLASH                 00000000   00020000  000059b0  0001a650  R  X
  SRAM                  20200000   00008000  00000a27  000075d9  RW X
  BCR_CONFIG            41c00000   000000ff  00000000  000000ff  R   
  BSL_CONFIG            41c00100   00000080  00000000  00000080  R   


SEGMENT ALLOCATION MAP

run origin  load origin   length   init length attrs members
----------  ----------- ---------- ----------- ----- -------
00000000    00000000    000059b0   000059b0    r-x
  00000000    00000000    000000c0   000000c0    r-- .intvecs
  000000c0    000000c0    000051a0   000051a0    r-x .text
  00005260    00005260    000006c8   000006c8    r-- .rodata
  00005928    00005928    00000088   00000088    r-- .cinit
20200000    20200000    0000082a   00000000    rw-
  20200000    20200000    00000669   00000000    rw- .bss
  2020066c    2020066c    000001be   00000000    rw- .data
20207e00    20207e00    00000200   00000000    rw-
  20207e00    20207e00    00000200   00000000    rw- .stack


SECTION ALLOCATION MAP

 output                                  attributes/
section   page    origin      length       input sections
--------  ----  ----------  ----------   ----------------
.intvecs   0    00000000    000000c0     
                  00000000    000000c0     startup_mspm0g350x_ticlang.o (.intvecs)

.text      0    000000c0    000051a0     
                  000000c0    00000608     app_oled.o (.text.OLED_Show_Proc)
                  000006c8    000004c0     Encoder.o (.text.GROUP1_IRQHandler)
                  00000b88    00000354     task.o (.text.Task_1)
                  00000edc    0000027c     bsp_gyro.o (.text.get_angle)
                  00001158    0000025c     timer.o (.text.TIMG8_IRQHandler)
                  000013b4    00000240     step_motor.o (.text.step)
                  000015f4    00000220     key.o (.text.Key_Read)
                  00001814    00000220     ti_msp_dl_config.o (.text.SYSCFG_DL_GPIO_init)
                  00001a34    000001bc     gw_gray.o (.text.Huidu_Proc)
                  00001bf0    000001a6     oled.o (.text.OLED_ShowFloatNum)
                  00001d96    00000002     libclang_rt.builtins.a : aeabi_div0.c.obj (.text.__aeabi_idiv0)
                  00001d98    00000192                            : adddf3.S.obj (.text.adddf3_subdf3)
                  00001f2a    00000002     --HOLE-- [fill = 0]
                  00001f2c    00000158     oled.o (.text.OLED_ShowChar)
                  00002084    00000144     libc.a : s_floor.c.obj (.text.floor)
                  000021c8    0000013c     usart.o (.text.UART1_rx_dataframe)
                  00002304    00000138     key.o (.text.KEY_PROC)
                  0000243c    0000010c     Encoder.o (.text.MEASURE_MOTORS_SPEED)
                  00002548    0000010c     libclang_rt.builtins.a : divdf3.S.obj (.text.__divdf3)
                  00002654    00000106     oled.o (.text.OLED_Init)
                  0000275a    00000002     --HOLE-- [fill = 0]
                  0000275c    00000104     driverlib.a : dl_timer.o (.text.DL_Timer_initFourCCPWMMode)
                  00002860    000000e8                 : dl_timer.o (.text.DL_Timer_initTimerMode)
                  00002948    000000e4     libclang_rt.builtins.a : muldf3.S.obj (.text.__muldf3)
                  00002a2c    000000e2     oled.o (.text.OLED_ShowNum)
                  00002b0e    00000002     --HOLE-- [fill = 0]
                  00002b10    000000dc     task.o (.text.Turn_Process)
                  00002bec    000000d8     libclang_rt.builtins.a : addsf3.S.obj (.text)
                  00002cc4    000000d4     bsp_gyro.o (.text.readDataJy61p)
                  00002d98    000000cc     oled.o (.text.OLED_ShowSignedNum)
                  00002e64    000000c0     bsp_gyro.o (.text.I2C_WaitAck)
                  00002f24    000000c0     motor_ctrl.o (.text.PID_Calculate)
                  00002fe4    000000b6     oled.o (.text.OLED_ShowBinNum)
                  0000309a    00000002     --HOLE-- [fill = 0]
                  0000309c    000000b4     timer.o (.text.TIMG7_IRQHandler)
                  00003150    000000a8     oled.o (.text.I2C_WaitAck)
                  000031f8    000000a8     bsp_gyro.o (.text.jy61pInit)
                  000032a0    000000a8     libc.a : s_round.c.obj (.text.round)
                  00003348    000000a4     oled.o (.text.OLED_DrawPoint)
                  000033ec    000000a4     bsp_gyro.o (.text.Send_Byte)
                  00003490    000000a4     timer.o (.text.TIMG0_IRQHandler)
                  00003534    000000a0     bsp_gyro.o (.text.Read_Byte)
                  000035d4    000000a0     ti_msp_dl_config.o (.text.SYSCFG_DL_initPower)
                  00003674    0000009c     oled.o (.text.OLED_Refresh)
                  00003710    0000009c     motor_ctrl.o (.text.Set_Motor1_Speed)
                  000037ac    0000009a     oled.o (.text.OLED_ShowString)
                  00003846    00000002     --HOLE-- [fill = 0]
                  00003848    00000098     motor_ctrl.o (.text.Set_Motor2_Speed)
                  000038e0    00000098     bsp_gyro.o (.text.writeDataJy61p)
                  00003978    0000008c     oled.o (.text.I2C_Send_Byte)
                  00003a04    0000008c     bsp_gyro.o (.text.IIC_Send_Ack)
                  00003a90    0000008c     ti_msp_dl_config.o (.text.SYSCFG_DL_PWM_0_init)
                  00003b1c    0000008c     libclang_rt.builtins.a : mulsf3.S.obj (.text.__mulsf3)
                  00003ba8    00000088     gw_gray.o (.text.Huidu_Read)
                  00003c30    00000084     ti_msp_dl_config.o (.text.__NVIC_SetPriority)
                  00003cb4    0000007c     libc.a : copy_decompress_lzss.c.obj (.text:decompress:lzss)
                  00003d30    0000007a     protocol.o (.text.recvbuf_put_data)
                  00003daa    00000002     --HOLE-- [fill = 0]
                  00003dac    00000074     libclang_rt.builtins.a : comparedf2.c.obj (.text.__gedf2)
                  00003e20    00000074                            : truncdfsf2.S.obj (.text.__truncdfsf2)
                  00003e94    0000006c     Encoder.o (.text.Motor2_Get_Speed)
                  00003f00    00000068     libclang_rt.builtins.a : comparedf2.c.obj (.text.__ledf2)
                  00003f68    00000064     bsp_gyro.o (.text.IIC_Start)
                  00003fcc    00000064     Encoder.o (.text.Motor1_Get_Speed)
                  00004030    00000062     libclang_rt.builtins.a : aeabi_dcmp.S.obj (.text.__aeabi_dcmp)
                  00004092    00000002     --HOLE-- [fill = 0]
                  00004094    00000062                            : aeabi_fcmp.S.obj (.text.__aeabi_fcmp)
                  000040f6    00000002     --HOLE-- [fill = 0]
                  000040f8    00000060     oled.o (.text.OLED_Clear)
                  00004158    00000054     bsp_gyro.o (.text.IIC_Stop)
                  000041ac    00000054     ti_msp_dl_config.o (.text.SYSCFG_DL_UART_0_init)
                  00004200    00000050     timer.o (.text.NVIC_EnableIRQ_Init)
                  00004250    0000004e     oled.o (.text.OLED_WR_Byte)
                  0000429e    00000002     --HOLE-- [fill = 0]
                  000042a0    0000004c     ti_msp_dl_config.o (.text.DL_UART_setBaudRateDivisor)
                  000042ec    0000004a     oled.o (.text.OLED_DisplayTurn)
                  00004336    00000002     --HOLE-- [fill = 0]
                  00004338    00000048     driverlib.a : dl_uart.o (.text.DL_UART_init)
                  00004380    00000048     motor_ctrl.o (.text.PID_Limit)
                  000043c8    00000048     ti_msp_dl_config.o (.text.SYSCFG_DL_UART_1_init)
                  00004410    00000048     ti_msp_dl_config.o (.text.SYSCFG_DL_init)
                  00004458    00000044     oled.o (.text.I2C_Stop)
                  0000449c    00000044     usart.o (.text.UART1_IRQHandler)
                  000044e0    00000042     libclang_rt.builtins.a : fixunsdfsi.S.obj (.text.__fixunsdfsi)
                  00004522    00000002     --HOLE-- [fill = 0]
                  00004524    00000040     oled.o (.text.I2C_Start)
                  00004564    00000040     ti_msp_dl_config.o (.text.SYSCFG_DL_TIMER_0_init)
                  000045a4    00000040     libclang_rt.builtins.a : aeabi_uidivmod.S.obj (.text.__aeabi_uidivmod)
                  000045e4    00000040                            : extendsfdf2.S.obj (.text.__extendsfdf2)
                  00004624    0000003c     ti_msp_dl_config.o (.text.DL_Timer_setCounterControl)
                  00004660    0000003c     libclang_rt.builtins.a : floatsisf.S.obj (.text.__floatsisf)
                  0000469c    0000003c                            : comparesf2.S.obj (.text.__gtsf2)
                  000046d8    0000003c     protocol.o (.text.protocol_data_recv)
                  00004714    0000003c     libc.a : autoinit.c.obj (.text:__TI_auto_init_nobinit_nopinit)
                  00004750    0000003a     oled.o (.text.OLED_GPIO_Init)
                  0000478a    00000002     --HOLE-- [fill = 0]
                  0000478c    0000003a     libclang_rt.builtins.a : comparesf2.S.obj (.text.__eqsf2)
                  000047c6    00000002     --HOLE-- [fill = 0]
                  000047c8    0000003a                            : muldsi3.S.obj (.text.__muldsi3)
                  00004802    00000002     --HOLE-- [fill = 0]
                  00004804    00000038                            : fixsfsi.S.obj (.text.__fixsfsi)
                  0000483c    00000036     motor_ctrl.o (.text.PWM_Limit)
                  00004872    00000002     --HOLE-- [fill = 0]
                  00004874    00000034     oled.o (.text.DL_GPIO_initDigitalInputFeatures)
                  000048a8    00000034     ti_msp_dl_config.o (.text.DL_GPIO_initDigitalInputFeatures)
                  000048dc    00000034     oled.o (.text.OLED_ColorTurn)
                  00004910    00000034     ti_msp_dl_config.o (.text.SYSCFG_DL_TIMER_1_init)
                  00004944    00000034     ti_msp_dl_config.o (.text.SYSCFG_DL_TIMER_2_init)
                  00004978    00000034     empty.o (.text.main)
                  000049ac    00000030     ti_msp_dl_config.o (.text.DL_GPIO_initDigitalOutputFeatures)
                  000049dc    00000030     oled.o (.text.OLED_Pow)
                  00004a0c    0000002c     timer.o (.text.__NVIC_ClearPendingIRQ)
                  00004a38    0000002c     timer.o (.text.__NVIC_EnableIRQ)
                  00004a64    0000002c     libclang_rt.builtins.a : floatsidf.S.obj (.text.__floatsidf)
                  00004a90    00000028     ti_msp_dl_config.o (.text.DL_Common_updateReg)
                  00004ab8    00000028     libclang_rt.builtins.a : floatunsisf.S.obj (.text.__floatunsisf)
                  00004ae0    00000028     libc.a : boot_cortex_m.c.obj (.text:_c_int00_noargs)
                  00004b08    00000024     ti_msp_dl_config.o (.text.SYSCFG_DL_SYSCTL_init)
                  00004b2c    00000024     motor_ctrl.o (.text.Set_Motor1_PWM)
                  00004b50    00000024     motor_ctrl.o (.text.Set_Motor2_PWM)
                  00004b74    00000024     libclang_rt.builtins.a : floatunsidf.S.obj (.text.__floatunsidf)
                  00004b98    00000020     ti_msp_dl_config.o (.text.DL_GPIO_initPeripheralInputFunction)
                  00004bb8    00000020     Encoder.o (.text.DL_Interrupt_getStatusGroup)
                  00004bd8    00000020     ti_msp_dl_config.o (.text.DL_SYSCTL_setMFPCLKSource)
                  00004bf8    0000001e     ti_msp_dl_config.o (.text.DL_UART_setOversampling)
                  00004c16    00000002     --HOLE-- [fill = 0]
                  00004c18    0000001c     Encoder.o (.text.DL_GPIO_clearInterruptStatus)
                  00004c34    0000001c     ti_msp_dl_config.o (.text.DL_GPIO_clearInterruptStatus)
                  00004c50    0000001c     ti_msp_dl_config.o (.text.DL_GPIO_enableInterrupt)
                  00004c6c    0000001c     bsp_gyro.o (.text.DL_GPIO_initDigitalInput)
                  00004c88    0000001c     ti_msp_dl_config.o (.text.DL_GPIO_initPeripheralOutputFunction)
                  00004ca4    0000001c     ti_msp_dl_config.o (.text.DL_GPIO_setLowerPinsPolarity)
                  00004cc0    0000001c     ti_msp_dl_config.o (.text.DL_SYSCTL_setSYSOSCFreq)
                  00004cdc    0000001c     ti_msp_dl_config.o (.text.DL_Timer_enableInterrupt)
                  00004cf8    0000001c     driverlib.a : dl_timer.o (.text.DL_Timer_setCaptCompUpdateMethod)
                  00004d14    0000001c                 : dl_timer.o (.text.DL_Timer_setClockConfig)
                  00004d30    0000001c     ti_msp_dl_config.o (.text.DL_UART_enableInterrupt)
                  00004d4c    0000001c     usart.o (.text.UART3_IRQHandler)
                  00004d68    00000018     bsp_gyro.o (.text.DL_GPIO_enableOutput)
                  00004d80    00000018     oled.o (.text.DL_GPIO_enableOutput)
                  00004d98    00000018     ti_msp_dl_config.o (.text.DL_GPIO_enableOutput)
                  00004db0    00000018     ti_msp_dl_config.o (.text.DL_GPIO_enablePower)
                  00004dc8    00000018     Encoder.o (.text.DL_GPIO_getEnabledInterruptStatus)
                  00004de0    00000018     bsp_gyro.o (.text.DL_GPIO_initDigitalOutput)
                  00004df8    00000018     oled.o (.text.DL_GPIO_initDigitalOutput)
                  00004e10    00000018     ti_msp_dl_config.o (.text.DL_GPIO_initDigitalOutput)
                  00004e28    00000018     ti_msp_dl_config.o (.text.DL_GPIO_reset)
                  00004e40    00000018     bsp_gyro.o (.text.DL_GPIO_setPins)
                  00004e58    00000018     motor_ctrl.o (.text.DL_GPIO_setPins)
                  00004e70    00000018     oled.o (.text.DL_GPIO_setPins)
                  00004e88    00000018     step_motor.o (.text.DL_GPIO_setPins)
                  00004ea0    00000018     ti_msp_dl_config.o (.text.DL_GPIO_setPins)
                  00004eb8    00000018     ti_msp_dl_config.o (.text.DL_GPIO_setUpperPinsPolarity)
                  00004ed0    00000018     timer.o (.text.DL_GPIO_togglePins)
                  00004ee8    00000018     ti_msp_dl_config.o (.text.DL_SYSCTL_setBORThreshold)
                  00004f00    00000018     ti_msp_dl_config.o (.text.DL_Timer_enablePower)
                  00004f18    00000018     ti_msp_dl_config.o (.text.DL_Timer_reset)
                  00004f30    00000018     driverlib.a : dl_timer.o (.text.DL_Timer_setCaptureCompareOutCtl)
                  00004f48    00000018     timer.o (.text.DL_Timer_startCounter)
                  00004f60    00000018     usart.o (.text.DL_UART_clearInterruptStatus)
                  00004f78    00000018     ti_msp_dl_config.o (.text.DL_UART_enablePower)
                  00004f90    00000018     usart.o (.text.DL_UART_getEnabledInterruptStatus)
                  00004fa8    00000018     ti_msp_dl_config.o (.text.DL_UART_reset)
                  00004fc0    00000018     motor_ctrl.o (.text.SET_MOTORS_SPEED)
                  00004fd8    00000016     Encoder.o (.text.DL_GPIO_readPins)
                  00004fee    00000016     bsp_gyro.o (.text.DL_GPIO_readPins)
                  00005004    00000016     gw_gray.o (.text.DL_GPIO_readPins)
                  0000501a    00000016     key.o (.text.DL_GPIO_readPins)
                  00005030    00000016     oled.o (.text.DL_GPIO_readPins)
                  00005046    00000016     ti_msp_dl_config.o (.text.DL_UART_enable)
                  0000505c    00000016     delay.o (.text.delay_ms)
                  00005072    00000014     bsp_gyro.o (.text.DL_GPIO_clearPins)
                  00005086    00000014     empty.o (.text.DL_GPIO_clearPins)
                  0000509a    00000014     motor_ctrl.o (.text.DL_GPIO_clearPins)
                  000050ae    00000014     oled.o (.text.DL_GPIO_clearPins)
                  000050c2    00000014     step_motor.o (.text.DL_GPIO_clearPins)
                  000050d6    00000014     ti_msp_dl_config.o (.text.DL_GPIO_clearPins)
                  000050ea    00000014     oled.o (.text.DL_GPIO_disableOutput)
                  000050fe    00000002     --HOLE-- [fill = 0]
                  00005100    00000014     ti_msp_dl_config.o (.text.DL_SYSCTL_enableMFCLK)
                  00005114    00000014     ti_msp_dl_config.o (.text.DL_Timer_enableClock)
                  00005128    00000014     ti_msp_dl_config.o (.text.DL_Timer_setCCPDirection)
                  0000513c    00000014     usart.o (.text.DL_UART_receiveData)
                  00005150    00000012     timer.o (.text.DL_Timer_getPendingInterrupt)
                  00005162    00000012     usart.o (.text.DL_UART_getPendingInterrupt)
                  00005174    00000012     driverlib.a : dl_uart.o (.text.DL_UART_setClockConfig)
                  00005186    00000012     delay.o (.text.delay_us)
                  00005198    00000012     libc.a : memcpy16.S.obj (.text:TI_memcpy_small)
                  000051aa    00000012            : copy_decompress_none.c.obj (.text:decompress:none)
                  000051bc    00000010     ti_msp_dl_config.o (.text.DL_SYSCTL_enableMFPCLK)
                  000051cc    00000010     driverlib.a : dl_timer.o (.text.DL_Timer_setCaptureCompareValue)
                  000051dc    00000010     libc.a : copy_zero_init.c.obj (.text:decompress:ZI)
                  000051ec    0000000e            : memset16.S.obj (.text:TI_memset_small)
                  000051fa    00000002     --HOLE-- [fill = 0]
                  000051fc    0000000c     libclang_rt.builtins.a : aeabi_memset.S.obj (.text.__aeabi_memclr)
                  00005208    0000000a     driverlib.a : dl_common.o (.text.DL_Common_delayCycles)
                  00005212    0000000a     oled.o (.text.I2C_Delay)
                  0000521c    00000008     oled.o (.text.OLED_Update)
                  00005224    00000008     libc.a : s_round.c.obj (.text.OUTLINED_FUNCTION_0)
                  0000522c    00000010     libclang_rt.builtins.a : adddf3.S.obj (.tramp.__aeabi_dadd.1)
                  0000523c    00000008                            : aeabi_memcpy.S.obj (.text.__aeabi_memcpy)
                  00005244    00000006     libc.a : exit.c.obj (.text:abort)
                  0000524a    00000004     startup_mspm0g350x_ticlang.o (.text.Default_Handler)
                  0000524e    00000004     libsysbm.a : hostexit.c.obj (.text.HOSTexit)
                  00005252    00000004     startup_mspm0g350x_ticlang.o (.text.Reset_Handler)
                  00005256    00000004     libc.a : pre_init.c.obj (.text._system_pre_init)
                  0000525a    00000006     --HOLE-- [fill = 0]

.cinit     0    00005928    00000088     
                  00005928    00000061     (.cinit..data.load) [load image, compression = lzss]
                  00005989    00000003     --HOLE-- [fill = 0]
                  0000598c    0000000c     (__TI_handler_table)
                  00005998    00000008     (.cinit..bss.load) [load image, compression = zero_init]
                  000059a0    00000010     (__TI_cinit_table)

.rodata    0    00005260    000006c8     
                  00005260    000005f0     oled.o (.rodata.OLED_F8x16)
                  00005850    00000014     ti_msp_dl_config.o (.rodata.gTIMER_0TimerConfig)
                  00005864    00000014     ti_msp_dl_config.o (.rodata.gTIMER_1TimerConfig)
                  00005878    00000014     ti_msp_dl_config.o (.rodata.gTIMER_2TimerConfig)
                  0000588c    0000000d     app_oled.o (.rodata.str1.3359168702919667222.1)
                  00005899    0000000b     app_oled.o (.rodata.str1.1447123384928220746.1)
                  000058a4    0000000b     app_oled.o (.rodata.str1.15423261460788342562.1)
                  000058af    00000001     --HOLE-- [fill = 0]
                  000058b0    0000000a     ti_msp_dl_config.o (.rodata.gUART_0Config)
                  000058ba    0000000a     ti_msp_dl_config.o (.rodata.gUART_1Config)
                  000058c4    0000000a     app_oled.o (.rodata.str1.15518859946869302998.1)
                  000058ce    00000009     app_oled.o (.rodata.str1.14224910786666964591.1)
                  000058d7    00000009     app_oled.o (.rodata.str1.15567594371661960906.1)
                  000058e0    00000009     app_oled.o (.rodata.str1.4826353225083720302.1)
                  000058e9    00000003     ti_msp_dl_config.o (.rodata.gPWM_0ClockConfig)
                  000058ec    00000008     ti_msp_dl_config.o (.rodata.gPWM_0Config)
                  000058f4    00000006     app_oled.o (.rodata.str1.7443581757110324970.1)
                  000058fa    00000005     app_oled.o (.rodata.str1.11319836962472706390.1)
                  000058ff    00000005     app_oled.o (.rodata.str1.14537904905130562231.1)
                  00005904    00000005     app_oled.o (.rodata.str1.14837369829790482031.1)
                  00005909    00000005     app_oled.o (.rodata.str1.7842465535629281655.1)
                  0000590e    00000004     app_oled.o (.rodata.str1.16330337898474194396.1)
                  00005912    00000004     app_oled.o (.rodata.str1.16915410810118921761.1)
                  00005916    00000004     app_oled.o (.rodata.str1.2308200305200294155.1)
                  0000591a    00000003     ti_msp_dl_config.o (.rodata.gTIMER_0ClockConfig)
                  0000591d    00000003     ti_msp_dl_config.o (.rodata.gTIMER_1ClockConfig)
                  00005920    00000003     ti_msp_dl_config.o (.rodata.gTIMER_2ClockConfig)
                  00005923    00000002     ti_msp_dl_config.o (.rodata.gUART_0ClockConfig)
                  00005925    00000002     ti_msp_dl_config.o (.rodata.gUART_1ClockConfig)
                  00005927    00000001     --HOLE-- [fill = 0]

.init_array 
*          0    00000000    00000000     UNINITIALIZED

.binit     0    00000000    00000000     

.bss       0    20200000    00000669     UNINITIALIZED
                  20200000    00000480     (.common:OLED_GRAM)
                  20200480    000000bc     (.common:gPWM_0Backup)
                  2020053c    000000a0     (.common:gTIMER_2Backup)
                  202005dc    00000030     (.common:gUART_1Backup)
                  2020060c    00000018     (.common:Key)
                  20200624    00000010     bsp_gyro.o (.bss.Gyro_Structure)
                  20200634    0000000c     protocol.o (.bss.parser)
                  20200640    00000004     (.common:Huidu_Error)
                  20200644    00000004     (.common:Huidu_Sum)
                  20200648    00000004     (.common:JY61P_Data)
                  2020064c    00000004     (.common:Motor1_Lucheng)
                  20200650    00000004     (.common:Motor1_Target_Speed)
                  20200654    00000004     (.common:Motor2_Lucheng)
                  20200658    00000004     (.common:Motor2_Target_Speed)
                  2020065c    00000004     (.common:Target_ChaSu)
                  20200660    00000004     (.common:huidu_error)
                  20200664    00000004     (.common:huidu_lasterror)
                  20200668    00000001     (.common:Huidu_Datas)

.data      0    2020066c    000001be     UNINITIALIZED
                  2020066c    00000038     motor_ctrl.o (.data.pid_Angle)
                  202006a4    00000038     motor_ctrl.o (.data.pid_Distance)
                  202006dc    00000038     motor_ctrl.o (.data.pid_Gyro)
                  20200714    00000038     motor_ctrl.o (.data.pid_Motor1_Speed)
                  2020074c    00000038     motor_ctrl.o (.data.pid_Motor2_Speed)
                  20200784    00000038     motor_ctrl.o (.data.pid_Turn)
                  202007bc    0000000c     step_motor.o (.data.step_motor_lr)
                  202007c8    0000000c     step_motor.o (.data.step_motor_ud)
                  202007d4    00000009     usart.o (.data.rx_order)
                  202007dd    00000001     motor_ctrl.o (.data.Angle_PID_Flag)
                  202007de    00000002     timer.o (.data.TIMG8_IRQHandler.count_100ms)
                  202007e0    00000004     empty.o (.data.Basic_Speed)
                  202007e4    00000004     gw_gray.o (.data.Huidu_Target)
                  202007e8    00000004     Encoder.o (.data.Measure_Distance)
                  202007ec    00000004     Encoder.o (.data.Motor1_Encoder_Value)
                  202007f0    00000004     Encoder.o (.data.Motor1_Speed)
                  202007f4    00000004     Encoder.o (.data.Motor2_Encoder_Value)
                  202007f8    00000004     Encoder.o (.data.Motor2_Speed)
                  202007fc    00000004     empty.o (.data.Target_Angle)
                  20200800    00000004     empty.o (.data.Target_Distance)
                  20200804    00000004     empty.o (.data.Target_Gyro)
                  20200808    00000004     timer.o (.data.flagtim_cnt)
                  2020080c    00000004     bsp_gyro.o (.data.last_yaw)
                  20200810    00000004     bsp_gyro.o (.data.rx_index)
                  20200814    00000004     timer.o (.data.tim2_cnt)
                  20200818    00000002     timer.o (.data.TIMG8_IRQHandler.count_10ms)
                  2020081a    00000002     timer.o (.data.TIMG8_IRQHandler.t)
                  2020081c    00000001     motor_ctrl.o (.data.Distance_PID_Flag)
                  2020081d    00000001     motor_ctrl.o (.data.Gyro_PID_Flag)
                  2020081e    00000001     motor_ctrl.o (.data.MOTOR1_ENABLE_FLAG)
                  2020081f    00000001     motor_ctrl.o (.data.MOTOR2_ENABLE_FLAG)
                  20200820    00000001     empty.o (.data.OLED_View_Select)
                  20200821    00000001     task.o (.data.Task_1_State)
                  20200822    00000001     task.o (.data.Task_Select)
                  20200823    00000001     motor_ctrl.o (.data.Turn_PID_Flag)
                  20200824    00000001     task.o (.data.car_num)
                  20200825    00000001     task.o (.data.flag_cnt)
                  20200826    00000001     task.o (.data.flag_state)
                  20200827    00000001     usart.o (.data.last_data)
                  20200828    00000001     usart.o (.data.pt)
                  20200829    00000001     usart.o (.data.uart_data)

.stack     0    20207e00    00000200     UNINITIALIZED
                  20207e00    00000004     libc.a : boot_cortex_m.c.obj (.stack)
                  20207e04    000001fc     --HOLE--

__llvm_prf_cnts 
*          0    20200000    00000000     UNINITIALIZED

__llvm_prf_bits 
*          0    20200000    00000000     UNINITIALIZED

MODULE SUMMARY

       Module                         code    ro data   rw data
       ------                         ----    -------   -------
    .\
       ti_msp_dl_config.o             2356    104       396    
       startup_mspm0g350x_ticlang.o   8       192       0      
       empty.o                        72      0         17     
    +--+------------------------------+-------+---------+---------+
       Total:                         2436    296       413    
                                                               
    .\Hardware\
       oled.o                         3164    1520      1152   
       bsp_gyro.o                     2150    0         24     
       Encoder.o                      1798    0         28     
       motor_ctrl.o                   766     0         342    
       task.o                         1072    0         5      
       key.o                          878     0         24     
       step_motor.o                   620     0         24     
       gw_gray.o                      602     0         21     
       protocol.o                     182     0         12     
    +--+------------------------------+-------+---------+---------+
       Total:                         11232   1520      1632   
                                                               
    .\app\
       app_oled.o                     1544    110       0      
    +--+------------------------------+-------+---------+---------+
       Total:                         1544    110       0      
                                                               
    .\middle\
       timer.o                        1182    0         30     
       usart.o                        498     0         12     
       delay.o                        40      0         0      
    +--+------------------------------+-------+---------+---------+
       Total:                         1720    0         42     
                                                               
    E:/TI_02/CCS/mspm0_sdk_2_05_01_00/source/ti/driverlib/lib/ticlang/m0p/mspm0g1x0x_g3x0x/driverlib.a
       dl_timer.o                     588     0         0      
       dl_uart.o                      90      0         0      
       dl_common.o                    10      0         0      
    +--+------------------------------+-------+---------+---------+
       Total:                         688     0         0      
                                                               
    E:\TI_02\CCS\ccs\tools\compiler\ti-cgt-armllvm_4.0.2.LTS\lib\armv6m-ti-none-eabi/c/libc.a
       s_floor.c.obj                  324     0         0      
       s_round.c.obj                  176     0         0      
       copy_decompress_lzss.c.obj     124     0         0      
       autoinit.c.obj                 60      0         0      
       boot_cortex_m.c.obj            40      0         0      
       copy_decompress_none.c.obj     18      0         0      
       memcpy16.S.obj                 18      0         0      
       copy_zero_init.c.obj           16      0         0      
       memset16.S.obj                 14      0         0      
       exit.c.obj                     6       0         0      
       pre_init.c.obj                 4       0         0      
    +--+------------------------------+-------+---------+---------+
       Total:                         800     0         0      
                                                               
    E:\TI_02\CCS\ccs\tools\compiler\ti-cgt-armllvm_4.0.2.LTS\lib\armv6m-ti-none-eabi/c/libsysbm.a
       hostexit.c.obj                 4       0         0      
    +--+------------------------------+-------+---------+---------+
       Total:                         4       0         0      
                                                               
    E:\TI_02\CCS\ccs\tools\compiler\ti-cgt-armllvm_4.0.2.LTS\lib\armv6m-ti-none-eabi/libclang_rt.builtins.a
       adddf3.S.obj                   418     0         0      
       divdf3.S.obj                   268     0         0      
       muldf3.S.obj                   228     0         0      
       comparedf2.c.obj               220     0         0      
       addsf3.S.obj                   216     0         0      
       mulsf3.S.obj                   140     0         0      
       comparesf2.S.obj               118     0         0      
       truncdfsf2.S.obj               116     0         0      
       aeabi_dcmp.S.obj               98      0         0      
       aeabi_fcmp.S.obj               98      0         0      
       fixunsdfsi.S.obj               66      0         0      
       aeabi_uidivmod.S.obj           64      0         0      
       extendsfdf2.S.obj              64      0         0      
       floatsisf.S.obj                60      0         0      
       muldsi3.S.obj                  58      0         0      
       fixsfsi.S.obj                  56      0         0      
       floatsidf.S.obj                44      0         0      
       floatunsisf.S.obj              40      0         0      
       floatunsidf.S.obj              36      0         0      
       aeabi_memset.S.obj             12      0         0      
       aeabi_memcpy.S.obj             8       0         0      
       aeabi_div0.c.obj               2       0         0      
    +--+------------------------------+-------+---------+---------+
       Total:                         2430    0         0      
                                                               
       Stack:                         0       0         512    
       Linker Generated:              0       133       0      
    +--+------------------------------+-------+---------+---------+
       Grand Total:                   20854   2059      2599   


LINKER GENERATED COPY TABLES

__TI_cinit_table @ 000059a0 records: 2, size/record: 8, table size: 16
	.data: load addr=00005928, load size=00000061 bytes, run addr=2020066c, run size=000001be bytes, compression=lzss
	.bss: load addr=00005998, load size=00000008 bytes, run addr=20200000, run size=00000669 bytes, compression=zero_init


LINKER GENERATED HANDLER TABLE

__TI_handler_table @ 0000598c records: 3, size/record: 4, table size: 12
	index: 0, handler: __TI_decompress_lzss
	index: 1, handler: __TI_decompress_none
	index: 2, handler: __TI_zero_init


FAR CALL TRAMPOLINES

callee name               trampoline name
   callee addr  tramp addr   call addr  call info
--------------  -----------  ---------  ----------------
__aeabi_dadd              $Tramp$TT$L$PI$$__aeabi_dadd
   00001da3     0000522c     0000522a   libc.a : s_round.c.obj (.text.OUTLINED_FUNCTION_0)

[1 trampolines]
[1 trampoline calls]


GLOBAL SYMBOLS: SORTED ALPHABETICALLY BY Name 

address   name                            
-------   ----                            
0000524b  ADC0_IRQHandler                 
0000524b  ADC1_IRQHandler                 
0000524b  AES_IRQHandler                  
202007dd  Angle_PID_Flag                  
202007e0  Basic_Speed                     
0000524e  C$$EXIT                         
0000524b  CANFD0_IRQHandler               
0000524b  DAC0_IRQHandler                 
00005209  DL_Common_delayCycles           
0000275d  DL_Timer_initFourCCPWMMode      
00002861  DL_Timer_initTimerMode          
00004cf9  DL_Timer_setCaptCompUpdateMethod
00004f31  DL_Timer_setCaptureCompareOutCtl
000051cd  DL_Timer_setCaptureCompareValue 
00004d15  DL_Timer_setClockConfig         
00004339  DL_UART_init                    
00005175  DL_UART_setClockConfig          
0000524b  DMA_IRQHandler                  
0000524b  Default_Handler                 
2020081c  Distance_PID_Flag               
0000524b  GROUP0_IRQHandler               
000006c9  GROUP1_IRQHandler               
2020081d  Gyro_PID_Flag                   
0000524f  HOSTexit                        
0000524b  HardFault_Handler               
20200668  Huidu_Datas                     
20200640  Huidu_Error                     
00001a35  Huidu_Proc                      
00003ba9  Huidu_Read                      
20200644  Huidu_Sum                       
202007e4  Huidu_Target                    
0000524b  I2C0_IRQHandler                 
0000524b  I2C1_IRQHandler                 
00002e65  I2C_WaitAck                     
00003a05  IIC_Send_Ack                    
00003f69  IIC_Start                       
00004159  IIC_Stop                        
20200648  JY61P_Data                      
00002305  KEY_PROC                        
2020060c  Key                             
000015f5  Key_Read                        
0000243d  MEASURE_MOTORS_SPEED            
2020081e  MOTOR1_ENABLE_FLAG              
2020081f  MOTOR2_ENABLE_FLAG              
202007e8  Measure_Distance                
202007ec  Motor1_Encoder_Value            
00003fcd  Motor1_Get_Speed                
2020064c  Motor1_Lucheng                  
202007f0  Motor1_Speed                    
20200650  Motor1_Target_Speed             
202007f4  Motor2_Encoder_Value            
00003e95  Motor2_Get_Speed                
20200654  Motor2_Lucheng                  
202007f8  Motor2_Speed                    
20200658  Motor2_Target_Speed             
0000524b  NMI_Handler                     
00004201  NVIC_EnableIRQ_Init             
000040f9  OLED_Clear                      
000048dd  OLED_ColorTurn                  
000042ed  OLED_DisplayTurn                
00003349  OLED_DrawPoint                  
00005260  OLED_F8x16                      
00004751  OLED_GPIO_Init                  
20200000  OLED_GRAM                       
00002655  OLED_Init                       
000049dd  OLED_Pow                        
00003675  OLED_Refresh                    
00002fe5  OLED_ShowBinNum                 
00001f2d  OLED_ShowChar                   
00001bf1  OLED_ShowFloatNum               
00002a2d  OLED_ShowNum                    
00002d99  OLED_ShowSignedNum              
000037ad  OLED_ShowString                 
000000c1  OLED_Show_Proc                  
0000521d  OLED_Update                     
20200820  OLED_View_Select                
00004251  OLED_WR_Byte                    
00002f25  PID_Calculate                   
00004381  PID_Limit                       
0000483d  PWM_Limit                       
0000524b  PendSV_Handler                  
0000524b  RTC_IRQHandler                  
00003535  Read_Byte                       
00005253  Reset_Handler                   
00004fc1  SET_MOTORS_SPEED                
0000524b  SPI0_IRQHandler                 
0000524b  SPI1_IRQHandler                 
0000524b  SVC_Handler                     
00001815  SYSCFG_DL_GPIO_init             
00003a91  SYSCFG_DL_PWM_0_init            
00004b09  SYSCFG_DL_SYSCTL_init           
00004565  SYSCFG_DL_TIMER_0_init          
00004911  SYSCFG_DL_TIMER_1_init          
00004945  SYSCFG_DL_TIMER_2_init          
000041ad  SYSCFG_DL_UART_0_init           
000043c9  SYSCFG_DL_UART_1_init           
00004411  SYSCFG_DL_init                  
000035d5  SYSCFG_DL_initPower             
000033ed  Send_Byte                       
00004b2d  Set_Motor1_PWM                  
00003711  Set_Motor1_Speed                
00004b51  Set_Motor2_PWM                  
00003849  Set_Motor2_Speed                
0000524b  SysTick_Handler                 
0000524b  TIMA0_IRQHandler                
0000524b  TIMA1_IRQHandler                
00003491  TIMG0_IRQHandler                
0000524b  TIMG12_IRQHandler               
0000524b  TIMG6_IRQHandler                
0000309d  TIMG7_IRQHandler                
00001159  TIMG8_IRQHandler                
00005199  TI_memcpy_small                 
000051ed  TI_memset_small                 
202007fc  Target_Angle                    
2020065c  Target_ChaSu                    
20200800  Target_Distance                 
20200804  Target_Gyro                     
00000b89  Task_1                          
20200821  Task_1_State                    
20200822  Task_Select                     
20200823  Turn_PID_Flag                   
00002b11  Turn_Process                    
0000524b  UART0_IRQHandler                
0000449d  UART1_IRQHandler                
000021c9  UART1_rx_dataframe              
0000524b  UART2_IRQHandler                
00004d4d  UART3_IRQHandler                
20208000  __STACK_END                     
00000200  __STACK_SIZE                    
00000000  __TI_ATRegion0_region_sz        
00000000  __TI_ATRegion0_src_addr         
00000000  __TI_ATRegion0_trg_addr         
00000000  __TI_ATRegion1_region_sz        
00000000  __TI_ATRegion1_src_addr         
00000000  __TI_ATRegion1_trg_addr         
00000000  __TI_ATRegion2_region_sz        
00000000  __TI_ATRegion2_src_addr         
00000000  __TI_ATRegion2_trg_addr         
000059a0  __TI_CINIT_Base                 
000059b0  __TI_CINIT_Limit                
000059b0  __TI_CINIT_Warm                 
0000598c  __TI_Handler_Table_Base         
00005998  __TI_Handler_Table_Limit        
00004715  __TI_auto_init_nobinit_nopinit  
00003cb5  __TI_decompress_lzss            
000051ab  __TI_decompress_none            
ffffffff  __TI_pprof_out_hndl             
ffffffff  __TI_prof_data_size             
ffffffff  __TI_prof_data_start            
00000000  __TI_static_base__              
000051dd  __TI_zero_init                  
00001da3  __adddf3                        
00002bf7  __addsf3                        
00003e21  __aeabi_d2f                     
000044e1  __aeabi_d2uiz                   
00001da3  __aeabi_dadd                    
00004031  __aeabi_dcmpeq                  
0000406d  __aeabi_dcmpge                  
00004081  __aeabi_dcmpgt                  
00004059  __aeabi_dcmple                  
00004045  __aeabi_dcmplt                  
00002549  __aeabi_ddiv                    
00002949  __aeabi_dmul                    
00001d99  __aeabi_dsub                    
000045e5  __aeabi_f2d                     
00004805  __aeabi_f2iz                    
00002bf7  __aeabi_fadd                    
00004095  __aeabi_fcmpeq                  
000040d1  __aeabi_fcmpge                  
000040e5  __aeabi_fcmpgt                  
000040bd  __aeabi_fcmple                  
000040a9  __aeabi_fcmplt                  
00003b1d  __aeabi_fmul                    
00002bed  __aeabi_fsub                    
00004a65  __aeabi_i2d                     
00004661  __aeabi_i2f                     
00001d97  __aeabi_idiv0                   
000051fd  __aeabi_memclr                  
000051fd  __aeabi_memclr4                 
000051fd  __aeabi_memclr8                 
0000523d  __aeabi_memcpy                  
0000523d  __aeabi_memcpy4                 
0000523d  __aeabi_memcpy8                 
00004b75  __aeabi_ui2d                    
00004ab9  __aeabi_ui2f                    
000045a5  __aeabi_uidiv                   
000045a5  __aeabi_uidivmod                
ffffffff  __binit__                       
00003f01  __cmpdf2                        
0000478d  __cmpsf2                        
00002549  __divdf3                        
00003f01  __eqdf2                         
0000478d  __eqsf2                         
000045e5  __extendsfdf2                   
00004805  __fixsfsi                       
000044e1  __fixunsdfsi                    
00004a65  __floatsidf                     
00004661  __floatsisf                     
00004b75  __floatunsidf                   
00004ab9  __floatunsisf                   
00003dad  __gedf2                         
0000469d  __gesf2                         
00003dad  __gtdf2                         
0000469d  __gtsf2                         
00003f01  __ledf2                         
0000478d  __lesf2                         
00003f01  __ltdf2                         
0000478d  __ltsf2                         
UNDEFED   __mpu_init                      
00002949  __muldf3                        
000047c9  __muldsi3                       
00003b1d  __mulsf3                        
00003f01  __nedf2                         
0000478d  __nesf2                         
20207e00  __stack                         
20200000  __start___llvm_prf_bits         
20200000  __start___llvm_prf_cnts         
20200000  __stop___llvm_prf_bits          
20200000  __stop___llvm_prf_cnts          
00001d99  __subdf3                        
00002bed  __subsf3                        
00003e21  __truncdfsf2                    
00004ae1  _c_int00_noargs                 
UNDEFED   _system_post_cinit              
00005257  _system_pre_init                
00005245  abort                           
ffffffff  binit                           
20200824  car_num                         
0000505d  delay_ms                        
00005187  delay_us                        
20200825  flag_cnt                        
20200826  flag_state                      
20200808  flagtim_cnt                     
00002085  floor                           
00002085  floorl                          
20200480  gPWM_0Backup                    
2020053c  gTIMER_2Backup                  
202005dc  gUART_1Backup                   
00000edd  get_angle                       
20200660  huidu_error                     
20200664  huidu_lasterror                 
00000000  interruptVectors                
000031f9  jy61pInit                       
20200827  last_data                       
2020080c  last_yaw                        
00004979  main                            
2020066c  pid_Angle                       
202006a4  pid_Distance                    
202006dc  pid_Gyro                        
20200714  pid_Motor1_Speed                
2020074c  pid_Motor2_Speed                
20200784  pid_Turn                        
000046d9  protocol_data_recv              
20200828  pt                              
00002cc5  readDataJy61p                   
000032a1  round                           
000032a1  roundl                          
20200810  rx_index                        
202007d4  rx_order                        
000013b5  step                            
202007bc  step_motor_lr                   
202007c8  step_motor_ud                   
20200814  tim2_cnt                        
20200829  uart_data                       
000038e1  writeDataJy61p                  


GLOBAL SYMBOLS: SORTED BY Symbol Address 

address   name                            
-------   ----                            
00000000  __TI_ATRegion0_region_sz        
00000000  __TI_ATRegion0_src_addr         
00000000  __TI_ATRegion0_trg_addr         
00000000  __TI_ATRegion1_region_sz        
00000000  __TI_ATRegion1_src_addr         
00000000  __TI_ATRegion1_trg_addr         
00000000  __TI_ATRegion2_region_sz        
00000000  __TI_ATRegion2_src_addr         
00000000  __TI_ATRegion2_trg_addr         
00000000  __TI_static_base__              
00000000  interruptVectors                
000000c1  OLED_Show_Proc                  
00000200  __STACK_SIZE                    
000006c9  GROUP1_IRQHandler               
00000b89  Task_1                          
00000edd  get_angle                       
00001159  TIMG8_IRQHandler                
000013b5  step                            
000015f5  Key_Read                        
00001815  SYSCFG_DL_GPIO_init             
00001a35  Huidu_Proc                      
00001bf1  OLED_ShowFloatNum               
00001d97  __aeabi_idiv0                   
00001d99  __aeabi_dsub                    
00001d99  __subdf3                        
00001da3  __adddf3                        
00001da3  __aeabi_dadd                    
00001f2d  OLED_ShowChar                   
00002085  floor                           
00002085  floorl                          
000021c9  UART1_rx_dataframe              
00002305  KEY_PROC                        
0000243d  MEASURE_MOTORS_SPEED            
00002549  __aeabi_ddiv                    
00002549  __divdf3                        
00002655  OLED_Init                       
0000275d  DL_Timer_initFourCCPWMMode      
00002861  DL_Timer_initTimerMode          
00002949  __aeabi_dmul                    
00002949  __muldf3                        
00002a2d  OLED_ShowNum                    
00002b11  Turn_Process                    
00002bed  __aeabi_fsub                    
00002bed  __subsf3                        
00002bf7  __addsf3                        
00002bf7  __aeabi_fadd                    
00002cc5  readDataJy61p                   
00002d99  OLED_ShowSignedNum              
00002e65  I2C_WaitAck                     
00002f25  PID_Calculate                   
00002fe5  OLED_ShowBinNum                 
0000309d  TIMG7_IRQHandler                
000031f9  jy61pInit                       
000032a1  round                           
000032a1  roundl                          
00003349  OLED_DrawPoint                  
000033ed  Send_Byte                       
00003491  TIMG0_IRQHandler                
00003535  Read_Byte                       
000035d5  SYSCFG_DL_initPower             
00003675  OLED_Refresh                    
00003711  Set_Motor1_Speed                
000037ad  OLED_ShowString                 
00003849  Set_Motor2_Speed                
000038e1  writeDataJy61p                  
00003a05  IIC_Send_Ack                    
00003a91  SYSCFG_DL_PWM_0_init            
00003b1d  __aeabi_fmul                    
00003b1d  __mulsf3                        
00003ba9  Huidu_Read                      
00003cb5  __TI_decompress_lzss            
00003dad  __gedf2                         
00003dad  __gtdf2                         
00003e21  __aeabi_d2f                     
00003e21  __truncdfsf2                    
00003e95  Motor2_Get_Speed                
00003f01  __cmpdf2                        
00003f01  __eqdf2                         
00003f01  __ledf2                         
00003f01  __ltdf2                         
00003f01  __nedf2                         
00003f69  IIC_Start                       
00003fcd  Motor1_Get_Speed                
00004031  __aeabi_dcmpeq                  
00004045  __aeabi_dcmplt                  
00004059  __aeabi_dcmple                  
0000406d  __aeabi_dcmpge                  
00004081  __aeabi_dcmpgt                  
00004095  __aeabi_fcmpeq                  
000040a9  __aeabi_fcmplt                  
000040bd  __aeabi_fcmple                  
000040d1  __aeabi_fcmpge                  
000040e5  __aeabi_fcmpgt                  
000040f9  OLED_Clear                      
00004159  IIC_Stop                        
000041ad  SYSCFG_DL_UART_0_init           
00004201  NVIC_EnableIRQ_Init             
00004251  OLED_WR_Byte                    
000042ed  OLED_DisplayTurn                
00004339  DL_UART_init                    
00004381  PID_Limit                       
000043c9  SYSCFG_DL_UART_1_init           
00004411  SYSCFG_DL_init                  
0000449d  UART1_IRQHandler                
000044e1  __aeabi_d2uiz                   
000044e1  __fixunsdfsi                    
00004565  SYSCFG_DL_TIMER_0_init          
000045a5  __aeabi_uidiv                   
000045a5  __aeabi_uidivmod                
000045e5  __aeabi_f2d                     
000045e5  __extendsfdf2                   
00004661  __aeabi_i2f                     
00004661  __floatsisf                     
0000469d  __gesf2                         
0000469d  __gtsf2                         
000046d9  protocol_data_recv              
00004715  __TI_auto_init_nobinit_nopinit  
00004751  OLED_GPIO_Init                  
0000478d  __cmpsf2                        
0000478d  __eqsf2                         
0000478d  __lesf2                         
0000478d  __ltsf2                         
0000478d  __nesf2                         
000047c9  __muldsi3                       
00004805  __aeabi_f2iz                    
00004805  __fixsfsi                       
0000483d  PWM_Limit                       
000048dd  OLED_ColorTurn                  
00004911  SYSCFG_DL_TIMER_1_init          
00004945  SYSCFG_DL_TIMER_2_init          
00004979  main                            
000049dd  OLED_Pow                        
00004a65  __aeabi_i2d                     
00004a65  __floatsidf                     
00004ab9  __aeabi_ui2f                    
00004ab9  __floatunsisf                   
00004ae1  _c_int00_noargs                 
00004b09  SYSCFG_DL_SYSCTL_init           
00004b2d  Set_Motor1_PWM                  
00004b51  Set_Motor2_PWM                  
00004b75  __aeabi_ui2d                    
00004b75  __floatunsidf                   
00004cf9  DL_Timer_setCaptCompUpdateMethod
00004d15  DL_Timer_setClockConfig         
00004d4d  UART3_IRQHandler                
00004f31  DL_Timer_setCaptureCompareOutCtl
00004fc1  SET_MOTORS_SPEED                
0000505d  delay_ms                        
00005175  DL_UART_setClockConfig          
00005187  delay_us                        
00005199  TI_memcpy_small                 
000051ab  __TI_decompress_none            
000051cd  DL_Timer_setCaptureCompareValue 
000051dd  __TI_zero_init                  
000051ed  TI_memset_small                 
000051fd  __aeabi_memclr                  
000051fd  __aeabi_memclr4                 
000051fd  __aeabi_memclr8                 
00005209  DL_Common_delayCycles           
0000521d  OLED_Update                     
0000523d  __aeabi_memcpy                  
0000523d  __aeabi_memcpy4                 
0000523d  __aeabi_memcpy8                 
00005245  abort                           
0000524b  ADC0_IRQHandler                 
0000524b  ADC1_IRQHandler                 
0000524b  AES_IRQHandler                  
0000524b  CANFD0_IRQHandler               
0000524b  DAC0_IRQHandler                 
0000524b  DMA_IRQHandler                  
0000524b  Default_Handler                 
0000524b  GROUP0_IRQHandler               
0000524b  HardFault_Handler               
0000524b  I2C0_IRQHandler                 
0000524b  I2C1_IRQHandler                 
0000524b  NMI_Handler                     
0000524b  PendSV_Handler                  
0000524b  RTC_IRQHandler                  
0000524b  SPI0_IRQHandler                 
0000524b  SPI1_IRQHandler                 
0000524b  SVC_Handler                     
0000524b  SysTick_Handler                 
0000524b  TIMA0_IRQHandler                
0000524b  TIMA1_IRQHandler                
0000524b  TIMG12_IRQHandler               
0000524b  TIMG6_IRQHandler                
0000524b  UART0_IRQHandler                
0000524b  UART2_IRQHandler                
0000524e  C$$EXIT                         
0000524f  HOSTexit                        
00005253  Reset_Handler                   
00005257  _system_pre_init                
00005260  OLED_F8x16                      
0000598c  __TI_Handler_Table_Base         
00005998  __TI_Handler_Table_Limit        
000059a0  __TI_CINIT_Base                 
000059b0  __TI_CINIT_Limit                
000059b0  __TI_CINIT_Warm                 
20200000  OLED_GRAM                       
20200000  __start___llvm_prf_bits         
20200000  __start___llvm_prf_cnts         
20200000  __stop___llvm_prf_bits          
20200000  __stop___llvm_prf_cnts          
20200480  gPWM_0Backup                    
2020053c  gTIMER_2Backup                  
202005dc  gUART_1Backup                   
2020060c  Key                             
20200640  Huidu_Error                     
20200644  Huidu_Sum                       
20200648  JY61P_Data                      
2020064c  Motor1_Lucheng                  
20200650  Motor1_Target_Speed             
20200654  Motor2_Lucheng                  
20200658  Motor2_Target_Speed             
2020065c  Target_ChaSu                    
20200660  huidu_error                     
20200664  huidu_lasterror                 
20200668  Huidu_Datas                     
2020066c  pid_Angle                       
202006a4  pid_Distance                    
202006dc  pid_Gyro                        
20200714  pid_Motor1_Speed                
2020074c  pid_Motor2_Speed                
20200784  pid_Turn                        
202007bc  step_motor_lr                   
202007c8  step_motor_ud                   
202007d4  rx_order                        
202007dd  Angle_PID_Flag                  
202007e0  Basic_Speed                     
202007e4  Huidu_Target                    
202007e8  Measure_Distance                
202007ec  Motor1_Encoder_Value            
202007f0  Motor1_Speed                    
202007f4  Motor2_Encoder_Value            
202007f8  Motor2_Speed                    
202007fc  Target_Angle                    
20200800  Target_Distance                 
20200804  Target_Gyro                     
20200808  flagtim_cnt                     
2020080c  last_yaw                        
20200810  rx_index                        
20200814  tim2_cnt                        
2020081c  Distance_PID_Flag               
2020081d  Gyro_PID_Flag                   
2020081e  MOTOR1_ENABLE_FLAG              
2020081f  MOTOR2_ENABLE_FLAG              
20200820  OLED_View_Select                
20200821  Task_1_State                    
20200822  Task_Select                     
20200823  Turn_PID_Flag                   
20200824  car_num                         
20200825  flag_cnt                        
20200826  flag_state                      
20200827  last_data                       
20200828  pt                              
20200829  uart_data                       
20207e00  __stack                         
20208000  __STACK_END                     
ffffffff  __TI_pprof_out_hndl             
ffffffff  __TI_prof_data_size             
ffffffff  __TI_prof_data_start            
ffffffff  __binit__                       
ffffffff  binit                           
UNDEFED   __mpu_init                      
UNDEFED   _system_post_cinit              

[265 symbols]
