******************************************************************************
            TI ARM Clang Linker PC v4.0.2                      
******************************************************************************
>> Linked Fri Mar  6 15:55:36 2026

OUTPUT FILE NAME:   <DS_E03_Show01 copy.out>
ENTRY POINT SYMBOL: "_c_int00_noargs"  address: 0000471d


MEMORY CONFIGURATION

         name            origin    length      used     unused   attr    fill
----------------------  --------  ---------  --------  --------  ----  --------
  FLASH                 00000000   00020000  000055c0  0001aa40  R  X
  SRAM                  20200000   00008000  00000a1e  000075e2  RW X
  BCR_CONFIG            41c00000   000000ff  00000000  000000ff  R   
  BSL_CONFIG            41c00100   00000080  00000000  00000080  R   


SEGMENT ALLOCATION MAP

run origin  load origin   length   init length attrs members
----------  ----------- ---------- ----------- ----- -------
00000000    00000000    000055c0   000055c0    r-x
  00000000    00000000    000000c0   000000c0    r-- .intvecs
  000000c0    000000c0    00004db0   00004db0    r-x .text
  00004e70    00004e70    000006c8   000006c8    r-- .rodata
  00005538    00005538    00000088   00000088    r-- .cinit
20200000    20200000    00000821   00000000    rw-
  20200000    20200000    00000655   00000000    rw- .bss
  20200658    20200658    000001c9   00000000    rw- .data
20207e00    20207e00    00000200   00000000    rw-
  20207e00    20207e00    00000200   00000000    rw- .stack


SECTION ALLOCATION MAP

 output                                  attributes/
section   page    origin      length       input sections
--------  ----  ----------  ----------   ----------------
.intvecs   0    00000000    000000c0     
                  00000000    000000c0     startup_mspm0g350x_ticlang.o (.intvecs)

.text      0    000000c0    00004db0     
                  000000c0    00000610     app_oled.o (.text.OLED_Show_Proc)
                  000006d0    000004c0     Encoder.o (.text.GROUP1_IRQHandler)
                  00000b90    0000027c     bsp_gyro.o (.text.get_angle)
                  00000e0c    00000270     ti_msp_dl_config.o (.text.SYSCFG_DL_GPIO_init)
                  0000107c    00000264     timer.o (.text.TIMG8_IRQHandler)
                  000012e0    00000240     step_motor.o (.text.step)
                  00001520    00000220     key.o (.text.Key_Read)
                  00001740    000001a6     oled.o (.text.OLED_ShowFloatNum)
                  000018e6    00000002     libclang_rt.builtins.a : aeabi_div0.c.obj (.text.__aeabi_idiv0)
                  000018e8    00000192                            : adddf3.S.obj (.text.adddf3_subdf3)
                  00001a7a    00000002     --HOLE-- [fill = 0]
                  00001a7c    00000158     oled.o (.text.OLED_ShowChar)
                  00001bd4    0000014c     timer.o (.text.TIMG0_IRQHandler)
                  00001d20    00000144     libc.a : s_floor.c.obj (.text.floor)
                  00001e64    00000138     key.o (.text.KEY_PROC)
                  00001f9c    00000114     task.o (.text.Task_1)
                  000020b0    0000010c     Encoder.o (.text.MEASURE_MOTORS_SPEED)
                  000021bc    0000010c     libclang_rt.builtins.a : divdf3.S.obj (.text.__divdf3)
                  000022c8    00000106     oled.o (.text.OLED_Init)
                  000023ce    00000002     --HOLE-- [fill = 0]
                  000023d0    00000104     driverlib.a : dl_timer.o (.text.DL_Timer_initFourCCPWMMode)
                  000024d4    000000e8                 : dl_timer.o (.text.DL_Timer_initTimerMode)
                  000025bc    000000e4     libclang_rt.builtins.a : muldf3.S.obj (.text.__muldf3)
                  000026a0    000000e4     empty.o (.text.main)
                  00002784    000000e2     oled.o (.text.OLED_ShowNum)
                  00002866    00000002     --HOLE-- [fill = 0]
                  00002868    000000d8     libclang_rt.builtins.a : addsf3.S.obj (.text)
                  00002940    000000d4     bsp_gyro.o (.text.readDataJy61p)
                  00002a14    000000cc     oled.o (.text.OLED_ShowSignedNum)
                  00002ae0    000000c0     bsp_gyro.o (.text.I2C_WaitAck)
                  00002ba0    000000c0     motor_ctrl.o (.text.PID_Calculate)
                  00002c60    000000b6     oled.o (.text.OLED_ShowBinNum)
                  00002d16    00000002     --HOLE-- [fill = 0]
                  00002d18    000000b4     timer.o (.text.TIMG7_IRQHandler)
                  00002dcc    000000a8     oled.o (.text.I2C_WaitAck)
                  00002e74    000000a8     bsp_gyro.o (.text.jy61pInit)
                  00002f1c    000000a8     libc.a : s_round.c.obj (.text.round)
                  00002fc4    000000a4     oled.o (.text.OLED_DrawPoint)
                  00003068    000000a4     bsp_gyro.o (.text.Send_Byte)
                  0000310c    000000a0     bsp_gyro.o (.text.Read_Byte)
                  000031ac    000000a0     ti_msp_dl_config.o (.text.SYSCFG_DL_initPower)
                  0000324c    0000009c     oled.o (.text.OLED_Refresh)
                  000032e8    0000009c     motor_ctrl.o (.text.Set_Motor1_Speed)
                  00003384    0000009a     oled.o (.text.OLED_ShowString)
                  0000341e    00000002     --HOLE-- [fill = 0]
                  00003420    00000098     motor_ctrl.o (.text.Set_Motor2_Speed)
                  000034b8    00000098     bsp_gyro.o (.text.writeDataJy61p)
                  00003550    0000008c     oled.o (.text.I2C_Send_Byte)
                  000035dc    0000008c     bsp_gyro.o (.text.IIC_Send_Ack)
                  00003668    0000008c     ti_msp_dl_config.o (.text.SYSCFG_DL_PWM_0_init)
                  000036f4    0000008c     libclang_rt.builtins.a : mulsf3.S.obj (.text.__mulsf3)
                  00003780    0000008c     step_motor.o (.text.move_stepper)
                  0000380c    00000088     gw_gray.o (.text.Huidu_Read)
                  00003894    00000084     ti_msp_dl_config.o (.text.__NVIC_SetPriority)
                  00003918    0000007c     libc.a : copy_decompress_lzss.c.obj (.text:decompress:lzss)
                  00003994    00000074     libclang_rt.builtins.a : comparedf2.c.obj (.text.__gedf2)
                  00003a08    00000008     oled.o (.text.OLED_Update)
                  00003a10    00000074     libclang_rt.builtins.a : truncdfsf2.S.obj (.text.__truncdfsf2)
                  00003a84    0000006c     Encoder.o (.text.Motor2_Get_Speed)
                  00003af0    00000068     libclang_rt.builtins.a : comparedf2.c.obj (.text.__ledf2)
                  00003b58    00000064     bsp_gyro.o (.text.IIC_Start)
                  00003bbc    00000064     Encoder.o (.text.Motor1_Get_Speed)
                  00003c20    00000062     libclang_rt.builtins.a : aeabi_dcmp.S.obj (.text.__aeabi_dcmp)
                  00003c82    00000002     --HOLE-- [fill = 0]
                  00003c84    00000062                            : aeabi_fcmp.S.obj (.text.__aeabi_fcmp)
                  00003ce6    00000002     --HOLE-- [fill = 0]
                  00003ce8    00000060     timer.o (.text.NVIC_EnableIRQ_Init)
                  00003d48    00000060     oled.o (.text.OLED_Clear)
                  00003da8    0000005c     usart.o (.text.UART1_rx_dataframe)
                  00003e04    00000054     bsp_gyro.o (.text.IIC_Stop)
                  00003e58    00000054     ti_msp_dl_config.o (.text.SYSCFG_DL_UART_0_init)
                  00003eac    0000004e     oled.o (.text.OLED_WR_Byte)
                  00003efa    00000002     --HOLE-- [fill = 0]
                  00003efc    0000004c     ti_msp_dl_config.o (.text.DL_UART_setBaudRateDivisor)
                  00003f48    0000004a     oled.o (.text.OLED_DisplayTurn)
                  00003f92    00000002     --HOLE-- [fill = 0]
                  00003f94    00000048     driverlib.a : dl_uart.o (.text.DL_UART_init)
                  00003fdc    00000048     motor_ctrl.o (.text.PID_Limit)
                  00004024    00000048     ti_msp_dl_config.o (.text.SYSCFG_DL_UART_1_init)
                  0000406c    00000048     ti_msp_dl_config.o (.text.SYSCFG_DL_init)
                  000040b4    00000044     oled.o (.text.I2C_Stop)
                  000040f8    00000042     libclang_rt.builtins.a : fixunsdfsi.S.obj (.text.__fixunsdfsi)
                  0000413a    00000002     --HOLE-- [fill = 0]
                  0000413c    00000040     oled.o (.text.I2C_Start)
                  0000417c    00000040     ti_msp_dl_config.o (.text.SYSCFG_DL_TIMER_0_init)
                  000041bc    00000040     libclang_rt.builtins.a : aeabi_uidivmod.S.obj (.text.__aeabi_uidivmod)
                  000041fc    00000040                            : extendsfdf2.S.obj (.text.__extendsfdf2)
                  0000423c    0000003c     ti_msp_dl_config.o (.text.DL_Timer_setCounterControl)
                  00004278    0000003c     libclang_rt.builtins.a : floatsisf.S.obj (.text.__floatsisf)
                  000042b4    0000003c                            : comparesf2.S.obj (.text.__gtsf2)
                  000042f0    0000003c     libc.a : autoinit.c.obj (.text:__TI_auto_init_nobinit_nopinit)
                  0000432c    0000003a     oled.o (.text.OLED_GPIO_Init)
                  00004366    00000002     --HOLE-- [fill = 0]
                  00004368    0000003a     libclang_rt.builtins.a : comparesf2.S.obj (.text.__eqsf2)
                  000043a2    00000002     --HOLE-- [fill = 0]
                  000043a4    0000003a                            : muldsi3.S.obj (.text.__muldsi3)
                  000043de    00000002     --HOLE-- [fill = 0]
                  000043e0    00000038                            : fixsfsi.S.obj (.text.__fixsfsi)
                  00004418    00000036     motor_ctrl.o (.text.PWM_Limit)
                  0000444e    00000002     --HOLE-- [fill = 0]
                  00004450    00000034     oled.o (.text.DL_GPIO_initDigitalInputFeatures)
                  00004484    00000034     ti_msp_dl_config.o (.text.DL_GPIO_initDigitalInputFeatures)
                  000044b8    00000034     oled.o (.text.OLED_ColorTurn)
                  000044ec    00000034     ti_msp_dl_config.o (.text.SYSCFG_DL_TIMER_1_init)
                  00004520    00000034     ti_msp_dl_config.o (.text.SYSCFG_DL_TIMER_2_init)
                  00004554    00000034     usart.o (.text.UART1_IRQHandler)
                  00004588    00000032     libclang_rt.builtins.a : fixunssfsi.S.obj (.text.__fixunssfsi)
                  000045ba    00000002     --HOLE-- [fill = 0]
                  000045bc    00000030     ti_msp_dl_config.o (.text.DL_GPIO_initDigitalOutputFeatures)
                  000045ec    00000030     oled.o (.text.OLED_Pow)
                  0000461c    0000002c     timer.o (.text.__NVIC_ClearPendingIRQ)
                  00004648    0000002c     timer.o (.text.__NVIC_EnableIRQ)
                  00004674    0000002c     libclang_rt.builtins.a : floatsidf.S.obj (.text.__floatsidf)
                  000046a0    0000002c     usart.o (.text.uart0_send_char)
                  000046cc    00000028     ti_msp_dl_config.o (.text.DL_Common_updateReg)
                  000046f4    00000028     libclang_rt.builtins.a : floatunsisf.S.obj (.text.__floatunsisf)
                  0000471c    00000028     libc.a : boot_cortex_m.c.obj (.text:_c_int00_noargs)
                  00004744    00000024     ti_msp_dl_config.o (.text.SYSCFG_DL_SYSCTL_init)
                  00004768    00000024     motor_ctrl.o (.text.Set_Motor1_PWM)
                  0000478c    00000024     motor_ctrl.o (.text.Set_Motor2_PWM)
                  000047b0    00000024     libclang_rt.builtins.a : floatunsidf.S.obj (.text.__floatunsidf)
                  000047d4    00000020     ti_msp_dl_config.o (.text.DL_GPIO_initPeripheralInputFunction)
                  000047f4    00000020     Encoder.o (.text.DL_Interrupt_getStatusGroup)
                  00004814    00000020     ti_msp_dl_config.o (.text.DL_SYSCTL_setMFPCLKSource)
                  00004834    0000001e     ti_msp_dl_config.o (.text.DL_UART_setOversampling)
                  00004852    00000002     --HOLE-- [fill = 0]
                  00004854    0000001c     Encoder.o (.text.DL_GPIO_clearInterruptStatus)
                  00004870    0000001c     ti_msp_dl_config.o (.text.DL_GPIO_clearInterruptStatus)
                  0000488c    0000001c     ti_msp_dl_config.o (.text.DL_GPIO_enableInterrupt)
                  000048a8    0000001c     bsp_gyro.o (.text.DL_GPIO_initDigitalInput)
                  000048c4    0000001c     ti_msp_dl_config.o (.text.DL_GPIO_initPeripheralOutputFunction)
                  000048e0    0000001c     ti_msp_dl_config.o (.text.DL_GPIO_setLowerPinsPolarity)
                  000048fc    0000001c     ti_msp_dl_config.o (.text.DL_SYSCTL_setSYSOSCFreq)
                  00004918    0000001c     ti_msp_dl_config.o (.text.DL_Timer_enableInterrupt)
                  00004934    0000001c     driverlib.a : dl_timer.o (.text.DL_Timer_setCaptCompUpdateMethod)
                  00004950    0000001c                 : dl_timer.o (.text.DL_Timer_setClockConfig)
                  0000496c    0000001c     ti_msp_dl_config.o (.text.DL_UART_enableInterrupt)
                  00004988    00000018     bsp_gyro.o (.text.DL_GPIO_enableOutput)
                  000049a0    00000018     oled.o (.text.DL_GPIO_enableOutput)
                  000049b8    00000018     ti_msp_dl_config.o (.text.DL_GPIO_enableOutput)
                  000049d0    00000018     ti_msp_dl_config.o (.text.DL_GPIO_enablePower)
                  000049e8    00000018     Encoder.o (.text.DL_GPIO_getEnabledInterruptStatus)
                  00004a00    00000018     bsp_gyro.o (.text.DL_GPIO_initDigitalOutput)
                  00004a18    00000018     oled.o (.text.DL_GPIO_initDigitalOutput)
                  00004a30    00000018     ti_msp_dl_config.o (.text.DL_GPIO_initDigitalOutput)
                  00004a48    00000018     ti_msp_dl_config.o (.text.DL_GPIO_reset)
                  00004a60    00000018     bsp_gyro.o (.text.DL_GPIO_setPins)
                  00004a78    00000018     motor_ctrl.o (.text.DL_GPIO_setPins)
                  00004a90    00000018     oled.o (.text.DL_GPIO_setPins)
                  00004aa8    00000018     step_motor.o (.text.DL_GPIO_setPins)
                  00004ac0    00000018     ti_msp_dl_config.o (.text.DL_GPIO_setPins)
                  00004ad8    00000018     ti_msp_dl_config.o (.text.DL_GPIO_setUpperPinsPolarity)
                  00004af0    00000018     usart.o (.text.DL_GPIO_togglePins)
                  00004b08    00000018     ti_msp_dl_config.o (.text.DL_SYSCTL_setBORThreshold)
                  00004b20    00000018     ti_msp_dl_config.o (.text.DL_Timer_enablePower)
                  00004b38    00000018     ti_msp_dl_config.o (.text.DL_Timer_reset)
                  00004b50    00000018     driverlib.a : dl_timer.o (.text.DL_Timer_setCaptureCompareOutCtl)
                  00004b68    00000018     timer.o (.text.DL_Timer_startCounter)
                  00004b80    00000018     ti_msp_dl_config.o (.text.DL_UART_enablePower)
                  00004b98    00000018     usart.o (.text.DL_UART_isBusy)
                  00004bb0    00000018     ti_msp_dl_config.o (.text.DL_UART_reset)
                  00004bc8    00000018     motor_ctrl.o (.text.SET_MOTORS_SPEED)
                  00004be0    00000016     Encoder.o (.text.DL_GPIO_readPins)
                  00004bf6    00000016     bsp_gyro.o (.text.DL_GPIO_readPins)
                  00004c0c    00000016     gw_gray.o (.text.DL_GPIO_readPins)
                  00004c22    00000016     key.o (.text.DL_GPIO_readPins)
                  00004c38    00000016     oled.o (.text.DL_GPIO_readPins)
                  00004c4e    00000016     ti_msp_dl_config.o (.text.DL_UART_enable)
                  00004c64    00000016     usart.o (.text.DL_UART_transmitData)
                  00004c7a    00000016     delay.o (.text.delay_ms)
                  00004c90    00000014     bsp_gyro.o (.text.DL_GPIO_clearPins)
                  00004ca4    00000014     empty.o (.text.DL_GPIO_clearPins)
                  00004cb8    00000014     motor_ctrl.o (.text.DL_GPIO_clearPins)
                  00004ccc    00000014     oled.o (.text.DL_GPIO_clearPins)
                  00004ce0    00000014     step_motor.o (.text.DL_GPIO_clearPins)
                  00004cf4    00000014     ti_msp_dl_config.o (.text.DL_GPIO_clearPins)
                  00004d08    00000014     oled.o (.text.DL_GPIO_disableOutput)
                  00004d1c    00000014     ti_msp_dl_config.o (.text.DL_SYSCTL_enableMFCLK)
                  00004d30    00000014     ti_msp_dl_config.o (.text.DL_Timer_enableClock)
                  00004d44    00000014     ti_msp_dl_config.o (.text.DL_Timer_setCCPDirection)
                  00004d58    00000014     usart.o (.text.DL_UART_receiveData)
                  00004d6c    00000012     timer.o (.text.DL_Timer_getPendingInterrupt)
                  00004d7e    00000012     usart.o (.text.DL_UART_getPendingInterrupt)
                  00004d90    00000012     driverlib.a : dl_uart.o (.text.DL_UART_setClockConfig)
                  00004da2    00000012     delay.o (.text.delay_us)
                  00004db4    00000012     libc.a : memcpy16.S.obj (.text:TI_memcpy_small)
                  00004dc6    00000012            : copy_decompress_none.c.obj (.text:decompress:none)
                  00004dd8    00000010     ti_msp_dl_config.o (.text.DL_SYSCTL_enableMFPCLK)
                  00004de8    00000010     driverlib.a : dl_timer.o (.text.DL_Timer_setCaptureCompareValue)
                  00004df8    00000010     libc.a : copy_zero_init.c.obj (.text:decompress:ZI)
                  00004e08    0000000e            : memset16.S.obj (.text:TI_memset_small)
                  00004e16    00000002     --HOLE-- [fill = 0]
                  00004e18    0000000c     libclang_rt.builtins.a : aeabi_memset.S.obj (.text.__aeabi_memclr)
                  00004e24    0000000a     driverlib.a : dl_common.o (.text.DL_Common_delayCycles)
                  00004e2e    0000000a     oled.o (.text.I2C_Delay)
                  00004e38    00000008     libc.a : s_round.c.obj (.text.OUTLINED_FUNCTION_0)
                  00004e40    00000010     libclang_rt.builtins.a : adddf3.S.obj (.tramp.__aeabi_dadd.1)
                  00004e50    00000008                            : aeabi_memcpy.S.obj (.text.__aeabi_memcpy)
                  00004e58    00000006     libc.a : exit.c.obj (.text:abort)
                  00004e5e    00000004     startup_mspm0g350x_ticlang.o (.text.Default_Handler)
                  00004e62    00000004     libsysbm.a : hostexit.c.obj (.text.HOSTexit)
                  00004e66    00000004     startup_mspm0g350x_ticlang.o (.text.Reset_Handler)
                  00004e6a    00000004     libc.a : pre_init.c.obj (.text._system_pre_init)
                  00004e6e    00000002     --HOLE-- [fill = 0]

.cinit     0    00005538    00000088     
                  00005538    0000005f     (.cinit..data.load) [load image, compression = lzss]
                  00005597    00000001     --HOLE-- [fill = 0]
                  00005598    0000000c     (__TI_handler_table)
                  000055a4    00000008     (.cinit..bss.load) [load image, compression = zero_init]
                  000055ac    00000010     (__TI_cinit_table)
                  000055bc    00000004     --HOLE-- [fill = 0]

.rodata    0    00004e70    000006c8     
                  00004e70    000005f0     oled.o (.rodata.OLED_F8x16)
                  00005460    00000014     ti_msp_dl_config.o (.rodata.gTIMER_0TimerConfig)
                  00005474    00000014     ti_msp_dl_config.o (.rodata.gTIMER_1TimerConfig)
                  00005488    00000014     ti_msp_dl_config.o (.rodata.gTIMER_2TimerConfig)
                  0000549c    0000000d     app_oled.o (.rodata.str1.3359168702919667222.1)
                  000054a9    0000000b     app_oled.o (.rodata.str1.1447123384928220746.1)
                  000054b4    0000000b     app_oled.o (.rodata.str1.15423261460788342562.1)
                  000054bf    00000001     --HOLE-- [fill = 0]
                  000054c0    0000000a     ti_msp_dl_config.o (.rodata.gUART_0Config)
                  000054ca    0000000a     ti_msp_dl_config.o (.rodata.gUART_1Config)
                  000054d4    0000000a     app_oled.o (.rodata.str1.15518859946869302998.1)
                  000054de    00000009     app_oled.o (.rodata.str1.14224910786666964591.1)
                  000054e7    00000009     app_oled.o (.rodata.str1.15567594371661960906.1)
                  000054f0    00000009     app_oled.o (.rodata.str1.4826353225083720302.1)
                  000054f9    00000003     ti_msp_dl_config.o (.rodata.gPWM_0ClockConfig)
                  000054fc    00000008     ti_msp_dl_config.o (.rodata.gPWM_0Config)
                  00005504    00000006     app_oled.o (.rodata.str1.7443581757110324970.1)
                  0000550a    00000005     app_oled.o (.rodata.str1.11319836962472706390.1)
                  0000550f    00000005     app_oled.o (.rodata.str1.14537904905130562231.1)
                  00005514    00000005     app_oled.o (.rodata.str1.14837369829790482031.1)
                  00005519    00000005     app_oled.o (.rodata.str1.7842465535629281655.1)
                  0000551e    00000004     app_oled.o (.rodata.str1.16330337898474194396.1)
                  00005522    00000004     app_oled.o (.rodata.str1.16915410810118921761.1)
                  00005526    00000004     app_oled.o (.rodata.str1.2308200305200294155.1)
                  0000552a    00000003     ti_msp_dl_config.o (.rodata.gTIMER_0ClockConfig)
                  0000552d    00000003     ti_msp_dl_config.o (.rodata.gTIMER_1ClockConfig)
                  00005530    00000003     ti_msp_dl_config.o (.rodata.gTIMER_2ClockConfig)
                  00005533    00000002     ti_msp_dl_config.o (.rodata.gUART_0ClockConfig)
                  00005535    00000002     ti_msp_dl_config.o (.rodata.gUART_1ClockConfig)
                  00005537    00000001     --HOLE-- [fill = 0]

.init_array 
*          0    00000000    00000000     UNINITIALIZED

.binit     0    00000000    00000000     

.bss       0    20200000    00000655     UNINITIALIZED
                  20200000    00000480     (.common:OLED_GRAM)
                  20200480    000000bc     (.common:gPWM_0Backup)
                  2020053c    000000a0     (.common:gTIMER_2Backup)
                  202005dc    00000030     (.common:gUART_1Backup)
                  2020060c    00000018     (.common:Key)
                  20200624    00000010     bsp_gyro.o (.bss.Gyro_Structure)
                  20200634    00000004     (.common:Huidu_Error)
                  20200638    00000004     (.common:JY61P_Data)
                  2020063c    00000004     (.common:Motor1_Lucheng)
                  20200640    00000004     (.common:Motor1_Target_Speed)
                  20200644    00000004     (.common:Motor2_Lucheng)
                  20200648    00000004     (.common:Motor2_Target_Speed)
                  2020064c    00000004     (.common:Target_ChaSu)
                  20200650    00000004     (.common:huidu_lasterror)
                  20200654    00000001     (.common:Huidu_Datas)

.data      0    20200658    000001c9     UNINITIALIZED
                  20200658    00000038     motor_ctrl.o (.data.pid_Angle)
                  20200690    00000038     motor_ctrl.o (.data.pid_Distance)
                  202006c8    00000038     motor_ctrl.o (.data.pid_Gyro)
                  20200700    00000038     motor_ctrl.o (.data.pid_Motor1_Speed)
                  20200738    00000038     motor_ctrl.o (.data.pid_Motor2_Speed)
                  20200770    00000038     motor_ctrl.o (.data.pid_Turn)
                  202007a8    0000000c     step_motor.o (.data.step_motor_lr)
                  202007b4    0000000c     step_motor.o (.data.step_motor_ud)
                  202007c0    00000004     empty.o (.data.Basic_Speed)
                  202007c4    00000004     gw_gray.o (.data.Huidu_Target)
                  202007c8    00000004     Encoder.o (.data.Measure_Distance)
                  202007cc    00000004     Encoder.o (.data.Motor1_Encoder_Value)
                  202007d0    00000004     Encoder.o (.data.Motor1_Speed)
                  202007d4    00000004     Encoder.o (.data.Motor2_Encoder_Value)
                  202007d8    00000004     Encoder.o (.data.Motor2_Speed)
                  202007dc    00000004     empty.o (.data.Target_Angle)
                  202007e0    00000004     empty.o (.data.Target_Distance)
                  202007e4    00000004     empty.o (.data.Target_Gyro)
                  202007e8    00000004     timer.o (.data.angle_cnt)
                  202007ec    00000004     timer.o (.data.control_cnt)
                  202007f0    00000004     timer.o (.data.flagtim_cnt)
                  202007f4    00000004     bsp_gyro.o (.data.last_yaw)
                  202007f8    00000004     usart.o (.data.remaining_steps1)
                  202007fc    00000004     usart.o (.data.remaining_steps2)
                  20200800    00000004     bsp_gyro.o (.data.rx_index)
                  20200804    00000004     timer.o (.data.tim2_cnt)
                  20200808    00000004     timer.o (.data.warn_cnt)
                  2020080c    00000002     timer.o (.data.TIMG8_IRQHandler.count_100ms)
                  2020080e    00000002     timer.o (.data.TIMG8_IRQHandler.count_10ms)
                  20200810    00000002     timer.o (.data.TIMG8_IRQHandler.t)
                  20200812    00000001     motor_ctrl.o (.data.Angle_PID_Flag)
                  20200813    00000001     motor_ctrl.o (.data.Distance_PID_Flag)
                  20200814    00000001     motor_ctrl.o (.data.Gyro_PID_Flag)
                  20200815    00000001     motor_ctrl.o (.data.MOTOR1_ENABLE_FLAG)
                  20200816    00000001     motor_ctrl.o (.data.MOTOR2_ENABLE_FLAG)
                  20200817    00000001     empty.o (.data.OLED_View_Select)
                  20200818    00000001     task.o (.data.Target_Angle_flag)
                  20200819    00000001     task.o (.data.Task_1_State)
                  2020081a    00000001     task.o (.data.Task_Select)
                  2020081b    00000001     motor_ctrl.o (.data.Turn_PID_Flag)
                  2020081c    00000001     task.o (.data.car_num)
                  2020081d    00000001     task.o (.data.flag_cnt)
                  2020081e    00000001     task.o (.data.flag_state)
                  2020081f    00000001     task.o (.data.flag_warn)
                  20200820    00000001     usart.o (.data.uart_data)

.stack     0    20207e00    00000200     UNINITIALIZED
                  20207e00    00000004     libc.a : boot_cortex_m.c.obj (.stack)
                  20207e04    000001fc     --HOLE--

__llvm_prf_cnts 
*          0    20200000    00000000     UNINITIALIZED

__llvm_prf_bits 
*          0    20200000    00000000     UNINITIALIZED

MODULE SUMMARY

       Module                         code    ro data   rw data
       ------                         ----    -------   -------
    .\
       ti_msp_dl_config.o             2436    104       396    
       empty.o                        248     0         17     
       startup_mspm0g350x_ticlang.o   8       192       0      
    +--+------------------------------+-------+---------+---------+
       Total:                         2692    296       413    
                                                               
    .\Hardware\
       oled.o                         3164    1520      1152   
       bsp_gyro.o                     2150    0         24     
       Encoder.o                      1798    0         28     
       motor_ctrl.o                   766     0         342    
       key.o                          878     0         24     
       step_motor.o                   760     0         24     
       task.o                         276     0         7      
       gw_gray.o                      158     0         13     
    +--+------------------------------+-------+---------+---------+
       Total:                         9950    1520      1614   
                                                               
    .\app\
       app_oled.o                     1552    110       0      
    +--+------------------------------+-------+---------+---------+
       Total:                         1552    110       0      
                                                               
    .\middle\
       timer.o                        1350    0         42     
       usart.o                        296     0         9      
       delay.o                        40      0         0      
    +--+------------------------------+-------+---------+---------+
       Total:                         1686    0         51     
                                                               
    E:/TI_02/CCS/mspm0_sdk_2_05_01_00/source/ti/driverlib/lib/ticlang/m0p/mspm0g1x0x_g3x0x/driverlib.a
       dl_timer.o                     588     0         0      
       dl_uart.o                      90      0         0      
       dl_common.o                    10      0         0      
    +--+------------------------------+-------+---------+---------+
       Total:                         688     0         0      
                                                               
    E:\TI_02\CCS\ccs\tools\compiler\ti-cgt-armllvm_4.0.2.LTS\lib\armv6m-ti-none-eabi/c/libc.a
       s_floor.c.obj                  324     0         0      
       s_round.c.obj                  176     0         0      
       copy_decompress_lzss.c.obj     124     0         0      
       autoinit.c.obj                 60      0         0      
       boot_cortex_m.c.obj            40      0         0      
       copy_decompress_none.c.obj     18      0         0      
       memcpy16.S.obj                 18      0         0      
       copy_zero_init.c.obj           16      0         0      
       memset16.S.obj                 14      0         0      
       exit.c.obj                     6       0         0      
       pre_init.c.obj                 4       0         0      
    +--+------------------------------+-------+---------+---------+
       Total:                         800     0         0      
                                                               
    E:\TI_02\CCS\ccs\tools\compiler\ti-cgt-armllvm_4.0.2.LTS\lib\armv6m-ti-none-eabi/c/libsysbm.a
       hostexit.c.obj                 4       0         0      
    +--+------------------------------+-------+---------+---------+
       Total:                         4       0         0      
                                                               
    E:\TI_02\CCS\ccs\tools\compiler\ti-cgt-armllvm_4.0.2.LTS\lib\armv6m-ti-none-eabi/libclang_rt.builtins.a
       adddf3.S.obj                   418     0         0      
       divdf3.S.obj                   268     0         0      
       muldf3.S.obj                   228     0         0      
       comparedf2.c.obj               220     0         0      
       addsf3.S.obj                   216     0         0      
       mulsf3.S.obj                   140     0         0      
       comparesf2.S.obj               118     0         0      
       truncdfsf2.S.obj               116     0         0      
       aeabi_dcmp.S.obj               98      0         0      
       aeabi_fcmp.S.obj               98      0         0      
       fixunsdfsi.S.obj               66      0         0      
       aeabi_uidivmod.S.obj           64      0         0      
       extendsfdf2.S.obj              64      0         0      
       floatsisf.S.obj                60      0         0      
       muldsi3.S.obj                  58      0         0      
       fixsfsi.S.obj                  56      0         0      
       fixunssfsi.S.obj               50      0         0      
       floatsidf.S.obj                44      0         0      
       floatunsisf.S.obj              40      0         0      
       floatunsidf.S.obj              36      0         0      
       aeabi_memset.S.obj             12      0         0      
       aeabi_memcpy.S.obj             8       0         0      
       aeabi_div0.c.obj               2       0         0      
    +--+------------------------------+-------+---------+---------+
       Total:                         2480    0         0      
                                                               
       Stack:                         0       0         512    
       Linker Generated:              0       131       0      
    +--+------------------------------+-------+---------+---------+
       Grand Total:                   19852   2057      2590   


LINKER GENERATED COPY TABLES

__TI_cinit_table @ 000055ac records: 2, size/record: 8, table size: 16
	.data: load addr=00005538, load size=0000005f bytes, run addr=20200658, run size=000001c9 bytes, compression=lzss
	.bss: load addr=000055a4, load size=00000008 bytes, run addr=20200000, run size=00000655 bytes, compression=zero_init


LINKER GENERATED HANDLER TABLE

__TI_handler_table @ 00005598 records: 3, size/record: 4, table size: 12
	index: 0, handler: __TI_decompress_lzss
	index: 1, handler: __TI_decompress_none
	index: 2, handler: __TI_zero_init


FAR CALL TRAMPOLINES

callee name               trampoline name
   callee addr  tramp addr   call addr  call info
--------------  -----------  ---------  ----------------
__aeabi_dadd              $Tramp$TT$L$PI$$__aeabi_dadd
   000018f3     00004e40     00004e3e   libc.a : s_round.c.obj (.text.OUTLINED_FUNCTION_0)

[1 trampolines]
[1 trampoline calls]


GLOBAL SYMBOLS: SORTED ALPHABETICALLY BY Name 

address   name                            
-------   ----                            
00004e5f  ADC0_IRQHandler                 
00004e5f  ADC1_IRQHandler                 
00004e5f  AES_IRQHandler                  
20200812  Angle_PID_Flag                  
202007c0  Basic_Speed                     
00004e62  C$$EXIT                         
00004e5f  CANFD0_IRQHandler               
00004e5f  DAC0_IRQHandler                 
00004e25  DL_Common_delayCycles           
000023d1  DL_Timer_initFourCCPWMMode      
000024d5  DL_Timer_initTimerMode          
00004935  DL_Timer_setCaptCompUpdateMethod
00004b51  DL_Timer_setCaptureCompareOutCtl
00004de9  DL_Timer_setCaptureCompareValue 
00004951  DL_Timer_setClockConfig         
00003f95  DL_UART_init                    
00004d91  DL_UART_setClockConfig          
00004e5f  DMA_IRQHandler                  
00004e5f  Default_Handler                 
20200813  Distance_PID_Flag               
00004e5f  GROUP0_IRQHandler               
000006d1  GROUP1_IRQHandler               
20200814  Gyro_PID_Flag                   
00004e63  HOSTexit                        
00004e5f  HardFault_Handler               
20200654  Huidu_Datas                     
20200634  Huidu_Error                     
0000380d  Huidu_Read                      
202007c4  Huidu_Target                    
00004e5f  I2C0_IRQHandler                 
00004e5f  I2C1_IRQHandler                 
00002ae1  I2C_WaitAck                     
000035dd  IIC_Send_Ack                    
00003b59  IIC_Start                       
00003e05  IIC_Stop                        
20200638  JY61P_Data                      
00001e65  KEY_PROC                        
2020060c  Key                             
00001521  Key_Read                        
000020b1  MEASURE_MOTORS_SPEED            
20200815  MOTOR1_ENABLE_FLAG              
20200816  MOTOR2_ENABLE_FLAG              
202007c8  Measure_Distance                
202007cc  Motor1_Encoder_Value            
00003bbd  Motor1_Get_Speed                
2020063c  Motor1_Lucheng                  
202007d0  Motor1_Speed                    
20200640  Motor1_Target_Speed             
202007d4  Motor2_Encoder_Value            
00003a85  Motor2_Get_Speed                
20200644  Motor2_Lucheng                  
202007d8  Motor2_Speed                    
20200648  Motor2_Target_Speed             
00004e5f  NMI_Handler                     
00003ce9  NVIC_EnableIRQ_Init             
00003d49  OLED_Clear                      
000044b9  OLED_ColorTurn                  
00003f49  OLED_DisplayTurn                
00002fc5  OLED_DrawPoint                  
00004e70  OLED_F8x16                      
0000432d  OLED_GPIO_Init                  
20200000  OLED_GRAM                       
000022c9  OLED_Init                       
000045ed  OLED_Pow                        
0000324d  OLED_Refresh                    
00002c61  OLED_ShowBinNum                 
00001a7d  OLED_ShowChar                   
00001741  OLED_ShowFloatNum               
00002785  OLED_ShowNum                    
00002a15  OLED_ShowSignedNum              
00003385  OLED_ShowString                 
000000c1  OLED_Show_Proc                  
00003a09  OLED_Update                     
20200817  OLED_View_Select                
00003ead  OLED_WR_Byte                    
00002ba1  PID_Calculate                   
00003fdd  PID_Limit                       
00004419  PWM_Limit                       
00004e5f  PendSV_Handler                  
00004e5f  RTC_IRQHandler                  
0000310d  Read_Byte                       
00004e67  Reset_Handler                   
00004bc9  SET_MOTORS_SPEED                
00004e5f  SPI0_IRQHandler                 
00004e5f  SPI1_IRQHandler                 
00004e5f  SVC_Handler                     
00000e0d  SYSCFG_DL_GPIO_init             
00003669  SYSCFG_DL_PWM_0_init            
00004745  SYSCFG_DL_SYSCTL_init           
0000417d  SYSCFG_DL_TIMER_0_init          
000044ed  SYSCFG_DL_TIMER_1_init          
00004521  SYSCFG_DL_TIMER_2_init          
00003e59  SYSCFG_DL_UART_0_init           
00004025  SYSCFG_DL_UART_1_init           
0000406d  SYSCFG_DL_init                  
000031ad  SYSCFG_DL_initPower             
00003069  Send_Byte                       
00004769  Set_Motor1_PWM                  
000032e9  Set_Motor1_Speed                
0000478d  Set_Motor2_PWM                  
00003421  Set_Motor2_Speed                
00004e5f  SysTick_Handler                 
00004e5f  TIMA0_IRQHandler                
00004e5f  TIMA1_IRQHandler                
00001bd5  TIMG0_IRQHandler                
00004e5f  TIMG12_IRQHandler               
00004e5f  TIMG6_IRQHandler                
00002d19  TIMG7_IRQHandler                
0000107d  TIMG8_IRQHandler                
00004db5  TI_memcpy_small                 
00004e09  TI_memset_small                 
202007dc  Target_Angle                    
20200818  Target_Angle_flag               
2020064c  Target_ChaSu                    
202007e0  Target_Distance                 
202007e4  Target_Gyro                     
00001f9d  Task_1                          
20200819  Task_1_State                    
2020081a  Task_Select                     
2020081b  Turn_PID_Flag                   
00004e5f  UART0_IRQHandler                
00004555  UART1_IRQHandler                
00003da9  UART1_rx_dataframe              
00004e5f  UART2_IRQHandler                
00004e5f  UART3_IRQHandler                
20208000  __STACK_END                     
00000200  __STACK_SIZE                    
00000000  __TI_ATRegion0_region_sz        
00000000  __TI_ATRegion0_src_addr         
00000000  __TI_ATRegion0_trg_addr         
00000000  __TI_ATRegion1_region_sz        
00000000  __TI_ATRegion1_src_addr         
00000000  __TI_ATRegion1_trg_addr         
00000000  __TI_ATRegion2_region_sz        
00000000  __TI_ATRegion2_src_addr         
00000000  __TI_ATRegion2_trg_addr         
000055ac  __TI_CINIT_Base                 
000055bc  __TI_CINIT_Limit                
000055bc  __TI_CINIT_Warm                 
00005598  __TI_Handler_Table_Base         
000055a4  __TI_Handler_Table_Limit        
000042f1  __TI_auto_init_nobinit_nopinit  
00003919  __TI_decompress_lzss            
00004dc7  __TI_decompress_none            
ffffffff  __TI_pprof_out_hndl             
ffffffff  __TI_prof_data_size             
ffffffff  __TI_prof_data_start            
00000000  __TI_static_base__              
00004df9  __TI_zero_init                  
000018f3  __adddf3                        
00002873  __addsf3                        
00003a11  __aeabi_d2f                     
000040f9  __aeabi_d2uiz                   
000018f3  __aeabi_dadd                    
00003c21  __aeabi_dcmpeq                  
00003c5d  __aeabi_dcmpge                  
00003c71  __aeabi_dcmpgt                  
00003c49  __aeabi_dcmple                  
00003c35  __aeabi_dcmplt                  
000021bd  __aeabi_ddiv                    
000025bd  __aeabi_dmul                    
000018e9  __aeabi_dsub                    
000041fd  __aeabi_f2d                     
000043e1  __aeabi_f2iz                    
00004589  __aeabi_f2uiz                   
00002873  __aeabi_fadd                    
00003c85  __aeabi_fcmpeq                  
00003cc1  __aeabi_fcmpge                  
00003cd5  __aeabi_fcmpgt                  
00003cad  __aeabi_fcmple                  
00003c99  __aeabi_fcmplt                  
000036f5  __aeabi_fmul                    
00002869  __aeabi_fsub                    
00004675  __aeabi_i2d                     
00004279  __aeabi_i2f                     
000018e7  __aeabi_idiv0                   
00004e19  __aeabi_memclr                  
00004e19  __aeabi_memclr4                 
00004e19  __aeabi_memclr8                 
00004e51  __aeabi_memcpy                  
00004e51  __aeabi_memcpy4                 
00004e51  __aeabi_memcpy8                 
000047b1  __aeabi_ui2d                    
000046f5  __aeabi_ui2f                    
000041bd  __aeabi_uidiv                   
000041bd  __aeabi_uidivmod                
ffffffff  __binit__                       
00003af1  __cmpdf2                        
00004369  __cmpsf2                        
000021bd  __divdf3                        
00003af1  __eqdf2                         
00004369  __eqsf2                         
000041fd  __extendsfdf2                   
000043e1  __fixsfsi                       
000040f9  __fixunsdfsi                    
00004589  __fixunssfsi                    
00004675  __floatsidf                     
00004279  __floatsisf                     
000047b1  __floatunsidf                   
000046f5  __floatunsisf                   
00003995  __gedf2                         
000042b5  __gesf2                         
00003995  __gtdf2                         
000042b5  __gtsf2                         
00003af1  __ledf2                         
00004369  __lesf2                         
00003af1  __ltdf2                         
00004369  __ltsf2                         
UNDEFED   __mpu_init                      
000025bd  __muldf3                        
000043a5  __muldsi3                       
000036f5  __mulsf3                        
00003af1  __nedf2                         
00004369  __nesf2                         
20207e00  __stack                         
20200000  __start___llvm_prf_bits         
20200000  __start___llvm_prf_cnts         
20200000  __stop___llvm_prf_bits          
20200000  __stop___llvm_prf_cnts          
000018e9  __subdf3                        
00002869  __subsf3                        
00003a11  __truncdfsf2                    
0000471d  _c_int00_noargs                 
UNDEFED   _system_post_cinit              
00004e6b  _system_pre_init                
00004e59  abort                           
202007e8  angle_cnt                       
ffffffff  binit                           
2020081c  car_num                         
202007ec  control_cnt                     
00004c7b  delay_ms                        
00004da3  delay_us                        
2020081d  flag_cnt                        
2020081e  flag_state                      
2020081f  flag_warn                       
202007f0  flagtim_cnt                     
00001d21  floor                           
00001d21  floorl                          
20200480  gPWM_0Backup                    
2020053c  gTIMER_2Backup                  
202005dc  gUART_1Backup                   
00000b91  get_angle                       
20200650  huidu_lasterror                 
00000000  interruptVectors                
00002e75  jy61pInit                       
202007f4  last_yaw                        
000026a1  main                            
00003781  move_stepper                    
20200658  pid_Angle                       
20200690  pid_Distance                    
202006c8  pid_Gyro                        
20200700  pid_Motor1_Speed                
20200738  pid_Motor2_Speed                
20200770  pid_Turn                        
00002941  readDataJy61p                   
202007f8  remaining_steps1                
202007fc  remaining_steps2                
00002f1d  round                           
00002f1d  roundl                          
20200800  rx_index                        
000012e1  step                            
202007a8  step_motor_lr                   
202007b4  step_motor_ud                   
20200804  tim2_cnt                        
000046a1  uart0_send_char                 
20200820  uart_data                       
20200808  warn_cnt                        
000034b9  writeDataJy61p                  


GLOBAL SYMBOLS: SORTED BY Symbol Address 

address   name                            
-------   ----                            
00000000  __TI_ATRegion0_region_sz        
00000000  __TI_ATRegion0_src_addr         
00000000  __TI_ATRegion0_trg_addr         
00000000  __TI_ATRegion1_region_sz        
00000000  __TI_ATRegion1_src_addr         
00000000  __TI_ATRegion1_trg_addr         
00000000  __TI_ATRegion2_region_sz        
00000000  __TI_ATRegion2_src_addr         
00000000  __TI_ATRegion2_trg_addr         
00000000  __TI_static_base__              
00000000  interruptVectors                
000000c1  OLED_Show_Proc                  
00000200  __STACK_SIZE                    
000006d1  GROUP1_IRQHandler               
00000b91  get_angle                       
00000e0d  SYSCFG_DL_GPIO_init             
0000107d  TIMG8_IRQHandler                
000012e1  step                            
00001521  Key_Read                        
00001741  OLED_ShowFloatNum               
000018e7  __aeabi_idiv0                   
000018e9  __aeabi_dsub                    
000018e9  __subdf3                        
000018f3  __adddf3                        
000018f3  __aeabi_dadd                    
00001a7d  OLED_ShowChar                   
00001bd5  TIMG0_IRQHandler                
00001d21  floor                           
00001d21  floorl                          
00001e65  KEY_PROC                        
00001f9d  Task_1                          
000020b1  MEASURE_MOTORS_SPEED            
000021bd  __aeabi_ddiv                    
000021bd  __divdf3                        
000022c9  OLED_Init                       
000023d1  DL_Timer_initFourCCPWMMode      
000024d5  DL_Timer_initTimerMode          
000025bd  __aeabi_dmul                    
000025bd  __muldf3                        
000026a1  main                            
00002785  OLED_ShowNum                    
00002869  __aeabi_fsub                    
00002869  __subsf3                        
00002873  __addsf3                        
00002873  __aeabi_fadd                    
00002941  readDataJy61p                   
00002a15  OLED_ShowSignedNum              
00002ae1  I2C_WaitAck                     
00002ba1  PID_Calculate                   
00002c61  OLED_ShowBinNum                 
00002d19  TIMG7_IRQHandler                
00002e75  jy61pInit                       
00002f1d  round                           
00002f1d  roundl                          
00002fc5  OLED_DrawPoint                  
00003069  Send_Byte                       
0000310d  Read_Byte                       
000031ad  SYSCFG_DL_initPower             
0000324d  OLED_Refresh                    
000032e9  Set_Motor1_Speed                
00003385  OLED_ShowString                 
00003421  Set_Motor2_Speed                
000034b9  writeDataJy61p                  
000035dd  IIC_Send_Ack                    
00003669  SYSCFG_DL_PWM_0_init            
000036f5  __aeabi_fmul                    
000036f5  __mulsf3                        
00003781  move_stepper                    
0000380d  Huidu_Read                      
00003919  __TI_decompress_lzss            
00003995  __gedf2                         
00003995  __gtdf2                         
00003a09  OLED_Update                     
00003a11  __aeabi_d2f                     
00003a11  __truncdfsf2                    
00003a85  Motor2_Get_Speed                
00003af1  __cmpdf2                        
00003af1  __eqdf2                         
00003af1  __ledf2                         
00003af1  __ltdf2                         
00003af1  __nedf2                         
00003b59  IIC_Start                       
00003bbd  Motor1_Get_Speed                
00003c21  __aeabi_dcmpeq                  
00003c35  __aeabi_dcmplt                  
00003c49  __aeabi_dcmple                  
00003c5d  __aeabi_dcmpge                  
00003c71  __aeabi_dcmpgt                  
00003c85  __aeabi_fcmpeq                  
00003c99  __aeabi_fcmplt                  
00003cad  __aeabi_fcmple                  
00003cc1  __aeabi_fcmpge                  
00003cd5  __aeabi_fcmpgt                  
00003ce9  NVIC_EnableIRQ_Init             
00003d49  OLED_Clear                      
00003da9  UART1_rx_dataframe              
00003e05  IIC_Stop                        
00003e59  SYSCFG_DL_UART_0_init           
00003ead  OLED_WR_Byte                    
00003f49  OLED_DisplayTurn                
00003f95  DL_UART_init                    
00003fdd  PID_Limit                       
00004025  SYSCFG_DL_UART_1_init           
0000406d  SYSCFG_DL_init                  
000040f9  __aeabi_d2uiz                   
000040f9  __fixunsdfsi                    
0000417d  SYSCFG_DL_TIMER_0_init          
000041bd  __aeabi_uidiv                   
000041bd  __aeabi_uidivmod                
000041fd  __aeabi_f2d                     
000041fd  __extendsfdf2                   
00004279  __aeabi_i2f                     
00004279  __floatsisf                     
000042b5  __gesf2                         
000042b5  __gtsf2                         
000042f1  __TI_auto_init_nobinit_nopinit  
0000432d  OLED_GPIO_Init                  
00004369  __cmpsf2                        
00004369  __eqsf2                         
00004369  __lesf2                         
00004369  __ltsf2                         
00004369  __nesf2                         
000043a5  __muldsi3                       
000043e1  __aeabi_f2iz                    
000043e1  __fixsfsi                       
00004419  PWM_Limit                       
000044b9  OLED_ColorTurn                  
000044ed  SYSCFG_DL_TIMER_1_init          
00004521  SYSCFG_DL_TIMER_2_init          
00004555  UART1_IRQHandler                
00004589  __aeabi_f2uiz                   
00004589  __fixunssfsi                    
000045ed  OLED_Pow                        
00004675  __aeabi_i2d                     
00004675  __floatsidf                     
000046a1  uart0_send_char                 
000046f5  __aeabi_ui2f                    
000046f5  __floatunsisf                   
0000471d  _c_int00_noargs                 
00004745  SYSCFG_DL_SYSCTL_init           
00004769  Set_Motor1_PWM                  
0000478d  Set_Motor2_PWM                  
000047b1  __aeabi_ui2d                    
000047b1  __floatunsidf                   
00004935  DL_Timer_setCaptCompUpdateMethod
00004951  DL_Timer_setClockConfig         
00004b51  DL_Timer_setCaptureCompareOutCtl
00004bc9  SET_MOTORS_SPEED                
00004c7b  delay_ms                        
00004d91  DL_UART_setClockConfig          
00004da3  delay_us                        
00004db5  TI_memcpy_small                 
00004dc7  __TI_decompress_none            
00004de9  DL_Timer_setCaptureCompareValue 
00004df9  __TI_zero_init                  
00004e09  TI_memset_small                 
00004e19  __aeabi_memclr                  
00004e19  __aeabi_memclr4                 
00004e19  __aeabi_memclr8                 
00004e25  DL_Common_delayCycles           
00004e51  __aeabi_memcpy                  
00004e51  __aeabi_memcpy4                 
00004e51  __aeabi_memcpy8                 
00004e59  abort                           
00004e5f  ADC0_IRQHandler                 
00004e5f  ADC1_IRQHandler                 
00004e5f  AES_IRQHandler                  
00004e5f  CANFD0_IRQHandler               
00004e5f  DAC0_IRQHandler                 
00004e5f  DMA_IRQHandler                  
00004e5f  Default_Handler                 
00004e5f  GROUP0_IRQHandler               
00004e5f  HardFault_Handler               
00004e5f  I2C0_IRQHandler                 
00004e5f  I2C1_IRQHandler                 
00004e5f  NMI_Handler                     
00004e5f  PendSV_Handler                  
00004e5f  RTC_IRQHandler                  
00004e5f  SPI0_IRQHandler                 
00004e5f  SPI1_IRQHandler                 
00004e5f  SVC_Handler                     
00004e5f  SysTick_Handler                 
00004e5f  TIMA0_IRQHandler                
00004e5f  TIMA1_IRQHandler                
00004e5f  TIMG12_IRQHandler               
00004e5f  TIMG6_IRQHandler                
00004e5f  UART0_IRQHandler                
00004e5f  UART2_IRQHandler                
00004e5f  UART3_IRQHandler                
00004e62  C$$EXIT                         
00004e63  HOSTexit                        
00004e67  Reset_Handler                   
00004e6b  _system_pre_init                
00004e70  OLED_F8x16                      
00005598  __TI_Handler_Table_Base         
000055a4  __TI_Handler_Table_Limit        
000055ac  __TI_CINIT_Base                 
000055bc  __TI_CINIT_Limit                
000055bc  __TI_CINIT_Warm                 
20200000  OLED_GRAM                       
20200000  __start___llvm_prf_bits         
20200000  __start___llvm_prf_cnts         
20200000  __stop___llvm_prf_bits          
20200000  __stop___llvm_prf_cnts          
20200480  gPWM_0Backup                    
2020053c  gTIMER_2Backup                  
202005dc  gUART_1Backup                   
2020060c  Key                             
20200634  Huidu_Error                     
20200638  JY61P_Data                      
2020063c  Motor1_Lucheng                  
20200640  Motor1_Target_Speed             
20200644  Motor2_Lucheng                  
20200648  Motor2_Target_Speed             
2020064c  Target_ChaSu                    
20200650  huidu_lasterror                 
20200654  Huidu_Datas                     
20200658  pid_Angle                       
20200690  pid_Distance                    
202006c8  pid_Gyro                        
20200700  pid_Motor1_Speed                
20200738  pid_Motor2_Speed                
20200770  pid_Turn                        
202007a8  step_motor_lr                   
202007b4  step_motor_ud                   
202007c0  Basic_Speed                     
202007c4  Huidu_Target                    
202007c8  Measure_Distance                
202007cc  Motor1_Encoder_Value            
202007d0  Motor1_Speed                    
202007d4  Motor2_Encoder_Value            
202007d8  Motor2_Speed                    
202007dc  Target_Angle                    
202007e0  Target_Distance                 
202007e4  Target_Gyro                     
202007e8  angle_cnt                       
202007ec  control_cnt                     
202007f0  flagtim_cnt                     
202007f4  last_yaw                        
202007f8  remaining_steps1                
202007fc  remaining_steps2                
20200800  rx_index                        
20200804  tim2_cnt                        
20200808  warn_cnt                        
20200812  Angle_PID_Flag                  
20200813  Distance_PID_Flag               
20200814  Gyro_PID_Flag                   
20200815  MOTOR1_ENABLE_FLAG              
20200816  MOTOR2_ENABLE_FLAG              
20200817  OLED_View_Select                
20200818  Target_Angle_flag               
20200819  Task_1_State                    
2020081a  Task_Select                     
2020081b  Turn_PID_Flag                   
2020081c  car_num                         
2020081d  flag_cnt                        
2020081e  flag_state                      
2020081f  flag_warn                       
20200820  uart_data                       
20207e00  __stack                         
20208000  __STACK_END                     
ffffffff  __TI_pprof_out_hndl             
ffffffff  __TI_prof_data_size             
ffffffff  __TI_prof_data_start            
ffffffff  __binit__                       
ffffffff  binit                           
UNDEFED   __mpu_init                      
UNDEFED   _system_post_cinit              

[268 symbols]
