******************************************************************************
            TI ARM Clang Linker PC v4.0.2                      
******************************************************************************
>> Linked Thu Apr 23 22:54:07 2026

OUTPUT FILE NAME:   <DS_E03_Show04.out>
ENTRY POINT SYMBOL: "_c_int00_noargs"  address: 00009089


MEMORY CONFIGURATION

         name            origin    length      used     unused   attr    fill
----------------------  --------  ---------  --------  --------  ----  --------
  FLASH                 00000000   00020000  0000e418  00011be8  R  X
  SRAM                  20200000   00008000  00001392  00006c6e  RW X
  BCR_CONFIG            41c00000   000000ff  00000000  000000ff  R   
  BSL_CONFIG            41c00100   00000080  00000000  00000080  R   


SEGMENT ALLOCATION MAP

run origin  load origin   length   init length attrs members
----------  ----------- ---------- ----------- ----- -------
00000000    00000000    0000e418   0000e418    r-x
  00000000    00000000    000000c0   000000c0    r-- .intvecs
  000000c0    000000c0    00009aa0   00009aa0    r-x .text
  00009b60    00009b60    000047d0   000047d0    r-- .rodata
  0000e330    0000e330    000000e8   000000e8    r-- .cinit
20200000    20200000    00001192   00000000    rw-
  20200000    20200000    00000800   00000000    rw- .sysmem
  20200800    20200800    0000061c   00000000    rw- .bss
  20200e1c    20200e1c    00000376   00000000    rw- .data
20207e00    20207e00    00000200   00000000    rw-
  20207e00    20207e00    00000200   00000000    rw- .stack


SECTION ALLOCATION MAP

 output                                  attributes/
section   page    origin      length       input sections
--------  ----  ----------  ----------   ----------------
.intvecs   0    00000000    000000c0     
                  00000000    000000c0     startup_mspm0g350x_ticlang.o (.intvecs)

.text      0    000000c0    00009aa0     
                  000000c0    00001674     process_frame.o (.text.serial_frame_process)
                  00001734    000009d0     libc.a : _printfi.c.obj (.text:__TI_printfi)
                  00002104    000004c0     Encoder.o (.text.GROUP1_IRQHandler)
                  000025c4    0000048c     timer.o (.text.TIMG8_IRQHandler)
                  00002a50    00000348     key.o (.text.KEY_PROC)
                  00002d98    000002e4     protocol.o (.text.receiving_process)
                  0000307c    00000228     ti_msp_dl_config.o (.text.SYSCFG_DL_GPIO_init)
                  000032a4    00000224     app_lcd.o (.text.LCD_Show_Proc)
                  000034c8    00000220     key.o (.text.Key_Read)
                  000036e8    00000220     libc.a : _printfi.c.obj (.text._pconv_a)
                  00003908    00000214     protocol.o (.text.protocol_frame_parse)
                  00003b1c    000001dc     hw_lcd.o (.text.LCD_ShowChar)
                  00003cf8    000001dc     libc.a : _printfi.c.obj (.text._pconv_g)
                  00003ed4    000001d8     bsp_gyro.o (.text.get_angle)
                  000040ac    000001d0     hw_lcd.o (.text.lcd_init)
                  0000427c    000001b4     app_lcd.o (.text.TFT_ShowFloatCenter)
                  00004430    00000192     libclang_rt.builtins.a : adddf3.S.obj (.text.adddf3_subdf3)
                  000045c2    00000002                            : aeabi_div0.c.obj (.text.__aeabi_idiv0)
                  000045c4    0000017c     app_lcd.o (.text.TFT_ShowFloat)
                  00004740    00000174     gw_gray.o (.text.Huidu_Proc)
                  000048b4    00000170     libc.a : e_sqrt.c.obj (.text.sqrt)
                  00004a24    00000152     hw_lcd.o (.text.Drawarc)
                  00004b76    0000014a     hw_lcd.o (.text.LCD_ArcRect)
                  00004cc0    0000013c     libc.a : _printfi.c.obj (.text.fcvt)
                  00004dfc    00000120            : _printfi.c.obj (.text._pconv_e)
                  00004f1c    00000114            : memory.c.obj (.text.aligned_alloc)
                  00005030    0000010c     hw_lcd.o (.text.LCD_DrawLine)
                  0000513c    0000010c     Encoder.o (.text.MEASURE_MOTORS_SPEED)
                  00005248    0000010c     libclang_rt.builtins.a : divdf3.S.obj (.text.__divdf3)
                  00005354    00000104     driverlib.a : dl_timer.o (.text.DL_Timer_initFourCCPWMMode)
                  00005458    00000100     app_lcd.o (.text.Draw_Dashboard_Background)
                  00005558    000000f8     libc.a : fputs.c.obj (.text.fputs)
                  00005650    000000f6     app_lcd.o (.text.TFT_ShowInt)
                  00005746    00000002     libclang_rt.builtins.a : aeabi_div0.c.obj (.text.__aeabi_ldiv0)
                  00005748    000000f4     app_protocol.o (.text.K230_Parse_Data)
                  0000583c    000000e8     driverlib.a : dl_timer.o (.text.DL_Timer_initTimerMode)
                  00005924    000000e8     ti_msp_dl_config.o (.text.SYSCFG_DL_initPower)
                  00005a0c    000000e8     libc.a : memory.c.obj (.text.free)
                  00005af4    000000e4     app_lcd.o (.text.Draw_App_UI_PID_Background)
                  00005bd8    000000e4     libclang_rt.builtins.a : muldf3.S.obj (.text.__muldf3)
                  00005cbc    000000e4     task.o (.text.handle_ack)
                  00005da0    000000e0     libc.a : setvbuf.c.obj (.text.setvbuf)
                  00005e80    000000dc     driverlib.a : dl_sysctl_mspm0g1x0x_g3x0x.o (.text.DL_SYSCTL_configSYSPLL)
                  00005f5c    000000d8     libc.a : s_scalbn.c.obj (.text.scalbn)
                  00006034    000000d8     libclang_rt.builtins.a : addsf3.S.obj (.text)
                  0000610c    000000d4     bsp_gyro.o (.text.readDataJy61p)
                  000061e0    000000d0     protocol.o (.text.recvbuf_find_header)
                  000062b0    000000c0     motor_ctrl.o (.text.PID_Calculate)
                  00006370    000000b0     bsp_gyro.o (.text.I2C_WaitAck)
                  00006420    000000a4     bsp_gyro.o (.text.jy61pInit)
                  000064c4    000000a2     libclang_rt.builtins.a : udivmoddi4.S.obj (.text)
                  00006566    00000002     libc.a : _lock.c.obj (.text._nop)
                  00006568    0000009c     motor_ctrl.o (.text.Set_Motor1_Speed)
                  00006604    0000009c     protocol.o (.text.set_computer_value)
                  000066a0    00000098     bsp_gyro.o (.text.Read_Byte)
                  00006738    00000098     motor_ctrl.o (.text.Set_Motor2_Speed)
                  000067d0    00000098     bsp_gyro.o (.text.writeDataJy61p)
                  00006868    00000094     motor_ctrl.o (.text.Car_Set_Speed_Unified)
                  000068fc    00000094     bsp_gyro.o (.text.Send_Byte)
                  00006990    0000008c     gw_gray.o (.text.Huidu_Read)
                  00006a1c    0000008c     ti_msp_dl_config.o (.text.SYSCFG_DL_PWM_0_init)
                  00006aa8    0000008c     libclang_rt.builtins.a : mulsf3.S.obj (.text.__mulsf3)
                  00006b34    0000008a     app_lcd.o (.text.TFT_ShowBinNum4)
                  00006bbe    00000002     --HOLE-- [fill = 0]
                  00006bc0    00000088     usart.o (.text.UART2_IRQHandler)
                  00006c48    00000088     usart.o (.text.UART3_IRQHandler)
                  00006cd0    00000088     libc.a : strcmp-armv6m.S.obj (.text:strcmp)
                  00006d58    00000084     ti_msp_dl_config.o (.text.__NVIC_SetPriority)
                  00006ddc    00000082     libclang_rt.builtins.a : divsf3.S.obj (.text.__divsf3)
                  00006e5e    00000002     --HOLE-- [fill = 0]
                  00006e60    0000007c     bsp_gyro.o (.text.IIC_Send_Ack)
                  00006edc    0000007c     timer.o (.text.NVIC_EnableIRQ_Init)
                  00006f58    0000007c     libc.a : fclose.c.obj (.text.__TI_closefile)
                  00006fd4    0000007c            : copy_decompress_lzss.c.obj (.text:decompress:lzss)
                  00007050    0000007a     protocol.o (.text.recvbuf_put_data)
                  000070ca    00000002     --HOLE-- [fill = 0]
                  000070cc    00000078     empty.o (.text.PD42S1_Init)
                  00007144    00000078     app_lcd.o (.text.UI_DrawTitleCenter)
                  000071bc    00000074     libclang_rt.builtins.a : comparedf2.c.obj (.text.__gedf2)
                  00007230    00000074                            : truncdfsf2.S.obj (.text.__truncdfsf2)
                  000072a4    00000074     smd.o (.text.smd_send_data)
                  00007318    00000070     empty.o (.text.JY61P_Proc)
                  00007388    00000070     ti_msp_dl_config.o (.text.SYSCFG_DL_init)
                  000073f8    0000006c     libsysbm.a : hostlseek.c.obj (.text.HOSTlseek)
                  00007464    0000006c                : hostrename.c.obj (.text.HOSTrename)
                  000074d0    0000006c     Encoder.o (.text.Motor2_Get_Speed)
                  0000753c    0000006c     libc.a : fseek.c.obj (.text.fseeko)
                  000075a8    0000006c            : getdevice.c.obj (.text.getdevice)
                  00007614    00000068     libclang_rt.builtins.a : comparedf2.c.obj (.text.__ledf2)
                  0000767c    00000068     smd.o (.text.smd_speed_mode)
                  000076e4    00000066     libc.a : _printfi.c.obj (.text._mcpy)
                  0000774a    00000002     --HOLE-- [fill = 0]
                  0000774c    00000064     driverlib.a : dl_sysctl_mspm0g1x0x_g3x0x.o (.text.DL_SYSCTL_setHFCLKSourceHFXTParams)
                  000077b0    00000064     Encoder.o (.text.Motor1_Get_Speed)
                  00007814    00000064     libc.a : _io_perm.c.obj (.text.__TI_wrt_ok)
                  00007878    00000064            : memory.c.obj (.text.split)
                  000078dc    00000062     hw_lcd.o (.text.LCD_ShowString)
                  0000793e    00000002     --HOLE-- [fill = 0]
                  00007940    00000062     libclang_rt.builtins.a : aeabi_dcmp.S.obj (.text.__aeabi_dcmp)
                  000079a2    00000002     --HOLE-- [fill = 0]
                  000079a4    00000062                            : aeabi_fcmp.S.obj (.text.__aeabi_fcmp)
                  00007a06    00000062     protocol.o (.text.recvbuf_get_len_to_parse)
                  00007a68    00000060     libsysbm.a : hostopen.c.obj (.text.HOSTopen)
                  00007ac8    00000060     ti_msp_dl_config.o (.text.SYSCFG_DL_UART_1_init)
                  00007b28    00000060     ti_msp_dl_config.o (.text.SYSCFG_DL_UART_MOTOR_2_init)
                  00007b88    00000060     ti_msp_dl_config.o (.text.SYSCFG_DL_UART_MOTOR_init)
                  00007be8    0000005c     usart.o (.text.HAL_UART_Transmit)
                  00007c44    0000005c     bsp_gyro.o (.text.IIC_Start)
                  00007ca0    0000005c     hw_lcd.o (.text.LCD_Fill)
                  00007cfc    0000005c     libc.a : s_frexp.c.obj (.text.frexp)
                  00007d58    0000005c            : printf.c.obj (.text.printf)
                  00007db4    00000058     libsysbm.a : hostread.c.obj (.text.HOSTread)
                  00007e0c    00000058                : hostwrite.c.obj (.text.HOSTwrite)
                  00007e64    00000058     app_lcd.o (.text.Update_App_UI_PID_Values)
                  00007ebc    00000058     libc.a : _ltoa.c.obj (.text.__TI_ltoa)
                  00007f14    00000058            : _printfi.c.obj (.text._pconv_f)
                  00007f6c    00000056     libclang_rt.builtins.a : aeabi_idivmod.S.obj (.text.__aeabi_idivmod)
                  00007fc2    00000002     --HOLE-- [fill = 0]
                  00007fc4    00000054     ti_msp_dl_config.o (.text.SYSCFG_DL_UART_0_init)
                  00008018    00000052     libc.a : fflush.c.obj (.text.__TI_doflush)
                  0000806a    00000052            : _printfi.c.obj (.text._ecpy)
                  000080bc    00000050     bsp_gyro.o (.text.IIC_Stop)
                  0000810c    00000050     libsysbm.a : close.c.obj (.text.close)
                  0000815c    0000004c     ti_msp_dl_config.o (.text.DL_UART_setBaudRateDivisor)
                  000081a8    0000004a     libclang_rt.builtins.a : fixdfsi.S.obj (.text.__fixdfsi)
                  000081f2    00000002     --HOLE-- [fill = 0]
                  000081f4    00000048     driverlib.a : dl_uart.o (.text.DL_UART_init)
                  0000823c    00000048     libsysbm.a : hostclose.c.obj (.text.HOSTclose)
                  00008284    00000048                : hostunlink.c.obj (.text.HOSTunlink)
                  000082cc    00000048     motor_ctrl.o (.text.PID_Limit)
                  00008314    00000048     ti_msp_dl_config.o (.text.SYSCFG_DL_SYSCTL_init)
                  0000835c    00000048     task.o (.text.clear_uart_rx_buffer)
                  000083a4    00000048     usart.o (.text.lc_printf)
                  000083ec    00000048     empty.o (.text.main)
                  00008434    00000046     smd.o (.text.smd_checksum)
                  0000847a    00000002     --HOLE-- [fill = 0]
                  0000847c    00000044     driverlib.a : dl_spi.o (.text.DL_SPI_init)
                  000084c0    00000044                 : dl_sysctl_mspm0g1x0x_g3x0x.o (.text.DL_SYSCTL_switchMCLKfromSYSOSCtoHSCLK)
                  00008504    00000044     smd.o (.text.smd_origin_aoto_zero)
                  00008548    00000042     libclang_rt.builtins.a : fixunsdfsi.S.obj (.text.__fixunsdfsi)
                  0000858a    00000002     --HOLE-- [fill = 0]
                  0000858c    00000040     ti_msp_dl_config.o (.text.SYSCFG_DL_SPI_LCD_init)
                  000085cc    00000040     libclang_rt.builtins.a : aeabi_uidivmod.S.obj (.text.__aeabi_uidivmod)
                  0000860c    00000040                            : extendsfdf2.S.obj (.text.__extendsfdf2)
                  0000864c    00000040     libc.a : atoi.c.obj (.text.atoi)
                  0000868c    00000040            : vsnprintf.c.obj (.text.vsnprintf)
                  000086cc    0000003e     hw_lcd.o (.text.LCD_Address_Set)
                  0000870a    0000003e     protocol.o (.text.check_sum)
                  00008748    0000003c     ti_msp_dl_config.o (.text.DL_Timer_setCounterControl)
                  00008784    0000003c     libclang_rt.builtins.a : floatsisf.S.obj (.text.__floatsisf)
                  000087c0    0000003c                            : comparesf2.S.obj (.text.__gtsf2)
                  000087fc    0000003c     protocol.o (.text.protocol_data_recv)
                  00008838    0000003c     smd.o (.text.smd_clear_sta)
                  00008874    0000003c     smd.o (.text.smd_param_save)
                  000088b0    0000003c     smd.o (.text.smd_stop_now)
                  000088ec    0000003c     usart.o (.text.uart0_send_string)
                  00008928    0000003c     libc.a : autoinit.c.obj (.text:__TI_auto_init_nobinit_nopinit)
                  00008964    0000003a     libclang_rt.builtins.a : comparesf2.S.obj (.text.__eqsf2)
                  0000899e    00000002     --HOLE-- [fill = 0]
                  000089a0    0000003a                            : muldsi3.S.obj (.text.__muldsi3)
                  000089da    00000002     --HOLE-- [fill = 0]
                  000089dc    00000038                            : fixsfsi.S.obj (.text.__fixsfsi)
                  00008a14    00000036     motor_ctrl.o (.text.PWM_Limit)
                  00008a4a    00000002     --HOLE-- [fill = 0]
                  00008a4c    00000034     ti_msp_dl_config.o (.text.DL_GPIO_initDigitalInputFeatures)
                  00008a80    00000034     ti_msp_dl_config.o (.text.SYSCFG_DL_TIMER_0_init)
                  00008ab4    00000034     ti_msp_dl_config.o (.text.SYSCFG_DL_TIMER_1_init)
                  00008ae8    00000034     ti_msp_dl_config.o (.text.SYSCFG_DL_TIMER_2_init)
                  00008b1c    00000034     ti_msp_dl_config.o (.text.SYSCFG_DL_TIMER_MOTOR_init)
                  00008b50    00000034     motor_ctrl.o (.text.Set_PID_Param)
                  00008b84    00000034     libc.a : fopen.c.obj (.text.__TI_cleanup)
                  00008bb8    00000034     libsysbm.a : trgmsg.c.obj (.text.__TI_readmsg)
                  00008bec    00000034                : trgmsg.c.obj (.text.__TI_writemsg)
                  00008c20    00000034     libc.a : exit.c.obj (.text.exit)
                  00008c54    00000034            : getdevice.c.obj (.text.finddevice)
                  00008c88    00000030     ti_msp_dl_config.o (.text.DL_GPIO_initDigitalOutputFeatures)
                  00008cb8    00000030     ti_msp_dl_config.o (.text.DL_SPI_setFIFOThreshold)
                  00008ce8    00000030     hw_lcd.o (.text.LCD_WR_REG)
                  00008d18    00000030     hw_lcd.o (.text.LCD_Writ_Bus)
                  00008d48    00000030     usart.o (.text.UART0_IRQHandler)
                  00008d78    00000030     usart.o (.text.UART1_IRQHandler)
                  00008da8    00000030     libc.a : _printfi.c.obj (.text._fcpy)
                  00008dd8    00000030            : vsnprintf.c.obj (.text._outs)
                  00008e08    00000030     hw_spi.o (.text.spi_write_bus)
                  00008e38    0000002e     protocol.o (.text.get_frame_checksum)
                  00008e66    00000002     --HOLE-- [fill = 0]
                  00008e68    0000002c     empty.o (.text.LCD_Init)
                  00008e94    0000002c     timer.o (.text.__NVIC_ClearPendingIRQ)
                  00008ec0    0000002c     timer.o (.text.__NVIC_EnableIRQ)
                  00008eec    0000002c     libclang_rt.builtins.a : floatsidf.S.obj (.text.__floatsidf)
                  00008f18    0000002c     usart.o (.text.uart0_send_char)
                  00008f44    0000002c     libsysbm.a : unlink.c.obj (.text.unlink)
                  00008f70    00000028     ti_msp_dl_config.o (.text.DL_Common_updateReg)
                  00008f98    00000028     ti_msp_dl_config.o (.text.DL_UART_setRXFIFOThreshold)
                  00008fc0    00000028     ti_msp_dl_config.o (.text.DL_UART_setTXFIFOThreshold)
                  00008fe8    00000028     libclang_rt.builtins.a : floatunsisf.S.obj (.text.__floatunsisf)
                  00009010    00000028     libc.a : memory.c.obj (.text.free_list_insert)
                  00009038    00000028     libsysbm.a : lseek.c.obj (.text.lseek)
                  00009060    00000028                : write.c.obj (.text.write)
                  00009088    00000028     libc.a : boot_cortex_m.c.obj (.text:_c_int00_noargs)
                  000090b0    00000024     ti_msp_dl_config.o (.text.DL_SPI_setBitRateSerialClockDivider)
                  000090d4    00000024     motor_ctrl.o (.text.Set_Motor1_PWM)
                  000090f8    00000024     motor_ctrl.o (.text.Set_Motor2_PWM)
                  0000911c    00000024     timer.o (.text.TIMG7_IRQHandler)
                  00009140    00000024     libclang_rt.builtins.a : floatunsidf.S.obj (.text.__floatunsidf)
                  00009164    00000024                            : muldi3.S.obj (.text.__muldi3)
                  00009188    00000024     process_frame.o (.text.bytes_to_float)
                  000091ac    00000022     protocol.o (.text.get_frame_len)
                  000091ce    00000022     libc.a : memccpy.c.obj (.text.memccpy)
                  000091f0    00000020     ti_msp_dl_config.o (.text.DL_GPIO_initPeripheralInputFunction)
                  00009210    00000020     Encoder.o (.text.DL_Interrupt_getStatusGroup)
                  00009230    00000020     ti_msp_dl_config.o (.text.DL_SYSCTL_setFlashWaitState)
                  00009250    00000020     driverlib.a : dl_uart.o (.text.DL_UART_transmitDataBlocking)
                  00009270    00000020     hw_lcd.o (.text.LCD_DrawPoint)
                  00009290    0000001e     ti_msp_dl_config.o (.text.DL_UART_setOversampling)
                  000092ae    00000002     --HOLE-- [fill = 0]
                  000092b0    0000001e     libclang_rt.builtins.a : ashldi3.S.obj (.text.__ashldi3)
                  000092ce    00000002     --HOLE-- [fill = 0]
                  000092d0    0000001c     Encoder.o (.text.DL_GPIO_clearInterruptStatus)
                  000092ec    0000001c     ti_msp_dl_config.o (.text.DL_GPIO_clearInterruptStatus)
                  00009308    0000001c     ti_msp_dl_config.o (.text.DL_GPIO_enableInterrupt)
                  00009324    0000001c     bsp_gyro.o (.text.DL_GPIO_initDigitalInput)
                  00009340    0000001c     ti_msp_dl_config.o (.text.DL_GPIO_initPeripheralOutputFunction)
                  0000935c    0000001c     ti_msp_dl_config.o (.text.DL_GPIO_setLowerPinsPolarity)
                  00009378    0000001c     ti_msp_dl_config.o (.text.DL_SYSCTL_setSYSOSCFreq)
                  00009394    0000001c     ti_msp_dl_config.o (.text.DL_SYSCTL_setULPCLKDivider)
                  000093b0    0000001c     ti_msp_dl_config.o (.text.DL_Timer_enableInterrupt)
                  000093cc    0000001c     driverlib.a : dl_timer.o (.text.DL_Timer_setCaptCompUpdateMethod)
                  000093e8    0000001c                 : dl_timer.o (.text.DL_Timer_setClockConfig)
                  00009404    0000001c     ti_msp_dl_config.o (.text.DL_UART_enableInterrupt)
                  00009420    0000001c     hw_lcd.o (.text.LCD_WR_DATA)
                  0000943c    0000001c     ti_msp_dl_config.o (.text.SYSCFG_DL_SYSCTL_CLK_init)
                  00009458    0000001c     protocol.o (.text.__NVIC_SystemReset)
                  00009474    0000001c     usart.o (.text.fputc)
                  00009490    0000001c     libc.a : memory.c.obj (.text.free_list_remove)
                  000094ac    00000018     bsp_gyro.o (.text.DL_GPIO_enableOutput)
                  000094c4    00000018     ti_msp_dl_config.o (.text.DL_GPIO_enableOutput)
                  000094dc    00000018     ti_msp_dl_config.o (.text.DL_GPIO_enablePower)
                  000094f4    00000018     Encoder.o (.text.DL_GPIO_getEnabledInterruptStatus)
                  0000950c    00000018     bsp_gyro.o (.text.DL_GPIO_initDigitalOutput)
                  00009524    00000018     ti_msp_dl_config.o (.text.DL_GPIO_initDigitalOutput)
                  0000953c    00000018     ti_msp_dl_config.o (.text.DL_GPIO_initPeripheralAnalogFunction)
                  00009554    00000018     ti_msp_dl_config.o (.text.DL_GPIO_reset)
                  0000956c    00000018     bsp_gyro.o (.text.DL_GPIO_setPins)
                  00009584    00000018     empty.o (.text.DL_GPIO_setPins)
                  0000959c    00000018     hw_lcd.o (.text.DL_GPIO_setPins)
                  000095b4    00000018     key.o (.text.DL_GPIO_setPins)
                  000095cc    00000018     motor_ctrl.o (.text.DL_GPIO_setPins)
                  000095e4    00000018     ti_msp_dl_config.o (.text.DL_GPIO_setPins)
                  000095fc    00000018     ti_msp_dl_config.o (.text.DL_GPIO_setUpperPinsPolarity)
                  00009614    00000018     key.o (.text.DL_GPIO_togglePins)
                  0000962c    00000018     timer.o (.text.DL_GPIO_togglePins)
                  00009644    00000018     ti_msp_dl_config.o (.text.DL_SPI_enable)
                  0000965c    00000018     ti_msp_dl_config.o (.text.DL_SPI_enablePower)
                  00009674    00000018     hw_spi.o (.text.DL_SPI_isBusy)
                  0000968c    00000018     ti_msp_dl_config.o (.text.DL_SPI_reset)
                  000096a4    00000018     ti_msp_dl_config.o (.text.DL_SYSCTL_setBORThreshold)
                  000096bc    00000018     ti_msp_dl_config.o (.text.DL_Timer_enablePower)
                  000096d4    00000018     ti_msp_dl_config.o (.text.DL_Timer_reset)
                  000096ec    00000018     driverlib.a : dl_timer.o (.text.DL_Timer_setCaptureCompareOutCtl)
                  00009704    00000018     timer.o (.text.DL_Timer_startCounter)
                  0000971c    00000018     ti_msp_dl_config.o (.text.DL_UART_enableFIFOs)
                  00009734    00000018     ti_msp_dl_config.o (.text.DL_UART_enablePower)
                  0000974c    00000018     usart.o (.text.DL_UART_isBusy)
                  00009764    00000018     ti_msp_dl_config.o (.text.DL_UART_reset)
                  0000977c    00000018     motor_ctrl.o (.text.SET_MOTORS_SPEED)
                  00009794    00000018     timer.o (.text.TIMG0_IRQHandler)
                  000097ac    00000018     libc.a : vsnprintf.c.obj (.text._outc)
                  000097c4    00000018     delay.o (.text.delay_ms)
                  000097dc    00000018     protocol.o (.text.get_frame_type)
                  000097f4    00000018     protocol.o (.text.protocol_init)
                  0000980c    00000016     Encoder.o (.text.DL_GPIO_readPins)
                  00009822    00000016     bsp_gyro.o (.text.DL_GPIO_readPins)
                  00009838    00000016     gw_gray.o (.text.DL_GPIO_readPins)
                  0000984e    00000016     key.o (.text.DL_GPIO_readPins)
                  00009864    00000016     hw_spi.o (.text.DL_SPI_transmitData8)
                  0000987a    00000016     ti_msp_dl_config.o (.text.DL_UART_enable)
                  00009890    00000016     usart.o (.text.DL_UART_transmitData)
                  000098a6    00000014     bsp_gyro.o (.text.DL_GPIO_clearPins)
                  000098ba    00000014     hw_lcd.o (.text.DL_GPIO_clearPins)
                  000098ce    00000014     key.o (.text.DL_GPIO_clearPins)
                  000098e2    00000014     motor_ctrl.o (.text.DL_GPIO_clearPins)
                  000098f6    00000014     ti_msp_dl_config.o (.text.DL_GPIO_clearPins)
                  0000990a    00000002     --HOLE-- [fill = 0]
                  0000990c    00000014     ti_msp_dl_config.o (.text.DL_SYSCTL_disableSYSPLL)
                  00009920    00000014     ti_msp_dl_config.o (.text.DL_Timer_enableClock)
                  00009934    00000014     ti_msp_dl_config.o (.text.DL_Timer_setCCPDirection)
                  00009948    00000014     usart.o (.text.DL_UART_receiveData)
                  0000995c    00000014     hw_lcd.o (.text.LCD_WR_DATA8)
                  00009970    00000014     libclang_rt.builtins.a : aeabi_uldivmod.S.obj (.text.__aeabi_uldivmod)
                  00009984    00000014     delay.o (.text.delay_us)
                  00009998    00000014     libc.a : _printfi.c.obj (.text.strchr)
                  000099ac    00000012     driverlib.a : dl_spi.o (.text.DL_SPI_setClockConfig)
                  000099be    00000012     timer.o (.text.DL_Timer_getPendingInterrupt)
                  000099d0    00000012     usart.o (.text.DL_UART_getPendingInterrupt)
                  000099e2    00000012     driverlib.a : dl_uart.o (.text.DL_UART_setClockConfig)
                  000099f4    00000012     libc.a : memcpy16.S.obj (.text:TI_memcpy_small)
                  00009a06    00000012            : copy_decompress_none.c.obj (.text:decompress:none)
                  00009a18    00000010     ti_msp_dl_config.o (.text.DL_SYSCTL_disableHFXT)
                  00009a28    00000010     driverlib.a : dl_timer.o (.text.DL_Timer_setCaptureCompareValue)
                  00009a38    00000010     libc.a : wcslen.c.obj (.text.wcslen)
                  00009a48    00000010            : copy_zero_init.c.obj (.text:decompress:ZI)
                  00009a58    0000000e            : memory.c.obj (.text.OUTLINED_FUNCTION_0)
                  00009a66    00000002     --HOLE-- [fill = 0]
                  00009a68    0000000e     libclang_rt.builtins.a : aeabi_memset.S.obj (.text.__aeabi_memset)
                  00009a76    0000000e     libsysbm.a : hostrename.c.obj (.text.strcpy)
                  00009a84    0000000e     libc.a : _printfi.c.obj (.text.strlen)
                  00009a92    0000000e     libsysbm.a : hostrename.c.obj (.text.strlen)
                  00009aa0    0000000e     libc.a : memset16.S.obj (.text:TI_memset_small)
                  00009aae    00000002     --HOLE-- [fill = 0]
                  00009ab0    0000000c     ti_msp_dl_config.o (.text.DL_SYSCTL_getClockStatus)
                  00009abc    0000000c     libclang_rt.builtins.a : aeabi_memset.S.obj (.text.__aeabi_memclr)
                  00009ac8    0000000c     libc.a : memory.c.obj (.text.malloc)
                  00009ad4    0000000a     driverlib.a : dl_common.o (.text.DL_Common_delayCycles)
                  00009ade    0000000a     libc.a : _printfi.c.obj (.text.OUTLINED_FUNCTION_0)
                  00009ae8    00000010     libclang_rt.builtins.a : adddf3.S.obj (.tramp.__aeabi_dsub.1)
                  00009af8    0000000a     libc.a : _printfi.c.obj (.text.OUTLINED_FUNCTION_1)
                  00009b02    00000002     --HOLE-- [fill = 0]
                  00009b04    00000008            : aeabi_portable.c.obj (.text.__aeabi_errno_addr)
                  00009b0c    00000008     libclang_rt.builtins.a : aeabi_memcpy.S.obj (.text.__aeabi_memcpy)
                  00009b14    00000008     libc.a : printf.c.obj (.text._outc)
                  00009b1c    00000008            : printf.c.obj (.text._outs)
                  00009b24    00000008            : fseek.c.obj (.text.fseek)
                  00009b2c    00000008     libsysbm.a : remove.c.obj (.text.remove)
                  00009b34    00000006     libc.a : exit.c.obj (.text:abort)
                  00009b3a    00000004     startup_mspm0g350x_ticlang.o (.text.Default_Handler)
                  00009b3e    00000004     libsysbm.a : hostexit.c.obj (.text.HOSTexit)
                  00009b42    00000004     startup_mspm0g350x_ticlang.o (.text.Reset_Handler)
                  00009b46    00000002     --HOLE-- [fill = 0]
                  00009b48    00000010     libc.a : boot_cortex_m.c.obj (.tramp._c_int00_noargs.1)
                  00009b58    00000004            : pre_init.c.obj (.text._system_pre_init)
                  00009b5c    00000004     --HOLE-- [fill = 0]

.cinit     0    0000e330    000000e8     
                  0000e330    000000bd     (.cinit..data.load) [load image, compression = lzss]
                  0000e3ed    00000003     --HOLE-- [fill = 0]
                  0000e3f0    0000000c     (__TI_handler_table)
                  0000e3fc    00000008     (.cinit..bss.load) [load image, compression = zero_init]
                  0000e404    00000010     (__TI_cinit_table)
                  0000e414    00000004     --HOLE-- [fill = 0]

.rodata    0    00009b60    000047d0     
                  00009b60    000017c0     hw_lcd.o (.rodata.ascii_3216)
                  0000b320    000011d0     hw_lcd.o (.rodata.ascii_2412)
                  0000c4f0    000005f0     hw_lcd.o (.rodata.ascii_1608)
                  0000cae0    00000474     hw_lcd.o (.rodata.ascii_1206)
                  0000cf54    0000000c     process_frame.o (.rodata.str1.10541455854378373581.1)
                  0000cf60    00000101     libc.a : aeabi_ctype.S.obj (.rodata:__aeabi_ctype_table_)
                  0000d061    00000057     process_frame.o (.rodata.str1.15406065245292024101.1)
                  0000d0b8    00000046     process_frame.o (.rodata.str1.1950358614119841381.1)
                  0000d0fe    00000039     process_frame.o (.rodata.str1.11122501072636281178.1)
                  0000d137    00000039     process_frame.o (.rodata.str1.13944180192094669666.1)
                  0000d170    00000039     process_frame.o (.rodata.str1.16458425149224990052.1)
                  0000d1a9    00000039     process_frame.o (.rodata.str1.17817298505687536148.1)
                  0000d1e2    00000039     process_frame.o (.rodata.str1.18387671900880032553.1)
                  0000d21b    00000039     process_frame.o (.rodata.str1.2091013008564360263.1)
                  0000d254    00000039     process_frame.o (.rodata.str1.2905210972986375738.1)
                  0000d28d    00000039     process_frame.o (.rodata.str1.3629284886641759624.1)
                  0000d2c6    00000039     process_frame.o (.rodata.str1.4592919056536228213.1)
                  0000d2ff    00000039     process_frame.o (.rodata.str1.6763919436921440556.1)
                  0000d338    00000033     process_frame.o (.rodata.str1.13940260747528630120.1)
                  0000d36b    00000033     process_frame.o (.rodata.str1.16352595636036218800.1)
                  0000d39e    00000032     process_frame.o (.rodata.str1.14733736242370770201.1)
                  0000d3d0    00000032     process_frame.o (.rodata.str1.17350960118832902729.1)
                  0000d402    00000030     process_frame.o (.rodata.str1.3865989322035007800.1)
                  0000d432    00000030     process_frame.o (.rodata.str1.6942756099041912204.1)
                  0000d462    0000002f     process_frame.o (.rodata.str1.4442802706634033956.1)
                  0000d491    0000002c     process_frame.o (.rodata.str1.12315553405314887059.1)
                  0000d4bd    0000002b     process_frame.o (.rodata.str1.17600249310412522222.1)
                  0000d4e8    0000002b     process_frame.o (.rodata.str1.3992655759568463597.1)
                  0000d513    00000001     --HOLE-- [fill = 0]
                  0000d514    00000028     ti_msp_dl_config.o (.rodata.gSYSPLLConfig)
                  0000d53c    00000028     process_frame.o (.rodata.str1.8797713440668153027.1)
                  0000d564    00000028     process_frame.o (.rodata.str1.8887818711753079855.1)
                  0000d58c    00000028     process_frame.o (.rodata.str1.9872440241764994453.1)
                  0000d5b4    00000027     process_frame.o (.rodata.str1.1705334256264181150.1)
                  0000d5db    00000027     process_frame.o (.rodata.str1.18329249249335819744.1)
                  0000d602    00000026     process_frame.o (.rodata.str1.10653233286120593107.1)
                  0000d628    00000026     process_frame.o (.rodata.str1.11669363893138172446.1)
                  0000d64e    00000026     process_frame.o (.rodata.str1.15343885748774326422.1)
                  0000d674    00000026     process_frame.o (.rodata.str1.16314720361015936382.1)
                  0000d69a    00000025     process_frame.o (.rodata.str1.7890473555855232919.1)
                  0000d6bf    00000024     process_frame.o (.rodata.str1.2860114650404898205.1)
                  0000d6e3    00000023     process_frame.o (.rodata.str1.11593191495315316154.1)
                  0000d706    00000023     process_frame.o (.rodata.str1.2881873388082627721.1)
                  0000d729    00000023     process_frame.o (.rodata.str1.8449203420324340637.1)
                  0000d74c    00000023     process_frame.o (.rodata.str1.9976049253793529526.1)
                  0000d76f    00000022     process_frame.o (.rodata.str1.12253689095954255380.1)
                  0000d791    00000022     process_frame.o (.rodata.str1.7383977952099601023.1)
                  0000d7b3    00000021     process_frame.o (.rodata.str1.11807572129791684753.1)
                  0000d7d4    00000021     process_frame.o (.rodata.str1.13580449465254925816.1)
                  0000d7f5    00000021     process_frame.o (.rodata.str1.13629408559056181042.1)
                  0000d816    00000021     process_frame.o (.rodata.str1.13832332352487339029.1)
                  0000d837    00000021     process_frame.o (.rodata.str1.14550840727247345338.1)
                  0000d858    00000021     process_frame.o (.rodata.str1.16801269413220001550.1)
                  0000d879    00000021     process_frame.o (.rodata.str1.4465467787105641999.1)
                  0000d89a    00000021     process_frame.o (.rodata.str1.9212186930112395992.1)
                  0000d8bb    00000021     process_frame.o (.rodata.str1.9325328435992323416.1)
                  0000d8dc    00000021     process_frame.o (.rodata.str1.9396236349746069704.1)
                  0000d8fd    00000020     process_frame.o (.rodata.str1.2612392027906833277.1)
                  0000d91d    00000020     process_frame.o (.rodata.str1.7219515415940176694.1)
                  0000d93d    0000001f     process_frame.o (.rodata.str1.6113318422195383162.1)
                  0000d95c    0000001e     process_frame.o (.rodata.str1.11290968085014799103.1)
                  0000d97a    0000001e     process_frame.o (.rodata.str1.34829199477829645.1)
                  0000d998    0000001d     process_frame.o (.rodata.str1.12792021902646671413.1)
                  0000d9b5    0000001d     process_frame.o (.rodata.str1.8007106507538827129.1)
                  0000d9d2    0000001d     process_frame.o (.rodata.str1.9168622634730417687.1)
                  0000d9ef    0000001b     process_frame.o (.rodata.str1.11171808053169856052.1)
                  0000da0a    0000001b     process_frame.o (.rodata.str1.12278898828207104760.1)
                  0000da25    0000001b     process_frame.o (.rodata.str1.14534741336728103605.1)
                  0000da40    0000001b     process_frame.o (.rodata.str1.16013290866603938537.1)
                  0000da5b    0000001b     process_frame.o (.rodata.str1.17278088151910148700.1)
                  0000da76    0000001b     process_frame.o (.rodata.str1.204667775463634954.1)
                  0000da91    0000001b     process_frame.o (.rodata.str1.2533652188634371598.1)
                  0000daac    0000001b     process_frame.o (.rodata.str1.3544974003391926085.1)
                  0000dac7    0000001b     process_frame.o (.rodata.str1.5196522998372998635.1)
                  0000dae2    0000001b     process_frame.o (.rodata.str1.607877630822168494.1)
                  0000dafd    0000001b     process_frame.o (.rodata.str1.6673825624314248778.1)
                  0000db18    0000001b     process_frame.o (.rodata.str1.955387091687397259.1)
                  0000db33    0000001b     process_frame.o (.rodata.str1.9808201240723763062.1)
                  0000db4e    0000001a     process_frame.o (.rodata.str1.1212862080715528474.1)
                  0000db68    0000001a     process_frame.o (.rodata.str1.14125596673224260793.1)
                  0000db82    0000001a     process_frame.o (.rodata.str1.15109562263965386874.1)
                  0000db9c    0000001a     process_frame.o (.rodata.str1.17274358000364909659.1)
                  0000dbb6    0000001a     process_frame.o (.rodata.str1.3945170778826406097.1)
                  0000dbd0    0000001a     process_frame.o (.rodata.str1.459643721121505238.1)
                  0000dbea    0000001a     process_frame.o (.rodata.str1.6127326650164880360.1)
                  0000dc04    00000019     process_frame.o (.rodata.str1.13774233115231426521.1)
                  0000dc1d    00000019     process_frame.o (.rodata.str1.9166167786569493550.1)
                  0000dc36    00000018     process_frame.o (.rodata.str1.11133690332762055747.1)
                  0000dc4e    00000018     process_frame.o (.rodata.str1.12923447793312505991.1)
                  0000dc66    00000018     process_frame.o (.rodata.str1.1589250921394074883.1)
                  0000dc7e    00000018     process_frame.o (.rodata.str1.5878190481300552925.1)
                  0000dc96    00000018     process_frame.o (.rodata.str1.7305616524445872802.1)
                  0000dcae    00000017     process_frame.o (.rodata.str1.10384695468941578599.1)
                  0000dcc5    00000017     process_frame.o (.rodata.str1.12983149095677024876.1)
                  0000dcdc    00000017     process_frame.o (.rodata.str1.3227146615650133898.1)
                  0000dcf3    00000017     process_frame.o (.rodata.str1.4432507344196240604.1)
                  0000dd0a    00000017     process_frame.o (.rodata.str1.7081158558556704231.1)
                  0000dd21    00000016     process_frame.o (.rodata.str1.13598490378685294785.1)
                  0000dd37    00000015     process_frame.o (.rodata.str1.10277615574418843689.1)
                  0000dd4c    00000015     process_frame.o (.rodata.str1.10703597538766702885.1)
                  0000dd61    00000015     process_frame.o (.rodata.str1.10734484309938270429.1)
                  0000dd76    00000015     process_frame.o (.rodata.str1.1074018275993266358.1)
                  0000dd8b    00000015     process_frame.o (.rodata.str1.11270759481181915615.1)
                  0000dda0    00000015     process_frame.o (.rodata.str1.11765382326862237244.1)
                  0000ddb5    00000015     process_frame.o (.rodata.str1.12168580976189223413.1)
                  0000ddca    00000015     process_frame.o (.rodata.str1.1319984516263068005.1)
                  0000dddf    00000015     process_frame.o (.rodata.str1.13643137963986578320.1)
                  0000ddf4    00000015     process_frame.o (.rodata.str1.15443516840175218960.1)
                  0000de09    00000015     process_frame.o (.rodata.str1.15494568303702832771.1)
                  0000de1e    00000015     process_frame.o (.rodata.str1.15556094595063892007.1)
                  0000de33    00000015     process_frame.o (.rodata.str1.15747580397532747097.1)
                  0000de48    00000015     process_frame.o (.rodata.str1.17654710490808441242.1)
                  0000de5d    00000015     process_frame.o (.rodata.str1.18043246703940718604.1)
                  0000de72    00000015     process_frame.o (.rodata.str1.4363737936419467862.1)
                  0000de87    00000015     process_frame.o (.rodata.str1.5175870519962813687.1)
                  0000de9c    00000015     process_frame.o (.rodata.str1.5405213431747094796.1)
                  0000deb1    00000015     process_frame.o (.rodata.str1.5604170542703469511.1)
                  0000dec6    00000015     process_frame.o (.rodata.str1.6839838820507189992.1)
                  0000dedb    00000015     process_frame.o (.rodata.str1.711162040206868513.1)
                  0000def0    00000015     process_frame.o (.rodata.str1.7290855217214827309.1)
                  0000df05    00000015     process_frame.o (.rodata.str1.8227384092334374229.1)
                  0000df1a    00000015     process_frame.o (.rodata.str1.9602110339237438368.1)
                  0000df2f    00000015     process_frame.o (.rodata.str1.993057357403005059.1)
                  0000df44    00000014     ti_msp_dl_config.o (.rodata.gTIMER_0TimerConfig)
                  0000df58    00000014     ti_msp_dl_config.o (.rodata.gTIMER_1TimerConfig)
                  0000df6c    00000014     ti_msp_dl_config.o (.rodata.gTIMER_2TimerConfig)
                  0000df80    00000014     ti_msp_dl_config.o (.rodata.gTIMER_MOTORTimerConfig)
                  0000df94    00000013     process_frame.o (.rodata.str1.15546828324001546497.1)
                  0000dfa7    00000013     process_frame.o (.rodata.str1.584901390521040206.1)
                  0000dfba    00000013     process_frame.o (.rodata.str1.7512079366437544619.1)
                  0000dfcd    00000013     process_frame.o (.rodata.str1.8718370637633138305.1)
                  0000dfe0    00000013     process_frame.o (.rodata.str1.9271063941403697216.1)
                  0000dff3    00000012     process_frame.o (.rodata.str1.12951302802702251932.1)
                  0000e005    00000012     process_frame.o (.rodata.str1.15118136819123937942.1)
                  0000e017    00000012     process_frame.o (.rodata.str1.15240946626438767992.1)
                  0000e029    00000012     process_frame.o (.rodata.str1.17816718024341078628.1)
                  0000e03b    00000012     process_frame.o (.rodata.str1.6670466626645186501.1)
                  0000e04d    00000011     libc.a : _printfi.c.obj (.rodata.str1.10348868589481759720.1)
                  0000e05e    00000011     process_frame.o (.rodata.str1.12462964236395049627.1)
                  0000e06f    00000011     libc.a : _printfi.c.obj (.rodata.str1.15363888844622738466.1)
                  0000e080    00000011     key.o (.rodata.str1.15388642233764696769.1)
                  0000e091    00000011     process_frame.o (.rodata.str1.17559119625635216723.1)
                  0000e0a2    00000011     app_lcd.o (.rodata.str1.5760337850852210464.1)
                  0000e0b3    00000010     process_frame.o (.rodata.str1.10562209359903002315.1)
                  0000e0c3    00000010     app_lcd.o (.rodata.str1.14805271017811419594.1)
                  0000e0d3    00000010     process_frame.o (.rodata.str1.15844287946160448044.1)
                  0000e0e3    00000010     process_frame.o (.rodata.str1.18062293534447331152.1)
                  0000e0f3    00000010     process_frame.o (.rodata.str1.5199943671885047465.1)
                  0000e103    00000010     process_frame.o (.rodata.str1.8068150394958721729.1)
                  0000e113    0000000f     process_frame.o (.rodata.str1.10230707438833815135.1)
                  0000e122    0000000f     process_frame.o (.rodata.str1.1259653315034628228.1)
                  0000e131    0000000f     process_frame.o (.rodata.str1.13817687411556119346.1)
                  0000e140    0000000f     process_frame.o (.rodata.str1.15682803525917595981.1)
                  0000e14f    0000000f     process_frame.o (.rodata.str1.16296974579761196606.1)
                  0000e15e    0000000f     process_frame.o (.rodata.str1.16377341226128171569.1)
                  0000e16d    0000000f     process_frame.o (.rodata.str1.16469301516874631013.1)
                  0000e17c    0000000f     process_frame.o (.rodata.str1.1769509506816897275.1)
                  0000e18b    0000000f     process_frame.o (.rodata.str1.18074625927149195750.1)
                  0000e19a    0000000f     process_frame.o (.rodata.str1.2724147454265442978.1)
                  0000e1a9    0000000f     process_frame.o (.rodata.str1.2857029334324915430.1)
                  0000e1b8    0000000f     process_frame.o (.rodata.str1.3039785103767342630.1)
                  0000e1c7    0000000f     process_frame.o (.rodata.str1.3892640461372077267.1)
                  0000e1d6    0000000f     process_frame.o (.rodata.str1.7411609411459071892.1)
                  0000e1e5    0000000f     process_frame.o (.rodata.str1.7820397433389199737.1)
                  0000e1f4    0000000f     process_frame.o (.rodata.str1.8929777035123133875.1)
                  0000e203    0000000e     bsp_gyro.o (.rodata.str1.10990277925226065004.1)
                  0000e211    0000000e     key.o (.rodata.str1.4934454146666290590.1)
                  0000e21f    0000000d     app_lcd.o (.rodata.str1.7570761537300556602.1)
                  0000e22c    0000000c     app_lcd.o (.rodata.str1.10788722644179439360.1)
                  0000e238    0000000c     process_frame.o (.rodata.str1.1607954444856862061.1)
                  0000e244    0000000c     process_frame.o (.rodata.str1.16367703433987975605.1)
                  0000e250    0000000c     app_lcd.o (.rodata.str1.17782221796624210012.1)
                  0000e25c    0000000b     app_lcd.o (.rodata.str1.9165128977020242855.1)
                  0000e267    00000001     --HOLE-- [fill = 0]
                  0000e268    0000000a     ti_msp_dl_config.o (.rodata.gSPI_LCD_config)
                  0000e272    0000000a     ti_msp_dl_config.o (.rodata.gUART_0Config)
                  0000e27c    0000000a     ti_msp_dl_config.o (.rodata.gUART_1Config)
                  0000e286    0000000a     ti_msp_dl_config.o (.rodata.gUART_MOTORConfig)
                  0000e290    0000000a     ti_msp_dl_config.o (.rodata.gUART_MOTOR_2Config)
                  0000e29a    0000000a     app_lcd.o (.rodata.str1.13072403728453878270.1)
                  0000e2a4    00000009     process_frame.o (.rodata.str1.11349787942915460530.1)
                  0000e2ad    00000009     process_frame.o (.rodata.str1.12842638767827297137.1)
                  0000e2b6    00000009     process_frame.o (.rodata.str1.1337484108073267558.1)
                  0000e2bf    00000009     process_frame.o (.rodata.str1.13677114339742309478.1)
                  0000e2c8    00000009     app_lcd.o (.rodata.str1.3465169782858128008.1)
                  0000e2d1    00000009     app_lcd.o (.rodata.str1.8928210681596863031.1)
                  0000e2da    00000002     ti_msp_dl_config.o (.rodata.gSPI_LCD_clockConfig)
                  0000e2dc    00000008     ti_msp_dl_config.o (.rodata.gPWM_0Config)
                  0000e2e4    00000008     app_lcd.o (.rodata.str1.39947427019599253.1)
                  0000e2ec    00000008     app_lcd.o (.rodata.str1.8085872484538055056.1)
                  0000e2f4    00000007     app_lcd.o (.rodata.str1.12811944563408041090.1)
                  0000e2fb    00000007     app_lcd.o (.rodata.str1.2058809375669827761.1)
                  0000e302    00000007     app_lcd.o (.rodata.str1.3820146716804892460.1)
                  0000e309    00000007     app_lcd.o (.rodata.str1.510837891172709501.1)
                  0000e310    00000003     ti_msp_dl_config.o (.rodata.gPWM_0ClockConfig)
                  0000e313    00000003     ti_msp_dl_config.o (.rodata.gTIMER_0ClockConfig)
                  0000e316    00000003     ti_msp_dl_config.o (.rodata.gTIMER_1ClockConfig)
                  0000e319    00000003     ti_msp_dl_config.o (.rodata.gTIMER_2ClockConfig)
                  0000e31c    00000003     ti_msp_dl_config.o (.rodata.gTIMER_MOTORClockConfig)
                  0000e31f    00000002     ti_msp_dl_config.o (.rodata.gUART_0ClockConfig)
                  0000e321    00000002     ti_msp_dl_config.o (.rodata.gUART_1ClockConfig)
                  0000e323    00000002     ti_msp_dl_config.o (.rodata.gUART_MOTORClockConfig)
                  0000e325    00000002     ti_msp_dl_config.o (.rodata.gUART_MOTOR_2ClockConfig)
                  0000e327    00000009     --HOLE-- [fill = 0]

.init_array 
*          0    00000000    00000000     UNINITIALIZED

.binit     0    00000000    00000000     

.sysmem    0    20200000    00000800     UNINITIALIZED
                  20200000    00000010     libc.a : memory.c.obj (.sysmem)
                  20200010    000007f0     --HOLE--

.bss       0    20200800    0000061c     UNINITIALIZED
                  20200800    00000120     libsysbm.a : trgmsg.c.obj (.bss:_CIOBUF_)
                  20200920    000000bc     (.common:gPWM_0Backup)
                  202009dc    000000bc     (.common:gTIMER_MOTORBackup)
                  20200a98    000000a0     libc.a : defs.c.obj (.bss.__TI_tmpnams)
                  20200b38    000000a0     (.common:gTIMER_2Backup)
                  20200bd8    00000080     protocol.o (.bss.recv_buf)
                  20200c58    00000080     (.common:g_rx2_cmd)
                  20200cd8    00000080     (.common:g_rx_cmd)
                  20200d58    00000030     (.common:gUART_MOTORBackup)
                  20200d88    00000028     (.common:gSPI_LCDBackup)
                  20200db0    00000018     (.common:Key)
                  20200dc8    0000000c     bsp_gyro.o (.bss.Gyro_Structure)
                  20200dd4    0000000c     protocol.o (.bss.parser)
                  20200de0    0000000a     protocol.o (.bss.set_computer_value.set_packet)
                  20200dea    00000008     libsysbm.a : hostopen.c.obj (.bss.parmbuf)
                  20200df2    00000004     app_protocol.o (.bss.K230_Parse_Data.buf)
                  20200df6    00000001     (.common:Huidu_Datas)
                  20200df7    00000001     --HOLE--
                  20200df8    00000004     libc.a : memory.c.obj (.bss.sys_free)
                  20200dfc    00000004     (.common:Huidu_Error)
                  20200e00    00000004     (.common:Huidu_Sum)
                  20200e04    00000004     (.common:JY61P_Data)
                  20200e08    00000004     (.common:Motor1_Lucheng)
                  20200e0c    00000004     (.common:Motor2_Lucheng)
                  20200e10    00000004     (.common:data_u)
                  20200e14    00000004     (.common:huidu_error)
                  20200e18    00000004     (.common:huidu_lasterror)

.data      0    20200e1c    00000376     UNINITIALIZED
                  20200e1c    000000f0     libc.a : defs.c.obj (.data._ftable)
                  20200f0c    00000078     libsysbm.a : host_device.c.obj (.data._device)
                  20200f84    00000050                : host_device.c.obj (.data._stream)
                  20200fd4    00000038     motor_ctrl.o (.data.pid_Angle)
                  2020100c    00000038     motor_ctrl.o (.data.pid_Distance)
                  20201044    00000038     motor_ctrl.o (.data.pid_Gyro)
                  2020107c    00000038     motor_ctrl.o (.data.pid_Motor1_Speed)
                  202010b4    00000038     motor_ctrl.o (.data.pid_Motor2_Speed)
                  202010ec    00000038     motor_ctrl.o (.data.pid_Turn)
                  20201124    00000008     libc.a : exit.c.obj (.data..L_MergedGlobals)
                  2020112c    00000004     empty.o (.data.Basic_Speed)
                  20201130    00000004     Encoder.o (.data.Measure_Distance)
                  20201134    00000004     Encoder.o (.data.Motor1_Encoder_Value)
                  20201138    00000004     Encoder.o (.data.Motor1_Speed)
                  2020113c    00000004     Encoder.o (.data.Motor2_Encoder_Value)
                  20201140    00000004     Encoder.o (.data.Motor2_Speed)
                  20201144    00000004     timer.o (.data.TIMG8_IRQHandler.Soft_Basic_Speed)
                  20201148    00000004     empty.o (.data.Target_Angle)
                  2020114c    00000004     empty.o (.data.Target_Distance)
                  20201150    00000004     empty.o (.data.Target_Gyro)
                  20201154    00000004     libc.a : defs.c.obj (.data.__TI_ft_end)
                  20201158    00000004            : aeabi_portable.c.obj (.data.__aeabi_errno)
                  2020115c    00000004            : _lock.c.obj (.data._lock)
                  20201160    00000004            : _lock.c.obj (.data._unlock)
                  20201164    00000004     timer.o (.data.control_cnt)
                  20201168    00000004     timer.o (.data.tim2_cnt)
                  2020116c    00000002     app_protocol.o (.data.Gimbal_Speed_X)
                  2020116e    00000002     app_protocol.o (.data.Gimbal_Speed_Y)
                  20201170    00000002     timer.o (.data.TIMG8_IRQHandler.count_100ms)
                  20201172    00000002     timer.o (.data.TIMG8_IRQHandler.count_10ms)
                  20201174    00000002     timer.o (.data.TIMG8_IRQHandler.t)
                  20201176    00000001     motor_ctrl.o (.data.Angle_PID_Flag)
                  20201177    00000001     empty.o (.data.Car_Mode)
                  20201178    00000001     motor_ctrl.o (.data.Distance_PID_Flag)
                  20201179    00000001     motor_ctrl.o (.data.Gyro_PID_Flag)
                  2020117a    00000001     app_protocol.o (.data.K230_Parse_Data.state)
                  2020117b    00000001     key.o (.data.KEY_PROC.first_init)
                  2020117c    00000001     app_lcd.o (.data.LCD_Show_Proc.last_view)
                  2020117d    00000001     motor_ctrl.o (.data.MOTOR1_ENABLE_FLAG)
                  2020117e    00000001     motor_ctrl.o (.data.MOTOR2_ENABLE_FLAG)
                  2020117f    00000001     empty.o (.data.OLED_View_Select)
                  20201180    00000001     protocol.o (.data.Set_Motor_Param_Select)
                  20201181    00000001     timer.o (.data.TIMG8_IRQHandler.last_mode)
                  20201182    00000001     task.o (.data.Task_1_State)
                  20201183    00000001     task.o (.data.Task_2_State)
                  20201184    00000001     motor_ctrl.o (.data.Turn_PID_Flag)
                  20201185    00000001     task.o (.data.car_num)
                  20201186    00000001     timer.o (.data.flag_1s_printf)
                  20201187    00000001     timer.o (.data.flag_5ms_gyro_read)
                  20201188    00000001     task.o (.data.flag_state)
                  20201189    00000001     usart.o (.data.g_rx2_frame_flag)
                  2020118a    00000001     usart.o (.data.g_rx2_len)
                  2020118b    00000001     usart.o (.data.g_rx_frame_flag)
                  2020118c    00000001     usart.o (.data.g_rx_len)
                  2020118d    00000001     smd.o (.data.g_smd_target_uart)
                  2020118e    00000001     key.o (.data.is_motor_running)
                  2020118f    00000001     usart.o (.data.uart1_data)
                  20201190    00000001     libc.a : memory.c.obj (.data.memory_is_initialized)
                  20201191    00000001     usart.o (.data.uart_data)

.stack     0    20207e00    00000200     UNINITIALIZED
                  20207e00    00000004     libc.a : boot_cortex_m.c.obj (.stack)
                  20207e04    000001fc     --HOLE--

__llvm_prf_cnts 
*          0    20200000    00000000     UNINITIALIZED

__llvm_prf_bits 
*          0    20200000    00000000     UNINITIALIZED

MODULE SUMMARY

       Module                         code    ro data   rw data
       ------                         ----    -------   -------
    .\
       ti_msp_dl_config.o             3184    203       624    
       empty.o                        372     0         22     
       startup_mspm0g350x_ticlang.o   8       192       0      
    +--+------------------------------+-------+---------+---------+
       Total:                         3564    395       646    
                                                               
    .\Hardware\
       hw_lcd.o                       2348    13300     0      
       process_frame.o                5784    4381      0      
       protocol.o                     2134    0         151    
       bsp_gyro.o                     1914    14        12     
       Encoder.o                      1798    0         28     
       key.o                          1474    31        26     
       motor_ctrl.o                   966     0         342    
       gw_gray.o                      534     0         17     
       smd.o                          538     0         5      
       task.o                         300     0         4      
       hw_spi.o                       94      0         0      
    +--+------------------------------+-------+---------+---------+
       Total:                         17884   17726     585    
                                                               
    .\app\
       app_lcd.o                      2440    153       1      
       app_protocol.o                 244     0         9      
    +--+------------------------------+-------+---------+---------+
       Total:                         2684    153       10     
                                                               
    .\middle\
       timer.o                        1502    0         21     
       usart.o                        748     0         262    
       delay.o                        44      0         0      
    +--+------------------------------+-------+---------+---------+
       Total:                         2294    0         283    
                                                               
    E:/TI_02/CCS/mspm0_sdk_2_05_01_00/source/ti/driverlib/lib/ticlang/m0p/mspm0g1x0x_g3x0x/driverlib.a
       dl_timer.o                     588     0         0      
       dl_sysctl_mspm0g1x0x_g3x0x.o   388     0         0      
       dl_uart.o                      122     0         0      
       dl_spi.o                       86      0         0      
       dl_common.o                    10      0         0      
    +--+------------------------------+-------+---------+---------+
       Total:                         1194    0         0      
                                                               
    E:\TI_02\CCS\ccs\tools\compiler\ti-cgt-armllvm_4.0.2.LTS\lib\armv6m-ti-none-eabi/c/libc.a
       _printfi.c.obj                 4510    34        0      
       memory.c.obj                   702     0         5      
       defs.c.obj                     0       0         404    
       e_sqrt.c.obj                   368     0         0      
       aeabi_ctype.S.obj              0       257       0      
       fputs.c.obj                    248     0         0      
       setvbuf.c.obj                  224     0         0      
       s_scalbn.c.obj                 216     0         0      
       getdevice.c.obj                160     0         0      
       strcmp-armv6m.S.obj            136     0         0      
       vsnprintf.c.obj                136     0         0      
       copy_decompress_lzss.c.obj     124     0         0      
       fclose.c.obj                   124     0         0      
       fseek.c.obj                    116     0         0      
       printf.c.obj                   108     0         0      
       _io_perm.c.obj                 100     0         0      
       s_frexp.c.obj                  92      0         0      
       _ltoa.c.obj                    88      0         0      
       fflush.c.obj                   82      0         0      
       exit.c.obj                     58      0         8      
       atoi.c.obj                     64      0         0      
       autoinit.c.obj                 60      0         0      
       boot_cortex_m.c.obj            56      0         0      
       fopen.c.obj                    52      0         0      
       memccpy.c.obj                  34      0         0      
       copy_decompress_none.c.obj     18      0         0      
       memcpy16.S.obj                 18      0         0      
       copy_zero_init.c.obj           16      0         0      
       wcslen.c.obj                   16      0         0      
       memset16.S.obj                 14      0         0      
       aeabi_portable.c.obj           8       0         4      
       _lock.c.obj                    2       0         8      
       pre_init.c.obj                 4       0         0      
    +--+------------------------------+-------+---------+---------+
       Total:                         7954    291       429    
                                                               
    E:\TI_02\CCS\ccs\tools\compiler\ti-cgt-armllvm_4.0.2.LTS\lib\armv6m-ti-none-eabi/c/libsysbm.a
       trgmsg.c.obj                   104     0         288    
       host_device.c.obj              0       0         200    
       hostrename.c.obj               136     0         0      
       hostlseek.c.obj                108     0         0      
       hostopen.c.obj                 96      0         8      
       hostread.c.obj                 88      0         0      
       hostwrite.c.obj                88      0         0      
       close.c.obj                    80      0         0      
       hostclose.c.obj                72      0         0      
       hostunlink.c.obj               72      0         0      
       unlink.c.obj                   44      0         0      
       lseek.c.obj                    40      0         0      
       write.c.obj                    40      0         0      
       remove.c.obj                   8       0         0      
       hostexit.c.obj                 4       0         0      
    +--+------------------------------+-------+---------+---------+
       Total:                         980     0         496    
                                                               
    E:\TI_02\CCS\ccs\tools\compiler\ti-cgt-armllvm_4.0.2.LTS\lib\armv6m-ti-none-eabi/libclang_rt.builtins.a
       adddf3.S.obj                   418     0         0      
       divdf3.S.obj                   268     0         0      
       muldf3.S.obj                   228     0         0      
       comparedf2.c.obj               220     0         0      
       addsf3.S.obj                   216     0         0      
       udivmoddi4.S.obj               162     0         0      
       mulsf3.S.obj                   140     0         0      
       divsf3.S.obj                   130     0         0      
       comparesf2.S.obj               118     0         0      
       truncdfsf2.S.obj               116     0         0      
       aeabi_dcmp.S.obj               98      0         0      
       aeabi_fcmp.S.obj               98      0         0      
       aeabi_idivmod.S.obj            86      0         0      
       fixdfsi.S.obj                  74      0         0      
       fixunsdfsi.S.obj               66      0         0      
       aeabi_uidivmod.S.obj           64      0         0      
       extendsfdf2.S.obj              64      0         0      
       floatsisf.S.obj                60      0         0      
       muldsi3.S.obj                  58      0         0      
       fixsfsi.S.obj                  56      0         0      
       floatsidf.S.obj                44      0         0      
       floatunsisf.S.obj              40      0         0      
       floatunsidf.S.obj              36      0         0      
       muldi3.S.obj                   36      0         0      
       ashldi3.S.obj                  30      0         0      
       aeabi_memset.S.obj             26      0         0      
       aeabi_uldivmod.S.obj           20      0         0      
       aeabi_memcpy.S.obj             8       0         0      
       aeabi_div0.c.obj               4       0         0      
    +--+------------------------------+-------+---------+---------+
       Total:                         2984    0         0      
                                                               
       Heap:                          0       0         2048   
       Stack:                         0       0         512    
       Linker Generated:              0       225       0      
    +--+------------------------------+-------+---------+---------+
       Grand Total:                   39538   18790     5009   


LINKER GENERATED COPY TABLES

__TI_cinit_table @ 0000e404 records: 2, size/record: 8, table size: 16
	.data: load addr=0000e330, load size=000000bd bytes, run addr=20200e1c, run size=00000376 bytes, compression=lzss
	.bss: load addr=0000e3fc, load size=00000008 bytes, run addr=20200800, run size=0000061c bytes, compression=zero_init


LINKER GENERATED HANDLER TABLE

__TI_handler_table @ 0000e3f0 records: 3, size/record: 4, table size: 12
	index: 0, handler: __TI_decompress_lzss
	index: 1, handler: __TI_decompress_none
	index: 2, handler: __TI_zero_init


FAR CALL TRAMPOLINES

callee name               trampoline name
   callee addr  tramp addr   call addr  call info
--------------  -----------  ---------  ----------------
__aeabi_dsub              $Tramp$TT$L$PI$$__aeabi_dsub
   00004431     00009ae8     00009ae6   libc.a : _printfi.c.obj (.text.OUTLINED_FUNCTION_0)
_c_int00_noargs           $Tramp$TT$L$PI$$_c_int00_noargs
   00009089     00009b48     00009b42   startup_mspm0g350x_ticlang.o (.text.Reset_Handler)

[2 trampolines]
[2 trampoline calls]


GLOBAL SYMBOLS: SORTED ALPHABETICALLY BY Name 

address   name                                 
-------   ----                                 
00009b3b  ADC0_IRQHandler                      
00009b3b  ADC1_IRQHandler                      
00009b3b  AES_IRQHandler                       
20201176  Angle_PID_Flag                       
2020112c  Basic_Speed                          
00009b3e  C$$EXIT                              
00008c19  C$$IO$$                              
00009b3b  CANFD0_IRQHandler                    
20201177  Car_Mode                             
00006869  Car_Set_Speed_Unified                
00009b3b  DAC0_IRQHandler                      
00009ad5  DL_Common_delayCycles                
0000847d  DL_SPI_init                          
000099ad  DL_SPI_setClockConfig                
00005e81  DL_SYSCTL_configSYSPLL               
0000774d  DL_SYSCTL_setHFCLKSourceHFXTParams   
000084c1  DL_SYSCTL_switchMCLKfromSYSOSCtoHSCLK
00005355  DL_Timer_initFourCCPWMMode           
0000583d  DL_Timer_initTimerMode               
000093cd  DL_Timer_setCaptCompUpdateMethod     
000096ed  DL_Timer_setCaptureCompareOutCtl     
00009a29  DL_Timer_setCaptureCompareValue      
000093e9  DL_Timer_setClockConfig              
000081f5  DL_UART_init                         
000099e3  DL_UART_setClockConfig               
00009251  DL_UART_transmitDataBlocking         
00009b3b  DMA_IRQHandler                       
00009b3b  Default_Handler                      
20201178  Distance_PID_Flag                    
00004a25  Drawarc                              
00009b3b  GROUP0_IRQHandler                    
00002105  GROUP1_IRQHandler                    
2020116c  Gimbal_Speed_X                       
2020116e  Gimbal_Speed_Y                       
20201179  Gyro_PID_Flag                        
00007be9  HAL_UART_Transmit                    
0000823d  HOSTclose                            
00009b3f  HOSTexit                             
000073f9  HOSTlseek                            
00007a69  HOSTopen                             
00007db5  HOSTread                             
00007465  HOSTrename                           
00008285  HOSTunlink                           
00007e0d  HOSTwrite                            
00009b3b  HardFault_Handler                    
20200df6  Huidu_Datas                          
20200dfc  Huidu_Error                          
00004741  Huidu_Proc                           
00006991  Huidu_Read                           
20200e00  Huidu_Sum                            
00009b3b  I2C0_IRQHandler                      
00009b3b  I2C1_IRQHandler                      
00006371  I2C_WaitAck                          
00006e61  IIC_Send_Ack                         
00007c45  IIC_Start                            
000080bd  IIC_Stop                             
20200e04  JY61P_Data                           
00007319  JY61P_Proc                           
00005749  K230_Parse_Data                      
00002a51  KEY_PROC                             
20200db0  Key                                  
000034c9  Key_Read                             
000086cd  LCD_Address_Set                      
00004b77  LCD_ArcRect                          
00005031  LCD_DrawLine                         
00009271  LCD_DrawPoint                        
00007ca1  LCD_Fill                             
00008e69  LCD_Init                             
00003b1d  LCD_ShowChar                         
000078dd  LCD_ShowString                       
000032a5  LCD_Show_Proc                        
00009421  LCD_WR_DATA                          
0000995d  LCD_WR_DATA8                         
00008ce9  LCD_WR_REG                           
00008d19  LCD_Writ_Bus                         
0000513d  MEASURE_MOTORS_SPEED                 
2020117d  MOTOR1_ENABLE_FLAG                   
2020117e  MOTOR2_ENABLE_FLAG                   
20201130  Measure_Distance                     
20201134  Motor1_Encoder_Value                 
000077b1  Motor1_Get_Speed                     
20200e08  Motor1_Lucheng                       
20201138  Motor1_Speed                         
2020113c  Motor2_Encoder_Value                 
000074d1  Motor2_Get_Speed                     
20200e0c  Motor2_Lucheng                       
20201140  Motor2_Speed                         
00009b3b  NMI_Handler                          
00006edd  NVIC_EnableIRQ_Init                  
2020117f  OLED_View_Select                     
000070cd  PD42S1_Init                          
000062b1  PID_Calculate                        
000082cd  PID_Limit                            
00008a15  PWM_Limit                            
00009b3b  PendSV_Handler                       
00009b3b  RTC_IRQHandler                       
000066a1  Read_Byte                            
00009b43  Reset_Handler                        
0000977d  SET_MOTORS_SPEED                     
00009b3b  SPI0_IRQHandler                      
00009b3b  SPI1_IRQHandler                      
00009b3b  SVC_Handler                          
0000307d  SYSCFG_DL_GPIO_init                  
00006a1d  SYSCFG_DL_PWM_0_init                 
0000858d  SYSCFG_DL_SPI_LCD_init               
0000943d  SYSCFG_DL_SYSCTL_CLK_init            
00008315  SYSCFG_DL_SYSCTL_init                
00008a81  SYSCFG_DL_TIMER_0_init               
00008ab5  SYSCFG_DL_TIMER_1_init               
00008ae9  SYSCFG_DL_TIMER_2_init               
00008b1d  SYSCFG_DL_TIMER_MOTOR_init           
00007fc5  SYSCFG_DL_UART_0_init                
00007ac9  SYSCFG_DL_UART_1_init                
00007b29  SYSCFG_DL_UART_MOTOR_2_init          
00007b89  SYSCFG_DL_UART_MOTOR_init            
00007389  SYSCFG_DL_init                       
00005925  SYSCFG_DL_initPower                  
000068fd  Send_Byte                            
000090d5  Set_Motor1_PWM                       
00006569  Set_Motor1_Speed                     
000090f9  Set_Motor2_PWM                       
00006739  Set_Motor2_Speed                     
20201180  Set_Motor_Param_Select               
00008b51  Set_PID_Param                        
00009b3b  SysTick_Handler                      
00006b35  TFT_ShowBinNum4                      
000045c5  TFT_ShowFloat                        
0000427d  TFT_ShowFloatCenter                  
00005651  TFT_ShowInt                          
00009b3b  TIMA0_IRQHandler                     
00009b3b  TIMA1_IRQHandler                     
00009795  TIMG0_IRQHandler                     
00009b3b  TIMG12_IRQHandler                    
00009b3b  TIMG6_IRQHandler                     
0000911d  TIMG7_IRQHandler                     
000025c5  TIMG8_IRQHandler                     
000099f5  TI_memcpy_small                      
00009aa1  TI_memset_small                      
20201148  Target_Angle                         
2020114c  Target_Distance                      
20201150  Target_Gyro                          
20201182  Task_1_State                         
20201183  Task_2_State                         
20201184  Turn_PID_Flag                        
00008d49  UART0_IRQHandler                     
00008d79  UART1_IRQHandler                     
00006bc1  UART2_IRQHandler                     
00006c49  UART3_IRQHandler                     
00007e65  Update_App_UI_PID_Values             
20200800  _CIOBUF_                             
20200800  __CIOBUF_                            
20208000  __STACK_END                          
00000200  __STACK_SIZE                         
00000800  __SYSMEM_SIZE                        
00000000  __TI_ATRegion0_region_sz             
00000000  __TI_ATRegion0_src_addr              
00000000  __TI_ATRegion0_trg_addr              
00000000  __TI_ATRegion1_region_sz             
00000000  __TI_ATRegion1_src_addr              
00000000  __TI_ATRegion1_trg_addr              
00000000  __TI_ATRegion2_region_sz             
00000000  __TI_ATRegion2_src_addr              
00000000  __TI_ATRegion2_trg_addr              
0000e404  __TI_CINIT_Base                      
0000e414  __TI_CINIT_Limit                     
0000e414  __TI_CINIT_Warm                      
0000e3f0  __TI_Handler_Table_Base              
0000e3fc  __TI_Handler_Table_Limit             
00008929  __TI_auto_init_nobinit_nopinit       
00008b85  __TI_cleanup                         
20201124  __TI_cleanup_ptr                     
00006f59  __TI_closefile                       
00006fd5  __TI_decompress_lzss                 
00009a07  __TI_decompress_none                 
00008019  __TI_doflush                         
20201128  __TI_dtors_ptr                       
20201154  __TI_ft_end                          
00007ebd  __TI_ltoa                            
ffffffff  __TI_pprof_out_hndl                  
00001735  __TI_printfi                         
ffffffff  __TI_prof_data_size                  
ffffffff  __TI_prof_data_start                 
00008bb9  __TI_readmsg                         
00000000  __TI_static_base__                   
20200a98  __TI_tmpnams                         
00008bed  __TI_writemsg                        
00007815  __TI_wrt_ok                          
00009a49  __TI_zero_init                       
0000443b  __adddf3                             
0000603f  __addsf3                             
0000cf60  __aeabi_ctype_table_                 
0000cf60  __aeabi_ctype_table_C                
00007231  __aeabi_d2f                          
000081a9  __aeabi_d2iz                         
00008549  __aeabi_d2uiz                        
0000443b  __aeabi_dadd                         
00007941  __aeabi_dcmpeq                       
0000797d  __aeabi_dcmpge                       
00007991  __aeabi_dcmpgt                       
00007969  __aeabi_dcmple                       
00007955  __aeabi_dcmplt                       
00005249  __aeabi_ddiv                         
00005bd9  __aeabi_dmul                         
00004431  __aeabi_dsub                         
20201158  __aeabi_errno                        
00009b05  __aeabi_errno_addr                   
0000860d  __aeabi_f2d                          
000089dd  __aeabi_f2iz                         
0000603f  __aeabi_fadd                         
000079a5  __aeabi_fcmpeq                       
000079e1  __aeabi_fcmpge                       
000079f5  __aeabi_fcmpgt                       
000079cd  __aeabi_fcmple                       
000079b9  __aeabi_fcmplt                       
00006ddd  __aeabi_fdiv                         
00006aa9  __aeabi_fmul                         
00006035  __aeabi_fsub                         
00008eed  __aeabi_i2d                          
00008785  __aeabi_i2f                          
00007f6d  __aeabi_idiv                         
000045c3  __aeabi_idiv0                        
00007f6d  __aeabi_idivmod                      
00005747  __aeabi_ldiv0                        
000092b1  __aeabi_llsl                         
00009165  __aeabi_lmul                         
00009abd  __aeabi_memclr                       
00009abd  __aeabi_memclr4                      
00009abd  __aeabi_memclr8                      
00009b0d  __aeabi_memcpy                       
00009b0d  __aeabi_memcpy4                      
00009b0d  __aeabi_memcpy8                      
00009a69  __aeabi_memset                       
00009a69  __aeabi_memset4                      
00009a69  __aeabi_memset8                      
00009141  __aeabi_ui2d                         
00008fe9  __aeabi_ui2f                         
000085cd  __aeabi_uidiv                        
000085cd  __aeabi_uidivmod                     
00009971  __aeabi_uldivmod                     
000092b1  __ashldi3                            
ffffffff  __binit__                            
00007615  __cmpdf2                             
00008965  __cmpsf2                             
00005249  __divdf3                             
00006ddd  __divsf3                             
00007615  __eqdf2                              
00008965  __eqsf2                              
0000860d  __extendsfdf2                        
000081a9  __fixdfsi                            
000089dd  __fixsfsi                            
00008549  __fixunsdfsi                         
00008eed  __floatsidf                          
00008785  __floatsisf                          
00009141  __floatunsidf                        
00008fe9  __floatunsisf                        
000071bd  __gedf2                              
000087c1  __gesf2                              
000071bd  __gtdf2                              
000087c1  __gtsf2                              
00007615  __ledf2                              
00008965  __lesf2                              
00007615  __ltdf2                              
[...]
00002d99  receiving_process                    
00009b2d  remove                               
00005f5d  scalbn                               
00005f5d  scalbnl                              
000000c1  serial_frame_process                 
00006605  set_computer_value                   
00005da1  setvbuf                              
00008435  smd_checksum                         
00008839  smd_clear_sta                        
00008505  smd_origin_aoto_zero                 
00008875  smd_param_save                       
000072a5  smd_send_data                        
0000767d  smd_speed_mode                       
000088b1  smd_stop_now                         
00008e09  spi_write_bus                        
000048b5  sqrt                                 
000048b5  sqrtl                                
00006cd1  strcmp                               
20201168  tim2_cnt                             
00008f19  uart0_send_char                      
000088ed  uart0_send_string                    
2020118f  uart1_data                           
20201191  uart_data                            
00008f45  unlink                               
0000868d  vsnprintf                            
00009a39  wcslen                               
00009061  write                                
000067d1  writeDataJy61p                       


GLOBAL SYMBOLS: SORTED BY Symbol Address 

address   name                                 
-------   ----                                 
00000000  __TI_ATRegion0_region_sz             
00000000  __TI_ATRegion0_src_addr              
00000000  __TI_ATRegion0_trg_addr              
00000000  __TI_ATRegion1_region_sz             
00000000  __TI_ATRegion1_src_addr              
00000000  __TI_ATRegion1_trg_addr              
00000000  __TI_ATRegion2_region_sz             
00000000  __TI_ATRegion2_src_addr              
00000000  __TI_ATRegion2_trg_addr              
00000000  __TI_static_base__                   
00000000  interruptVectors                     
000000c1  serial_frame_process                 
00000200  __STACK_SIZE                         
00000800  __SYSMEM_SIZE                        
00001735  __TI_printfi                         
00002105  GROUP1_IRQHandler                    
000025c5  TIMG8_IRQHandler                     
00002a51  KEY_PROC                             
00002d99  receiving_process                    
0000307d  SYSCFG_DL_GPIO_init                  
000032a5  LCD_Show_Proc                        
000034c9  Key_Read                             
00003b1d  LCD_ShowChar                         
00003ed5  get_angle                            
000040ad  lcd_init                             
0000427d  TFT_ShowFloatCenter                  
00004431  __aeabi_dsub                         
00004431  __subdf3                             
0000443b  __adddf3                             
0000443b  __aeabi_dadd                         
000045c3  __aeabi_idiv0                        
000045c5  TFT_ShowFloat                        
00004741  Huidu_Proc                           
000048b5  sqrt                                 
000048b5  sqrtl                                
00004a25  Drawarc                              
00004b77  LCD_ArcRect                          
00004f1d  aligned_alloc                        
00004f1d  memalign                             
00005031  LCD_DrawLine                         
0000513d  MEASURE_MOTORS_SPEED                 
00005249  __aeabi_ddiv                         
00005249  __divdf3                             
00005355  DL_Timer_initFourCCPWMMode           
00005559  fputs                                
00005651  TFT_ShowInt                          
00005747  __aeabi_ldiv0                        
00005749  K230_Parse_Data                      
0000583d  DL_Timer_initTimerMode               
00005925  SYSCFG_DL_initPower                  
00005a0d  free                                 
00005bd9  __aeabi_dmul                         
00005bd9  __muldf3                             
00005cbd  handle_ack                           
00005da1  setvbuf                              
00005e81  DL_SYSCTL_configSYSPLL               
00005f5d  ldexp                                
00005f5d  ldexpl                               
00005f5d  scalbn                               
00005f5d  scalbnl                              
00006035  __aeabi_fsub                         
00006035  __subsf3                             
0000603f  __addsf3                             
0000603f  __aeabi_fadd                         
0000610d  readDataJy61p                        
000062b1  PID_Calculate                        
00006371  I2C_WaitAck                          
00006421  jy61pInit                            
000064c5  __udivmoddi4                         
00006567  _nop                                 
00006569  Set_Motor1_Speed                     
00006605  set_computer_value                   
000066a1  Read_Byte                            
00006739  Set_Motor2_Speed                     
000067d1  writeDataJy61p                       
00006869  Car_Set_Speed_Unified                
000068fd  Send_Byte                            
00006991  Huidu_Read                           
00006a1d  SYSCFG_DL_PWM_0_init                 
00006aa9  __aeabi_fmul                         
00006aa9  __mulsf3                             
00006b35  TFT_ShowBinNum4                      
00006bc1  UART2_IRQHandler                     
00006c49  UART3_IRQHandler                     
00006cd1  strcmp                               
00006ddd  __aeabi_fdiv                         
00006ddd  __divsf3                             
00006e61  IIC_Send_Ack                         
00006edd  NVIC_EnableIRQ_Init                  
00006f59  __TI_closefile                       
00006fd5  __TI_decompress_lzss                 
000070cd  PD42S1_Init                          
000071bd  __gedf2                              
000071bd  __gtdf2                              
00007231  __aeabi_d2f                          
00007231  __truncdfsf2                         
000072a5  smd_send_data                        
00007319  JY61P_Proc                           
00007389  SYSCFG_DL_init                       
000073f9  HOSTlseek                            
00007465  HOSTrename                           
000074d1  Motor2_Get_Speed                     
0000753d  fseeko                               
000075a9  getdevice                            
00007615  __cmpdf2                             
00007615  __eqdf2                              
00007615  __ledf2                              
00007615  __ltdf2                              
00007615  __nedf2                              
0000767d  smd_speed_mode                       
0000774d  DL_SYSCTL_setHFCLKSourceHFXTParams   
000077b1  Motor1_Get_Speed                     
00007815  __TI_wrt_ok                          
000078dd  LCD_ShowString                       
00007941  __aeabi_dcmpeq                       
00007955  __aeabi_dcmplt                       
00007969  __aeabi_dcmple                       
0000797d  __aeabi_dcmpge                       
00007991  __aeabi_dcmpgt                       
000079a5  __aeabi_fcmpeq                       
000079b9  __aeabi_fcmplt                       
000079cd  __aeabi_fcmple                       
000079e1  __aeabi_fcmpge                       
000079f5  __aeabi_fcmpgt                       
00007a69  HOSTopen                             
00007ac9  SYSCFG_DL_UART_1_init                
00007b29  SYSCFG_DL_UART_MOTOR_2_init          
00007b89  SYSCFG_DL_UART_MOTOR_init            
00007be9  HAL_UART_Transmit                    
00007c45  IIC_Start                            
00007ca1  LCD_Fill                             
00007cfd  frexp                                
00007cfd  frexpl                               
00007d59  printf                               
00007db5  HOSTread                             
00007e0d  HOSTwrite                            
00007e65  Update_App_UI_PID_Values             
00007ebd  __TI_ltoa                            
00007f6d  __aeabi_idiv                         
00007f6d  __aeabi_idivmod                      
00007fc5  SYSCFG_DL_UART_0_init                
00008019  __TI_doflush                         
000080bd  IIC_Stop                             
0000810d  close                                
000081a9  __aeabi_d2iz                         
000081a9  __fixdfsi                            
000081f5  DL_UART_init                         
0000823d  HOSTclose                            
00008285  HOSTunlink                           
000082cd  PID_Limit                            
00008315  SYSCFG_DL_SYSCTL_init                
0000835d  clear_uart_rx_buffer                 
000083a5  lc_printf                            
000083ed  main                                 
00008435  smd_checksum                         
0000847d  DL_SPI_init                          
000084c1  DL_SYSCTL_switchMCLKfromSYSOSCtoHSCLK
00008505  smd_origin_aoto_zero                 
00008549  __aeabi_d2uiz                        
00008549  __fixunsdfsi                         
0000858d  SYSCFG_DL_SPI_LCD_init               
000085cd  __aeabi_uidiv                        
000085cd  __aeabi_uidivmod                     
0000860d  __aeabi_f2d                          
0000860d  __extendsfdf2                        
0000864d  atoi                                 
0000868d  vsnprintf                            
000086cd  LCD_Address_Set                      
0000870b  check_sum                            
00008785  __aeabi_i2f                          
00008785  __floatsisf                          
000087c1  __gesf2                              
000087c1  __gtsf2                              
000087fd  protocol_data_recv                   
00008839  smd_clear_sta                        
00008875  smd_param_save                       
000088b1  smd_stop_now                         
000088ed  uart0_send_string                    
00008929  __TI_auto_init_nobinit_nopinit       
00008965  __cmpsf2                             
00008965  __eqsf2                              
00008965  __lesf2                              
00008965  __ltsf2                              
00008965  __nesf2                              
000089a1  __muldsi3                            
000089dd  __aeabi_f2iz                         
000089dd  __fixsfsi                            
00008a15  PWM_Limit                            
00008a81  SYSCFG_DL_TIMER_0_init               
00008ab5  SYSCFG_DL_TIMER_1_init               
00008ae9  SYSCFG_DL_TIMER_2_init               
00008b1d  SYSCFG_DL_TIMER_MOTOR_init           
00008b51  Set_PID_Param                        
00008b85  __TI_cleanup                         
00008bb9  __TI_readmsg                         
00008bed  __TI_writemsg                        
00008c19  C$$IO$$                              
00008c21  exit                                 
00008c55  finddevice                           
00008ce9  LCD_WR_REG                           
00008d19  LCD_Writ_Bus                         
00008d49  UART0_IRQHandler                     
00008d79  UART1_IRQHandler                     
00008e09  spi_write_bus                        
00008e69  LCD_Init                             
00008eed  __aeabi_i2d                          
00008eed  __floatsidf                          
00008f19  uart0_send_char                      
00008f45  unlink                               
00008fe9  __aeabi_ui2f                         
00008fe9  __floatunsisf                        
00009039  lseek                                
00009061  write                                
00009089  _c_int00_noargs                      
000090d5  Set_Motor1_PWM                       
000090f9  Set_Motor2_PWM                       
0000911d  TIMG7_IRQHandler                     
00009141  __aeabi_ui2d                         
00009141  __floatunsidf                        
00009165  __aeabi_lmul                         
00009165  __muldi3                             
00009189  bytes_to_float                       
000091cf  memccpy                              
00009251  DL_UART_transmitDataBlocking         
00009271  LCD_DrawPoint                        
000092b1  __aeabi_llsl                         
000092b1  __ashldi3                            
000093cd  DL_Timer_setCaptCompUpdateMethod     
000093e9  DL_Timer_setClockConfig              
00009421  LCD_WR_DATA                          
0000943d  SYSCFG_DL_SYSCTL_CLK_init            
00009475  fputc                                
000096ed  DL_Timer_setCaptureCompareOutCtl     
0000977d  SET_MOTORS_SPEED                     
00009795  TIMG0_IRQHandler                     
000097c5  delay_ms                             
000097f5  protocol_init                        
0000995d  LCD_WR_DATA8                         
00009971  __aeabi_uldivmod                     
00009985  delay_us                             
000099ad  DL_SPI_setClockConfig                
000099e3  DL_UART_setClockConfig               
000099f5  TI_memcpy_small                      
00009a07  __TI_decompress_none                 
00009a29  DL_Timer_setCaptureCompareValue      
00009a39  wcslen                               
00009a49  __TI_zero_init                       
00009a69  __aeabi_memset                       
00009a69  __aeabi_memset4                      
00009a69  __aeabi_memset8                      
00009aa1  TI_memset_small                      
00009abd  __aeabi_memclr                       
00009abd  __aeabi_memclr4                      
00009abd  __aeabi_memclr8                      
00009ac9  malloc                               
00009ad5  DL_Common_delayCycles                
00009b05  __aeabi_errno_addr                   
00009b0d  __aeabi_memcpy                       
00009b0d  __aeabi_memcpy4                      
00009b0d  __aeabi_memcpy8                      
00009b25  fseek                                
00009b2d  remove                               
00009b35  abort                                
00009b3b  ADC0_IRQHandler                      
00009b3b  ADC1_IRQHandler                      
00009b3b  AES_IRQHandler                       
00009b3b  CANFD0_IRQHandler                    
00009b3b  DAC0_IRQHandler                      
00009b3b  DMA_IRQHandler                       
00009b3b  Default_Handler                      
00009b3b  GROUP0_IRQHandler                    
00009b3b  HardFault_Handler                    
00009b3b  I2C0_IRQHandler                      
00009b3b  I2C1_IRQHandler                      
00009b3b  NMI_Handler                          
00009b3b  PendSV_Handler                       
00009b3b  RTC_IRQHandler                       
00009b3b  SPI0_IRQHandler                      
00009b3b  SPI1_IRQHandler                      
00009b3b  SVC_Handler                          
00009b3b  SysTick_Handler                      
00009b3b  TIMA0_IRQHandler                     
00009b3b  TIMA1_IRQHandler                     
00009b3b  TIMG12_IRQHandler                    
00009b3b  TIMG6_IRQHandler                     
00009b3e  C$$EXIT                              
00009b3f  HOSTexit                             
00009b43  Reset_Handler                        
00009b59  _system_pre_init                     
00009b60  ascii_3216                           
0000b320  ascii_2412                           
0000c4f0  ascii_1608                           
0000cae0  ascii_1206                           
0000cf60  __aeabi_ctype_table_                 
0000cf60  __aeabi_ctype_table_C                
0000e3f0  __TI_Handler_Table_Base              
0000e3fc  __TI_Handler_Table_Limit             
0000e404  __TI_CINIT_Base                      
0000e414  __TI_CINIT_Limit                     
0000e414  __TI_CINIT_Warm                      
20200000  __start___llvm_prf_bits              
20200000  __start___llvm_prf_cnts              
20200000  __stop___llvm_prf_bits               
20200000  __stop___llvm_prf_cnts               
20200000  _sys_memory                          
20200800  _CIOBUF_                             
20200800  __CIOBUF_                            
20200920  gPWM_0Backup                         
202009dc  gTIMER_MOTORBackup                   
20200a98  __TI_tmpnams                         
20200b38  gTIMER_2Backup                       
20200c58  g_rx2_cmd                            
20200cd8  g_rx_cmd                             
20200d58  gUART_MOTORBackup                    
20200d88  gSPI_LCDBackup                       
20200db0  Key                                  
20200dea  parmbuf                              
20200df6  Huidu_Datas                          
20200dfc  Huidu_Error                          
20200e00  Huidu_Sum                            
20200e04  JY61P_Data                           
20200e08  Motor1_Lucheng                       
20200e0c  Motor2_Lucheng                       
20200e10  data_u                               
20200e14  huidu_error                          
20200e18  huidu_lasterror                      
20200e1c  _ftable                              
20200f0c  _device                              
20200f84  _stream                              
20200fd4  pid_Angle                            
2020100c  pid_Distance                         
20201044  pid_Gyro                             
2020107c  pid_Motor1_Speed                     
202010b4  pid_Motor2_Speed                     
202010ec  pid_Turn                             
20201124  __TI_cleanup_ptr                     
20201128  __TI_dtors_ptr                       
2020112c  Basic_Speed                          
20201130  Measure_Distance                     
20201134  Motor1_Encoder_Value                 
20201138  Motor1_Speed                         
2020113c  Motor2_Encoder_Value                 
20201140  Motor2_Speed                         
20201148  Target_Angle                         
2020114c  Target_Distance                      
20201150  Target_Gyro                          
20201154  __TI_ft_end                          
20201158  __aeabi_errno                        
2020115c  _lock                                
20201160  _unlock                              
20201164  control_cnt                          
20201168  tim2_cnt                             
2020116c  Gimbal_Speed_X                       
2020116e  Gimbal_Speed_Y                       
20201176  Angle_PID_Flag                       
20201177  Car_Mode                             
20201178  Distance_PID_Flag                    
20201179  Gyro_PID_Flag                        
2020117d  MOTOR1_ENABLE_FLAG                   
2020117e  MOTOR2_ENABLE_FLAG                   
2020117f  OLED_View_Select                     
20201180  Set_Motor_Param_Select               
20201182  Task_1_State                         
20201183  Task_2_State                         
20201184  Turn_PID_Flag                        
20201185  car_num                              
20201186  flag_1s_printf                       
20201187  flag_5ms_gyro_read                   
20201188  flag_state                           
20201189  g_rx2_frame_flag                     
2020118a  g_rx2_len                            
2020118b  g_rx_frame_flag                      
2020118c  g_rx_len                             
2020118d  g_smd_target_uart                    
2020118f  uart1_data                           
20201191  uart_data                            
20207e00  __stack                              
20208000  __STACK_END                          
ffffffff  __TI_pprof_out_hndl                  
ffffffff  __TI_prof_data_size                  
ffffffff  __TI_prof_data_start                 
ffffffff  __binit__                            
ffffffff  binit                                
UNDEFED   __mpu_init                           
UNDEFED   _system_post_cinit                   

[385 symbols]
