******************************************************************************
            TI ARM Clang Linker PC v4.0.2                      
******************************************************************************
>> Linked Thu Aug 21 21:26:02 2025

OUTPUT FILE NAME:   <DS_E03.out>
ENTRY POINT SYMBOL: "_c_int00_noargs"  address: 00004d01


MEMORY CONFIGURATION

         name            origin    length      used     unused   attr    fill
----------------------  --------  ---------  --------  --------  ----  --------
  FLASH                 00000000   00020000  00005be8  0001a418  R  X
  SRAM                  20200000   00008000  00000a38  000075c8  RW X
  BCR_CONFIG            41c00000   000000ff  00000000  000000ff  R   
  BSL_CONFIG            41c00100   00000080  00000000  00000080  R   


SEGMENT ALLOCATION MAP

run origin  load origin   length   init length attrs members
----------  ----------- ---------- ----------- ----- -------
00000000    00000000    00005be8   00005be8    r-x
  00000000    00000000    000000c0   000000c0    r-- .intvecs
  000000c0    000000c0    000053d0   000053d0    r-x .text
  00005490    00005490    000006c8   000006c8    r-- .rodata
  00005b58    00005b58    00000090   00000090    r-- .cinit
20200000    20200000    0000083b   00000000    rw-
  20200000    20200000    00000669   00000000    rw- .bss
  2020066c    2020066c    000001cf   00000000    rw- .data
20207e00    20207e00    00000200   00000000    rw-
  20207e00    20207e00    00000200   00000000    rw- .stack


SECTION ALLOCATION MAP

 output                                  attributes/
section   page    origin      length       input sections
--------  ----  ----------  ----------   ----------------
.intvecs   0    00000000    000000c0     
                  00000000    000000c0     startup_mspm0g350x_ticlang.o (.intvecs)

.text      0    000000c0    000053d0     
                  000000c0    00000608     app_oled.o (.text.OLED_Show_Proc)
                  000006c8    000004c0     Encoder.o (.text.GROUP1_IRQHandler)
                  00000b88    00000428     task.o (.text.Task_1)
                  00000fb0    00000284     timer.o (.text.TIMG8_IRQHandler)
                  00001234    0000027c     bsp_gyro.o (.text.get_angle)
                  000014b0    00000264     ti_msp_dl_config.o (.text.SYSCFG_DL_GPIO_init)
                  00001714    00000240     step_motor.o (.text.step)
                  00001954    00000220     key.o (.text.Key_Read)
                  00001b74    000001b8     gw_gray.o (.text.Huidu_Proc)
                  00001d2c    000001a6     oled.o (.text.OLED_ShowFloatNum)
                  00001ed2    00000002     libclang_rt.builtins.a : aeabi_div0.c.obj (.text.__aeabi_idiv0)
                  00001ed4    00000192                            : adddf3.S.obj (.text.adddf3_subdf3)
                  00002066    00000002     --HOLE-- [fill = 0]
                  00002068    00000158     oled.o (.text.OLED_ShowChar)
                  000021c0    00000144     libc.a : s_floor.c.obj (.text.floor)
                  00002304    00000138     key.o (.text.KEY_PROC)
                  0000243c    0000010c     Encoder.o (.text.MEASURE_MOTORS_SPEED)
                  00002548    0000010c     task.o (.text.Turn_Process)
                  00002654    0000010c     libclang_rt.builtins.a : divdf3.S.obj (.text.__divdf3)
                  00002760    00000106     oled.o (.text.OLED_Init)
                  00002866    00000002     --HOLE-- [fill = 0]
                  00002868    00000104     driverlib.a : dl_timer.o (.text.DL_Timer_initFourCCPWMMode)
                  0000296c    000000e8                 : dl_timer.o (.text.DL_Timer_initTimerMode)
                  00002a54    000000e4     libclang_rt.builtins.a : muldf3.S.obj (.text.__muldf3)
                  00002b38    000000e2     oled.o (.text.OLED_ShowNum)
                  00002c1a    00000002     --HOLE-- [fill = 0]
                  00002c1c    000000d8     timer.o (.text.TIMG0_IRQHandler)
                  00002cf4    000000d8     libclang_rt.builtins.a : addsf3.S.obj (.text)
                  00002dcc    000000d4     bsp_gyro.o (.text.readDataJy61p)
                  00002ea0    000000cc     oled.o (.text.OLED_ShowSignedNum)
                  00002f6c    000000c0     bsp_gyro.o (.text.I2C_WaitAck)
                  0000302c    000000c0     motor_ctrl.o (.text.PID_Calculate)
                  000030ec    000000c0     usart.o (.text.UART1_rx_dataframe)
                  000031ac    000000b6     oled.o (.text.OLED_ShowBinNum)
                  00003262    00000002     --HOLE-- [fill = 0]
                  00003264    000000b4     timer.o (.text.TIMG7_IRQHandler)
                  00003318    000000a8     oled.o (.text.I2C_WaitAck)
                  000033c0    000000a8     bsp_gyro.o (.text.jy61pInit)
                  00003468    000000a8     libc.a : s_round.c.obj (.text.round)
                  00003510    000000a4     oled.o (.text.OLED_DrawPoint)
                  000035b4    000000a4     bsp_gyro.o (.text.Send_Byte)
                  00003658    000000a0     bsp_gyro.o (.text.Read_Byte)
                  000036f8    000000a0     ti_msp_dl_config.o (.text.SYSCFG_DL_initPower)
                  00003798    0000009c     oled.o (.text.OLED_Refresh)
                  00003834    0000009c     motor_ctrl.o (.text.Set_Motor1_Speed)
                  000038d0    0000009a     oled.o (.text.OLED_ShowString)
                  0000396a    00000002     --HOLE-- [fill = 0]
                  0000396c    00000098     motor_ctrl.o (.text.Set_Motor2_Speed)
                  00003a04    00000098     bsp_gyro.o (.text.writeDataJy61p)
                  00003a9c    0000008c     oled.o (.text.I2C_Send_Byte)
                  00003b28    0000008c     bsp_gyro.o (.text.IIC_Send_Ack)
                  00003bb4    0000008c     ti_msp_dl_config.o (.text.SYSCFG_DL_PWM_0_init)
                  00003c40    0000008c     libclang_rt.builtins.a : mulsf3.S.obj (.text.__mulsf3)
                  00003ccc    0000008c     step_motor.o (.text.move_stepper)
                  00003d58    00000088     gw_gray.o (.text.Huidu_Read)
                  00003de0    00000084     ti_msp_dl_config.o (.text.__NVIC_SetPriority)
                  00003e64    0000007c     libc.a : copy_decompress_lzss.c.obj (.text:decompress:lzss)
                  00003ee0    0000007a     protocol.o (.text.recvbuf_put_data)
                  00003f5a    00000002     --HOLE-- [fill = 0]
                  00003f5c    00000074     libclang_rt.builtins.a : comparedf2.c.obj (.text.__gedf2)
                  00003fd0    00000074                            : truncdfsf2.S.obj (.text.__truncdfsf2)
                  00004044    0000006c     Encoder.o (.text.Motor2_Get_Speed)
                  000040b0    00000068     libclang_rt.builtins.a : comparedf2.c.obj (.text.__ledf2)
                  00004118    00000064     bsp_gyro.o (.text.IIC_Start)
                  0000417c    00000064     Encoder.o (.text.Motor1_Get_Speed)
                  000041e0    00000062     libclang_rt.builtins.a : aeabi_dcmp.S.obj (.text.__aeabi_dcmp)
                  00004242    00000002     --HOLE-- [fill = 0]
                  00004244    00000062                            : aeabi_fcmp.S.obj (.text.__aeabi_fcmp)
                  000042a6    00000002     --HOLE-- [fill = 0]
                  000042a8    00000060     timer.o (.text.NVIC_EnableIRQ_Init)
                  00004308    00000060     oled.o (.text.OLED_Clear)
                  00004368    00000054     bsp_gyro.o (.text.IIC_Stop)
                  000043bc    00000054     ti_msp_dl_config.o (.text.SYSCFG_DL_UART_0_init)
                  00004410    0000004e     oled.o (.text.OLED_WR_Byte)
                  0000445e    00000002     --HOLE-- [fill = 0]
                  00004460    0000004c     ti_msp_dl_config.o (.text.DL_UART_setBaudRateDivisor)
                  000044ac    0000004a     oled.o (.text.OLED_DisplayTurn)
                  000044f6    00000002     --HOLE-- [fill = 0]
                  000044f8    00000048     driverlib.a : dl_uart.o (.text.DL_UART_init)
                  00004540    00000048     motor_ctrl.o (.text.PID_Limit)
                  00004588    00000048     ti_msp_dl_config.o (.text.SYSCFG_DL_UART_1_init)
                  000045d0    00000048     ti_msp_dl_config.o (.text.SYSCFG_DL_init)
                  00004618    00000044     oled.o (.text.I2C_Stop)
                  0000465c    00000044     usart.o (.text.UART1_IRQHandler)
                  000046a0    00000042     libclang_rt.builtins.a : fixunsdfsi.S.obj (.text.__fixunsdfsi)
                  000046e2    00000002     --HOLE-- [fill = 0]
                  000046e4    00000040     oled.o (.text.I2C_Start)
                  00004724    00000040     ti_msp_dl_config.o (.text.SYSCFG_DL_TIMER_0_init)
                  00004764    00000040     libclang_rt.builtins.a : aeabi_uidivmod.S.obj (.text.__aeabi_uidivmod)
                  000047a4    00000040                            : extendsfdf2.S.obj (.text.__extendsfdf2)
                  000047e4    0000003c     ti_msp_dl_config.o (.text.DL_Timer_setCounterControl)
                  00004820    0000003c     libclang_rt.builtins.a : floatsisf.S.obj (.text.__floatsisf)
                  0000485c    0000003c                            : comparesf2.S.obj (.text.__gtsf2)
                  00004898    0000003c     protocol.o (.text.protocol_data_recv)
                  000048d4    0000003c     libc.a : autoinit.c.obj (.text:__TI_auto_init_nobinit_nopinit)
                  00004910    0000003a     oled.o (.text.OLED_GPIO_Init)
                  0000494a    00000002     --HOLE-- [fill = 0]
                  0000494c    0000003a     libclang_rt.builtins.a : comparesf2.S.obj (.text.__eqsf2)
                  00004986    00000002     --HOLE-- [fill = 0]
                  00004988    0000003a                            : muldsi3.S.obj (.text.__muldsi3)
                  000049c2    00000002     --HOLE-- [fill = 0]
                  000049c4    00000038                            : fixsfsi.S.obj (.text.__fixsfsi)
                  000049fc    00000036     motor_ctrl.o (.text.PWM_Limit)
                  00004a32    00000002     --HOLE-- [fill = 0]
                  00004a34    00000034     oled.o (.text.DL_GPIO_initDigitalInputFeatures)
                  00004a68    00000034     ti_msp_dl_config.o (.text.DL_GPIO_initDigitalInputFeatures)
                  00004a9c    00000034     oled.o (.text.OLED_ColorTurn)
                  00004ad0    00000034     ti_msp_dl_config.o (.text.SYSCFG_DL_TIMER_1_init)
                  00004b04    00000034     ti_msp_dl_config.o (.text.SYSCFG_DL_TIMER_2_init)
                  00004b38    00000034     usart.o (.text.UART3_IRQHandler)
                  00004b6c    00000034     empty.o (.text.main)
                  00004ba0    00000030     ti_msp_dl_config.o (.text.DL_GPIO_initDigitalOutputFeatures)
                  00004bd0    00000030     oled.o (.text.OLED_Pow)
                  00004c00    0000002c     timer.o (.text.__NVIC_ClearPendingIRQ)
                  00004c2c    0000002c     timer.o (.text.__NVIC_EnableIRQ)
                  00004c58    0000002c     libclang_rt.builtins.a : floatsidf.S.obj (.text.__floatsidf)
                  00004c84    0000002c     usart.o (.text.uart1_send_char)
                  00004cb0    00000028     ti_msp_dl_config.o (.text.DL_Common_updateReg)
                  00004cd8    00000028     libclang_rt.builtins.a : floatunsisf.S.obj (.text.__floatunsisf)
                  00004d00    00000028     libc.a : boot_cortex_m.c.obj (.text:_c_int00_noargs)
                  00004d28    00000024     ti_msp_dl_config.o (.text.SYSCFG_DL_SYSCTL_init)
                  00004d4c    00000024     motor_ctrl.o (.text.Set_Motor1_PWM)
                  00004d70    00000024     motor_ctrl.o (.text.Set_Motor2_PWM)
                  00004d94    00000024     libclang_rt.builtins.a : floatunsidf.S.obj (.text.__floatunsidf)
                  00004db8    00000020     ti_msp_dl_config.o (.text.DL_GPIO_initPeripheralInputFunction)
                  00004dd8    00000020     Encoder.o (.text.DL_Interrupt_getStatusGroup)
                  00004df8    00000020     ti_msp_dl_config.o (.text.DL_SYSCTL_setMFPCLKSource)
                  00004e18    0000001e     ti_msp_dl_config.o (.text.DL_UART_setOversampling)
                  00004e36    00000002     --HOLE-- [fill = 0]
                  00004e38    0000001c     Encoder.o (.text.DL_GPIO_clearInterruptStatus)
                  00004e54    0000001c     ti_msp_dl_config.o (.text.DL_GPIO_clearInterruptStatus)
                  00004e70    0000001c     ti_msp_dl_config.o (.text.DL_GPIO_enableInterrupt)
                  00004e8c    0000001c     bsp_gyro.o (.text.DL_GPIO_initDigitalInput)
                  00004ea8    0000001c     ti_msp_dl_config.o (.text.DL_GPIO_initPeripheralOutputFunction)
                  00004ec4    0000001c     ti_msp_dl_config.o (.text.DL_GPIO_setLowerPinsPolarity)
                  00004ee0    0000001c     ti_msp_dl_config.o (.text.DL_SYSCTL_setSYSOSCFreq)
                  00004efc    0000001c     ti_msp_dl_config.o (.text.DL_Timer_enableInterrupt)
                  00004f18    0000001c     driverlib.a : dl_timer.o (.text.DL_Timer_setCaptCompUpdateMethod)
                  00004f34    0000001c                 : dl_timer.o (.text.DL_Timer_setClockConfig)
                  00004f50    0000001c     ti_msp_dl_config.o (.text.DL_UART_enableInterrupt)
                  00004f6c    00000018     bsp_gyro.o (.text.DL_GPIO_enableOutput)
                  00004f84    00000018     oled.o (.text.DL_GPIO_enableOutput)
                  00004f9c    00000018     ti_msp_dl_config.o (.text.DL_GPIO_enableOutput)
                  00004fb4    00000018     ti_msp_dl_config.o (.text.DL_GPIO_enablePower)
                  00004fcc    00000018     Encoder.o (.text.DL_GPIO_getEnabledInterruptStatus)
                  00004fe4    00000018     bsp_gyro.o (.text.DL_GPIO_initDigitalOutput)
                  00004ffc    00000018     oled.o (.text.DL_GPIO_initDigitalOutput)
                  00005014    00000018     ti_msp_dl_config.o (.text.DL_GPIO_initDigitalOutput)
                  0000502c    00000018     ti_msp_dl_config.o (.text.DL_GPIO_reset)
                  00005044    00000018     bsp_gyro.o (.text.DL_GPIO_setPins)
                  0000505c    00000018     motor_ctrl.o (.text.DL_GPIO_setPins)
                  00005074    00000018     oled.o (.text.DL_GPIO_setPins)
                  0000508c    00000018     step_motor.o (.text.DL_GPIO_setPins)
                  000050a4    00000018     ti_msp_dl_config.o (.text.DL_GPIO_setPins)
                  000050bc    00000018     ti_msp_dl_config.o (.text.DL_GPIO_setUpperPinsPolarity)
                  000050d4    00000018     timer.o (.text.DL_GPIO_togglePins)
                  000050ec    00000018     ti_msp_dl_config.o (.text.DL_SYSCTL_setBORThreshold)
                  00005104    00000018     ti_msp_dl_config.o (.text.DL_Timer_enablePower)
                  0000511c    00000018     ti_msp_dl_config.o (.text.DL_Timer_reset)
                  00005134    00000018     driverlib.a : dl_timer.o (.text.DL_Timer_setCaptureCompareOutCtl)
                  0000514c    00000018     timer.o (.text.DL_Timer_startCounter)
                  00005164    00000018     usart.o (.text.DL_UART_clearInterruptStatus)
                  0000517c    00000018     ti_msp_dl_config.o (.text.DL_UART_enablePower)
                  00005194    00000018     usart.o (.text.DL_UART_getEnabledInterruptStatus)
                  000051ac    00000018     usart.o (.text.DL_UART_isBusy)
                  000051c4    00000018     ti_msp_dl_config.o (.text.DL_UART_reset)
                  000051dc    00000018     motor_ctrl.o (.text.SET_MOTORS_SPEED)
                  000051f4    00000016     Encoder.o (.text.DL_GPIO_readPins)
                  0000520a    00000016     bsp_gyro.o (.text.DL_GPIO_readPins)
                  00005220    00000016     gw_gray.o (.text.DL_GPIO_readPins)
                  00005236    00000016     key.o (.text.DL_GPIO_readPins)
                  0000524c    00000016     oled.o (.text.DL_GPIO_readPins)
                  00005262    00000016     ti_msp_dl_config.o (.text.DL_UART_enable)
                  00005278    00000016     usart.o (.text.DL_UART_transmitData)
                  0000528e    00000016     delay.o (.text.delay_ms)
                  000052a4    00000014     bsp_gyro.o (.text.DL_GPIO_clearPins)
                  000052b8    00000014     empty.o (.text.DL_GPIO_clearPins)
                  000052cc    00000014     motor_ctrl.o (.text.DL_GPIO_clearPins)
                  000052e0    00000014     oled.o (.text.DL_GPIO_clearPins)
                  000052f4    00000014     step_motor.o (.text.DL_GPIO_clearPins)
                  00005308    00000014     ti_msp_dl_config.o (.text.DL_GPIO_clearPins)
                  0000531c    00000014     oled.o (.text.DL_GPIO_disableOutput)
                  00005330    00000014     ti_msp_dl_config.o (.text.DL_SYSCTL_enableMFCLK)
                  00005344    00000014     ti_msp_dl_config.o (.text.DL_Timer_enableClock)
                  00005358    00000014     ti_msp_dl_config.o (.text.DL_Timer_setCCPDirection)
                  0000536c    00000014     usart.o (.text.DL_UART_receiveData)
                  00005380    00000012     timer.o (.text.DL_Timer_getPendingInterrupt)
                  00005392    00000012     usart.o (.text.DL_UART_getPendingInterrupt)
                  000053a4    00000012     driverlib.a : dl_uart.o (.text.DL_UART_setClockConfig)
                  000053b6    00000012     delay.o (.text.delay_us)
                  000053c8    00000012     libc.a : memcpy16.S.obj (.text:TI_memcpy_small)
                  000053da    00000012            : copy_decompress_none.c.obj (.text:decompress:none)
                  000053ec    00000010     ti_msp_dl_config.o (.text.DL_SYSCTL_enableMFPCLK)
                  000053fc    00000010     driverlib.a : dl_timer.o (.text.DL_Timer_setCaptureCompareValue)
                  0000540c    00000010     libc.a : copy_zero_init.c.obj (.text:decompress:ZI)
                  0000541c    0000000e            : memset16.S.obj (.text:TI_memset_small)
                  0000542a    00000002     --HOLE-- [fill = 0]
                  0000542c    0000000c     libclang_rt.builtins.a : aeabi_memset.S.obj (.text.__aeabi_memclr)
                  00005438    0000000a     driverlib.a : dl_common.o (.text.DL_Common_delayCycles)
                  00005442    0000000a     oled.o (.text.I2C_Delay)
                  0000544c    00000008     oled.o (.text.OLED_Update)
                  00005454    00000008     libc.a : s_round.c.obj (.text.OUTLINED_FUNCTION_0)
                  0000545c    00000010     libclang_rt.builtins.a : adddf3.S.obj (.tramp.__aeabi_dadd.1)
                  0000546c    00000008                            : aeabi_memcpy.S.obj (.text.__aeabi_memcpy)
                  00005474    00000006     libc.a : exit.c.obj (.text:abort)
                  0000547a    00000004     startup_mspm0g350x_ticlang.o (.text.Default_Handler)
                  0000547e    00000004     libsysbm.a : hostexit.c.obj (.text.HOSTexit)
                  00005482    00000004     startup_mspm0g350x_ticlang.o (.text.Reset_Handler)
                  00005486    00000004     libc.a : pre_init.c.obj (.text._system_pre_init)
                  0000548a    00000006     --HOLE-- [fill = 0]

.cinit     0    00005b58    00000090     
                  00005b58    00000065     (.cinit..data.load) [load image, compression = lzss]
                  00005bbd    00000003     --HOLE-- [fill = 0]
                  00005bc0    0000000c     (__TI_handler_table)
                  00005bcc    00000008     (.cinit..bss.load) [load image, compression = zero_init]
                  00005bd4    00000010     (__TI_cinit_table)
                  00005be4    00000004     --HOLE-- [fill = 0]

.rodata    0    00005490    000006c8     
                  00005490    000005f0     oled.o (.rodata.OLED_F8x16)
                  00005a80    00000014     ti_msp_dl_config.o (.rodata.gTIMER_0TimerConfig)
                  00005a94    00000014     ti_msp_dl_config.o (.rodata.gTIMER_1TimerConfig)
                  00005aa8    00000014     ti_msp_dl_config.o (.rodata.gTIMER_2TimerConfig)
                  00005abc    0000000d     app_oled.o (.rodata.str1.3359168702919667222.1)
                  00005ac9    0000000b     app_oled.o (.rodata.str1.1447123384928220746.1)
                  00005ad4    0000000b     app_oled.o (.rodata.str1.15423261460788342562.1)
                  00005adf    00000001     --HOLE-- [fill = 0]
                  00005ae0    0000000a     ti_msp_dl_config.o (.rodata.gUART_0Config)
                  00005aea    0000000a     ti_msp_dl_config.o (.rodata.gUART_1Config)
                  00005af4    0000000a     app_oled.o (.rodata.str1.15518859946869302998.1)
                  00005afe    00000009     app_oled.o (.rodata.str1.14224910786666964591.1)
                  00005b07    00000009     app_oled.o (.rodata.str1.15567594371661960906.1)
                  00005b10    00000009     app_oled.o (.rodata.str1.4826353225083720302.1)
                  00005b19    00000003     ti_msp_dl_config.o (.rodata.gPWM_0ClockConfig)
                  00005b1c    00000008     ti_msp_dl_config.o (.rodata.gPWM_0Config)
                  00005b24    00000006     app_oled.o (.rodata.str1.7443581757110324970.1)
                  00005b2a    00000005     app_oled.o (.rodata.str1.11319836962472706390.1)
                  00005b2f    00000005     app_oled.o (.rodata.str1.14537904905130562231.1)
                  00005b34    00000005     app_oled.o (.rodata.str1.14837369829790482031.1)
                  00005b39    00000005     app_oled.o (.rodata.str1.7842465535629281655.1)
                  00005b3e    00000004     app_oled.o (.rodata.str1.16330337898474194396.1)
                  00005b42    00000004     app_oled.o (.rodata.str1.16915410810118921761.1)
                  00005b46    00000004     app_oled.o (.rodata.str1.2308200305200294155.1)
                  00005b4a    00000003     ti_msp_dl_config.o (.rodata.gTIMER_0ClockConfig)
                  00005b4d    00000003     ti_msp_dl_config.o (.rodata.gTIMER_1ClockConfig)
                  00005b50    00000003     ti_msp_dl_config.o (.rodata.gTIMER_2ClockConfig)
                  00005b53    00000002     ti_msp_dl_config.o (.rodata.gUART_0ClockConfig)
                  00005b55    00000002     ti_msp_dl_config.o (.rodata.gUART_1ClockConfig)
                  00005b57    00000001     --HOLE-- [fill = 0]

.init_array 
*          0    00000000    00000000     UNINITIALIZED

.binit     0    00000000    00000000     

.bss       0    20200000    00000669     UNINITIALIZED
                  20200000    00000480     (.common:OLED_GRAM)
                  20200480    000000bc     (.common:gPWM_0Backup)
                  2020053c    000000a0     (.common:gTIMER_2Backup)
                  202005dc    00000030     (.common:gUART_1Backup)
                  2020060c    00000018     (.common:Key)
                  20200624    00000010     bsp_gyro.o (.bss.Gyro_Structure)
                  20200634    0000000c     protocol.o (.bss.parser)
                  20200640    00000004     (.common:Huidu_Error)
                  20200644    00000004     (.common:Huidu_Sum)
                  20200648    00000004     (.common:JY61P_Data)
                  2020064c    00000004     (.common:Motor1_Lucheng)
                  20200650    00000004     (.common:Motor1_Target_Speed)
                  20200654    00000004     (.common:Motor2_Lucheng)
                  20200658    00000004     (.common:Motor2_Target_Speed)
                  2020065c    00000004     (.common:Target_ChaSu)
                  20200660    00000004     (.common:huidu_error)
                  20200664    00000004     (.common:huidu_lasterror)
                  20200668    00000001     (.common:Huidu_Datas)

.data      0    2020066c    000001cf     UNINITIALIZED
                  2020066c    00000038     motor_ctrl.o (.data.pid_Angle)
                  202006a4    00000038     motor_ctrl.o (.data.pid_Distance)
                  202006dc    00000038     motor_ctrl.o (.data.pid_Gyro)
                  20200714    00000038     motor_ctrl.o (.data.pid_Motor1_Speed)
                  2020074c    00000038     motor_ctrl.o (.data.pid_Motor2_Speed)
                  20200784    00000038     motor_ctrl.o (.data.pid_Turn)
                  202007bc    0000000c     step_motor.o (.data.step_motor_lr)
                  202007c8    0000000c     step_motor.o (.data.step_motor_ud)
                  202007d4    00000009     usart.o (.data.rx_order)
                  202007dd    00000001     motor_ctrl.o (.data.Angle_PID_Flag)
                  202007de    00000002     timer.o (.data.TIMG8_IRQHandler.count_100ms)
                  202007e0    00000004     empty.o (.data.Basic_Speed)
                  202007e4    00000004     gw_gray.o (.data.Huidu_Target)
                  202007e8    00000004     Encoder.o (.data.Measure_Distance)
                  202007ec    00000004     Encoder.o (.data.Motor1_Encoder_Value)
                  202007f0    00000004     Encoder.o (.data.Motor1_Speed)
                  202007f4    00000004     Encoder.o (.data.Motor2_Encoder_Value)
                  202007f8    00000004     Encoder.o (.data.Motor2_Speed)
                  202007fc    00000004     empty.o (.data.Target_Angle)
                  20200800    00000004     empty.o (.data.Target_Distance)
                  20200804    00000004     empty.o (.data.Target_Gyro)
                  20200808    00000004     timer.o (.data.control_cnt)
                  2020080c    00000004     timer.o (.data.flagtim_cnt)
                  20200810    00000004     bsp_gyro.o (.data.last_yaw)
                  20200814    00000004     usart.o (.data.remaining_steps1)
                  20200818    00000004     usart.o (.data.remaining_steps2)
                  2020081c    00000004     bsp_gyro.o (.data.rx_index)
                  20200820    00000004     timer.o (.data.tim2_cnt)
                  20200824    00000004     timer.o (.data.warn_cnt)
                  20200828    00000002     timer.o (.data.TIMG8_IRQHandler.count_10ms)
                  2020082a    00000002     timer.o (.data.TIMG8_IRQHandler.t)
                  2020082c    00000001     motor_ctrl.o (.data.Distance_PID_Flag)
                  2020082d    00000001     motor_ctrl.o (.data.Gyro_PID_Flag)
                  2020082e    00000001     motor_ctrl.o (.data.MOTOR1_ENABLE_FLAG)
                  2020082f    00000001     motor_ctrl.o (.data.MOTOR2_ENABLE_FLAG)
                  20200830    00000001     empty.o (.data.OLED_View_Select)
                  20200831    00000001     task.o (.data.Task_1_State)
                  20200832    00000001     task.o (.data.Task_Select)
                  20200833    00000001     motor_ctrl.o (.data.Turn_PID_Flag)
                  20200834    00000001     task.o (.data.car_num)
                  20200835    00000001     task.o (.data.flag_cnt)
                  20200836    00000001     task.o (.data.flag_state)
                  20200837    00000001     task.o (.data.flag_warn)
                  20200838    00000001     usart.o (.data.last_data)
                  20200839    00000001     usart.o (.data.pt)
                  2020083a    00000001     usart.o (.data.uart_data)

.stack     0    20207e00    00000200     UNINITIALIZED
                  20207e00    00000004     libc.a : boot_cortex_m.c.obj (.stack)
                  20207e04    000001fc     --HOLE--

__llvm_prf_cnts 
*          0    20200000    00000000     UNINITIALIZED

__llvm_prf_bits 
*          0    20200000    00000000     UNINITIALIZED

MODULE SUMMARY

       Module                         code    ro data   rw data
       ------                         ----    -------   -------
    .\
       ti_msp_dl_config.o             2424    104       396    
       startup_mspm0g350x_ticlang.o   8       192       0      
       empty.o                        72      0         17     
    +--+------------------------------+-------+---------+---------+
       Total:                         2504    296       413    
                                                               
    .\Hardware\
       oled.o                         3164    1520      1152   
       bsp_gyro.o                     2150    0         24     
       Encoder.o                      1798    0         28     
       task.o                         1332    0         6      
       motor_ctrl.o                   766     0         342    
       key.o                          878     0         24     
       step_motor.o                   760     0         24     
       gw_gray.o                      598     0         21     
       protocol.o                     182     0         12     
    +--+------------------------------+-------+---------+---------+
       Total:                         11628   1520      1633   
                                                               
    .\app\
       app_oled.o                     1544    110       0      
    +--+------------------------------+-------+---------+---------+
       Total:                         1544    110       0      
                                                               
    .\middle\
       timer.o                        1290    0         38     
       usart.o                        488     0         20     
       delay.o                        40      0         0      
    +--+------------------------------+-------+---------+---------+
       Total:                         1818    0         58     
                                                               
    E:/TI_02/CCS/mspm0_sdk_2_05_01_00/source/ti/driverlib/lib/ticlang/m0p/mspm0g1x0x_g3x0x/driverlib.a
       dl_timer.o                     588     0         0      
       dl_uart.o                      90      0         0      
       dl_common.o                    10      0         0      
    +--+------------------------------+-------+---------+---------+
       Total:                         688     0         0      
                                                               
    E:\TI_02\CCS\ccs\tools\compiler\ti-cgt-armllvm_4.0.2.LTS\lib\armv6m-ti-none-eabi/c/libc.a
       s_floor.c.obj                  324     0         0      
       s_round.c.obj                  176     0         0      
       copy_decompress_lzss.c.obj     124     0         0      
       autoinit.c.obj                 60      0         0      
       boot_cortex_m.c.obj            40      0         0      
       copy_decompress_none.c.obj     18      0         0      
       memcpy16.S.obj                 18      0         0      
       copy_zero_init.c.obj           16      0         0      
       memset16.S.obj                 14      0         0      
       exit.c.obj                     6       0         0      
       pre_init.c.obj                 4       0         0      
    +--+------------------------------+-------+---------+---------+
       Total:                         800     0         0      
                                                               
    E:\TI_02\CCS\ccs\tools\compiler\ti-cgt-armllvm_4.0.2.LTS\lib\armv6m-ti-none-eabi/c/libsysbm.a
       hostexit.c.obj                 4       0         0      
    +--+------------------------------+-------+---------+---------+
       Total:                         4       0         0      
                                                               
    E:\TI_02\CCS\ccs\tools\compiler\ti-cgt-armllvm_4.0.2.LTS\lib\armv6m-ti-none-eabi/libclang_rt.builtins.a
       adddf3.S.obj                   418     0         0      
       divdf3.S.obj                   268     0         0      
       muldf3.S.obj                   228     0         0      
       comparedf2.c.obj               220     0         0      
       addsf3.S.obj                   216     0         0      
       mulsf3.S.obj                   140     0         0      
       comparesf2.S.obj               118     0         0      
       truncdfsf2.S.obj               116     0         0      
       aeabi_dcmp.S.obj               98      0         0      
       aeabi_fcmp.S.obj               98      0         0      
       fixunsdfsi.S.obj               66      0         0      
       aeabi_uidivmod.S.obj           64      0         0      
       extendsfdf2.S.obj              64      0         0      
       floatsisf.S.obj                60      0         0      
       muldsi3.S.obj                  58      0         0      
       fixsfsi.S.obj                  56      0         0      
       floatsidf.S.obj                44      0         0      
       floatunsisf.S.obj              40      0         0      
       floatunsidf.S.obj              36      0         0      
       aeabi_memset.S.obj             12      0         0      
       aeabi_memcpy.S.obj             8       0         0      
       aeabi_div0.c.obj               2       0         0      
    +--+------------------------------+-------+---------+---------+
       Total:                         2430    0         0      
                                                               
       Stack:                         0       0         512    
       Linker Generated:              0       137       0      
    +--+------------------------------+-------+---------+---------+
       Grand Total:                   21416   2063      2616   


LINKER GENERATED COPY TABLES

__TI_cinit_table @ 00005bd4 records: 2, size/record: 8, table size: 16
	.data: load addr=00005b58, load size=00000065 bytes, run addr=2020066c, run size=000001cf bytes, compression=lzss
	.bss: load addr=00005bcc, load size=00000008 bytes, run addr=20200000, run size=00000669 bytes, compression=zero_init


LINKER GENERATED HANDLER TABLE

__TI_handler_table @ 00005bc0 records: 3, size/record: 4, table size: 12
	index: 0, handler: __TI_decompress_lzss
	index: 1, handler: __TI_decompress_none
	index: 2, handler: __TI_zero_init


FAR CALL TRAMPOLINES

callee name               trampoline name
   callee addr  tramp addr   call addr  call info
--------------  -----------  ---------  ----------------
__aeabi_dadd              $Tramp$TT$L$PI$$__aeabi_dadd
   00001edf     0000545c     0000545a   libc.a : s_round.c.obj (.text.OUTLINED_FUNCTION_0)

[1 trampolines]
[1 trampoline calls]


GLOBAL SYMBOLS: SORTED ALPHABETICALLY BY Name 

address   name                            
-------   ----                            
0000547b  ADC0_IRQHandler                 
0000547b  ADC1_IRQHandler                 
0000547b  AES_IRQHandler                  
202007dd  Angle_PID_Flag                  
202007e0  Basic_Speed                     
0000547e  C$$EXIT                         
0000547b  CANFD0_IRQHandler               
0000547b  DAC0_IRQHandler                 
00005439  DL_Common_delayCycles           
00002869  DL_Timer_initFourCCPWMMode      
0000296d  DL_Timer_initTimerMode          
00004f19  DL_Timer_setCaptCompUpdateMethod
00005135  DL_Timer_setCaptureCompareOutCtl
000053fd  DL_Timer_setCaptureCompareValue 
00004f35  DL_Timer_setClockConfig         
000044f9  DL_UART_init                    
000053a5  DL_UART_setClockConfig          
0000547b  DMA_IRQHandler                  
0000547b  Default_Handler                 
2020082c  Distance_PID_Flag               
0000547b  GROUP0_IRQHandler               
000006c9  GROUP1_IRQHandler               
2020082d  Gyro_PID_Flag                   
0000547f  HOSTexit                        
0000547b  HardFault_Handler               
20200668  Huidu_Datas                     
20200640  Huidu_Error                     
00001b75  Huidu_Proc                      
00003d59  Huidu_Read                      
20200644  Huidu_Sum                       
202007e4  Huidu_Target                    
0000547b  I2C0_IRQHandler                 
0000547b  I2C1_IRQHandler                 
00002f6d  I2C_WaitAck                     
00003b29  IIC_Send_Ack                    
00004119  IIC_Start                       
00004369  IIC_Stop                        
20200648  JY61P_Data                      
00002305  KEY_PROC                        
2020060c  Key                             
00001955  Key_Read                        
0000243d  MEASURE_MOTORS_SPEED            
2020082e  MOTOR1_ENABLE_FLAG              
2020082f  MOTOR2_ENABLE_FLAG              
202007e8  Measure_Distance                
202007ec  Motor1_Encoder_Value            
0000417d  Motor1_Get_Speed                
2020064c  Motor1_Lucheng                  
202007f0  Motor1_Speed                    
20200650  Motor1_Target_Speed             
202007f4  Motor2_Encoder_Value            
00004045  Motor2_Get_Speed                
20200654  Motor2_Lucheng                  
202007f8  Motor2_Speed                    
20200658  Motor2_Target_Speed             
0000547b  NMI_Handler                     
000042a9  NVIC_EnableIRQ_Init             
00004309  OLED_Clear                      
00004a9d  OLED_ColorTurn                  
000044ad  OLED_DisplayTurn                
00003511  OLED_DrawPoint                  
00005490  OLED_F8x16                      
00004911  OLED_GPIO_Init                  
20200000  OLED_GRAM                       
00002761  OLED_Init                       
00004bd1  OLED_Pow                        
00003799  OLED_Refresh                    
000031ad  OLED_ShowBinNum                 
00002069  OLED_ShowChar                   
00001d2d  OLED_ShowFloatNum               
00002b39  OLED_ShowNum                    
00002ea1  OLED_ShowSignedNum              
000038d1  OLED_ShowString                 
000000c1  OLED_Show_Proc                  
0000544d  OLED_Update                     
20200830  OLED_View_Select                
00004411  OLED_WR_Byte                    
0000302d  PID_Calculate                   
00004541  PID_Limit                       
000049fd  PWM_Limit                       
0000547b  PendSV_Handler                  
0000547b  RTC_IRQHandler                  
00003659  Read_Byte                       
00005483  Reset_Handler                   
000051dd  SET_MOTORS_SPEED                
0000547b  SPI0_IRQHandler                 
0000547b  SPI1_IRQHandler                 
0000547b  SVC_Handler                     
000014b1  SYSCFG_DL_GPIO_init             
00003bb5  SYSCFG_DL_PWM_0_init            
00004d29  SYSCFG_DL_SYSCTL_init           
00004725  SYSCFG_DL_TIMER_0_init          
00004ad1  SYSCFG_DL_TIMER_1_init          
00004b05  SYSCFG_DL_TIMER_2_init          
000043bd  SYSCFG_DL_UART_0_init           
00004589  SYSCFG_DL_UART_1_init           
000045d1  SYSCFG_DL_init                  
000036f9  SYSCFG_DL_initPower             
000035b5  Send_Byte                       
00004d4d  Set_Motor1_PWM                  
00003835  Set_Motor1_Speed                
00004d71  Set_Motor2_PWM                  
0000396d  Set_Motor2_Speed                
0000547b  SysTick_Handler                 
0000547b  TIMA0_IRQHandler                
0000547b  TIMA1_IRQHandler                
00002c1d  TIMG0_IRQHandler                
0000547b  TIMG12_IRQHandler               
0000547b  TIMG6_IRQHandler                
00003265  TIMG7_IRQHandler                
00000fb1  TIMG8_IRQHandler                
000053c9  TI_memcpy_small                 
0000541d  TI_memset_small                 
202007fc  Target_Angle                    
2020065c  Target_ChaSu                    
20200800  Target_Distance                 
20200804  Target_Gyro                     
00000b89  Task_1                          
20200831  Task_1_State                    
20200832  Task_Select                     
20200833  Turn_PID_Flag                   
00002549  Turn_Process                    
0000547b  UART0_IRQHandler                
0000465d  UART1_IRQHandler                
000030ed  UART1_rx_dataframe              
0000547b  UART2_IRQHandler                
00004b39  UART3_IRQHandler                
20208000  __STACK_END                     
00000200  __STACK_SIZE                    
00000000  __TI_ATRegion0_region_sz        
00000000  __TI_ATRegion0_src_addr         
00000000  __TI_ATRegion0_trg_addr         
00000000  __TI_ATRegion1_region_sz        
00000000  __TI_ATRegion1_src_addr         
00000000  __TI_ATRegion1_trg_addr         
00000000  __TI_ATRegion2_region_sz        
00000000  __TI_ATRegion2_src_addr         
00000000  __TI_ATRegion2_trg_addr         
00005bd4  __TI_CINIT_Base                 
00005be4  __TI_CINIT_Limit                
00005be4  __TI_CINIT_Warm                 
00005bc0  __TI_Handler_Table_Base         
00005bcc  __TI_Handler_Table_Limit        
000048d5  __TI_auto_init_nobinit_nopinit  
00003e65  __TI_decompress_lzss            
000053db  __TI_decompress_none            
ffffffff  __TI_pprof_out_hndl             
ffffffff  __TI_prof_data_size             
ffffffff  __TI_prof_data_start            
00000000  __TI_static_base__              
0000540d  __TI_zero_init                  
00001edf  __adddf3                        
00002cff  __addsf3                        
00003fd1  __aeabi_d2f                     
000046a1  __aeabi_d2uiz                   
00001edf  __aeabi_dadd                    
000041e1  __aeabi_dcmpeq                  
0000421d  __aeabi_dcmpge                  
00004231  __aeabi_dcmpgt                  
00004209  __aeabi_dcmple                  
000041f5  __aeabi_dcmplt                  
00002655  __aeabi_ddiv                    
00002a55  __aeabi_dmul                    
00001ed5  __aeabi_dsub                    
000047a5  __aeabi_f2d                     
000049c5  __aeabi_f2iz                    
00002cff  __aeabi_fadd                    
00004245  __aeabi_fcmpeq                  
00004281  __aeabi_fcmpge                  
00004295  __aeabi_fcmpgt                  
0000426d  __aeabi_fcmple                  
00004259  __aeabi_fcmplt                  
00003c41  __aeabi_fmul                    
00002cf5  __aeabi_fsub                    
00004c59  __aeabi_i2d                     
00004821  __aeabi_i2f                     
00001ed3  __aeabi_idiv0                   
0000542d  __aeabi_memclr                  
0000542d  __aeabi_memclr4                 
0000542d  __aeabi_memclr8                 
0000546d  __aeabi_memcpy                  
0000546d  __aeabi_memcpy4                 
0000546d  __aeabi_memcpy8                 
00004d95  __aeabi_ui2d                    
00004cd9  __aeabi_ui2f                    
00004765  __aeabi_uidiv                   
00004765  __aeabi_uidivmod                
ffffffff  __binit__                       
000040b1  __cmpdf2                        
0000494d  __cmpsf2                        
00002655  __divdf3                        
000040b1  __eqdf2                         
0000494d  __eqsf2                         
000047a5  __extendsfdf2                   
000049c5  __fixsfsi                       
000046a1  __fixunsdfsi                    
00004c59  __floatsidf                     
00004821  __floatsisf                     
00004d95  __floatunsidf                   
00004cd9  __floatunsisf                   
00003f5d  __gedf2                         
0000485d  __gesf2                         
00003f5d  __gtdf2                         
0000485d  __gtsf2                         
000040b1  __ledf2                         
0000494d  __lesf2                         
000040b1  __ltdf2                         
0000494d  __ltsf2                         
UNDEFED   __mpu_init                      
00002a55  __muldf3                        
00004989  __muldsi3                       
00003c41  __mulsf3                        
000040b1  __nedf2                         
0000494d  __nesf2                         
20207e00  __stack                         
20200000  __start___llvm_prf_bits         
20200000  __start___llvm_prf_cnts         
20200000  __stop___llvm_prf_bits          
20200000  __stop___llvm_prf_cnts          
00001ed5  __subdf3                        
00002cf5  __subsf3                        
00003fd1  __truncdfsf2                    
00004d01  _c_int00_noargs                 
UNDEFED   _system_post_cinit              
00005487  _system_pre_init                
00005475  abort                           
ffffffff  binit                           
20200834  car_num                         
20200808  control_cnt                     
0000528f  delay_ms                        
000053b7  delay_us                        
20200835  flag_cnt                        
20200836  flag_state                      
20200837  flag_warn                       
2020080c  flagtim_cnt                     
000021c1  floor                           
000021c1  floorl                          
20200480  gPWM_0Backup                    
2020053c  gTIMER_2Backup                  
202005dc  gUART_1Backup                   
00001235  get_angle                       
20200660  huidu_error                     
20200664  huidu_lasterror                 
00000000  interruptVectors                
000033c1  jy61pInit                       
20200838  last_data                       
20200810  last_yaw                        
00004b6d  main                            
00003ccd  move_stepper                    
2020066c  pid_Angle                       
202006a4  pid_Distance                    
202006dc  pid_Gyro                        
20200714  pid_Motor1_Speed                
2020074c  pid_Motor2_Speed                
20200784  pid_Turn                        
00004899  protocol_data_recv              
20200839  pt                              
00002dcd  readDataJy61p                   
20200814  remaining_steps1                
20200818  remaining_steps2                
00003469  round                           
00003469  roundl                          
2020081c  rx_index                        
202007d4  rx_order                        
00001715  step                            
202007bc  step_motor_lr                   
202007c8  step_motor_ud                   
20200820  tim2_cnt                        
00004c85  uart1_send_char                 
2020083a  uart_data                       
20200824  warn_cnt                        
00003a05  writeDataJy61p                  


GLOBAL SYMBOLS: SORTED BY Symbol Address 

address   name                            
-------   ----                            
00000000  __TI_ATRegion0_region_sz        
00000000  __TI_ATRegion0_src_addr         
00000000  __TI_ATRegion0_trg_addr         
00000000  __TI_ATRegion1_region_sz        
00000000  __TI_ATRegion1_src_addr         
00000000  __TI_ATRegion1_trg_addr         
00000000  __TI_ATRegion2_region_sz        
00000000  __TI_ATRegion2_src_addr         
00000000  __TI_ATRegion2_trg_addr         
00000000  __TI_static_base__              
00000000  interruptVectors                
000000c1  OLED_Show_Proc                  
00000200  __STACK_SIZE                    
000006c9  GROUP1_IRQHandler               
00000b89  Task_1                          
00000fb1  TIMG8_IRQHandler                
00001235  get_angle                       
000014b1  SYSCFG_DL_GPIO_init             
00001715  step                            
00001955  Key_Read                        
00001b75  Huidu_Proc                      
00001d2d  OLED_ShowFloatNum               
00001ed3  __aeabi_idiv0                   
00001ed5  __aeabi_dsub                    
00001ed5  __subdf3                        
00001edf  __adddf3                        
00001edf  __aeabi_dadd                    
00002069  OLED_ShowChar                   
000021c1  floor                           
000021c1  floorl                          
00002305  KEY_PROC                        
0000243d  MEASURE_MOTORS_SPEED            
00002549  Turn_Process                    
00002655  __aeabi_ddiv                    
00002655  __divdf3                        
00002761  OLED_Init                       
00002869  DL_Timer_initFourCCPWMMode      
0000296d  DL_Timer_initTimerMode          
00002a55  __aeabi_dmul                    
00002a55  __muldf3                        
00002b39  OLED_ShowNum                    
00002c1d  TIMG0_IRQHandler                
00002cf5  __aeabi_fsub                    
00002cf5  __subsf3                        
00002cff  __addsf3                        
00002cff  __aeabi_fadd                    
00002dcd  readDataJy61p                   
00002ea1  OLED_ShowSignedNum              
00002f6d  I2C_WaitAck                     
0000302d  PID_Calculate                   
000030ed  UART1_rx_dataframe              
000031ad  OLED_ShowBinNum                 
00003265  TIMG7_IRQHandler                
000033c1  jy61pInit                       
00003469  round                           
00003469  roundl                          
00003511  OLED_DrawPoint                  
000035b5  Send_Byte                       
00003659  Read_Byte                       
000036f9  SYSCFG_DL_initPower             
00003799  OLED_Refresh                    
00003835  Set_Motor1_Speed                
000038d1  OLED_ShowString                 
0000396d  Set_Motor2_Speed                
00003a05  writeDataJy61p                  
00003b29  IIC_Send_Ack                    
00003bb5  SYSCFG_DL_PWM_0_init            
00003c41  __aeabi_fmul                    
00003c41  __mulsf3                        
00003ccd  move_stepper                    
00003d59  Huidu_Read                      
00003e65  __TI_decompress_lzss            
00003f5d  __gedf2                         
00003f5d  __gtdf2                         
00003fd1  __aeabi_d2f                     
00003fd1  __truncdfsf2                    
00004045  Motor2_Get_Speed                
000040b1  __cmpdf2                        
000040b1  __eqdf2                         
000040b1  __ledf2                         
000040b1  __ltdf2                         
000040b1  __nedf2                         
00004119  IIC_Start                       
0000417d  Motor1_Get_Speed                
000041e1  __aeabi_dcmpeq                  
000041f5  __aeabi_dcmplt                  
00004209  __aeabi_dcmple                  
0000421d  __aeabi_dcmpge                  
00004231  __aeabi_dcmpgt                  
00004245  __aeabi_fcmpeq                  
00004259  __aeabi_fcmplt                  
0000426d  __aeabi_fcmple                  
00004281  __aeabi_fcmpge                  
00004295  __aeabi_fcmpgt                  
000042a9  NVIC_EnableIRQ_Init             
00004309  OLED_Clear                      
00004369  IIC_Stop                        
000043bd  SYSCFG_DL_UART_0_init           
00004411  OLED_WR_Byte                    
000044ad  OLED_DisplayTurn                
000044f9  DL_UART_init                    
00004541  PID_Limit                       
00004589  SYSCFG_DL_UART_1_init           
000045d1  SYSCFG_DL_init                  
0000465d  UART1_IRQHandler                
000046a1  __aeabi_d2uiz                   
000046a1  __fixunsdfsi                    
00004725  SYSCFG_DL_TIMER_0_init          
00004765  __aeabi_uidiv                   
00004765  __aeabi_uidivmod                
000047a5  __aeabi_f2d                     
000047a5  __extendsfdf2                   
00004821  __aeabi_i2f                     
00004821  __floatsisf                     
0000485d  __gesf2                         
0000485d  __gtsf2                         
00004899  protocol_data_recv              
000048d5  __TI_auto_init_nobinit_nopinit  
00004911  OLED_GPIO_Init                  
0000494d  __cmpsf2                        
0000494d  __eqsf2                         
0000494d  __lesf2                         
0000494d  __ltsf2                         
0000494d  __nesf2                         
00004989  __muldsi3                       
000049c5  __aeabi_f2iz                    
000049c5  __fixsfsi                       
000049fd  PWM_Limit                       
00004a9d  OLED_ColorTurn                  
00004ad1  SYSCFG_DL_TIMER_1_init          
00004b05  SYSCFG_DL_TIMER_2_init          
00004b39  UART3_IRQHandler                
00004b6d  main                            
00004bd1  OLED_Pow                        
00004c59  __aeabi_i2d                     
00004c59  __floatsidf                     
00004c85  uart1_send_char                 
00004cd9  __aeabi_ui2f                    
00004cd9  __floatunsisf                   
00004d01  _c_int00_noargs                 
00004d29  SYSCFG_DL_SYSCTL_init           
00004d4d  Set_Motor1_PWM                  
00004d71  Set_Motor2_PWM                  
00004d95  __aeabi_ui2d                    
00004d95  __floatunsidf                   
00004f19  DL_Timer_setCaptCompUpdateMethod
00004f35  DL_Timer_setClockConfig         
00005135  DL_Timer_setCaptureCompareOutCtl
000051dd  SET_MOTORS_SPEED                
0000528f  delay_ms                        
000053a5  DL_UART_setClockConfig          
000053b7  delay_us                        
000053c9  TI_memcpy_small                 
000053db  __TI_decompress_none            
000053fd  DL_Timer_setCaptureCompareValue 
0000540d  __TI_zero_init                  
0000541d  TI_memset_small                 
0000542d  __aeabi_memclr                  
0000542d  __aeabi_memclr4                 
0000542d  __aeabi_memclr8                 
00005439  DL_Common_delayCycles           
0000544d  OLED_Update                     
0000546d  __aeabi_memcpy                  
0000546d  __aeabi_memcpy4                 
0000546d  __aeabi_memcpy8                 
00005475  abort                           
0000547b  ADC0_IRQHandler                 
0000547b  ADC1_IRQHandler                 
0000547b  AES_IRQHandler                  
0000547b  CANFD0_IRQHandler               
0000547b  DAC0_IRQHandler                 
0000547b  DMA_IRQHandler                  
0000547b  Default_Handler                 
0000547b  GROUP0_IRQHandler               
0000547b  HardFault_Handler               
0000547b  I2C0_IRQHandler                 
0000547b  I2C1_IRQHandler                 
0000547b  NMI_Handler                     
0000547b  PendSV_Handler                  
0000547b  RTC_IRQHandler                  
0000547b  SPI0_IRQHandler                 
0000547b  SPI1_IRQHandler                 
0000547b  SVC_Handler                     
0000547b  SysTick_Handler                 
0000547b  TIMA0_IRQHandler                
0000547b  TIMA1_IRQHandler                
0000547b  TIMG12_IRQHandler               
0000547b  TIMG6_IRQHandler                
0000547b  UART0_IRQHandler                
0000547b  UART2_IRQHandler                
0000547e  C$$EXIT                         
0000547f  HOSTexit                        
00005483  Reset_Handler                   
00005487  _system_pre_init                
00005490  OLED_F8x16                      
00005bc0  __TI_Handler_Table_Base         
00005bcc  __TI_Handler_Table_Limit        
00005bd4  __TI_CINIT_Base                 
00005be4  __TI_CINIT_Limit                
00005be4  __TI_CINIT_Warm                 
20200000  OLED_GRAM                       
20200000  __start___llvm_prf_bits         
20200000  __start___llvm_prf_cnts         
20200000  __stop___llvm_prf_bits          
20200000  __stop___llvm_prf_cnts          
20200480  gPWM_0Backup                    
2020053c  gTIMER_2Backup                  
202005dc  gUART_1Backup                   
2020060c  Key                             
20200640  Huidu_Error                     
20200644  Huidu_Sum                       
20200648  JY61P_Data                      
2020064c  Motor1_Lucheng                  
20200650  Motor1_Target_Speed             
20200654  Motor2_Lucheng                  
20200658  Motor2_Target_Speed             
2020065c  Target_ChaSu                    
20200660  huidu_error                     
20200664  huidu_lasterror                 
20200668  Huidu_Datas                     
2020066c  pid_Angle                       
202006a4  pid_Distance                    
202006dc  pid_Gyro                        
20200714  pid_Motor1_Speed                
2020074c  pid_Motor2_Speed                
20200784  pid_Turn                        
202007bc  step_motor_lr                   
202007c8  step_motor_ud                   
202007d4  rx_order                        
202007dd  Angle_PID_Flag                  
202007e0  Basic_Speed                     
202007e4  Huidu_Target                    
202007e8  Measure_Distance                
202007ec  Motor1_Encoder_Value            
202007f0  Motor1_Speed                    
202007f4  Motor2_Encoder_Value            
202007f8  Motor2_Speed                    
202007fc  Target_Angle                    
20200800  Target_Distance                 
20200804  Target_Gyro                     
20200808  control_cnt                     
2020080c  flagtim_cnt                     
20200810  last_yaw                        
20200814  remaining_steps1                
20200818  remaining_steps2                
2020081c  rx_index                        
20200820  tim2_cnt                        
20200824  warn_cnt                        
2020082c  Distance_PID_Flag               
2020082d  Gyro_PID_Flag                   
2020082e  MOTOR1_ENABLE_FLAG              
2020082f  MOTOR2_ENABLE_FLAG              
20200830  OLED_View_Select                
20200831  Task_1_State                    
20200832  Task_Select                     
20200833  Turn_PID_Flag                   
20200834  car_num                         
20200835  flag_cnt                        
20200836  flag_state                      
20200837  flag_warn                       
20200838  last_data                       
20200839  pt                              
2020083a  uart_data                       
20207e00  __stack                         
20208000  __STACK_END                     
ffffffff  __TI_pprof_out_hndl             
ffffffff  __TI_prof_data_size             
ffffffff  __TI_prof_data_start            
ffffffff  __binit__                       
ffffffff  binit                           
UNDEFED   __mpu_init                      
UNDEFED   _system_post_cinit              

[272 symbols]
