******************************************************************************
            TI ARM Clang Linker PC v4.0.2                      
******************************************************************************
>> Linked Mon Jun  8 19:07:10 2026

OUTPUT FILE NAME:   <DS_E03_Show06.out>
ENTRY POINT SYMBOL: "_c_int00_noargs"  address: 0000d975


MEMORY CONFIGURATION

         name            origin    length      used     unused   attr    fill
----------------------  --------  ---------  --------  --------  ----  --------
  FLASH                 00000000   00020000  00013a10  0000c5f0  R  X
  SRAM                  20200000   00008000  000017cf  00006831  RW X
  BCR_CONFIG            41c00000   000000ff  00000000  000000ff  R   
  BSL_CONFIG            41c00100   00000080  00000000  00000080  R   


SEGMENT ALLOCATION MAP

run origin  load origin   length   init length attrs members
----------  ----------- ---------- ----------- ----- -------
00000000    00000000    00013a10   00013a10    r-x
  00000000    00000000    000000c0   000000c0    r-- .intvecs
  000000c0    000000c0    0000e440   0000e440    r-x .text
  0000e500    0000e500    00005420   00005420    r-- .rodata
  00013920    00013920    000000f0   000000f0    r-- .cinit
20200000    20200000    000015d1   00000000    rw-
  20200000    20200000    00000a0e   00000000    rw- .bss
  20200a10    20200a10    00000800   00000000    rw- .sysmem
  20201210    20201210    000003c1   00000000    rw- .data
20207e00    20207e00    00000200   00000000    rw-
  20207e00    20207e00    00000200   00000000    rw- .stack


SECTION ALLOCATION MAP

 output                                  attributes/
section   page    origin      length       input sections
--------  ----  ----------  ----------   ----------------
.intvecs   0    00000000    000000c0     
                  00000000    000000c0     startup_mspm0g350x_ticlang.o (.intvecs)

.text      0    000000c0    0000e440     
                  000000c0    00001674     process_frame.o (.text.serial_frame_process)
                  00001734    00000fc4     bsp_hc05.o (.text.Receive_Bluetooth_Data)
                  000026f8    00000f4c     app_lcd.o (.text.LCD_Show_Proc)
                  00003644    00000bdc     libc.a : _scanfi.c.obj (.text.__TI_scanfi)
                  00004220    000009d0            : _printfi.c.obj (.text:__TI_printfi)
                  00004bf0    000006f0     timer.o (.text.TIMG8_IRQHandler)
                  000052e0    000006d8     key.o (.text.KEY_PROC)
                  000059b8    000004c0     Encoder.o (.text.GROUP1_IRQHandler)
                  00005e78    000003b8     libc.a : strtod.c.obj (.text.strtod)
                  00006230    00000298     ti_msp_dl_config.o (.text.SYSCFG_DL_GPIO_init)
                  000064c8    00000280     task.o (.text.Task_1)
                  00006748    00000264     bsp_gyro.o (.text.get_angle)
                  000069ac    00000220     libc.a : _printfi.c.obj (.text._pconv_a)
                  00006bcc    00000218     task.o (.text.Task_2)
                  00006de4    0000020c     key.o (.text.Key_Read)
                  00006ff0    000001f8     app_protocol.o (.text.K230_Parse_Data)
                  000071e8    000001e0     libc.a : strtoll.c.obj (.text.strtoll)
                  000073c8    000001dc     hw_lcd.o (.text.LCD_ShowChar)
                  000075a4    000001dc     libc.a : _printfi.c.obj (.text._pconv_g)
                  00007780    000001d0     hw_lcd.o (.text.lcd_init)
                  00007950    000001b4     gw_gray.o (.text.Huidu_Proc)
                  00007b04    000001b4     hw_lcd.o (.text.LCD_ShowChinese16x16)
                  00007cb8    000001b4     app_lcd.o (.text.TFT_ShowFloatCenter)
                  00007e6c    000001a4     app_lcd.o (.text.Draw_Dashboard_Page2_Background)
                  00008010    000001a4     app_lcd.o (.text.Draw_Dashboard_Page3_Background)
                  000081b4    000001a0     app_lcd.o (.text.Draw_Dashboard_Background)
                  00008354    0000019c     hw_lcd.o (.text.LCD_ShowChinese12x12)
                  000084f0    0000019c     hw_lcd.o (.text.LCD_ShowChinese24x24)
                  0000868c    0000019c     hw_lcd.o (.text.LCD_ShowChinese32x32)
                  00008828    00000192     libclang_rt.builtins.a : adddf3.S.obj (.text.adddf3_subdf3)
                  000089ba    00000002                            : aeabi_div0.c.obj (.text.__aeabi_idiv0)
                  000089bc    0000018c     usart.o (.text.Mobile_sendData_UART1)
                  00008b48    0000017c     app_lcd.o (.text.TFT_ShowFloat)
                  00008cc4    00000170     libc.a : e_sqrt.c.obj (.text.sqrt)
                  00008e34    0000016c     gw_gray.o (.text.Huidu_Read)
                  00008fa0    0000016c     libc.a : strtoull.c.obj (.text.strtoull)
                  0000910c    00000154     Encoder.o (.text.MEASURE_MOTORS_SPEED)
                  00009260    00000152     hw_lcd.o (.text.Drawarc)
                  000093b2    0000014a     hw_lcd.o (.text.LCD_ArcRect)
                  000094fc    00000144     libc.a : strtol.c.obj (.text.strtol)
                  00009640    0000013c            : _printfi.c.obj (.text.fcvt)
                  0000977c    0000012c            : strtoul.c.obj (.text.strtoul)
                  000098a8    00000128     hw_lcd.o (.text.LCD_ShowChinese)
                  000099d0    00000120     libc.a : _printfi.c.obj (.text._pconv_e)
                  00009af0    00000114            : memory.c.obj (.text.aligned_alloc)
                  00009c04    0000010c     hw_lcd.o (.text.LCD_DrawLine)
                  00009d10    0000010c     libclang_rt.builtins.a : divdf3.S.obj (.text.__divdf3)
                  00009e1c    00000104     driverlib.a : dl_timer.o (.text.DL_Timer_initFourCCPWMMode)
                  00009f20    000000f8     libc.a : fputs.c.obj (.text.fputs)
                  0000a018    000000e8     driverlib.a : dl_timer.o (.text.DL_Timer_initTimerMode)
                  0000a100    000000e8     ti_msp_dl_config.o (.text.SYSCFG_DL_initPower)
                  0000a1e8    000000e8     libc.a : memory.c.obj (.text.free)
                  0000a2d0    000000e4     app_lcd.o (.text.Draw_App_UI_PID_Background)
                  0000a3b4    000000e4     libclang_rt.builtins.a : muldf3.S.obj (.text.__muldf3)
                  0000a498    000000e4     task.o (.text.handle_ack)
                  0000a57c    000000e0     libc.a : setvbuf.c.obj (.text.setvbuf)
                  0000a65c    000000dc     driverlib.a : dl_sysctl_mspm0g1x0x_g3x0x.o (.text.DL_SYSCTL_configSYSPLL)
                  0000a738    000000d8     libc.a : s_scalbn.c.obj (.text.scalbn)
                  0000a810    000000d8     libclang_rt.builtins.a : addsf3.S.obj (.text)
                  0000a8e8    000000d4     bsp_gyro.o (.text.readDataJy61p)
                  0000a9bc    000000cc     app_lcd.o (.text.Draw_Dashboard_Page4_Background)
                  0000aa88    000000cc     bsp_hc05.o (.text.UART1_IRQHandler)
                  0000ab54    000000c8     app_lcd.o (.text.Draw_Speed_Bar)
                  0000ac1c    000000c4     empty.o (.text.main)
                  0000ace0    000000c0     motor_ctrl.o (.text.PID_Calculate)
                  0000ada0    000000b0     bsp_gyro.o (.text.I2C_WaitAck)
                  0000ae50    000000a8     bsp_gyro.o (.text.jy61pInit)
                  0000aef8    000000a4     motor_ctrl.o (.text.Car_Set_Speed_Unified)
                  0000af9c    000000a2     libclang_rt.builtins.a : udivmoddi4.S.obj (.text)
                  0000b03e    00000002                            : aeabi_div0.c.obj (.text.__aeabi_ldiv0)
                  0000b040    0000009c     motor_ctrl.o (.text.Set_Motor1_Speed)
                  0000b0dc    0000009c     app_lcd.o (.text.UI_DrawTitleCenter)
                  0000b178    00000098     bsp_gyro.o (.text.Read_Byte)
                  0000b210    00000098     motor_ctrl.o (.text.Set_Motor2_Speed)
                  0000b2a8    00000098     bsp_gyro.o (.text.writeDataJy61p)
                  0000b340    00000094     bsp_gyro.o (.text.Send_Byte)
                  0000b3d4    0000008c     ti_msp_dl_config.o (.text.SYSCFG_DL_PWM_0_init)
                  0000b460    0000008c     libclang_rt.builtins.a : mulsf3.S.obj (.text.__mulsf3)
                  0000b4ec    0000008a     app_lcd.o (.text.TFT_ShowBinNum12)
                  0000b576    00000002     libc.a : _lock.c.obj (.text._nop)
                  0000b578    00000088     usart.o (.text.UART2_IRQHandler)
                  0000b600    00000088     usart.o (.text.UART3_IRQHandler)
                  0000b688    00000008     libc.a : _scanfi.c.obj (.text.OUTLINED_FUNCTION_0)
                  0000b690    00000088            : strcmp-armv6m.S.obj (.text:strcmp)
                  0000b718    00000084     ti_msp_dl_config.o (.text.__NVIC_SetPriority)
                  0000b79c    00000082     libclang_rt.builtins.a : divsf3.S.obj (.text.__divsf3)
                  0000b81e    00000002     --HOLE-- [fill = 0]
                  0000b820    0000007c     bsp_gyro.o (.text.IIC_Send_Ack)
                  0000b89c    0000007c     timer.o (.text.NVIC_EnableIRQ_Init)
                  0000b918    0000007c     task.o (.text.Task_Scheduler)
                  0000b994    0000007c     libc.a : fclose.c.obj (.text.__TI_closefile)
                  0000ba10    0000007c            : copy_decompress_lzss.c.obj (.text:decompress:lzss)
                  0000ba8c    00000078     empty.o (.text.PD42S1_Init)
                  0000bb04    00000074     libclang_rt.builtins.a : comparedf2.c.obj (.text.__gedf2)
                  0000bb78    00000008     libc.a : strtod.c.obj (.text.OUTLINED_FUNCTION_0)
                  0000bb80    00000074     libclang_rt.builtins.a : truncdfsf2.S.obj (.text.__truncdfsf2)
                  0000bbf4    00000074     libc.a : sscanf.c.obj (.text._chkmbc)
                  0000bc68    00000074     smd.o (.text.smd_send_data)
                  0000bcdc    00000070     ti_msp_dl_config.o (.text.SYSCFG_DL_init)
                  0000bd4c    0000006e     smd.o (.text.smd_pos_mode)
                  0000bdba    00000002     --HOLE-- [fill = 0]
                  0000bdbc    0000006c     libsysbm.a : hostlseek.c.obj (.text.HOSTlseek)
                  0000be28    0000006c                : hostrename.c.obj (.text.HOSTrename)
                  0000be94    0000006c     Encoder.o (.text.Motor2_Get_Speed)
                  0000bf00    0000006c     libc.a : fseek.c.obj (.text.fseeko)
                  0000bf6c    0000006c            : getdevice.c.obj (.text.getdevice)
                  0000bfd8    00000068     libclang_rt.builtins.a : comparedf2.c.obj (.text.__ledf2)
                  0000c040    00000068     smd.o (.text.smd_speed_mode)
                  0000c0a8    00000066     libc.a : _printfi.c.obj (.text._mcpy)
                  0000c10e    00000002     --HOLE-- [fill = 0]
                  0000c110    00000064     driverlib.a : dl_sysctl_mspm0g1x0x_g3x0x.o (.text.DL_SYSCTL_setHFCLKSourceHFXTParams)
                  0000c174    00000064     Encoder.o (.text.Motor1_Get_Speed)
                  0000c1d8    00000064     libc.a : _io_perm.c.obj (.text.__TI_wrt_ok)
                  0000c23c    00000064            : memory.c.obj (.text.split)
                  0000c2a0    00000062     hw_lcd.o (.text.LCD_ShowString)
                  0000c302    00000002     --HOLE-- [fill = 0]
                  0000c304    00000062     libclang_rt.builtins.a : aeabi_dcmp.S.obj (.text.__aeabi_dcmp)
                  0000c366    00000002     --HOLE-- [fill = 0]
                  0000c368    00000062                            : aeabi_fcmp.S.obj (.text.__aeabi_fcmp)
                  0000c3ca    00000002     --HOLE-- [fill = 0]
                  0000c3cc    00000060     libsysbm.a : hostopen.c.obj (.text.HOSTopen)
                  0000c42c    00000060     ti_msp_dl_config.o (.text.SYSCFG_DL_UART_1_init)
                  0000c48c    00000060     ti_msp_dl_config.o (.text.SYSCFG_DL_UART_MOTOR_2_init)
                  0000c4ec    00000060     ti_msp_dl_config.o (.text.SYSCFG_DL_UART_MOTOR_init)
                  0000c54c    0000005c     bsp_gyro.o (.text.IIC_Start)
                  0000c5a8    0000005c     hw_lcd.o (.text.LCD_Fill)
                  0000c604    0000005c     libc.a : s_frexp.c.obj (.text.frexp)
                  0000c660    0000005c            : printf.c.obj (.text.printf)
                  0000c6bc    00000058     libsysbm.a : hostread.c.obj (.text.HOSTread)
                  0000c714    00000058                : hostwrite.c.obj (.text.HOSTwrite)
                  0000c76c    00000058     app_lcd.o (.text.Update_App_UI_PID_Values)
                  0000c7c4    00000058     libc.a : _ltoa.c.obj (.text.__TI_ltoa)
                  0000c81c    00000058            : _printfi.c.obj (.text._pconv_f)
                  0000c874    00000056     libclang_rt.builtins.a : aeabi_idivmod.S.obj (.text.__aeabi_idivmod)
                  0000c8ca    00000002     --HOLE-- [fill = 0]
                  0000c8cc    00000054     ti_msp_dl_config.o (.text.SYSCFG_DL_UART_0_init)
                  0000c920    00000052     hw_lcd.o (.text.LCD_DrawRectangle)
                  0000c972    00000052     libc.a : fflush.c.obj (.text.__TI_doflush)
                  0000c9c4    00000052            : _printfi.c.obj (.text._ecpy)
                  0000ca16    00000002     --HOLE-- [fill = 0]
                  0000ca18    00000050     bsp_gyro.o (.text.IIC_Stop)
                  0000ca68    00000050     libsysbm.a : close.c.obj (.text.close)
                  0000cab8    0000004c     ti_msp_dl_config.o (.text.DL_UART_setBaudRateDivisor)
                  0000cb04    0000004a     libclang_rt.builtins.a : fixdfsi.S.obj (.text.__fixdfsi)
                  0000cb4e    00000002     --HOLE-- [fill = 0]
                  0000cb50    00000048     driverlib.a : dl_uart.o (.text.DL_UART_init)
                  0000cb98    00000048     libsysbm.a : hostclose.c.obj (.text.HOSTclose)
                  0000cbe0    00000048                : hostunlink.c.obj (.text.HOSTunlink)
                  0000cc28    00000048     motor_ctrl.o (.text.PID_Limit)
                  0000cc70    00000048     ti_msp_dl_config.o (.text.SYSCFG_DL_SYSCTL_init)
                  0000ccb8    00000048     task.o (.text.clear_uart_rx_buffer)
                  0000cd00    00000048     usart.o (.text.lc_printf)
                  0000cd48    00000046     smd.o (.text.smd_checksum)
                  0000cd8e    00000002     --HOLE-- [fill = 0]
                  0000cd90    00000044     driverlib.a : dl_spi.o (.text.DL_SPI_init)
                  0000cdd4    00000044                 : dl_sysctl_mspm0g1x0x_g3x0x.o (.text.DL_SYSCTL_switchMCLKfromSYSOSCtoHSCLK)
                  0000ce18    00000044     smd.o (.text.smd_origin_aoto_zero)
                  0000ce5c    00000042     libclang_rt.builtins.a : fixunsdfsi.S.obj (.text.__fixunsdfsi)
                  0000ce9e    00000002     --HOLE-- [fill = 0]
                  0000cea0    00000040     ti_msp_dl_config.o (.text.SYSCFG_DL_SPI_LCD_init)
                  0000cee0    00000040     libclang_rt.builtins.a : aeabi_uidivmod.S.obj (.text.__aeabi_uidivmod)
                  0000cf20    00000040                            : extendsfdf2.S.obj (.text.__extendsfdf2)
                  0000cf60    00000040     libc.a : atoi.c.obj (.text.atoi)
                  0000cfa0    00000040            : vsnprintf.c.obj (.text.vsnprintf)
                  0000cfe0    0000003e     hw_lcd.o (.text.LCD_Address_Set)
                  0000d01e    0000003c     bsp_hc05.o (.text.BLE_send_String)
                  0000d05a    00000002     --HOLE-- [fill = 0]
                  0000d05c    0000003c     ti_msp_dl_config.o (.text.DL_Timer_setCounterControl)
                  0000d098    0000003c     libclang_rt.builtins.a : floatsisf.S.obj (.text.__floatsisf)
                  0000d0d4    0000003c                            : comparesf2.S.obj (.text.__gtsf2)
                  0000d110    0000003c     smd.o (.text.smd_param_save)
                  0000d14c    0000003c     usart.o (.text.uart0_send_string)
                  0000d188    0000003c     libc.a : autoinit.c.obj (.text:__TI_auto_init_nobinit_nopinit)
                  0000d1c4    0000003a     libclang_rt.builtins.a : comparesf2.S.obj (.text.__eqsf2)
                  0000d1fe    00000002     --HOLE-- [fill = 0]
                  0000d200    0000003a                            : muldsi3.S.obj (.text.__muldsi3)
                  0000d23a    00000002     --HOLE-- [fill = 0]
                  0000d23c    00000038                            : fixsfsi.S.obj (.text.__fixsfsi)
                  0000d274    00000038     libc.a : sprintf.c.obj (.text.sprintf)
                  0000d2ac    00000036     motor_ctrl.o (.text.PWM_Limit)
                  0000d2e2    00000002     --HOLE-- [fill = 0]
                  0000d2e4    00000034     ti_msp_dl_config.o (.text.DL_GPIO_initDigitalInputFeatures)
                  0000d318    00000034     ti_msp_dl_config.o (.text.SYSCFG_DL_TIMER_0_init)
                  0000d34c    00000034     ti_msp_dl_config.o (.text.SYSCFG_DL_TIMER_1_init)
                  0000d380    00000034     ti_msp_dl_config.o (.text.SYSCFG_DL_TIMER_2_init)
                  0000d3b4    00000034     ti_msp_dl_config.o (.text.SYSCFG_DL_TIMER_MOTOR_init)
                  0000d3e8    00000034     libc.a : fopen.c.obj (.text.__TI_cleanup)
                  0000d41c    00000034     libsysbm.a : trgmsg.c.obj (.text.__TI_readmsg)
                  0000d450    00000034                : trgmsg.c.obj (.text.__TI_writemsg)
                  0000d484    00000034     libc.a : exit.c.obj (.text.exit)
                  0000d4b8    00000034            : getdevice.c.obj (.text.finddevice)
                  0000d4ec    00000032            : strstr.c.obj (.text.strstr)
                  0000d51e    00000002     --HOLE-- [fill = 0]
                  0000d520    00000030     ti_msp_dl_config.o (.text.DL_GPIO_initDigitalOutputFeatures)
                  0000d550    00000030     ti_msp_dl_config.o (.text.DL_SPI_setFIFOThreshold)
                  0000d580    00000030     hw_lcd.o (.text.LCD_WR_REG)
                  0000d5b0    00000030     hw_lcd.o (.text.LCD_Writ_Bus)
                  0000d5e0    00000030     usart.o (.text.UART0_IRQHandler)
                  0000d610    00000030     libc.a : _printfi.c.obj (.text._fcpy)
                  0000d640    00000030            : vsnprintf.c.obj (.text._outs)
                  0000d670    00000030     hw_spi.o (.text.spi_write_bus)
                  0000d6a0    00000030     libc.a : sscanf.c.obj (.text.sscanf)
                  0000d6d0    0000002c     empty.o (.text.LCD_Init)
                  0000d6fc    0000002c     bsp_hc05.o (.text.__NVIC_ClearPendingIRQ)
                  0000d728    0000002c     timer.o (.text.__NVIC_ClearPendingIRQ)
                  0000d754    0000002c     bsp_hc05.o (.text.__NVIC_EnableIRQ)
                  0000d780    0000002c     timer.o (.text.__NVIC_EnableIRQ)
                  0000d7ac    0000002c     libclang_rt.builtins.a : floatsidf.S.obj (.text.__floatsidf)
                  0000d7d8    0000002c     usart.o (.text.uart0_send_char)
                  0000d804    0000002c     usart.o (.text.uart1_send_char)
                  0000d830    0000002c     libsysbm.a : unlink.c.obj (.text.unlink)
                  0000d85c    00000028     ti_msp_dl_config.o (.text.DL_Common_updateReg)
                  0000d884    00000028     ti_msp_dl_config.o (.text.DL_UART_setRXFIFOThreshold)
                  0000d8ac    00000028     ti_msp_dl_config.o (.text.DL_UART_setTXFIFOThreshold)
                  0000d8d4    00000028     libclang_rt.builtins.a : floatunsisf.S.obj (.text.__floatunsisf)
                  0000d8fc    00000028     libc.a : memory.c.obj (.text.free_list_insert)
                  0000d924    00000028     libsysbm.a : lseek.c.obj (.text.lseek)
                  0000d94c    00000028                : write.c.obj (.text.write)
                  0000d974    00000028     libc.a : boot_cortex_m.c.obj (.text:_c_int00_noargs)
                  0000d99c    00000024     ti_msp_dl_config.o (.text.DL_SPI_setBitRateSerialClockDivider)
                  0000d9c0    00000024     motor_ctrl.o (.text.Set_Motor1_PWM)
                  0000d9e4    00000024     motor_ctrl.o (.text.Set_Motor2_PWM)
                  0000da08    00000024     timer.o (.text.TIMG7_IRQHandler)
                  0000da2c    00000024     libclang_rt.builtins.a : floatunsidf.S.obj (.text.__floatunsidf)
                  0000da50    00000024                            : muldi3.S.obj (.text.__muldi3)
                  0000da74    00000024     process_frame.o (.text.bytes_to_float)
                  0000da98    00000022     libc.a : memccpy.c.obj (.text.memccpy)
                  0000daba    00000022            : strncmp.c.obj (.text.strncmp)
                  0000dadc    00000020     ti_msp_dl_config.o (.text.DL_GPIO_initPeripheralInputFunction)
                  0000dafc    00000020     Encoder.o (.text.DL_Interrupt_getStatusGroup)
                  0000db1c    00000020     ti_msp_dl_config.o (.text.DL_SYSCTL_setFlashWaitState)
                  0000db3c    00000020     driverlib.a : dl_uart.o (.text.DL_UART_transmitDataBlocking)
                  0000db5c    00000020     hw_lcd.o (.text.LCD_DrawPoint)
                  0000db7c    0000001e     ti_msp_dl_config.o (.text.DL_UART_setOversampling)
                  0000db9a    00000002     --HOLE-- [fill = 0]
                  0000db9c    0000001e     libclang_rt.builtins.a : ashldi3.S.obj (.text.__ashldi3)
                  0000dbba    00000002     --HOLE-- [fill = 0]
                  0000dbbc    0000001c     bsp_hc05.o (.text.BLE_Send_Bit)
                  0000dbd8    0000001c     Encoder.o (.text.DL_GPIO_clearInterruptStatus)
                  0000dbf4    0000001c     ti_msp_dl_config.o (.text.DL_GPIO_clearInterruptStatus)
                  0000dc10    0000001c     ti_msp_dl_config.o (.text.DL_GPIO_enableInterrupt)
                  0000dc2c    0000001c     bsp_gyro.o (.text.DL_GPIO_initDigitalInput)
                  0000dc48    0000001c     ti_msp_dl_config.o (.text.DL_GPIO_initPeripheralOutputFunction)
                  0000dc64    0000001c     ti_msp_dl_config.o (.text.DL_GPIO_setLowerPinsPolarity)
                  0000dc80    0000001c     ti_msp_dl_config.o (.text.DL_SYSCTL_setSYSOSCFreq)
                  0000dc9c    0000001c     ti_msp_dl_config.o (.text.DL_SYSCTL_setULPCLKDivider)
                  0000dcb8    0000001c     ti_msp_dl_config.o (.text.DL_Timer_enableInterrupt)
                  0000dcd4    0000001c     driverlib.a : dl_timer.o (.text.DL_Timer_setCaptCompUpdateMethod)
                  0000dcf0    0000001c                 : dl_timer.o (.text.DL_Timer_setClockConfig)
                  0000dd0c    0000001c     ti_msp_dl_config.o (.text.DL_UART_enableInterrupt)
                  0000dd28    0000001c     hw_lcd.o (.text.LCD_WR_DATA)
                  0000dd44    0000001c     ti_msp_dl_config.o (.text.SYSCFG_DL_SYSCTL_CLK_init)
                  0000dd60    0000001c     usart.o (.text.fputc)
                  0000dd7c    0000001c     libc.a : memory.c.obj (.text.free_list_remove)
                  0000dd98    00000018     bsp_gyro.o (.text.DL_GPIO_enableOutput)
                  0000ddb0    00000018     ti_msp_dl_config.o (.text.DL_GPIO_enableOutput)
                  0000ddc8    00000018     ti_msp_dl_config.o (.text.DL_GPIO_enablePower)
                  0000dde0    00000018     Encoder.o (.text.DL_GPIO_getEnabledInterruptStatus)
                  0000ddf8    00000018     bsp_gyro.o (.text.DL_GPIO_initDigitalOutput)
                  0000de10    00000018     ti_msp_dl_config.o (.text.DL_GPIO_initDigitalOutput)
                  0000de28    00000018     ti_msp_dl_config.o (.text.DL_GPIO_initPeripheralAnalogFunction)
                  0000de40    00000018     ti_msp_dl_config.o (.text.DL_GPIO_reset)
                  0000de58    00000018     bsp_gyro.o (.text.DL_GPIO_setPins)
                  0000de70    00000018     empty.o (.text.DL_GPIO_setPins)
                  0000de88    00000018     hw_lcd.o (.text.DL_GPIO_setPins)
                  0000dea0    00000018     motor_ctrl.o (.text.DL_GPIO_setPins)
                  0000deb8    00000018     task.o (.text.DL_GPIO_setPins)
                  0000ded0    00000018     ti_msp_dl_config.o (.text.DL_GPIO_setPins)
                  0000dee8    00000018     ti_msp_dl_config.o (.text.DL_GPIO_setUpperPinsPolarity)
                  0000df00    00000018     timer.o (.text.DL_GPIO_togglePins)
                  0000df18    00000018     ti_msp_dl_config.o (.text.DL_SPI_enable)
                  0000df30    00000018     ti_msp_dl_config.o (.text.DL_SPI_enablePower)
                  0000df48    00000018     hw_spi.o (.text.DL_SPI_isBusy)
                  0000df60    00000018     ti_msp_dl_config.o (.text.DL_SPI_reset)
                  0000df78    00000018     ti_msp_dl_config.o (.text.DL_SYSCTL_setBORThreshold)
                  0000df90    00000018     ti_msp_dl_config.o (.text.DL_Timer_enablePower)
                  0000dfa8    00000018     ti_msp_dl_config.o (.text.DL_Timer_reset)
                  0000dfc0    00000018     driverlib.a : dl_timer.o (.text.DL_Timer_setCaptureCompareOutCtl)
                  0000dfd8    00000018     timer.o (.text.DL_Timer_startCounter)
                  0000dff0    00000018     bsp_hc05.o (.text.DL_UART_clearInterruptStatus)
                  0000e008    00000018     ti_msp_dl_config.o (.text.DL_UART_enableFIFOs)
                  0000e020    00000018     ti_msp_dl_config.o (.text.DL_UART_enablePower)
                  0000e038    00000018     usart.o (.text.DL_UART_isBusy)
                  0000e050    00000018     bsp_hc05.o (.text.DL_UART_isRXFIFOEmpty)
                  0000e068    00000018     ti_msp_dl_config.o (.text.DL_UART_reset)
                  0000e080    00000018     motor_ctrl.o (.text.SET_MOTORS_SPEED)
                  0000e098    00000018     timer.o (.text.TIMG0_IRQHandler)
                  0000e0b0    00000018     libc.a : vsnprintf.c.obj (.text._outc)
                  0000e0c8    00000018            : sprintf.c.obj (.text._outs)
                  0000e0e0    00000018     delay.o (.text.delay_ms)
                  0000e0f8    00000016     bsp_hc05.o (.text.Bluetooth_Init)
                  0000e10e    00000016     Encoder.o (.text.DL_GPIO_readPins)
                  0000e124    00000016     bsp_gyro.o (.text.DL_GPIO_readPins)
                  0000e13a    00000016     gw_gray.o (.text.DL_GPIO_readPins)
                  0000e150    00000016     key.o (.text.DL_GPIO_readPins)
                  0000e166    00000016     hw_spi.o (.text.DL_SPI_transmitData8)
                  0000e17c    00000016     ti_msp_dl_config.o (.text.DL_UART_enable)
                  0000e192    00000016     usart.o (.text.DL_UART_transmitData)
                  0000e1a8    00000014     bsp_gyro.o (.text.DL_GPIO_clearPins)
                  0000e1bc    00000014     hw_lcd.o (.text.DL_GPIO_clearPins)
                  0000e1d0    00000014     motor_ctrl.o (.text.DL_GPIO_clearPins)
                  0000e1e4    00000014     task.o (.text.DL_GPIO_clearPins)
                  0000e1f8    00000014     ti_msp_dl_config.o (.text.DL_GPIO_clearPins)
                  0000e20c    00000014     ti_msp_dl_config.o (.text.DL_SYSCTL_disableSYSPLL)
                  0000e220    00000014     ti_msp_dl_config.o (.text.DL_Timer_enableClock)
                  0000e234    00000014     ti_msp_dl_config.o (.text.DL_Timer_setCCPDirection)
                  0000e248    00000014     bsp_hc05.o (.text.DL_UART_receiveData)
                  0000e25c    00000014     usart.o (.text.DL_UART_receiveData)
                  0000e270    00000014     hw_lcd.o (.text.LCD_WR_DATA8)
                  0000e284    00000014     libclang_rt.builtins.a : aeabi_uldivmod.S.obj (.text.__aeabi_uldivmod)
                  0000e298    00000014     libc.a : sscanf.c.obj (.text._inpchar)
                  0000e2ac    00000014     delay.o (.text.delay_us)
                  0000e2c0    00000014     libc.a : _printfi.c.obj (.text.strchr)
                  0000e2d4    00000012     driverlib.a : dl_spi.o (.text.DL_SPI_setClockConfig)
                  0000e2e6    00000012     timer.o (.text.DL_Timer_getPendingInterrupt)
                  0000e2f8    00000012     bsp_hc05.o (.text.DL_UART_getPendingInterrupt)
                  0000e30a    00000012     usart.o (.text.DL_UART_getPendingInterrupt)
                  0000e31c    00000012     driverlib.a : dl_uart.o (.text.DL_UART_setClockConfig)
                  0000e32e    00000012     libc.a : memcpy16.S.obj (.text:TI_memcpy_small)
                  0000e340    00000012            : copy_decompress_none.c.obj (.text:decompress:none)
                  0000e352    00000002     --HOLE-- [fill = 0]
                  0000e354    00000010     ti_msp_dl_config.o (.text.DL_SYSCTL_disableHFXT)
                  0000e364    00000010     driverlib.a : dl_timer.o (.text.DL_Timer_setCaptureCompareValue)
                  0000e374    00000010     libc.a : wcslen.c.obj (.text.wcslen)
                  0000e384    00000010            : copy_zero_init.c.obj (.text:decompress:ZI)
                  0000e394    0000000e            : memory.c.obj (.text.OUTLINED_FUNCTION_0)
                  0000e3a2    0000000e            : _scanfi.c.obj (.text.OUTLINED_FUNCTION_1)
                  0000e3b0    0000000e            : _scanfi.c.obj (.text.OUTLINED_FUNCTION_2)
                  0000e3be    0000000e            : _scanfi.c.obj (.text.OUTLINED_FUNCTION_4)
                  0000e3cc    0000000e     libclang_rt.builtins.a : aeabi_memset.S.obj (.text.__aeabi_memset)
                  0000e3da    0000000e     libsysbm.a : hostrename.c.obj (.text.strcpy)
                  0000e3e8    0000000e     libc.a : _printfi.c.obj (.text.strlen)
                  0000e3f6    0000000e     libsysbm.a : hostrename.c.obj (.text.strlen)
                  0000e404    0000000e     libc.a : memset16.S.obj (.text:TI_memset_small)
                  0000e412    00000002     --HOLE-- [fill = 0]
                  0000e414    0000000c     ti_msp_dl_config.o (.text.DL_SYSCTL_getClockStatus)
                  0000e420    0000000c     libclang_rt.builtins.a : aeabi_memset.S.obj (.text.__aeabi_memclr)
                  0000e42c    0000000c     libc.a : memory.c.obj (.text.malloc)
                  0000e438    0000000a     driverlib.a : dl_common.o (.text.DL_Common_delayCycles)
                  0000e442    0000000a     libc.a : _printfi.c.obj (.text.OUTLINED_FUNCTION_0)
                  0000e44c    00000010     libclang_rt.builtins.a : adddf3.S.obj (.tramp.__aeabi_dsub.1)
                  0000e45c    0000000a     libc.a : _printfi.c.obj (.text.OUTLINED_FUNCTION_1)
                  0000e466    0000000a            : sprintf.c.obj (.text._outc)
                  0000e470    0000000a            : atof.c.obj (.text.atof)
                  0000e47a    00000008            : strtod.c.obj (.text.OUTLINED_FUNCTION_1)
                  0000e482    00000002     --HOLE-- [fill = 0]
                  0000e484    00000010     libclang_rt.builtins.a : aeabi_dcmp.S.obj (.tramp.__aeabi_dcmpeq.1)
                  0000e494    00000008     libc.a : aeabi_portable.c.obj (.text.__aeabi_errno_addr)
                  0000e49c    00000008     libclang_rt.builtins.a : aeabi_memcpy.S.obj (.text.__aeabi_memcpy)
                  0000e4a4    00000008     libc.a : printf.c.obj (.text._outc)
                  0000e4ac    00000008            : printf.c.obj (.text._outs)
                  0000e4b4    00000008            : sscanf.c.obj (.text._uninpchar)
                  0000e4bc    00000008            : fseek.c.obj (.text.fseek)
                  0000e4c4    00000008     libsysbm.a : remove.c.obj (.text.remove)
                  0000e4cc    00000006     libc.a : _scanfi.c.obj (.text.OUTLINED_FUNCTION_3)
                  0000e4d2    00000006            : exit.c.obj (.text:abort)
                  0000e4d8    00000004     startup_mspm0g350x_ticlang.o (.text.Default_Handler)
                  0000e4dc    00000004     libsysbm.a : hostexit.c.obj (.text.HOSTexit)
                  0000e4e0    00000004     startup_mspm0g350x_ticlang.o (.text.Reset_Handler)
                  0000e4e4    00000010     libc.a : boot_cortex_m.c.obj (.tramp._c_int00_noargs.1)
                  0000e4f4    00000004            : pre_init.c.obj (.text._system_pre_init)
                  0000e4f8    00000008     --HOLE-- [fill = 0]

.cinit     0    00013920    000000f0     
                  00013920    000000ca     (.cinit..data.load) [load image, compression = lzss]
                  000139ea    00000002     --HOLE-- [fill = 0]
                  000139ec    0000000c     (__TI_handler_table)
                  000139f8    00000008     (.cinit..bss.load) [load image, compression = zero_init]
                  00013a00    00000010     (__TI_cinit_table)

.rodata    0    0000e500    00005420     
                  0000e500    000017c0     hw_lcd.o (.rodata.ascii_3216)
                  0000fcc0    000011d0     hw_lcd.o (.rodata.ascii_2412)
                  00010e90    000005f0     hw_lcd.o (.rodata.ascii_1608)
                  00011480    000005be     hw_lcd.o (.rodata.tfont16)
                  00011a3e    00000474     hw_lcd.o (.rodata.ascii_1206)
                  00011eb2    0000000e     bsp_gyro.o (.rodata.str1.10990277925226065004.1)
                  00011ec0    00000101     libc.a : aeabi_ctype.S.obj (.rodata:__aeabi_ctype_table_)
                  00011fc1    000000e1     hw_lcd.o (.rodata.tfont24)
                  000120a2    00000087     hw_lcd.o (.rodata.tfont12)
                  00012129    00000083     hw_lcd.o (.rodata.tfont32)
                  000121ac    00000004     bsp_hc05.o (.rodata.str1.11416778481619892502.1)
                  000121b0    00000080     libc.a : strtod.c.obj (.rodata.digits)
                  00012230    00000057     process_frame.o (.rodata.str1.15406065245292024101.1)
                  00012287    00000001     usart.o (.rodata.str1.8042789726600679348.1)
                  00012288    00000048     libc.a : strtod.c.obj (.rodata.powerof10)
                  000122d0    00000046     process_frame.o (.rodata.str1.1950358614119841381.1)
                  00012316    00000039     process_frame.o (.rodata.str1.11122501072636281178.1)
                  0001234f    00000039     process_frame.o (.rodata.str1.13944180192094669666.1)
                  00012388    00000039     process_frame.o (.rodata.str1.16458425149224990052.1)
                  000123c1    00000039     process_frame.o (.rodata.str1.17817298505687536148.1)
                  000123fa    00000039     process_frame.o (.rodata.str1.18387671900880032553.1)
                  00012433    00000039     process_frame.o (.rodata.str1.2091013008564360263.1)
                  0001246c    00000039     process_frame.o (.rodata.str1.2905210972986375738.1)
                  000124a5    00000039     process_frame.o (.rodata.str1.3629284886641759624.1)
                  000124de    00000039     process_frame.o (.rodata.str1.4592919056536228213.1)
                  00012517    00000039     process_frame.o (.rodata.str1.6763919436921440556.1)
                  00012550    00000033     process_frame.o (.rodata.str1.13940260747528630120.1)
                  00012583    00000033     process_frame.o (.rodata.str1.16352595636036218800.1)
                  000125b6    00000032     process_frame.o (.rodata.str1.14733736242370770201.1)
                  000125e8    00000032     process_frame.o (.rodata.str1.17350960118832902729.1)
                  0001261a    00000002     ti_msp_dl_config.o (.rodata.gSPI_LCD_clockConfig)
                  0001261c    00000030     gw_gray.o (.rodata.Huidu_Weights)
                  0001264c    00000030     process_frame.o (.rodata.str1.3865989322035007800.1)
                  0001267c    00000030     process_frame.o (.rodata.str1.6942756099041912204.1)
                  000126ac    0000002f     process_frame.o (.rodata.str1.4442802706634033956.1)
                  000126db    0000002c     process_frame.o (.rodata.str1.12315553405314887059.1)
                  00012707    0000002b     process_frame.o (.rodata.str1.17600249310412522222.1)
                  00012732    0000002b     process_frame.o (.rodata.str1.3992655759568463597.1)
                  0001275d    00000003     ti_msp_dl_config.o (.rodata.gPWM_0ClockConfig)
                  00012760    00000028     ti_msp_dl_config.o (.rodata.gSYSPLLConfig)
                  00012788    00000028     process_frame.o (.rodata.str1.8797713440668153027.1)
                  000127b0    00000028     process_frame.o (.rodata.str1.8887818711753079855.1)
                  000127d8    00000028     process_frame.o (.rodata.str1.9872440241764994453.1)
                  00012800    00000027     process_frame.o (.rodata.str1.1705334256264181150.1)
                  00012827    00000027     process_frame.o (.rodata.str1.18329249249335819744.1)
                  0001284e    00000026     process_frame.o (.rodata.str1.10653233286120593107.1)
                  00012874    00000026     process_frame.o (.rodata.str1.11669363893138172446.1)
                  0001289a    00000026     process_frame.o (.rodata.str1.15343885748774326422.1)
                  000128c0    00000026     process_frame.o (.rodata.str1.16314720361015936382.1)
                  000128e6    00000025     usart.o (.rodata.str1.7039126498588362271.1)
                  0001290b    00000025     process_frame.o (.rodata.str1.7890473555855232919.1)
                  00012930    00000024     process_frame.o (.rodata.str1.2860114650404898205.1)
                  00012954    00000023     process_frame.o (.rodata.str1.11593191495315316154.1)
                  00012977    00000023     process_frame.o (.rodata.str1.2881873388082627721.1)
                  0001299a    00000023     process_frame.o (.rodata.str1.8449203420324340637.1)
                  000129bd    00000023     process_frame.o (.rodata.str1.9976049253793529526.1)
                  000129e0    00000022     process_frame.o (.rodata.str1.12253689095954255380.1)
                  00012a02    00000022     process_frame.o (.rodata.str1.7383977952099601023.1)
                  00012a24    00000021     process_frame.o (.rodata.str1.11807572129791684753.1)
                  00012a45    00000021     process_frame.o (.rodata.str1.13580449465254925816.1)
                  00012a66    00000021     process_frame.o (.rodata.str1.13629408559056181042.1)
                  00012a87    00000021     process_frame.o (.rodata.str1.13832332352487339029.1)
                  00012aa8    00000021     process_frame.o (.rodata.str1.14550840727247345338.1)
                  00012ac9    00000021     process_frame.o (.rodata.str1.16801269413220001550.1)
                  00012aea    00000021     process_frame.o (.rodata.str1.4465467787105641999.1)
                  00012b0b    00000021     process_frame.o (.rodata.str1.9212186930112395992.1)
                  00012b2c    00000021     process_frame.o (.rodata.str1.9325328435992323416.1)
                  00012b4d    00000021     process_frame.o (.rodata.str1.9396236349746069704.1)
                  00012b6e    00000020     process_frame.o (.rodata.str1.2612392027906833277.1)
                  00012b8e    00000020     process_frame.o (.rodata.str1.7219515415940176694.1)
                  00012bae    0000001f     process_frame.o (.rodata.str1.6113318422195383162.1)
                  00012bcd    0000001e     process_frame.o (.rodata.str1.11290968085014799103.1)
                  00012beb    0000001e     process_frame.o (.rodata.str1.34829199477829645.1)
                  00012c09    0000001d     process_frame.o (.rodata.str1.12792021902646671413.1)
                  00012c26    0000001d     process_frame.o (.rodata.str1.8007106507538827129.1)
                  00012c43    0000001d     process_frame.o (.rodata.str1.9168622634730417687.1)
                  00012c60    0000001b     process_frame.o (.rodata.str1.11171808053169856052.1)
                  00012c7b    0000001b     process_frame.o (.rodata.str1.12278898828207104760.1)
                  00012c96    0000001b     bsp_hc05.o (.rodata.str1.12857477131216209533.1)
                  00012cb1    0000001b     process_frame.o (.rodata.str1.14534741336728103605.1)
                  00012ccc    0000001b     process_frame.o (.rodata.str1.16013290866603938537.1)
                  00012ce7    0000001b     process_frame.o (.rodata.str1.17278088151910148700.1)
                  00012d02    0000001b     process_frame.o (.rodata.str1.204667775463634954.1)
                  00012d1d    0000001b     process_frame.o (.rodata.str1.2533652188634371598.1)
                  00012d38    0000001b     bsp_hc05.o (.rodata.str1.2786307171960418651.1)
                  00012d53    0000001b     process_frame.o (.rodata.str1.3544974003391926085.1)
                  00012d6e    0000001b     process_frame.o (.rodata.str1.5196522998372998635.1)
                  00012d89    0000001b     process_frame.o (.rodata.str1.607877630822168494.1)
                  00012da4    0000001b     process_frame.o (.rodata.str1.6673825624314248778.1)
                  00012dbf    0000001b     process_frame.o (.rodata.str1.955387091687397259.1)
                  00012dda    0000001b     bsp_hc05.o (.rodata.str1.9755350563150882595.1)
                  00012df5    0000001b     process_frame.o (.rodata.str1.9808201240723763062.1)
                  00012e10    0000001a     bsp_hc05.o (.rodata.str1.10353016123184819073.1)
                  00012e2a    0000001a     process_frame.o (.rodata.str1.1212862080715528474.1)
                  00012e44    0000001a     process_frame.o (.rodata.str1.14125596673224260793.1)
                  00012e5e    0000001a     bsp_hc05.o (.rodata.str1.14953824211584380770.1)
                  00012e78    0000001a     process_frame.o (.rodata.str1.15109562263965386874.1)
                  00012e92    0000001a     bsp_hc05.o (.rodata.str1.15537298066250095081.1)
                  00012eac    0000001a     bsp_hc05.o (.rodata.str1.15707240961723537542.1)
                  00012ec6    0000001a     bsp_hc05.o (.rodata.str1.16607332791294707504.1)
                  00012ee0    0000001a     process_frame.o (.rodata.str1.17274358000364909659.1)
                  00012efa    0000001a     process_frame.o (.rodata.str1.3945170778826406097.1)
                  00012f14    0000001a     process_frame.o (.rodata.str1.459643721121505238.1)
                  00012f2e    0000001a     process_frame.o (.rodata.str1.6127326650164880360.1)
                  00012f48    0000001a     bsp_hc05.o (.rodata.str1.6183175898216888544.1)
                  00012f62    00000019     process_frame.o (.rodata.str1.13774233115231426521.1)
                  00012f7b    00000019     process_frame.o (.rodata.str1.9166167786569493550.1)
                  00012f94    00000018     bsp_hc05.o (.rodata.str1.10694754623843023884.1)
                  00012fac    00000018     process_frame.o (.rodata.str1.11133690332762055747.1)
                  00012fc4    00000018     process_frame.o (.rodata.str1.12923447793312505991.1)
                  00012fdc    00000018     process_frame.o (.rodata.str1.1589250921394074883.1)
                  00012ff4    00000018     bsp_hc05.o (.rodata.str1.17203384519227699300.1)
                  0001300c    00000018     bsp_hc05.o (.rodata.str1.2375960239652308046.1)
                  00013024    00000018     bsp_hc05.o (.rodata.str1.3007942568810312162.1)
                  0001303c    00000018     bsp_hc05.o (.rodata.str1.3463330877628054740.1)
                  00013054    00000018     bsp_hc05.o (.rodata.str1.4262248855880416094.1)
                  0001306c    00000018     bsp_hc05.o (.rodata.str1.5197439180114607488.1)
                  00013084    00000018     process_frame.o (.rodata.str1.5878190481300552925.1)
                  0001309c    00000018     process_frame.o (.rodata.str1.7305616524445872802.1)
                  000130b4    00000017     process_frame.o (.rodata.str1.10384695468941578599.1)
                  000130cb    00000017     process_frame.o (.rodata.str1.12983149095677024876.1)
                  000130e2    00000017     process_frame.o (.rodata.str1.3227146615650133898.1)
                  000130f9    00000017     process_frame.o (.rodata.str1.4432507344196240604.1)
                  00013110    00000017     bsp_hc05.o (.rodata.str1.6195543595259553437.1)
                  00013127    00000017     process_frame.o (.rodata.str1.7081158558556704231.1)
                  0001313e    00000016     process_frame.o (.rodata.str1.13598490378685294785.1)
                  00013154    00000015     process_frame.o (.rodata.str1.10277615574418843689.1)
                  00013169    00000015     process_frame.o (.rodata.str1.10703597538766702885.1)
                  0001317e    00000015     process_frame.o (.rodata.str1.10734484309938270429.1)
                  00013193    00000015     process_frame.o (.rodata.str1.1074018275993266358.1)
                  000131a8    00000015     process_frame.o (.rodata.str1.11270759481181915615.1)
                  000131bd    00000015     process_frame.o (.rodata.str1.11765382326862237244.1)
                  000131d2    00000015     process_frame.o (.rodata.str1.12168580976189223413.1)
                  000131e7    00000015     process_frame.o (.rodata.str1.1319984516263068005.1)
                  000131fc    00000015     process_frame.o (.rodata.str1.13643137963986578320.1)
                  00013211    00000015     process_frame.o (.rodata.str1.15443516840175218960.1)
                  00013226    00000015     process_frame.o (.rodata.str1.15494568303702832771.1)
                  0001323b    00000015     process_frame.o (.rodata.str1.15556094595063892007.1)
                  00013250    00000015     process_frame.o (.rodata.str1.15747580397532747097.1)
                  00013265    00000015     process_frame.o (.rodata.str1.17654710490808441242.1)
                  0001327a    00000015     process_frame.o (.rodata.str1.18043246703940718604.1)
                  0001328f    00000015     process_frame.o (.rodata.str1.4363737936419467862.1)
                  000132a4    00000015     process_frame.o (.rodata.str1.5175870519962813687.1)
                  000132b9    00000015     process_frame.o (.rodata.str1.5405213431747094796.1)
                  000132ce    00000015     process_frame.o (.rodata.str1.5604170542703469511.1)
                  000132e3    00000015     process_frame.o (.rodata.str1.6839838820507189992.1)
                  000132f8    00000015     process_frame.o (.rodata.str1.711162040206868513.1)
                  0001330d    00000015     process_frame.o (.rodata.str1.7290855217214827309.1)
                  00013322    00000015     process_frame.o (.rodata.str1.8227384092334374229.1)
                  00013337    00000015     process_frame.o (.rodata.str1.9602110339237438368.1)
                  0001334c    00000015     process_frame.o (.rodata.str1.993057357403005059.1)
                  00013361    00000003     ti_msp_dl_config.o (.rodata.gTIMER_0ClockConfig)
                  00013364    00000014     bsp_hc05.o (.rodata..L__const.Receive_Bluetooth_Data.loop_names)
                  00013378    00000014     ti_msp_dl_config.o (.rodata.gTIMER_0TimerConfig)
                  0001338c    00000014     ti_msp_dl_config.o (.rodata.gTIMER_1TimerConfig)
                  000133a0    00000014     ti_msp_dl_config.o (.rodata.gTIMER_2TimerConfig)
                  000133b4    00000014     ti_msp_dl_config.o (.rodata.gTIMER_MOTORTimerConfig)
                  000133c8    00000014     bsp_hc05.o (.rodata.str1.18112216975721285145.1)
                  000133dc    00000013     app_lcd.o (.rodata.str1.102051252689415561.1)
                  000133ef    00000013     process_frame.o (.rodata.str1.15546828324001546497.1)
                  00013402    00000013     process_frame.o (.rodata.str1.584901390521040206.1)
                  00013415    00000013     process_frame.o (.rodata.str1.7512079366437544619.1)
                  00013428    00000013     process_frame.o (.rodata.str1.8718370637633138305.1)
                  0001343b    00000013     process_frame.o (.rodata.str1.9271063941403697216.1)
                  0001344e    00000012     process_frame.o (.rodata.str1.12951302802702251932.1)
                  00013460    00000012     process_frame.o (.rodata.str1.15118136819123937942.1)
                  00013472    00000012     process_frame.o (.rodata.str1.15240946626438767992.1)
                  00013484    00000012     process_frame.o (.rodata.str1.17816718024341078628.1)
                  00013496    00000012     process_frame.o (.rodata.str1.6670466626645186501.1)
                  000134a8    00000011     libc.a : _printfi.c.obj (.rodata.str1.10348868589481759720.1)
                  000134b9    00000011     process_frame.o (.rodata.str1.12462964236395049627.1)
                  000134ca    00000011     libc.a : _printfi.c.obj (.rodata.str1.15363888844622738466.1)
                  000134db    00000011     process_frame.o (.rodata.str1.17559119625635216723.1)
                  000134ec    00000010     process_frame.o (.rodata.str1.10562209359903002315.1)
                  000134fc    00000010     app_lcd.o (.rodata.str1.12811944563408041090.1)
                  0001350c    00000010     process_frame.o (.rodata.str1.15844287946160448044.1)
                  0001351c    00000010     process_frame.o (.rodata.str1.18062293534447331152.1)
                  0001352c    00000010     process_frame.o (.rodata.str1.5199943671885047465.1)
                  0001353c    00000010     app_lcd.o (.rodata.str1.6349795071564073564.1)
                  0001354c    00000010     process_frame.o (.rodata.str1.8068150394958721729.1)
                  0001355c    00000010     app_lcd.o (.rodata.str1.9201533854913268273.1)
                  0001356c    0000000f     process_frame.o (.rodata.str1.10230707438833815135.1)
                  0001357b    0000000f     process_frame.o (.rodata.str1.1259653315034628228.1)
                  0001358a    0000000f     process_frame.o (.rodata.str1.13817687411556119346.1)
                  00013599    0000000f     process_frame.o (.rodata.str1.15682803525917595981.1)
                  000135a8    0000000f     process_frame.o (.rodata.str1.16296974579761196606.1)
                  000135b7    0000000f     process_frame.o (.rodata.str1.16377341226128171569.1)
                  000135c6    0000000f     process_frame.o (.rodata.str1.16469301516874631013.1)
                  000135d5    0000000f     process_frame.o (.rodata.str1.1769509506816897275.1)
                  000135e4    0000000f     process_frame.o (.rodata.str1.18074625927149195750.1)
                  000135f3    0000000f     process_frame.o (.rodata.str1.2724147454265442978.1)
                  00013602    0000000f     process_frame.o (.rodata.str1.2857029334324915430.1)
                  00013611    0000000f     process_frame.o (.rodata.str1.3039785103767342630.1)
                  00013620    0000000f     process_frame.o (.rodata.str1.3892640461372077267.1)
                  0001362f    0000000f     process_frame.o (.rodata.str1.7411609411459071892.1)
                  0001363e    0000000f     process_frame.o (.rodata.str1.7820397433389199737.1)
                  0001364d    0000000f     process_frame.o (.rodata.str1.8929777035123133875.1)
                  0001365c    0000000d     app_lcd.o (.rodata.str1.3465169782858128008.1)
                  00013669    00000003     ti_msp_dl_config.o (.rodata.gTIMER_1ClockConfig)
                  0001366c    0000000c     bsp_hc05.o (.rodata..L__const.Receive_Bluetooth_Data.param_names)
                  00013678    0000000c     process_frame.o (.rodata.str1.10541455854378373581.1)
                  00013684    0000000c     bsp_hc05.o (.rodata.str1.15800228315644403027.1)
                  00013690    0000000c     process_frame.o (.rodata.str1.1607954444856862061.1)
                  0001369c    0000000c     process_frame.o (.rodata.str1.16367703433987975605.1)
                  000136a8    0000000c     app_lcd.o (.rodata.str1.17782221796624210012.1)
                  000136b4    0000000c     app_lcd.o (.rodata.str1.9165128977020242855.1)
                  000136c0    0000000b     bsp_hc05.o (.rodata.str1.10119946625092869138.1)
                  000136cb    0000000b     app_lcd.o (.rodata.str1.15530986687344850339.1)
                  000136d6    0000000b     app_lcd.o (.rodata.str1.16175230982318275063.1)
                  000136e1    0000000b     app_lcd.o (.rodata.str1.2058809375669827761.1)
                  000136ec    0000000b     app_lcd.o (.rodata.str1.4799539766186956695.1)
                  000136f7    0000000b     app_lcd.o (.rodata.str1.4977886642728178450.1)
                  00013702    0000000b     app_lcd.o (.rodata.str1.7042711918736856278.1)
                  0001370d    0000000b     app_lcd.o (.rodata.str1.8957246390520113307.1)
                  00013718    0000000a     ti_msp_dl_config.o (.rodata.gSPI_LCD_config)
                  00013722    0000000a     ti_msp_dl_config.o (.rodata.gUART_0Config)
                  0001372c    0000000a     ti_msp_dl_config.o (.rodata.gUART_1Config)
                  00013736    0000000a     ti_msp_dl_config.o (.rodata.gUART_MOTORConfig)
                  00013740    0000000a     ti_msp_dl_config.o (.rodata.gUART_MOTOR_2Config)
                  0001374a    0000000a     app_lcd.o (.rodata.str1.11134130795068035307.1)
                  00013754    0000000a     app_lcd.o (.rodata.str1.13241642209360785900.1)
                  0001375e    0000000a     app_lcd.o (.rodata.str1.18387103135226822343.1)
                  00013768    0000000a     app_lcd.o (.rodata.str1.2124207077713683975.1)
                  00013772    0000000a     app_lcd.o (.rodata.str1.3334765318547959075.1)
                  0001377c    0000000a     app_lcd.o (.rodata.str1.5304136160570486359.1)
                  00013786    0000000a     app_lcd.o (.rodata.str1.8928210681596863031.1)
                  00013790    00000009     app_lcd.o (.rodata.str1.10788722644179439360.1)
                  00013799    00000009     process_frame.o (.rodata.str1.11349787942915460530.1)
                  000137a2    00000009     process_frame.o (.rodata.str1.12842638767827297137.1)
                  000137ab    00000009     libc.a : _scanfi.c.obj (.rodata.str1.12964984209033246150.1)
                  000137b4    00000009     app_lcd.o (.rodata.str1.13072403728453878270.1)
                  000137bd    00000009     app_lcd.o (.rodata.str1.13140273351386974357.1)
                  000137c6    00000009     process_frame.o (.rodata.str1.1337484108073267558.1)
                  000137cf    00000009     process_frame.o (.rodata.str1.13677114339742309478.1)
                  000137d8    00000009     app_lcd.o (.rodata.str1.5760337850852210464.1)
                  000137e1    00000009     app_lcd.o (.rodata.str1.7570761537300556602.1)
                  000137ea    00000009     bsp_hc05.o (.rodata.str1.8047326875781305401.1)
                  000137f3    00000001     --HOLE-- [fill = 0]
                  000137f4    00000008     libc.a : _scanfi.c.obj (.rodata..L__const._sproc_float.special)
                  000137fc    00000008     ti_msp_dl_config.o (.rodata.gPWM_0Config)
                  00013804    00000008     app_lcd.o (.rodata.str1.14738272650228482597.1)
                  0001380c    00000007     libc.a : _scanfi.c.obj (.rodata._sproc_int.flit)
                  00013813    00000007     app_lcd.o (.rodata.str1.14805271017811419594.1)
                  0001381a    00000007     app_lcd.o (.rodata.str1.15561385583554869446.1)
                  00013821    00000007     app_lcd.o (.rodata.str1.3820146716804892460.1)
                  00013828    00000007     app_lcd.o (.rodata.str1.39947427019599253.1)
                  0001382f    00000007     app_lcd.o (.rodata.str1.510837891172709501.1)
                  00013836    00000007     app_lcd.o (.rodata.str1.8085872484538055056.1)
                  0001383d    00000006     libc.a : _scanfi.c.obj (.rodata._sproc_int.barr)
                  00013843    00000006     bsp_hc05.o (.rodata.str1.13330424523673385162.1)
                  00013849    00000006     bsp_hc05.o (.rodata.str1.17892114526148872459.1)
                  0001384f    00000005     bsp_hc05.o (.rodata.str1.10289882872619061834.1)
                  00013854    00000005     bsp_hc05.o (.rodata.str1.10473331904043259083.1)
                  00013859    00000005     bsp_hc05.o (.rodata.str1.10801494940809923750.1)
                  0001385e    00000005     bsp_hc05.o (.rodata.str1.1362896577091308104.1)
                  00013863    00000005     bsp_hc05.o (.rodata.str1.15039852858705047192.1)
                  00013868    00000005     bsp_hc05.o (.rodata.str1.17274137796200332795.1)
                  0001386d    00000005     bsp_hc05.o (.rodata.str1.3354574276789393457.1)
                  00013872    00000005     bsp_hc05.o (.rodata.str1.3520095024219818176.1)
                  00013877    00000005     bsp_hc05.o (.rodata.str1.5089336035733958924.1)
                  0001387c    00000005     bsp_hc05.o (.rodata.str1.5180633951407345269.1)
                  00013881    00000005     bsp_hc05.o (.rodata.str1.5998804925199186632.1)
                  00013886    00000005     bsp_hc05.o (.rodata.str1.7337504058993095449.1)
                  0001388b    00000005     bsp_hc05.o (.rodata.str1.8498071463261999676.1)
                  00013890    00000005     bsp_hc05.o (.rodata.str1.8764901193271902743.1)
                  00013895    00000005     bsp_hc05.o (.rodata.str1.8929765469781233888.1)
                  0001389a    00000004     bsp_hc05.o (.rodata.str1.11556754016959158993.1)
                  0001389e    00000004     bsp_hc05.o (.rodata.str1.12195087754453316883.1)
                  000138a2    00000004     bsp_hc05.o (.rodata.str1.14001602478973830490.1)
                  000138a6    00000004     bsp_hc05.o (.rodata.str1.14325638483809509597.1)
                  000138aa    00000004     bsp_hc05.o (.rodata.str1.16571306389723213576.1)
                  000138ae    00000004     bsp_hc05.o (.rodata.str1.16778377578198641234.1)
                  000138b2    00000004     bsp_hc05.o (.rodata.str1.17251456910606953831.1)
                  000138b6    00000004     bsp_hc05.o (.rodata.str1.18059199256373969363.1)
                  000138ba    00000004     bsp_hc05.o (.rodata.str1.18445854187321636784.1)
                  000138be    00000004     bsp_hc05.o (.rodata.str1.3047965978033049640.1)
                  000138c2    00000004     bsp_hc05.o (.rodata.str1.3050526053854803355.1)
                  000138c6    00000004     bsp_hc05.o (.rodata.str1.324205519261462619.1)
                  000138ca    00000004     libc.a : _scanfi.c.obj (.rodata.str1.3403580589742030990.1)
                  000138ce    00000004     bsp_hc05.o (.rodata.str1.7503754596988484761.1)
                  000138d2    00000004     bsp_hc05.o (.rodata.str1.8731487199786771678.1)
                  000138d6    00000004     bsp_hc05.o (.rodata.str1.8832039368784604571.1)
                  000138da    00000004     bsp_hc05.o (.rodata.str1.9364466521827586685.1)
                  000138de    00000004     bsp_hc05.o (.rodata.str1.9480896319391366045.1)
                  000138e2    00000003     ti_msp_dl_config.o (.rodata.gTIMER_2ClockConfig)
                  000138e5    00000003     ti_msp_dl_config.o (.rodata.gTIMER_MOTORClockConfig)
                  000138e8    00000003     bsp_hc05.o (.rodata.str1.11908258176259529294.1)
                  000138eb    00000003     bsp_hc05.o (.rodata.str1.13841139919076460986.1)
                  000138ee    00000003     bsp_hc05.o (.rodata.str1.14514748763830421538.1)
                  000138f1    00000003     bsp_hc05.o (.rodata.str1.15164818765878973559.1)
                  000138f4    00000003     bsp_hc05.o (.rodata.str1.17333095669774214045.1)
                  000138f7    00000002     ti_msp_dl_config.o (.rodata.gUART_0ClockConfig)
                  000138f9    00000002     ti_msp_dl_config.o (.rodata.gUART_1ClockConfig)
                  000138fb    00000002     ti_msp_dl_config.o (.rodata.gUART_MOTORClockConfig)
                  000138fd    00000002     ti_msp_dl_config.o (.rodata.gUART_MOTOR_2ClockConfig)
                  000138ff    00000002     bsp_hc05.o (.rodata.str1.10067433603244962376.1)
                  00013901    00000002     bsp_hc05.o (.rodata.str1.12026481410891382097.1)
                  00013903    00000002     bsp_hc05.o (.rodata.str1.1230202258718203619.1)
                  00013905    00000002     bsp_hc05.o (.rodata.str1.12458912928564315909.1)
                  00013907    00000002     bsp_hc05.o (.rodata.str1.12542103772617961219.1)
                  00013909    00000002     bsp_hc05.o (.rodata.str1.1371960083023252322.1)
                  0001390b    00000002     bsp_hc05.o (.rodata.str1.13996456663615364284.1)
                  0001390d    00000002     bsp_hc05.o (.rodata.str1.15560430896063154831.1)
                  0001390f    00000002     bsp_hc05.o (.rodata.str1.18203954090215353567.1)
                  00013911    00000002     bsp_hc05.o (.rodata.str1.18439079698168897088.1)
                  00013913    00000002     bsp_hc05.o (.rodata.str1.2512476363692514322.1)
                  00013915    00000002     bsp_hc05.o (.rodata.str1.2897035609106081879.1)
                  00013917    00000002     bsp_hc05.o (.rodata.str1.6751526618982326565.1)
                  00013919    00000002     bsp_hc05.o (.rodata.str1.6983540848001003311.1)
                  0001391b    00000002     usart.o (.rodata.str1.8314484817690864665.1)
                  0001391d    00000002     bsp_hc05.o (.rodata.str1.9963100240557346899.1)
                  0001391f    00000001     --HOLE-- [fill = 0]

.init_array 
*          0    00000000    00000000     UNINITIALIZED

.binit     0    00000000    00000000     

.bss       0    20200000    00000a0e     UNINITIALIZED
                  20200000    00000400     (.common:ble_ring_buf)
                  20200400    00000120     libsysbm.a : trgmsg.c.obj (.bss:_CIOBUF_)
                  20200520    000000bc     (.common:gPWM_0Backup)
                  202005dc    000000bc     (.common:gTIMER_MOTORBackup)
                  20200698    000000a0     libc.a : defs.c.obj (.bss.__TI_tmpnams)
                  20200738    000000a0     (.common:gTIMER_2Backup)
                  202007d8    00000080     bsp_hc05.o (.bss.Receive_Bluetooth_Data.local_buf)
                  20200858    00000080     (.common:g_rx2_cmd)
                  202008d8    00000080     (.common:g_rx_cmd)
                  20200958    00000030     (.common:gUART_MOTORBackup)
                  20200988    00000028     (.common:gSPI_LCDBackup)
                  202009b0    00000018     (.common:Key)
                  202009c8    00000010     bsp_gyro.o (.bss.Gyro_Structure)
                  202009d8    00000008     app_protocol.o (.bss.K230_Parse_Data.buf)
                  202009e0    00000008     libsysbm.a : hostopen.c.obj (.bss.parmbuf)
                  202009e8    00000004     libc.a : memory.c.obj (.bss.sys_free)
                  202009ec    00000004     (.common:Huidu_Error)
                  202009f0    00000004     (.common:Huidu_Sum)
                  202009f4    00000004     (.common:JY61P_Data)
                  202009f8    00000004     (.common:Motor1_Lucheng)
                  202009fc    00000004     (.common:Motor2_Lucheng)
                  20200a00    00000004     (.common:data_u)
                  20200a04    00000004     (.common:huidu_error)
                  20200a08    00000004     (.common:huidu_lasterror)
                  20200a0c    00000002     (.common:Huidu_Datas)

.sysmem    0    20200a10    00000800     UNINITIALIZED
                  20200a10    00000010     libc.a : memory.c.obj (.sysmem)
                  20200a20    000007f0     --HOLE--

.data      0    20201210    000003c1     UNINITIALIZED
                  20201210    000000f0     libc.a : defs.c.obj (.data._ftable)
                  20201300    00000078     libsysbm.a : host_device.c.obj (.data._device)
                  20201378    00000050                : host_device.c.obj (.data._stream)
                  202013c8    00000038     motor_ctrl.o (.data.pid_Angle)
                  20201400    00000038     motor_ctrl.o (.data.pid_Distance)
                  20201438    00000038     motor_ctrl.o (.data.pid_Gyro)
                  20201470    00000038     motor_ctrl.o (.data.pid_Motor1_Speed)
                  202014a8    00000038     motor_ctrl.o (.data.pid_Motor2_Speed)
                  202014e0    00000038     motor_ctrl.o (.data.pid_Turn)
                  20201518    00000008     libc.a : exit.c.obj (.data..L_MergedGlobals)
                  20201520    00000004     empty.o (.data.Basic_Speed)
                  20201524    00000004     task.o (.data.Debug_Yaw_Diff)
                  20201528    00000004     app_lcd.o (.data.LCD_Show_Proc.last_y_base)
                  2020152c    00000004     app_lcd.o (.data.LCD_Show_Proc.last_y_m1)
                  20201530    00000004     app_lcd.o (.data.LCD_Show_Proc.last_y_m2)
                  20201534    00000004     app_lcd.o (.data.LCD_Show_Proc.wave_idx)
                  20201538    00000004     Encoder.o (.data.Measure_Distance)
                  2020153c    00000004     Encoder.o (.data.Motor1_Encoder_Value)
                  20201540    00000004     Encoder.o (.data.Motor1_Speed)
                  20201544    00000004     Encoder.o (.data.Motor2_Encoder_Value)
                  20201548    00000004     Encoder.o (.data.Motor2_Speed)
                  2020154c    00000004     task.o (.data.Start_Yaw)
                  20201550    00000004     task.o (.data.Start_Yaw_2)
                  20201554    00000004     timer.o (.data.TIMG8_IRQHandler.Soft_Basic_Speed)
                  20201558    00000004     empty.o (.data.Target_Angle)
                  2020155c    00000004     task.o (.data.Target_Speed_Test)
                  20201560    00000004     timer.o (.data.Task1_Dist)
                  20201564    00000004     timer.o (.data.Task1_Time_Sec)
                  20201568    00000004     timer.o (.data.Task2_Dist)
                  2020156c    00000004     timer.o (.data.Task2_Time_Sec)
                  20201570    00000004     libc.a : defs.c.obj (.data.__TI_ft_end)
                  20201574    00000004            : aeabi_portable.c.obj (.data.__aeabi_errno)
                  20201578    00000004            : _lock.c.obj (.data._lock)
                  2020157c    00000004            : _lock.c.obj (.data._unlock)
                  20201580    00000004     timer.o (.data.control_cnt)
                  20201584    00000004     bsp_gyro.o (.data.get_angle.last_yaw_z)
                  20201588    00000004     timer.o (.data.tim2_cnt)
                  2020158c    00000002     app_protocol.o (.data.Gimbal_Speed_X)
                  2020158e    00000002     app_protocol.o (.data.Gimbal_Speed_Y)
                  20201590    00000002     bsp_hc05.o (.data.ble_ring_head)
                  20201592    00000002     bsp_hc05.o (.data.ble_ring_tail)
                  20201594    00000002     timer.o (.data.count_100ms)
                  20201596    00000002     timer.o (.data.count_10ms)
                  20201598    00000002     timer.o (.data.t)
                  2020159a    00000002     timer.o (.data.telemetry_pause_ms)
                  2020159c    00000001     motor_ctrl.o (.data.Angle_PID_Flag)
                  2020159d    00000001     empty.o (.data.Car_Mode)
                  2020159e    00000001     motor_ctrl.o (.data.Distance_PID_Flag)
                  2020159f    00000001     motor_ctrl.o (.data.Gyro_PID_Flag)
                  202015a0    00000001     gw_gray.o (.data.Huidu_Proc.White_Blind_Count)
                  202015a1    00000001     app_protocol.o (.data.K230_Ctrl_Mode)
                  202015a2    00000001     app_protocol.o (.data.K230_Parse_Data.cmd_type)
                  202015a3    00000001     app_protocol.o (.data.K230_Parse_Data.data_idx)
                  202015a4    00000001     app_protocol.o (.data.K230_Parse_Data.state)
                  202015a5    00000001     key.o (.data.KEY_PROC.first_init)
                  202015a6    00000001     app_lcd.o (.data.LCD_Show_Proc.last_tuning_cursor)
                  202015a7    00000001     app_lcd.o (.data.LCD_Show_Proc.last_tuning_loop)
                  202015a8    00000001     app_lcd.o (.data.LCD_Show_Proc.last_tuning_mode)
                  202015a9    00000001     app_lcd.o (.data.LCD_Show_Proc.last_view)
                  202015aa    00000001     task.o (.data.Lap_Count)
                  202015ab    00000001     task.o (.data.Lap_Count_2)
                  202015ac    00000001     motor_ctrl.o (.data.MOTOR1_ENABLE_FLAG)
                  202015ad    00000001     motor_ctrl.o (.data.MOTOR2_ENABLE_FLAG)
                  202015ae    00000001     empty.o (.data.OLED_View_Select)
                  202015af    00000001     bsp_hc05.o (.data.Receive_Bluetooth_Data.local_len)
                  202015b0    00000001     bsp_hc05.o (.data.Receive_Bluetooth_Data.v_loop)
                  202015b1    00000001     bsp_hc05.o (.data.Receive_Bluetooth_Data.v_param)
                  202015b2    00000001     task.o (.data.Super_Lock)
                  202015b3    00000001     task.o (.data.Super_Lock_2)
                  202015b4    00000001     timer.o (.data.TIMG8_IRQHandler.cnt_50ms)
                  202015b5    00000001     timer.o (.data.TIMG8_IRQHandler.last_mode)
                  202015b6    00000001     timer.o (.data.TIMG8_IRQHandler.lost_line_cnt)
                  202015b7    00000001     task.o (.data.Task1_Time_flag)
                  202015b8    00000001     task.o (.data.Task2_Time_flag)
                  202015b9    00000001     task.o (.data.Task_1_State)
                  202015ba    00000001     task.o (.data.Task_2_State)
                  202015bb    00000001     task.o (.data.Task_Mode)
                  202015bc    00000001     task.o (.data.Test_Speed_Mode)
                  202015bd    00000001     app_lcd.o (.data.Tuning_Cursor)
                  202015be    00000001     app_lcd.o (.data.Tuning_Loop)
                  202015bf    00000001     app_lcd.o (.data.Tuning_Mode)
                  202015c0    00000001     motor_ctrl.o (.data.Turn_PID_Flag)
                  202015c1    00000001     bsp_hc05.o (.data.ble_rx_idle_cnt)
                  202015c2    00000001     timer.o (.data.flag_1s_printf)
                  202015c3    00000001     timer.o (.data.flag_50ms_lcd)
                  202015c4    00000001     timer.o (.data.flag_50ms_telemetry)
                  202015c5    00000001     timer.o (.data.flag_5ms_gyro_read)
                  202015c6    00000001     usart.o (.data.g_rx2_frame_flag)
                  202015c7    00000001     usart.o (.data.g_rx2_len)
                  202015c8    00000001     usart.o (.data.g_rx_frame_flag)
                  202015c9    00000001     usart.o (.data.g_rx_len)
                  202015ca    00000001     smd.o (.data.g_smd_target_uart)
                  202015cb    00000001     bsp_gyro.o (.data.get_angle.first_read)
                  202015cc    00000001     key.o (.data.is_motor_running)
                  202015cd    00000001     bsp_hc05.o (.data.telemetry_enabled)
                  202015ce    00000001     usart.o (.data.uart_data)
                  202015cf    00000001     --HOLE--
                  202015d0    00000001     libc.a : memory.c.obj (.data.memory_is_initialized)

.stack     0    20207e00    00000200     UNINITIALIZED
                  20207e00    00000004     libc.a : boot_cortex_m.c.obj (.stack)
                  20207e04    000001fc     --HOLE--

__llvm_prf_cnts 
*          0    20200000    00000000     UNINITIALIZED

__llvm_prf_bits 
*          0    20200000    00000000     UNINITIALIZED

MODULE SUMMARY

       Module                         code    ro data   rw data
       ------                         ----    -------   -------
    .\
       ti_msp_dl_config.o             3296    203       624    
       empty.o                        384     0         14     
       startup_mspm0g350x_ticlang.o   8       192       0      
    +--+------------------------------+-------+---------+---------+
       Total:                         3688    395       638    
                                                               
    .\Hardware\
       hw_lcd.o                       4398    15261     0      
       process_frame.o                5784    4381      0      
       bsp_hc05.o                     4524    716       1161   
       key.o                          2298    0         26     
       bsp_gyro.o                     2058    14        21     
       Encoder.o                      1870    0         28     
       task.o                         1644    0         26     
       motor_ctrl.o                   930     0         342    
       gw_gray.o                      822     48        19     
       smd.o                          528     0         5      
       hw_spi.o                       94      0         0      
    +--+------------------------------+-------+---------+---------+
       Total:                         24950   20420     1628   
                                                               
    .\app\
       app_lcd.o                      7002    346       23     
       app_protocol.o                 504     0         16     
    +--+------------------------------+-------+---------+---------+
       Total:                         7506    346       39     
                                                               
    .\middle\
       timer.o                        2114    0         43     
       usart.o                        1048    40        261    
       delay.o                        44      0         0      
    +--+------------------------------+-------+---------+---------+
       Total:                         3206    40        304    
                                                               
    E:/TI_02/CCS/mspm0_sdk_2_05_01_00/source/ti/driverlib/lib/ticlang/m0p/mspm0g1x0x_g3x0x/driverlib.a
       dl_timer.o                     588     0         0      
       dl_sysctl_mspm0g1x0x_g3x0x.o   388     0         0      
       dl_uart.o                      122     0         0      
       dl_spi.o                       86      0         0      
       dl_common.o                    10      0         0      
    +--+------------------------------+-------+---------+---------+
       Total:                         1194    0         0      
                                                               
    E:\TI_02\CCS\ccs\tools\compiler\ti-cgt-armllvm_4.0.2.LTS\lib\armv6m-ti-none-eabi/c/libc.a
       _printfi.c.obj                 4510    34        0      
       _scanfi.c.obj                  3092    34        0      
       strtod.c.obj                   968     200       0      
       memory.c.obj                   702     0         5      
       strtoll.c.obj                  480     0         0      
       defs.c.obj                     0       0         404    
       e_sqrt.c.obj                   368     0         0      
       strtoull.c.obj                 364     0         0      
       strtol.c.obj                   324     0         0      
       strtoul.c.obj                  300     0         0      
       aeabi_ctype.S.obj              0       257       0      
       fputs.c.obj                    248     0         0      
       setvbuf.c.obj                  224     0         0      
       s_scalbn.c.obj                 216     0         0      
       sscanf.c.obj                   192     0         0      
       getdevice.c.obj                160     0         0      
       strcmp-armv6m.S.obj            136     0         0      
       vsnprintf.c.obj                136     0         0      
       copy_decompress_lzss.c.obj     124     0         0      
       fclose.c.obj                   124     0         0      
       fseek.c.obj                    116     0         0      
       printf.c.obj                   108     0         0      
       _io_perm.c.obj                 100     0         0      
       s_frexp.c.obj                  92      0         0      
       sprintf.c.obj                  90      0         0      
       _ltoa.c.obj                    88      0         0      
       fflush.c.obj                   82      0         0      
       exit.c.obj                     58      0         8      
       atoi.c.obj                     64      0         0      
       autoinit.c.obj                 60      0         0      
       boot_cortex_m.c.obj            56      0         0      
       fopen.c.obj                    52      0         0      
       strstr.c.obj                   50      0         0      
       memccpy.c.obj                  34      0         0      
       strncmp.c.obj                  34      0         0      
       copy_decompress_none.c.obj     18      0         0      
       memcpy16.S.obj                 18      0         0      
       copy_zero_init.c.obj           16      0         0      
       wcslen.c.obj                   16      0         0      
       memset16.S.obj                 14      0         0      
       aeabi_portable.c.obj           8       0         4      
       _lock.c.obj                    2       0         8      
       atof.c.obj                     10      0         0      
       pre_init.c.obj                 4       0         0      
    +--+------------------------------+-------+---------+---------+
       Total:                         13858   525       429    
                                                               
    E:\TI_02\CCS\ccs\tools\compiler\ti-cgt-armllvm_4.0.2.LTS\lib\armv6m-ti-none-eabi/c/libsysbm.a
       trgmsg.c.obj                   104     0         288    
       host_device.c.obj              0       0         200    
       hostrename.c.obj               136     0         0      
       hostlseek.c.obj                108     0         0      
       hostopen.c.obj                 96      0         8      
       hostread.c.obj                 88      0         0      
       hostwrite.c.obj                88      0         0      
       close.c.obj                    80      0         0      
       hostclose.c.obj                72      0         0      
       hostunlink.c.obj               72      0         0      
       unlink.c.obj                   44      0         0      
       lseek.c.obj                    40      0         0      
       write.c.obj                    40      0         0      
       remove.c.obj                   8       0         0      
       hostexit.c.obj                 4       0         0      
    +--+------------------------------+-------+---------+---------+
       Total:                         980     0         496    
                                                               
    E:\TI_02\CCS\ccs\tools\compiler\ti-cgt-armllvm_4.0.2.LTS\lib\armv6m-ti-none-eabi/libclang_rt.builtins.a
       adddf3.S.obj                   418     0         0      
       divdf3.S.obj                   268     0         0      
[...]
00001735  Receive_Bluetooth_Data               
000026f9  LCD_Show_Proc                        
00003645  __TI_scanfi                          
00004221  __TI_printfi                         
00004bf1  TIMG8_IRQHandler                     
000052e1  KEY_PROC                             
000059b9  GROUP1_IRQHandler                    
00005e79  strtod                               
00005e79  strtold                              
00006231  SYSCFG_DL_GPIO_init                  
000064c9  Task_1                               
00006749  get_angle                            
00006bcd  Task_2                               
00006de5  Key_Read                             
00006ff1  K230_Parse_Data                      
000071e9  strtoll                              
000073c9  LCD_ShowChar                         
00007781  lcd_init                             
00007951  Huidu_Proc                           
00007b05  LCD_ShowChinese16x16                 
00007cb9  TFT_ShowFloatCenter                  
00008355  LCD_ShowChinese12x12                 
000084f1  LCD_ShowChinese24x24                 
0000868d  LCD_ShowChinese32x32                 
00008829  __aeabi_dsub                         
00008829  __subdf3                             
00008833  __adddf3                             
00008833  __aeabi_dadd                         
000089bb  __aeabi_idiv0                        
000089bd  Mobile_sendData_UART1                
00008b49  TFT_ShowFloat                        
00008cc5  sqrt                                 
00008cc5  sqrtl                                
00008e35  Huidu_Read                           
00008fa1  strtoull                             
0000910d  MEASURE_MOTORS_SPEED                 
00009261  Drawarc                              
000093b3  LCD_ArcRect                          
000094fd  strtol                               
0000977d  strtoul                              
000098a9  LCD_ShowChinese                      
00009af1  aligned_alloc                        
00009af1  memalign                             
00009c05  LCD_DrawLine                         
00009d11  __aeabi_ddiv                         
00009d11  __divdf3                             
00009e1d  DL_Timer_initFourCCPWMMode           
00009f21  fputs                                
0000a019  DL_Timer_initTimerMode               
0000a101  SYSCFG_DL_initPower                  
0000a1e9  free                                 
0000a3b5  __aeabi_dmul                         
0000a3b5  __muldf3                             
0000a499  handle_ack                           
0000a57d  setvbuf                              
0000a65d  DL_SYSCTL_configSYSPLL               
0000a739  ldexp                                
0000a739  ldexpl                               
0000a739  scalbn                               
0000a739  scalbnl                              
0000a811  __aeabi_fsub                         
0000a811  __subsf3                             
0000a81b  __addsf3                             
0000a81b  __aeabi_fadd                         
0000a8e9  readDataJy61p                        
0000aa89  UART1_IRQHandler                     
0000ac1d  main                                 
0000ace1  PID_Calculate                        
0000ada1  I2C_WaitAck                          
0000ae51  jy61pInit                            
0000aef9  Car_Set_Speed_Unified                
0000af9d  __udivmoddi4                         
0000b03f  __aeabi_ldiv0                        
0000b041  Set_Motor1_Speed                     
0000b179  Read_Byte                            
0000b211  Set_Motor2_Speed                     
0000b2a9  writeDataJy61p                       
0000b341  Send_Byte                            
0000b3d5  SYSCFG_DL_PWM_0_init                 
0000b461  __aeabi_fmul                         
0000b461  __mulsf3                             
0000b4ed  TFT_ShowBinNum12                     
0000b577  _nop                                 
0000b579  UART2_IRQHandler                     
0000b601  UART3_IRQHandler                     
0000b691  strcmp                               
0000b79d  __aeabi_fdiv                         
0000b79d  __divsf3                             
0000b821  IIC_Send_Ack                         
0000b89d  NVIC_EnableIRQ_Init                  
0000b919  Task_Scheduler                       
0000b995  __TI_closefile                       
0000ba11  __TI_decompress_lzss                 
0000ba8d  PD42S1_Init                          
0000bb05  __gedf2                              
0000bb05  __gtdf2                              
0000bb81  __aeabi_d2f                          
0000bb81  __truncdfsf2                         
0000bc69  smd_send_data                        
0000bcdd  SYSCFG_DL_init                       
0000bd4d  smd_pos_mode                         
0000bdbd  HOSTlseek                            
0000be29  HOSTrename                           
0000be95  Motor2_Get_Speed                     
0000bf01  fseeko                               
0000bf6d  getdevice                            
0000bfd9  __cmpdf2                             
0000bfd9  __eqdf2                              
0000bfd9  __ledf2                              
0000bfd9  __ltdf2                              
0000bfd9  __nedf2                              
0000c041  smd_speed_mode                       
0000c111  DL_SYSCTL_setHFCLKSourceHFXTParams   
0000c175  Motor1_Get_Speed                     
0000c1d9  __TI_wrt_ok                          
0000c2a1  LCD_ShowString                       
0000c305  __aeabi_dcmpeq                       
0000c319  __aeabi_dcmplt                       
0000c32d  __aeabi_dcmple                       
0000c341  __aeabi_dcmpge                       
0000c355  __aeabi_dcmpgt                       
0000c369  __aeabi_fcmpeq                       
0000c37d  __aeabi_fcmplt                       
0000c391  __aeabi_fcmple                       
0000c3a5  __aeabi_fcmpge                       
0000c3b9  __aeabi_fcmpgt                       
0000c3cd  HOSTopen                             
0000c42d  SYSCFG_DL_UART_1_init                
0000c48d  SYSCFG_DL_UART_MOTOR_2_init          
0000c4ed  SYSCFG_DL_UART_MOTOR_init            
0000c54d  IIC_Start                            
0000c5a9  LCD_Fill                             
0000c605  frexp                                
0000c605  frexpl                               
0000c661  printf                               
0000c6bd  HOSTread                             
0000c715  HOSTwrite                            
0000c76d  Update_App_UI_PID_Values             
0000c7c5  __TI_ltoa                            
0000c875  __aeabi_idiv                         
0000c875  __aeabi_idivmod                      
0000c8cd  SYSCFG_DL_UART_0_init                
0000c921  LCD_DrawRectangle                    
0000c973  __TI_doflush                         
0000ca19  IIC_Stop                             
0000ca69  close                                
0000cb05  __aeabi_d2iz                         
0000cb05  __fixdfsi                            
0000cb51  DL_UART_init                         
0000cb99  HOSTclose                            
0000cbe1  HOSTunlink                           
0000cc29  PID_Limit                            
0000cc71  SYSCFG_DL_SYSCTL_init                
0000ccb9  clear_uart_rx_buffer                 
0000cd01  lc_printf                            
0000cd49  smd_checksum                         
0000cd91  DL_SPI_init                          
0000cdd5  DL_SYSCTL_switchMCLKfromSYSOSCtoHSCLK
0000ce19  smd_origin_aoto_zero                 
0000ce5d  __aeabi_d2uiz                        
0000ce5d  __fixunsdfsi                         
0000cea1  SYSCFG_DL_SPI_LCD_init               
0000cee1  __aeabi_uidiv                        
0000cee1  __aeabi_uidivmod                     
0000cf21  __aeabi_f2d                          
0000cf21  __extendsfdf2                        
0000cf61  atoi                                 
0000cfa1  vsnprintf                            
0000cfe1  LCD_Address_Set                      
0000d01f  BLE_send_String                      
0000d099  __aeabi_i2f                          
0000d099  __floatsisf                          
0000d0d5  __gesf2                              
0000d0d5  __gtsf2                              
0000d111  smd_param_save                       
0000d14d  uart0_send_string                    
0000d189  __TI_auto_init_nobinit_nopinit       
0000d1c5  __cmpsf2                             
0000d1c5  __eqsf2                              
0000d1c5  __lesf2                              
0000d1c5  __ltsf2                              
0000d1c5  __nesf2                              
0000d201  __muldsi3                            
0000d23d  __aeabi_f2iz                         
0000d23d  __fixsfsi                            
0000d275  sprintf                              
0000d2ad  PWM_Limit                            
0000d319  SYSCFG_DL_TIMER_0_init               
0000d34d  SYSCFG_DL_TIMER_1_init               
0000d381  SYSCFG_DL_TIMER_2_init               
0000d3b5  SYSCFG_DL_TIMER_MOTOR_init           
0000d3e9  __TI_cleanup                         
0000d41d  __TI_readmsg                         
0000d451  __TI_writemsg                        
0000d47d  C$$IO$$                              
0000d485  exit                                 
0000d4b9  finddevice                           
0000d4ed  strstr                               
0000d581  LCD_WR_REG                           
0000d5b1  LCD_Writ_Bus                         
0000d5e1  UART0_IRQHandler                     
0000d671  spi_write_bus                        
0000d6a1  sscanf                               
0000d6d1  LCD_Init                             
0000d7ad  __aeabi_i2d                          
0000d7ad  __floatsidf                          
0000d7d9  uart0_send_char                      
0000d805  uart1_send_char                      
0000d831  unlink                               
0000d8d5  __aeabi_ui2f                         
0000d8d5  __floatunsisf                        
0000d925  lseek                                
0000d94d  write                                
0000d975  _c_int00_noargs                      
0000d9c1  Set_Motor1_PWM                       
0000d9e5  Set_Motor2_PWM                       
0000da09  TIMG7_IRQHandler                     
0000da2d  __aeabi_ui2d                         
0000da2d  __floatunsidf                        
0000da51  __aeabi_lmul                         
0000da51  __muldi3                             
0000da75  bytes_to_float                       
0000da99  memccpy                              
0000dabb  strncmp                              
0000db3d  DL_UART_transmitDataBlocking         
0000db5d  LCD_DrawPoint                        
0000db9d  __aeabi_llsl                         
0000db9d  __ashldi3                            
0000dbbd  BLE_Send_Bit                         
0000dcd5  DL_Timer_setCaptCompUpdateMethod     
0000dcf1  DL_Timer_setClockConfig              
0000dd29  LCD_WR_DATA                          
0000dd45  SYSCFG_DL_SYSCTL_CLK_init            
0000dd61  fputc                                
0000dfc1  DL_Timer_setCaptureCompareOutCtl     
0000e081  SET_MOTORS_SPEED                     
0000e099  TIMG0_IRQHandler                     
0000e0e1  delay_ms                             
0000e0f9  Bluetooth_Init                       
0000e271  LCD_WR_DATA8                         
0000e285  __aeabi_uldivmod                     
0000e2ad  delay_us                             
0000e2d5  DL_SPI_setClockConfig                
0000e31d  DL_UART_setClockConfig               
0000e32f  TI_memcpy_small                      
0000e341  __TI_decompress_none                 
0000e365  DL_Timer_setCaptureCompareValue      
0000e375  wcslen                               
0000e385  __TI_zero_init                       
0000e3cd  __aeabi_memset                       
0000e3cd  __aeabi_memset4                      
0000e3cd  __aeabi_memset8                      
0000e405  TI_memset_small                      
0000e421  __aeabi_memclr                       
0000e421  __aeabi_memclr4                      
0000e421  __aeabi_memclr8                      
0000e42d  malloc                               
0000e439  DL_Common_delayCycles                
0000e471  atof                                 
0000e495  __aeabi_errno_addr                   
0000e49d  __aeabi_memcpy                       
0000e49d  __aeabi_memcpy4                      
0000e49d  __aeabi_memcpy8                      
0000e4bd  fseek                                
0000e4c5  remove                               
0000e4d3  abort                                
0000e4d9  ADC0_IRQHandler                      
0000e4d9  ADC1_IRQHandler                      
0000e4d9  AES_IRQHandler                       
0000e4d9  CANFD0_IRQHandler                    
0000e4d9  DAC0_IRQHandler                      
0000e4d9  DMA_IRQHandler                       
0000e4d9  Default_Handler                      
0000e4d9  GROUP0_IRQHandler                    
0000e4d9  HardFault_Handler                    
0000e4d9  I2C0_IRQHandler                      
0000e4d9  I2C1_IRQHandler                      
0000e4d9  NMI_Handler                          
0000e4d9  PendSV_Handler                       
0000e4d9  RTC_IRQHandler                       
0000e4d9  SPI0_IRQHandler                      
0000e4d9  SPI1_IRQHandler                      
0000e4d9  SVC_Handler                          
0000e4d9  SysTick_Handler                      
0000e4d9  TIMA0_IRQHandler                     
0000e4d9  TIMA1_IRQHandler                     
0000e4d9  TIMG12_IRQHandler                    
0000e4d9  TIMG6_IRQHandler                     
0000e4dc  C$$EXIT                              
0000e4dd  HOSTexit                             
0000e4e1  Reset_Handler                        
0000e4f5  _system_pre_init                     
0000e500  ascii_3216                           
0000fcc0  ascii_2412                           
00010e90  ascii_1608                           
00011480  tfont16                              
00011a3e  ascii_1206                           
00011ec0  __aeabi_ctype_table_                 
00011ec0  __aeabi_ctype_table_C                
00011fc1  tfont24                              
000120a2  tfont12                              
00012129  tfont32                              
0001261c  Huidu_Weights                        
000139ec  __TI_Handler_Table_Base              
000139f8  __TI_Handler_Table_Limit             
00013a00  __TI_CINIT_Base                      
00013a10  __TI_CINIT_Limit                     
00013a10  __TI_CINIT_Warm                      
20200000  __start___llvm_prf_bits              
20200000  __start___llvm_prf_cnts              
20200000  __stop___llvm_prf_bits               
20200000  __stop___llvm_prf_cnts               
20200000  ble_ring_buf                         
20200400  _CIOBUF_                             
20200400  __CIOBUF_                            
20200520  gPWM_0Backup                         
202005dc  gTIMER_MOTORBackup                   
20200698  __TI_tmpnams                         
20200738  gTIMER_2Backup                       
20200858  g_rx2_cmd                            
202008d8  g_rx_cmd                             
20200958  gUART_MOTORBackup                    
20200988  gSPI_LCDBackup                       
202009b0  Key                                  
202009e0  parmbuf                              
202009ec  Huidu_Error                          
202009f0  Huidu_Sum                            
202009f4  JY61P_Data                           
202009f8  Motor1_Lucheng                       
202009fc  Motor2_Lucheng                       
20200a00  data_u                               
20200a04  huidu_error                          
20200a08  huidu_lasterror                      
20200a0c  Huidu_Datas                          
20200a10  _sys_memory                          
20201210  _ftable                              
20201300  _device                              
20201378  _stream                              
202013c8  pid_Angle                            
20201400  pid_Distance                         
20201438  pid_Gyro                             
20201470  pid_Motor1_Speed                     
202014a8  pid_Motor2_Speed                     
202014e0  pid_Turn                             
20201518  __TI_cleanup_ptr                     
2020151c  __TI_dtors_ptr                       
20201520  Basic_Speed                          
20201524  Debug_Yaw_Diff                       
20201538  Measure_Distance                     
2020153c  Motor1_Encoder_Value                 
20201540  Motor1_Speed                         
20201544  Motor2_Encoder_Value                 
20201548  Motor2_Speed                         
2020154c  Start_Yaw                            
20201550  Start_Yaw_2                          
20201558  Target_Angle                         
2020155c  Target_Speed_Test                    
20201560  Task1_Dist                           
20201564  Task1_Time_Sec                       
20201568  Task2_Dist                           
2020156c  Task2_Time_Sec                       
20201570  __TI_ft_end                          
20201574  __aeabi_errno                        
20201578  _lock                                
2020157c  _unlock                              
20201580  control_cnt                          
20201588  tim2_cnt                             
2020158c  Gimbal_Speed_X                       
2020158e  Gimbal_Speed_Y                       
20201590  ble_ring_head                        
20201592  ble_ring_tail                        
20201594  count_100ms                          
20201596  count_10ms                           
20201598  t                                    
2020159a  telemetry_pause_ms                   
2020159c  Angle_PID_Flag                       
2020159d  Car_Mode                             
2020159e  Distance_PID_Flag                    
2020159f  Gyro_PID_Flag                        
202015a1  K230_Ctrl_Mode                       
202015aa  Lap_Count                            
202015ab  Lap_Count_2                          
202015ac  MOTOR1_ENABLE_FLAG                   
202015ad  MOTOR2_ENABLE_FLAG                   
202015ae  OLED_View_Select                     
202015b7  Task1_Time_flag                      
202015b8  Task2_Time_flag                      
202015b9  Task_1_State                         
202015ba  Task_2_State                         
202015bb  Task_Mode                            
202015bc  Test_Speed_Mode                      
202015bd  Tuning_Cursor                        
202015be  Tuning_Loop                          
202015bf  Tuning_Mode                          
202015c0  Turn_PID_Flag                        
202015c1  ble_rx_idle_cnt                      
202015c2  flag_1s_printf                       
202015c3  flag_50ms_lcd                        
202015c4  flag_50ms_telemetry                  
202015c5  flag_5ms_gyro_read                   
202015c6  g_rx2_frame_flag                     
202015c7  g_rx2_len                            
202015c8  g_rx_frame_flag                      
202015c9  g_rx_len                             
202015ca  g_smd_target_uart                    
202015cd  telemetry_enabled                    
202015ce  uart_data                            
20207e00  __stack                              
20208000  __STACK_END                          
ffffffff  __TI_pprof_out_hndl                  
ffffffff  __TI_prof_data_size                  
ffffffff  __TI_prof_data_start                 
ffffffff  __binit__                            
ffffffff  binit                                
UNDEFED   __mpu_init                           
UNDEFED   _system_post_cinit                   

[430 symbols]
