******************************************************************************
            TI ARM Clang Linker PC v4.0.2                      
******************************************************************************
>> Linked Fri Mar 27 20:49:09 2026

OUTPUT FILE NAME:   <DS_E03_Show02.out>
ENTRY POINT SYMBOL: "_c_int00_noargs"  address: 00005c85


MEMORY CONFIGURATION

         name            origin    length      used     unused   attr    fill
----------------------  --------  ---------  --------  --------  ----  --------
  FLASH                 00000000   00020000  000077b8  00018848  R  X
  SRAM                  20200000   00008000  000015ae  00006a52  RW X
  BCR_CONFIG            41c00000   000000ff  00000000  000000ff  R   
  BSL_CONFIG            41c00100   00000080  00000000  00000080  R   


SEGMENT ALLOCATION MAP

run origin  load origin   length   init length attrs members
----------  ----------- ---------- ----------- ----- -------
00000000    00000000    000077b8   000077b8    r-x
  00000000    00000000    000000c0   000000c0    r-- .intvecs
  000000c0    000000c0    00006390   00006390    r-x .text
  00006450    00006450    000012d0   000012d0    r-- .rodata
  00007720    00007720    00000098   00000098    r-- .cinit
20200000    20200000    000013b2   00000000    rw-
  20200000    20200000    000009a4   00000000    rw- .bss
  202009a8    202009a8    00000800   00000000    rw- .sysmem
  202011a8    202011a8    0000020a   00000000    rw- .data
20207e00    20207e00    00000200   00000000    rw-
  20207e00    20207e00    00000200   00000000    rw- .stack


SECTION ALLOCATION MAP

 output                                  attributes/
section   page    origin      length       input sections
--------  ----  ----------  ----------   ----------------
.intvecs   0    00000000    000000c0     
                  00000000    000000c0     startup_mspm0g350x_ticlang.o (.intvecs)

.text      0    000000c0    00006390     
                  000000c0    00001674     process_frame.o (.text.serial_frame_process)
                  00001734    000009d0     libc.a : _printfi.c.obj (.text:__TI_printfi)
                  00002104    000004c0     Encoder.o (.text.GROUP1_IRQHandler)
                  000025c4    00000220     key.o (.text.Key_Read)
                  000027e4    00000220     libc.a : _printfi.c.obj (.text._pconv_a)
                  00002a04    00000210     ti_msp_dl_config.o (.text.SYSCFG_DL_GPIO_init)
                  00002c14    000001dc     libc.a : _printfi.c.obj (.text._pconv_g)
                  00002df0    00000192     libclang_rt.builtins.a : adddf3.S.obj (.text.adddf3_subdf3)
                  00002f82    00000002                            : aeabi_div0.c.obj (.text.__aeabi_idiv0)
                  00002f84    0000013c     libc.a : _printfi.c.obj (.text.fcvt)
                  000030c0    00000134     key.o (.text.KEY_PROC)
                  000031f4    00000120     libc.a : _printfi.c.obj (.text._pconv_e)
                  00003314    00000114     task.o (.text.Task_1)
                  00003428    00000114     libc.a : memory.c.obj (.text.aligned_alloc)
                  0000353c    0000010c     libclang_rt.builtins.a : divdf3.S.obj (.text.__divdf3)
                  00003648    00000106     oled.o (.text.OLED_Init)
                  0000374e    00000002     libclang_rt.builtins.a : aeabi_div0.c.obj (.text.__aeabi_ldiv0)
                  00003750    00000104     driverlib.a : dl_timer.o (.text.DL_Timer_initFourCCPWMMode)
                  00003854    000000f8     libc.a : fputs.c.obj (.text.fputs)
                  0000394c    000000e8     driverlib.a : dl_timer.o (.text.DL_Timer_initTimerMode)
                  00003a34    000000e8     libc.a : memory.c.obj (.text.free)
                  00003b1c    000000e4     libclang_rt.builtins.a : muldf3.S.obj (.text.__muldf3)
                  00003c00    000000e0     libc.a : setvbuf.c.obj (.text.setvbuf)
                  00003ce0    000000d8            : s_scalbn.c.obj (.text.scalbn)
                  00003db8    000000d8     libclang_rt.builtins.a : addsf3.S.obj (.text)
                  00003e90    000000c4     ti_msp_dl_config.o (.text.SYSCFG_DL_initPower)
                  00003f54    000000c4     timer.o (.text.TIMG0_IRQHandler)
                  00004018    000000b4     timer.o (.text.TIMG7_IRQHandler)
                  000040cc    000000a8     oled.o (.text.I2C_WaitAck)
                  00004174    000000a2     libclang_rt.builtins.a : udivmoddi4.S.obj (.text)
                  00004216    00000002     libc.a : _lock.c.obj (.text._nop)
                  00004218    0000009c     oled.o (.text.OLED_Refresh)
                  000042b4    00000090     timer.o (.text.TIMG8_IRQHandler)
                  00004344    0000008c     oled.o (.text.I2C_Send_Byte)
                  000043d0    0000008c     ti_msp_dl_config.o (.text.SYSCFG_DL_PWM_0_init)
                  0000445c    00000088     gw_gray.o (.text.Huidu_Read)
                  000044e4    0000000c     libclang_rt.builtins.a : aeabi_memset.S.obj (.text.__aeabi_memclr)
                  000044f0    00000088     libc.a : strcmp-armv6m.S.obj (.text:strcmp)
                  00004578    00000084     ti_msp_dl_config.o (.text.__NVIC_SetPriority)
                  000045fc    0000007c     libc.a : fclose.c.obj (.text.__TI_closefile)
                  00004678    0000007c     task.o (.text.handle_ack)
                  000046f4    0000007c     libc.a : copy_decompress_lzss.c.obj (.text:decompress:lzss)
                  00004770    00000074     libclang_rt.builtins.a : comparedf2.c.obj (.text.__gedf2)
                  000047e4    00000070     ti_msp_dl_config.o (.text.SYSCFG_DL_PWM_PD42S1_init)
                  00004854    0000006e     smd.o (.text.smd_pos_mode)
                  000048c2    00000002     --HOLE-- [fill = 0]
                  000048c4    0000006c     libsysbm.a : hostlseek.c.obj (.text.HOSTlseek)
                  00004930    0000006c                : hostrename.c.obj (.text.HOSTrename)
                  0000499c    0000006c     libc.a : fseek.c.obj (.text.fseeko)
                  00004a08    0000006c            : getdevice.c.obj (.text.getdevice)
                  00004a74    00000068     timer.o (.text.NVIC_EnableIRQ_Init)
                  00004adc    00000068     usart.o (.text.UART0_IRQHandler)
                  00004b44    00000068     libclang_rt.builtins.a : comparedf2.c.obj (.text.__ledf2)
                  00004bac    00000066     libc.a : _printfi.c.obj (.text._mcpy)
                  00004c12    00000002     --HOLE-- [fill = 0]
                  00004c14    00000064     ti_msp_dl_config.o (.text.SYSCFG_DL_UART_MOTOR_init)
                  00004c78    00000064     libc.a : _io_perm.c.obj (.text.__TI_wrt_ok)
                  00004cdc    00000064            : memory.c.obj (.text.split)
                  00004d40    00000062     libclang_rt.builtins.a : aeabi_dcmp.S.obj (.text.__aeabi_dcmp)
                  00004da2    00000002     --HOLE-- [fill = 0]
                  00004da4    00000060     libsysbm.a : hostopen.c.obj (.text.HOSTopen)
                  00004e04    00000060     oled.o (.text.OLED_Clear)
                  00004e64    0000005c     libc.a : s_frexp.c.obj (.text.frexp)
                  00004ec0    0000005c            : printf.c.obj (.text.printf)
                  00004f1c    00000058     libsysbm.a : hostread.c.obj (.text.HOSTread)
                  00004f74    00000058                : hostwrite.c.obj (.text.HOSTwrite)
                  00004fcc    00000058     ti_msp_dl_config.o (.text.SYSCFG_DL_init)
                  00005024    00000058     libc.a : _ltoa.c.obj (.text.__TI_ltoa)
                  0000507c    00000058            : _printfi.c.obj (.text._pconv_f)
                  000050d4    00000056     libclang_rt.builtins.a : aeabi_idivmod.S.obj (.text.__aeabi_idivmod)
                  0000512a    00000002     --HOLE-- [fill = 0]
                  0000512c    00000054     ti_msp_dl_config.o (.text.SYSCFG_DL_UART_0_init)
                  00005180    00000052     libc.a : fflush.c.obj (.text.__TI_doflush)
                  000051d2    00000052            : _printfi.c.obj (.text._ecpy)
                  00005224    00000050     libsysbm.a : close.c.obj (.text.close)
                  00005274    0000004e     oled.o (.text.OLED_WR_Byte)
                  000052c2    00000002     --HOLE-- [fill = 0]
                  000052c4    0000004c     ti_msp_dl_config.o (.text.DL_UART_setBaudRateDivisor)
                  00005310    0000004a     oled.o (.text.OLED_DisplayTurn)
                  0000535a    00000002     --HOLE-- [fill = 0]
                  0000535c    0000004a     libclang_rt.builtins.a : fixdfsi.S.obj (.text.__fixdfsi)
                  000053a6    00000002     --HOLE-- [fill = 0]
                  000053a8    00000048     driverlib.a : dl_uart.o (.text.DL_UART_init)
                  000053f0    00000048     libsysbm.a : hostclose.c.obj (.text.HOSTclose)
                  00005438    00000048                : hostunlink.c.obj (.text.HOSTunlink)
                  00005480    00000046     smd.o (.text.smd_checksum)
                  000054c6    00000002     --HOLE-- [fill = 0]
                  000054c8    00000044     oled.o (.text.I2C_Stop)
                  0000550c    00000044     smd.o (.text.smd_send_data)
                  00005550    00000040     oled.o (.text.I2C_Start)
                  00005590    00000040     libclang_rt.builtins.a : aeabi_uidivmod.S.obj (.text.__aeabi_uidivmod)
                  000055d0    00000040                            : extendsfdf2.S.obj (.text.__extendsfdf2)
                  00005610    00000040     libc.a : atoi.c.obj (.text.atoi)
                  00005650    0000003c     ti_msp_dl_config.o (.text.DL_Timer_setCounterControl)
                  0000568c    0000003c     smd.o (.text.smd_angle_to_zero)
                  000056c8    0000003c     smd.o (.text.smd_clear_sta)
                  00005704    0000003c     libc.a : autoinit.c.obj (.text:__TI_auto_init_nobinit_nopinit)
                  00005740    0000003a     oled.o (.text.OLED_GPIO_Init)
                  0000577a    00000002     --HOLE-- [fill = 0]
                  0000577c    0000003a     libclang_rt.builtins.a : muldsi3.S.obj (.text.__muldsi3)
                  000057b6    00000002     --HOLE-- [fill = 0]
                  000057b8    00000034     oled.o (.text.DL_GPIO_initDigitalInputFeatures)
                  000057ec    00000034     ti_msp_dl_config.o (.text.DL_GPIO_initDigitalInputFeatures)
                  00005820    00000034     oled.o (.text.OLED_ColorTurn)
                  00005854    00000034     ti_msp_dl_config.o (.text.SYSCFG_DL_TIMER_0_init)
                  00005888    00000034     ti_msp_dl_config.o (.text.SYSCFG_DL_TIMER_1_init)
                  000058bc    00000034     ti_msp_dl_config.o (.text.SYSCFG_DL_TIMER_2_init)
                  000058f0    00000034     ti_msp_dl_config.o (.text.SYSCFG_DL_TIMER_MOTOR_init)
                  00005924    00000034     libc.a : fopen.c.obj (.text.__TI_cleanup)
                  00005958    00000034     libsysbm.a : trgmsg.c.obj (.text.__TI_readmsg)
                  0000598c    00000034                : trgmsg.c.obj (.text.__TI_writemsg)
                  000059c0    00000034     libc.a : exit.c.obj (.text.exit)
                  000059f4    00000034            : getdevice.c.obj (.text.finddevice)
                  00005a28    00000030     ti_msp_dl_config.o (.text.DL_GPIO_initDigitalOutputFeatures)
                  00005a58    00000030     usart.o (.text.UART1_IRQHandler)
                  00005a88    00000030     libc.a : _printfi.c.obj (.text._fcpy)
                  00005ab8    0000002c     timer.o (.text.__NVIC_ClearPendingIRQ)
                  00005ae4    0000002c     timer.o (.text.__NVIC_EnableIRQ)
                  00005b10    0000002c     libclang_rt.builtins.a : floatsidf.S.obj (.text.__floatsidf)
                  00005b3c    0000002c     usart.o (.text.uart0_send_char)
                  00005b68    0000002c     libsysbm.a : unlink.c.obj (.text.unlink)
                  00005b94    00000028     ti_msp_dl_config.o (.text.DL_Common_updateReg)
                  00005bbc    00000028     ti_msp_dl_config.o (.text.DL_UART_setRXFIFOThreshold)
                  00005be4    00000028     ti_msp_dl_config.o (.text.DL_UART_setTXFIFOThreshold)
                  00005c0c    00000028     libc.a : memory.c.obj (.text.free_list_insert)
                  00005c34    00000028     libsysbm.a : lseek.c.obj (.text.lseek)
                  00005c5c    00000028                : write.c.obj (.text.write)
                  00005c84    00000028     libc.a : boot_cortex_m.c.obj (.text:_c_int00_noargs)
                  00005cac    00000024     ti_msp_dl_config.o (.text.SYSCFG_DL_SYSCTL_init)
                  00005cd0    00000024     libclang_rt.builtins.a : muldi3.S.obj (.text.__muldi3)
                  00005cf4    00000024     process_frame.o (.text.bytes_to_float)
                  00005d18    00000022     libc.a : memccpy.c.obj (.text.memccpy)
                  00005d3a    00000002     --HOLE-- [fill = 0]
                  00005d3c    00000020     ti_msp_dl_config.o (.text.DL_GPIO_initPeripheralInputFunction)
                  00005d5c    00000020     Encoder.o (.text.DL_Interrupt_getStatusGroup)
                  00005d7c    00000020     ti_msp_dl_config.o (.text.DL_SYSCTL_setMFPCLKSource)
                  00005d9c    00000020     driverlib.a : dl_uart.o (.text.DL_UART_transmitDataBlocking)
                  00005dbc    0000001e     ti_msp_dl_config.o (.text.DL_UART_setOversampling)
                  00005dda    00000002     --HOLE-- [fill = 0]
                  00005ddc    0000001e     libclang_rt.builtins.a : ashldi3.S.obj (.text.__ashldi3)
                  00005dfa    00000002     --HOLE-- [fill = 0]
                  00005dfc    0000001c     Encoder.o (.text.DL_GPIO_clearInterruptStatus)
                  00005e18    0000001c     ti_msp_dl_config.o (.text.DL_GPIO_clearInterruptStatus)
                  00005e34    0000001c     ti_msp_dl_config.o (.text.DL_GPIO_enableInterrupt)
                  00005e50    0000001c     ti_msp_dl_config.o (.text.DL_GPIO_initPeripheralOutputFunction)
                  00005e6c    0000001c     ti_msp_dl_config.o (.text.DL_GPIO_setLowerPinsPolarity)
                  00005e88    0000001c     ti_msp_dl_config.o (.text.DL_SYSCTL_setSYSOSCFreq)
                  00005ea4    0000001c     ti_msp_dl_config.o (.text.DL_Timer_enableInterrupt)
                  00005ec0    0000001c     driverlib.a : dl_timer.o (.text.DL_Timer_setCaptCompUpdateMethod)
                  00005edc    0000001c                 : dl_timer.o (.text.DL_Timer_setClockConfig)
                  00005ef8    0000001c     ti_msp_dl_config.o (.text.DL_UART_enableInterrupt)
                  00005f14    0000001c     usart.o (.text.fputc)
                  00005f30    0000001c     libc.a : memory.c.obj (.text.free_list_remove)
                  00005f4c    0000001c     empty.o (.text.main)
                  00005f68    00000018     oled.o (.text.DL_GPIO_enableOutput)
                  00005f80    00000018     ti_msp_dl_config.o (.text.DL_GPIO_enableOutput)
                  00005f98    00000018     ti_msp_dl_config.o (.text.DL_GPIO_enablePower)
                  00005fb0    00000018     Encoder.o (.text.DL_GPIO_getEnabledInterruptStatus)
                  00005fc8    00000018     oled.o (.text.DL_GPIO_initDigitalOutput)
                  00005fe0    00000018     ti_msp_dl_config.o (.text.DL_GPIO_initDigitalOutput)
                  00005ff8    00000018     ti_msp_dl_config.o (.text.DL_GPIO_reset)
                  00006010    00000018     oled.o (.text.DL_GPIO_setPins)
                  00006028    00000018     ti_msp_dl_config.o (.text.DL_GPIO_setPins)
                  00006040    00000018     ti_msp_dl_config.o (.text.DL_GPIO_setUpperPinsPolarity)
                  00006058    00000018     key.o (.text.DL_GPIO_togglePins)
                  00006070    00000018     ti_msp_dl_config.o (.text.DL_SYSCTL_setBORThreshold)
                  00006088    00000018     ti_msp_dl_config.o (.text.DL_Timer_enablePower)
                  000060a0    00000018     ti_msp_dl_config.o (.text.DL_Timer_reset)
                  000060b8    00000018     driverlib.a : dl_timer.o (.text.DL_Timer_setCaptureCompareOutCtl)
                  000060d0    00000018     timer.o (.text.DL_Timer_startCounter)
                  000060e8    00000018     ti_msp_dl_config.o (.text.DL_UART_enableFIFOs)
                  00006100    00000018     ti_msp_dl_config.o (.text.DL_UART_enablePower)
                  00006118    00000018     usart.o (.text.DL_UART_isBusy)
                  00006130    00000018     ti_msp_dl_config.o (.text.DL_UART_reset)
                  00006148    00000016     Encoder.o (.text.DL_GPIO_readPins)
                  0000615e    00000016     gw_gray.o (.text.DL_GPIO_readPins)
                  00006174    00000016     key.o (.text.DL_GPIO_readPins)
                  0000618a    00000016     oled.o (.text.DL_GPIO_readPins)
                  000061a0    00000016     ti_msp_dl_config.o (.text.DL_UART_enable)
                  000061b6    00000016     ti_msp_dl_config.o (.text.DL_UART_enableLoopbackMode)
                  000061cc    00000016     usart.o (.text.DL_UART_transmitData)
                  000061e2    00000016     delay.o (.text.delay_ms)
                  000061f8    00000014     oled.o (.text.DL_GPIO_clearPins)
                  0000620c    00000014     ti_msp_dl_config.o (.text.DL_GPIO_clearPins)
                  00006220    00000014     oled.o (.text.DL_GPIO_disableOutput)
                  00006234    00000014     ti_msp_dl_config.o (.text.DL_SYSCTL_enableMFCLK)
                  00006248    00000014     ti_msp_dl_config.o (.text.DL_Timer_enableClock)
                  0000625c    00000014     ti_msp_dl_config.o (.text.DL_Timer_setCCPDirection)
                  00006270    00000014     usart.o (.text.DL_UART_receiveData)
                  00006284    00000014     libclang_rt.builtins.a : aeabi_uldivmod.S.obj (.text.__aeabi_uldivmod)
                  00006298    00000014     task.o (.text.clear_uart_rx_buffer)
                  000062ac    00000014     libc.a : _printfi.c.obj (.text.strchr)
                  000062c0    00000012     timer.o (.text.DL_Timer_getPendingInterrupt)
                  000062d2    00000012     usart.o (.text.DL_UART_getPendingInterrupt)
                  000062e4    00000012     driverlib.a : dl_uart.o (.text.DL_UART_setClockConfig)
                  000062f6    00000012     delay.o (.text.delay_us)
                  00006308    00000012     libc.a : memcpy16.S.obj (.text:TI_memcpy_small)
                  0000631a    00000012            : copy_decompress_none.c.obj (.text:decompress:none)
                  0000632c    00000010     ti_msp_dl_config.o (.text.DL_SYSCTL_enableMFPCLK)
                  0000633c    00000010     driverlib.a : dl_timer.o (.text.DL_Timer_setCaptureCompareValue)
                  0000634c    00000010     libc.a : wcslen.c.obj (.text.wcslen)
                  0000635c    00000010            : copy_zero_init.c.obj (.text:decompress:ZI)
                  0000636c    0000000e            : memory.c.obj (.text.OUTLINED_FUNCTION_0)
                  0000637a    00000002     --HOLE-- [fill = 0]
                  0000637c    0000000e     libclang_rt.builtins.a : aeabi_memset.S.obj (.text.__aeabi_memset)
                  0000638a    0000000e     libsysbm.a : hostrename.c.obj (.text.strcpy)
                  00006398    0000000e     libc.a : _printfi.c.obj (.text.strlen)
                  000063a6    0000000e     libsysbm.a : hostrename.c.obj (.text.strlen)
                  000063b4    0000000e     libc.a : memset16.S.obj (.text:TI_memset_small)
                  000063c2    0000000c            : memory.c.obj (.text.malloc)
                  000063ce    0000000a     driverlib.a : dl_common.o (.text.DL_Common_delayCycles)
                  000063d8    0000000a     oled.o (.text.I2C_Delay)
                  000063e2    0000000a     libc.a : _printfi.c.obj (.text.OUTLINED_FUNCTION_0)
                  000063ec    00000010     libclang_rt.builtins.a : adddf3.S.obj (.tramp.__aeabi_dsub.1)
                  000063fc    0000000a     libc.a : _printfi.c.obj (.text.OUTLINED_FUNCTION_1)
                  00006406    00000002     --HOLE-- [fill = 0]
                  00006408    00000008            : aeabi_portable.c.obj (.text.__aeabi_errno_addr)
                  00006410    00000008     libclang_rt.builtins.a : aeabi_memcpy.S.obj (.text.__aeabi_memcpy)
                  00006418    00000008     libc.a : printf.c.obj (.text._outc)
                  00006420    00000008            : printf.c.obj (.text._outs)
                  00006428    00000008            : fseek.c.obj (.text.fseek)
                  00006430    00000008     libsysbm.a : remove.c.obj (.text.remove)
                  00006438    00000006     libc.a : exit.c.obj (.text:abort)
                  0000643e    00000004     startup_mspm0g350x_ticlang.o (.text.Default_Handler)
                  00006442    00000004     libsysbm.a : hostexit.c.obj (.text.HOSTexit)
                  00006446    00000004     startup_mspm0g350x_ticlang.o (.text.Reset_Handler)
                  0000644a    00000004     libc.a : pre_init.c.obj (.text._system_pre_init)
                  0000644e    00000002     --HOLE-- [fill = 0]

.cinit     0    00007720    00000098     
                  00007720    00000070     (.cinit..data.load) [load image, compression = lzss]
                  00007790    0000000c     (__TI_handler_table)
                  0000779c    00000008     (.cinit..bss.load) [load image, compression = zero_init]
                  000077a4    00000010     (__TI_cinit_table)
                  000077b4    00000004     --HOLE-- [fill = 0]

.rodata    0    00006450    000012d0     
                  00006450    00000101     libc.a : aeabi_ctype.S.obj (.rodata:__aeabi_ctype_table_)
                  00006551    00000057     process_frame.o (.rodata.str1.15406065245292024101.1)
                  000065a8    00000046     process_frame.o (.rodata.str1.1950358614119841381.1)
                  000065ee    00000039     process_frame.o (.rodata.str1.11122501072636281178.1)
                  00006627    00000039     process_frame.o (.rodata.str1.13944180192094669666.1)
                  00006660    00000039     process_frame.o (.rodata.str1.16458425149224990052.1)
                  00006699    00000039     process_frame.o (.rodata.str1.17817298505687536148.1)
                  000066d2    00000039     process_frame.o (.rodata.str1.18387671900880032553.1)
                  0000670b    00000039     process_frame.o (.rodata.str1.2091013008564360263.1)
                  00006744    00000039     process_frame.o (.rodata.str1.2905210972986375738.1)
                  0000677d    00000039     process_frame.o (.rodata.str1.3629284886641759624.1)
                  000067b6    00000039     process_frame.o (.rodata.str1.4592919056536228213.1)
                  000067ef    00000039     process_frame.o (.rodata.str1.6763919436921440556.1)
                  00006828    00000033     process_frame.o (.rodata.str1.13940260747528630120.1)
                  0000685b    00000033     process_frame.o (.rodata.str1.16352595636036218800.1)
                  0000688e    00000032     process_frame.o (.rodata.str1.14733736242370770201.1)
                  000068c0    00000032     process_frame.o (.rodata.str1.17350960118832902729.1)
                  000068f2    00000030     process_frame.o (.rodata.str1.3865989322035007800.1)
                  00006922    00000030     process_frame.o (.rodata.str1.6942756099041912204.1)
                  00006952    0000002f     process_frame.o (.rodata.str1.4442802706634033956.1)
                  00006981    0000002c     process_frame.o (.rodata.str1.12315553405314887059.1)
                  000069ad    0000002b     process_frame.o (.rodata.str1.17600249310412522222.1)
                  000069d8    0000002b     process_frame.o (.rodata.str1.3992655759568463597.1)
                  00006a03    00000028     process_frame.o (.rodata.str1.8797713440668153027.1)
                  00006a2b    00000028     process_frame.o (.rodata.str1.8887818711753079855.1)
                  00006a53    00000028     process_frame.o (.rodata.str1.9872440241764994453.1)
                  00006a7b    00000027     process_frame.o (.rodata.str1.1705334256264181150.1)
                  00006aa2    00000027     process_frame.o (.rodata.str1.18329249249335819744.1)
                  00006ac9    00000026     process_frame.o (.rodata.str1.10653233286120593107.1)
                  00006aef    00000026     process_frame.o (.rodata.str1.11669363893138172446.1)
                  00006b15    00000026     process_frame.o (.rodata.str1.15343885748774326422.1)
                  00006b3b    00000026     process_frame.o (.rodata.str1.16314720361015936382.1)
                  00006b61    00000025     process_frame.o (.rodata.str1.7890473555855232919.1)
                  00006b86    00000024     process_frame.o (.rodata.str1.2860114650404898205.1)
                  00006baa    00000023     process_frame.o (.rodata.str1.11593191495315316154.1)
                  00006bcd    00000023     process_frame.o (.rodata.str1.2881873388082627721.1)
                  00006bf0    00000023     process_frame.o (.rodata.str1.8449203420324340637.1)
                  00006c13    00000023     process_frame.o (.rodata.str1.9976049253793529526.1)
                  00006c36    00000022     process_frame.o (.rodata.str1.12253689095954255380.1)
                  00006c58    00000022     process_frame.o (.rodata.str1.7383977952099601023.1)
                  00006c7a    00000021     process_frame.o (.rodata.str1.11807572129791684753.1)
                  00006c9b    00000021     process_frame.o (.rodata.str1.13580449465254925816.1)
                  00006cbc    00000021     process_frame.o (.rodata.str1.13629408559056181042.1)
                  00006cdd    00000021     process_frame.o (.rodata.str1.13832332352487339029.1)
                  00006cfe    00000021     process_frame.o (.rodata.str1.14550840727247345338.1)
                  00006d1f    00000021     process_frame.o (.rodata.str1.16801269413220001550.1)
                  00006d40    00000021     process_frame.o (.rodata.str1.4465467787105641999.1)
                  00006d61    00000021     process_frame.o (.rodata.str1.9212186930112395992.1)
                  00006d82    00000021     process_frame.o (.rodata.str1.9325328435992323416.1)
                  00006da3    00000021     process_frame.o (.rodata.str1.9396236349746069704.1)
                  00006dc4    00000020     process_frame.o (.rodata.str1.2612392027906833277.1)
                  00006de4    00000020     process_frame.o (.rodata.str1.7219515415940176694.1)
                  00006e04    0000001f     process_frame.o (.rodata.str1.6113318422195383162.1)
                  00006e23    0000001e     process_frame.o (.rodata.str1.11290968085014799103.1)
                  00006e41    0000001e     process_frame.o (.rodata.str1.34829199477829645.1)
                  00006e5f    0000001d     process_frame.o (.rodata.str1.12792021902646671413.1)
                  00006e7c    0000001d     process_frame.o (.rodata.str1.8007106507538827129.1)
                  00006e99    0000001d     process_frame.o (.rodata.str1.9168622634730417687.1)
                  00006eb6    0000001b     process_frame.o (.rodata.str1.11171808053169856052.1)
                  00006ed1    0000001b     process_frame.o (.rodata.str1.12278898828207104760.1)
                  00006eec    0000001b     process_frame.o (.rodata.str1.14534741336728103605.1)
                  00006f07    0000001b     process_frame.o (.rodata.str1.16013290866603938537.1)
                  00006f22    0000001b     process_frame.o (.rodata.str1.17278088151910148700.1)
                  00006f3d    0000001b     process_frame.o (.rodata.str1.204667775463634954.1)
                  00006f58    0000001b     process_frame.o (.rodata.str1.2533652188634371598.1)
                  00006f73    0000001b     process_frame.o (.rodata.str1.3544974003391926085.1)
                  00006f8e    0000001b     process_frame.o (.rodata.str1.5196522998372998635.1)
                  00006fa9    0000001b     process_frame.o (.rodata.str1.607877630822168494.1)
                  00006fc4    0000001b     process_frame.o (.rodata.str1.6673825624314248778.1)
                  00006fdf    0000001b     process_frame.o (.rodata.str1.955387091687397259.1)
                  00006ffa    0000001b     process_frame.o (.rodata.str1.9808201240723763062.1)
                  00007015    0000001a     process_frame.o (.rodata.str1.1212862080715528474.1)
                  0000702f    0000001a     process_frame.o (.rodata.str1.14125596673224260793.1)
                  00007049    0000001a     process_frame.o (.rodata.str1.15109562263965386874.1)
                  00007063    0000001a     process_frame.o (.rodata.str1.17274358000364909659.1)
                  0000707d    0000001a     process_frame.o (.rodata.str1.3945170778826406097.1)
                  00007097    0000001a     process_frame.o (.rodata.str1.459643721121505238.1)
                  000070b1    0000001a     process_frame.o (.rodata.str1.6127326650164880360.1)
                  000070cb    00000019     process_frame.o (.rodata.str1.13774233115231426521.1)
                  000070e4    00000019     process_frame.o (.rodata.str1.9166167786569493550.1)
                  000070fd    00000018     process_frame.o (.rodata.str1.11133690332762055747.1)
                  00007115    00000018     process_frame.o (.rodata.str1.12923447793312505991.1)
                  0000712d    00000018     process_frame.o (.rodata.str1.1589250921394074883.1)
                  00007145    00000018     process_frame.o (.rodata.str1.5878190481300552925.1)
                  0000715d    00000018     process_frame.o (.rodata.str1.7305616524445872802.1)
                  00007175    00000017     process_frame.o (.rodata.str1.10384695468941578599.1)
                  0000718c    00000017     process_frame.o (.rodata.str1.12983149095677024876.1)
                  000071a3    00000017     process_frame.o (.rodata.str1.3227146615650133898.1)
                  000071ba    00000017     process_frame.o (.rodata.str1.4432507344196240604.1)
                  000071d1    00000017     process_frame.o (.rodata.str1.7081158558556704231.1)
                  000071e8    00000016     process_frame.o (.rodata.str1.13598490378685294785.1)
                  000071fe    00000015     process_frame.o (.rodata.str1.10277615574418843689.1)
                  00007213    00000015     process_frame.o (.rodata.str1.10703597538766702885.1)
                  00007228    00000015     process_frame.o (.rodata.str1.10734484309938270429.1)
                  0000723d    00000015     process_frame.o (.rodata.str1.1074018275993266358.1)
                  00007252    00000015     process_frame.o (.rodata.str1.11270759481181915615.1)
                  00007267    00000015     process_frame.o (.rodata.str1.11765382326862237244.1)
                  0000727c    00000015     process_frame.o (.rodata.str1.12168580976189223413.1)
                  00007291    00000015     process_frame.o (.rodata.str1.1319984516263068005.1)
                  000072a6    00000015     process_frame.o (.rodata.str1.13643137963986578320.1)
                  000072bb    00000015     process_frame.o (.rodata.str1.15443516840175218960.1)
                  000072d0    00000015     process_frame.o (.rodata.str1.15494568303702832771.1)
                  000072e5    00000015     process_frame.o (.rodata.str1.15556094595063892007.1)
                  000072fa    00000015     process_frame.o (.rodata.str1.15747580397532747097.1)
                  0000730f    00000015     process_frame.o (.rodata.str1.17654710490808441242.1)
                  00007324    00000015     process_frame.o (.rodata.str1.18043246703940718604.1)
                  00007339    00000015     process_frame.o (.rodata.str1.4363737936419467862.1)
                  0000734e    00000015     process_frame.o (.rodata.str1.5175870519962813687.1)
                  00007363    00000015     process_frame.o (.rodata.str1.5405213431747094796.1)
                  00007378    00000015     process_frame.o (.rodata.str1.5604170542703469511.1)
                  0000738d    00000015     process_frame.o (.rodata.str1.6839838820507189992.1)
                  000073a2    00000015     process_frame.o (.rodata.str1.711162040206868513.1)
                  000073b7    00000015     process_frame.o (.rodata.str1.7290855217214827309.1)
                  000073cc    00000015     process_frame.o (.rodata.str1.8227384092334374229.1)
                  000073e1    00000015     process_frame.o (.rodata.str1.9602110339237438368.1)
                  000073f6    00000015     process_frame.o (.rodata.str1.993057357403005059.1)
                  0000740b    00000001     --HOLE-- [fill = 0]
                  0000740c    00000014     ti_msp_dl_config.o (.rodata.gTIMER_0TimerConfig)
                  00007420    00000014     ti_msp_dl_config.o (.rodata.gTIMER_1TimerConfig)
                  00007434    00000014     ti_msp_dl_config.o (.rodata.gTIMER_2TimerConfig)
                  00007448    00000014     ti_msp_dl_config.o (.rodata.gTIMER_MOTORTimerConfig)
                  0000745c    00000013     process_frame.o (.rodata.str1.15546828324001546497.1)
                  0000746f    00000013     process_frame.o (.rodata.str1.584901390521040206.1)
                  00007482    00000013     process_frame.o (.rodata.str1.7512079366437544619.1)
                  00007495    00000013     process_frame.o (.rodata.str1.8718370637633138305.1)
                  000074a8    00000013     process_frame.o (.rodata.str1.9271063941403697216.1)
                  000074bb    00000012     process_frame.o (.rodata.str1.12951302802702251932.1)
                  000074cd    00000012     process_frame.o (.rodata.str1.15118136819123937942.1)
                  000074df    00000012     process_frame.o (.rodata.str1.15240946626438767992.1)
                  000074f1    00000012     process_frame.o (.rodata.str1.17816718024341078628.1)
                  00007503    00000012     process_frame.o (.rodata.str1.6670466626645186501.1)
                  00007515    00000011     libc.a : _printfi.c.obj (.rodata.str1.10348868589481759720.1)
                  00007526    00000011     process_frame.o (.rodata.str1.12462964236395049627.1)
                  00007537    00000011     libc.a : _printfi.c.obj (.rodata.str1.15363888844622738466.1)
                  00007548    00000011     process_frame.o (.rodata.str1.17559119625635216723.1)
                  00007559    00000010     process_frame.o (.rodata.str1.10562209359903002315.1)
                  00007569    00000010     process_frame.o (.rodata.str1.15844287946160448044.1)
                  00007579    00000010     process_frame.o (.rodata.str1.18062293534447331152.1)
                  00007589    00000010     process_frame.o (.rodata.str1.5199943671885047465.1)
                  00007599    00000010     process_frame.o (.rodata.str1.8068150394958721729.1)
                  000075a9    0000000f     process_frame.o (.rodata.str1.10230707438833815135.1)
                  000075b8    0000000f     process_frame.o (.rodata.str1.1259653315034628228.1)
                  000075c7    0000000f     process_frame.o (.rodata.str1.13817687411556119346.1)
                  000075d6    0000000f     process_frame.o (.rodata.str1.15682803525917595981.1)
                  000075e5    0000000f     process_frame.o (.rodata.str1.16296974579761196606.1)
                  000075f4    0000000f     process_frame.o (.rodata.str1.16377341226128171569.1)
                  00007603    0000000f     process_frame.o (.rodata.str1.16469301516874631013.1)
                  00007612    0000000f     process_frame.o (.rodata.str1.1769509506816897275.1)
                  00007621    0000000f     process_frame.o (.rodata.str1.18074625927149195750.1)
                  00007630    0000000f     process_frame.o (.rodata.str1.2724147454265442978.1)
                  0000763f    0000000f     process_frame.o (.rodata.str1.2857029334324915430.1)
                  0000764e    0000000f     process_frame.o (.rodata.str1.3039785103767342630.1)
                  0000765d    0000000f     process_frame.o (.rodata.str1.3892640461372077267.1)
                  0000766c    0000000f     process_frame.o (.rodata.str1.7411609411459071892.1)
                  0000767b    0000000f     process_frame.o (.rodata.str1.7820397433389199737.1)
                  0000768a    0000000f     process_frame.o (.rodata.str1.8929777035123133875.1)
                  00007699    0000000c     process_frame.o (.rodata.str1.10541455854378373581.1)
                  000076a5    0000000c     process_frame.o (.rodata.str1.1607954444856862061.1)
                  000076b1    0000000c     process_frame.o (.rodata.str1.16367703433987975605.1)
                  000076bd    00000001     --HOLE-- [fill = 0]
                  000076be    0000000a     ti_msp_dl_config.o (.rodata.gUART_0Config)
                  000076c8    0000000a     ti_msp_dl_config.o (.rodata.gUART_MOTORConfig)
                  000076d2    00000009     process_frame.o (.rodata.str1.11349787942915460530.1)
                  000076db    00000009     process_frame.o (.rodata.str1.12842638767827297137.1)
                  000076e4    00000009     process_frame.o (.rodata.str1.1337484108073267558.1)
                  000076ed    00000009     process_frame.o (.rodata.str1.13677114339742309478.1)
                  000076f6    00000002     ti_msp_dl_config.o (.rodata.gUART_0ClockConfig)
                  000076f8    00000008     ti_msp_dl_config.o (.rodata.gPWM_0Config)
                  00007700    00000008     ti_msp_dl_config.o (.rodata.gPWM_PD42S1Config)
                  00007708    00000003     ti_msp_dl_config.o (.rodata.gPWM_0ClockConfig)
                  0000770b    00000003     ti_msp_dl_config.o (.rodata.gPWM_PD42S1ClockConfig)
                  0000770e    00000003     ti_msp_dl_config.o (.rodata.gTIMER_0ClockConfig)
                  00007711    00000003     ti_msp_dl_config.o (.rodata.gTIMER_1ClockConfig)
                  00007714    00000003     ti_msp_dl_config.o (.rodata.gTIMER_2ClockConfig)
                  00007717    00000003     ti_msp_dl_config.o (.rodata.gTIMER_MOTORClockConfig)
                  0000771a    00000002     ti_msp_dl_config.o (.rodata.gUART_MOTORClockConfig)
                  0000771c    00000004     --HOLE-- [fill = 0]

.init_array 
*          0    00000000    00000000     UNINITIALIZED

.binit     0    00000000    00000000     

.bss       0    20200000    000009a4     UNINITIALIZED
                  20200000    00000480     (.common:OLED_GRAM)
                  20200480    00000120     libsysbm.a : trgmsg.c.obj (.bss:_CIOBUF_)
                  202005a0    000000bc     (.common:gPWM_0Backup)
                  2020065c    000000bc     (.common:gPWM_PD42S1Backup)
                  20200718    000000a0     libc.a : defs.c.obj (.bss.__TI_tmpnams)
                  202007b8    000000a0     (.common:gTIMER_2Backup)
                  20200858    000000a0     (.common:gTIMER_MOTORBackup)
                  202008f8    00000080     (.common:g_rx_cmd)
                  20200978    00000018     (.common:Key)
                  20200990    00000008     libsysbm.a : hostopen.c.obj (.bss.parmbuf)
                  20200998    00000004     libc.a : memory.c.obj (.bss.sys_free)
                  2020099c    00000004     (.common:Huidu_Error)
                  202009a0    00000004     (.common:huidu_lasterror)

.sysmem    0    202009a8    00000800     UNINITIALIZED
                  202009a8    00000010     libc.a : memory.c.obj (.sysmem)
                  202009b8    000007f0     --HOLE--

.data      0    202011a8    0000020a     UNINITIALIZED
                  202011a8    000000f0     libc.a : defs.c.obj (.data._ftable)
                  20201298    00000078     libsysbm.a : host_device.c.obj (.data._device)
                  20201310    00000050                : host_device.c.obj (.data._stream)
                  20201360    00000008     libc.a : exit.c.obj (.data..L_MergedGlobals)
                  20201368    00000004     empty.o (.data.Basic_Speed)
                  2020136c    00000004     Encoder.o (.data.Motor1_Encoder_Value)
                  20201370    00000004     Encoder.o (.data.Motor2_Encoder_Value)
                  20201374    00000004     empty.o (.data.Target_Angle)
                  20201378    00000004     libc.a : defs.c.obj (.data.__TI_ft_end)
                  2020137c    00000004            : aeabi_portable.c.obj (.data.__aeabi_errno)
                  20201380    00000004            : _lock.c.obj (.data._lock)
                  20201384    00000004            : _lock.c.obj (.data._unlock)
                  20201388    00000004     timer.o (.data.angle_cnt)
                  2020138c    00000004     timer.o (.data.control_cnt)
                  20201390    00000004     timer.o (.data.flagtim_cnt)
                  20201394    00000004     timer.o (.data.tim2_cnt)
                  20201398    00000004     timer.o (.data.warn_cnt)
                  2020139c    00000002     timer.o (.data.TIMG8_IRQHandler.count_100ms)
                  2020139e    00000002     timer.o (.data.TIMG8_IRQHandler.count_10ms)
                  202013a0    00000002     timer.o (.data.TIMG8_IRQHandler.t)
                  202013a2    00000001     motor_ctrl.o (.data.Angle_PID_Flag)
                  202013a3    00000001     motor_ctrl.o (.data.Distance_PID_Flag)
                  202013a4    00000001     motor_ctrl.o (.data.Gyro_PID_Flag)
                  202013a5    00000001     motor_ctrl.o (.data.MOTOR1_ENABLE_FLAG)
                  202013a6    00000001     motor_ctrl.o (.data.MOTOR2_ENABLE_FLAG)
                  202013a7    00000001     task.o (.data.Target_Angle_flag)
                  202013a8    00000001     task.o (.data.Task_1_State)
                  202013a9    00000001     task.o (.data.Task_Select)
                  202013aa    00000001     motor_ctrl.o (.data.Turn_PID_Flag)
                  202013ab    00000001     task.o (.data.flag_cnt)
                  202013ac    00000001     task.o (.data.flag_state)
                  202013ad    00000001     task.o (.data.flag_warn)
                  202013ae    00000001     usart.o (.data.g_rx_frame_flag)
                  202013af    00000001     usart.o (.data.g_rx_len)
                  202013b0    00000001     libc.a : memory.c.obj (.data.memory_is_initialized)
                  202013b1    00000001     usart.o (.data.uart_data)

.stack     0    20207e00    00000200     UNINITIALIZED
                  20207e00    00000004     libc.a : boot_cortex_m.c.obj (.stack)
                  20207e04    000001fc     --HOLE--

__llvm_prf_cnts 
*          0    20200000    00000000     UNINITIALIZED

__llvm_prf_bits 
*          0    20200000    00000000     UNINITIALIZED

MODULE SUMMARY

       Module                         code    ro data   rw data
       ------                         ----    -------   -------
    .\
       ti_msp_dl_config.o             2698    138       696    
       startup_mspm0g350x_ticlang.o   8       192       0      
       empty.o                        28      0         8      
    +--+------------------------------+-------+---------+---------+
       Total:                         2734    330       704    
                                                               
    .\Hardware\
       process_frame.o                5784    4381      0      
       oled.o                         1412    0         1152   
       Encoder.o                      1322    0         8      
       key.o                          898     0         24     
       task.o                         420     0         6      
       smd.o                          368     0         0      
       gw_gray.o                      158     0         8      
       motor_ctrl.o                   0       0         6      
    +--+------------------------------+-------+---------+---------+
       Total:                         10362   4381      1204   
                                                               
    .\middle\
       timer.o                        754     0         26     
       usart.o                        308     0         131    
       delay.o                        40      0         0      
    +--+------------------------------+-------+---------+---------+
       Total:                         1102    0         157    
                                                               
    E:/TI_02/CCS/mspm0_sdk_2_05_01_00/source/ti/driverlib/lib/ticlang/m0p/mspm0g1x0x_g3x0x/driverlib.a
       dl_timer.o                     588     0         0      
       dl_uart.o                      122     0         0      
       dl_common.o                    10      0         0      
    +--+------------------------------+-------+---------+---------+
       Total:                         720     0         0      
                                                               
    E:\TI_02\CCS\ccs\tools\compiler\ti-cgt-armllvm_4.0.2.LTS\lib\armv6m-ti-none-eabi/c/libc.a
       _printfi.c.obj                 4510    34        0      
       memory.c.obj                   702     0         5      
       defs.c.obj                     0       0         404    
       aeabi_ctype.S.obj              0       257       0      
       fputs.c.obj                    248     0         0      
       setvbuf.c.obj                  224     0         0      
       s_scalbn.c.obj                 216     0         0      
       getdevice.c.obj                160     0         0      
       strcmp-armv6m.S.obj            136     0         0      
       copy_decompress_lzss.c.obj     124     0         0      
       fclose.c.obj                   124     0         0      
       fseek.c.obj                    116     0         0      
       printf.c.obj                   108     0         0      
       _io_perm.c.obj                 100     0         0      
       s_frexp.c.obj                  92      0         0      
       _ltoa.c.obj                    88      0         0      
       fflush.c.obj                   82      0         0      
       exit.c.obj                     58      0         8      
       atoi.c.obj                     64      0         0      
       autoinit.c.obj                 60      0         0      
       fopen.c.obj                    52      0         0      
       boot_cortex_m.c.obj            40      0         0      
       memccpy.c.obj                  34      0         0      
       copy_decompress_none.c.obj     18      0         0      
       memcpy16.S.obj                 18      0         0      
       copy_zero_init.c.obj           16      0         0      
       wcslen.c.obj                   16      0         0      
       memset16.S.obj                 14      0         0      
       aeabi_portable.c.obj           8       0         4      
       _lock.c.obj                    2       0         8      
       pre_init.c.obj                 4       0         0      
    +--+------------------------------+-------+---------+---------+
       Total:                         7434    291       429    
                                                               
    E:\TI_02\CCS\ccs\tools\compiler\ti-cgt-armllvm_4.0.2.LTS\lib\armv6m-ti-none-eabi/c/libsysbm.a
       trgmsg.c.obj                   104     0         288    
       host_device.c.obj              0       0         200    
       hostrename.c.obj               136     0         0      
       hostlseek.c.obj                108     0         0      
       hostopen.c.obj                 96      0         8      
       hostread.c.obj                 88      0         0      
       hostwrite.c.obj                88      0         0      
       close.c.obj                    80      0         0      
       hostclose.c.obj                72      0         0      
       hostunlink.c.obj               72      0         0      
       unlink.c.obj                   44      0         0      
       lseek.c.obj                    40      0         0      
       write.c.obj                    40      0         0      
       remove.c.obj                   8       0         0      
       hostexit.c.obj                 4       0         0      
    +--+------------------------------+-------+---------+---------+
       Total:                         980     0         496    
                                                               
    E:\TI_02\CCS\ccs\tools\compiler\ti-cgt-armllvm_4.0.2.LTS\lib\armv6m-ti-none-eabi/libclang_rt.builtins.a
       adddf3.S.obj                   418     0         0      
       divdf3.S.obj                   268     0         0      
       muldf3.S.obj                   228     0         0      
       comparedf2.c.obj               220     0         0      
       addsf3.S.obj                   216     0         0      
       udivmoddi4.S.obj               162     0         0      
       aeabi_dcmp.S.obj               98      0         0      
       aeabi_idivmod.S.obj            86      0         0      
       fixdfsi.S.obj                  74      0         0      
       aeabi_uidivmod.S.obj           64      0         0      
       extendsfdf2.S.obj              64      0         0      
       muldsi3.S.obj                  58      0         0      
       floatsidf.S.obj                44      0         0      
       muldi3.S.obj                   36      0         0      
       ashldi3.S.obj                  30      0         0      
       aeabi_memset.S.obj             26      0         0      
       aeabi_uldivmod.S.obj           20      0         0      
       aeabi_memcpy.S.obj             8       0         0      
       aeabi_div0.c.obj               4       0         0      
    +--+------------------------------+-------+---------+---------+
       Total:                         2124    0         0      
                                                               
       Heap:                          0       0         2048   
       Stack:                         0       0         512    
       Linker Generated:              0       148       0      
    +--+------------------------------+-------+---------+---------+
       Grand Total:                   25456   5150      5550   


LINKER GENERATED COPY TABLES

__TI_cinit_table @ 000077a4 records: 2, size/record: 8, table size: 16
	.data: load addr=00007720, load size=00000070 bytes, run addr=202011a8, run size=0000020a bytes, compression=lzss
	.bss: load addr=0000779c, load size=00000008 bytes, run addr=20200000, run size=000009a4 bytes, compression=zero_init


LINKER GENERATED HANDLER TABLE

__TI_handler_table @ 00007790 records: 3, size/record: 4, table size: 12
	index: 0, handler: __TI_decompress_lzss
	index: 1, handler: __TI_decompress_none
	index: 2, handler: __TI_zero_init


FAR CALL TRAMPOLINES

callee name               trampoline name
   callee addr  tramp addr   call addr  call info
--------------  -----------  ---------  ----------------
__aeabi_dsub              $Tramp$TT$L$PI$$__aeabi_dsub
   00002df1     000063ec     000063ea   libc.a : _printfi.c.obj (.text.OUTLINED_FUNCTION_0)

[1 trampolines]
[1 trampoline calls]


GLOBAL SYMBOLS: SORTED ALPHABETICALLY BY Name 

address   name                            
-------   ----                            
0000643f  ADC0_IRQHandler                 
0000643f  ADC1_IRQHandler                 
0000643f  AES_IRQHandler                  
202013a2  Angle_PID_Flag                  
20201368  Basic_Speed                     
00006442  C$$EXIT                         
000059b9  C$$IO$$                         
0000643f  CANFD0_IRQHandler               
0000643f  DAC0_IRQHandler                 
000063cf  DL_Common_delayCycles           
00003751  DL_Timer_initFourCCPWMMode      
0000394d  DL_Timer_initTimerMode          
00005ec1  DL_Timer_setCaptCompUpdateMethod
000060b9  DL_Timer_setCaptureCompareOutCtl
0000633d  DL_Timer_setCaptureCompareValue 
00005edd  DL_Timer_setClockConfig         
000053a9  DL_UART_init                    
000062e5  DL_UART_setClockConfig          
00005d9d  DL_UART_transmitDataBlocking    
0000643f  DMA_IRQHandler                  
0000643f  Default_Handler                 
202013a3  Distance_PID_Flag               
0000643f  GROUP0_IRQHandler               
00002105  GROUP1_IRQHandler               
202013a4  Gyro_PID_Flag                   
000053f1  HOSTclose                       
00006443  HOSTexit                        
000048c5  HOSTlseek                       
00004da5  HOSTopen                        
00004f1d  HOSTread                        
00004931  HOSTrename                      
00005439  HOSTunlink                      
00004f75  HOSTwrite                       
0000643f  HardFault_Handler               
2020099c  Huidu_Error                     
0000445d  Huidu_Read                      
0000643f  I2C0_IRQHandler                 
0000643f  I2C1_IRQHandler                 
000030c1  KEY_PROC                        
20200978  Key                             
000025c5  Key_Read                        
202013a5  MOTOR1_ENABLE_FLAG              
202013a6  MOTOR2_ENABLE_FLAG              
2020136c  Motor1_Encoder_Value            
20201370  Motor2_Encoder_Value            
0000643f  NMI_Handler                     
00004a75  NVIC_EnableIRQ_Init             
00004e05  OLED_Clear                      
00005821  OLED_ColorTurn                  
00005311  OLED_DisplayTurn                
00005741  OLED_GPIO_Init                  
20200000  OLED_GRAM                       
00003649  OLED_Init                       
00004219  OLED_Refresh                    
00005275  OLED_WR_Byte                    
0000643f  PendSV_Handler                  
0000643f  RTC_IRQHandler                  
00006447  Reset_Handler                   
0000643f  SPI0_IRQHandler                 
0000643f  SPI1_IRQHandler                 
0000643f  SVC_Handler                     
00002a05  SYSCFG_DL_GPIO_init             
000043d1  SYSCFG_DL_PWM_0_init            
000047e5  SYSCFG_DL_PWM_PD42S1_init       
00005cad  SYSCFG_DL_SYSCTL_init           
00005855  SYSCFG_DL_TIMER_0_init          
00005889  SYSCFG_DL_TIMER_1_init          
000058bd  SYSCFG_DL_TIMER_2_init          
000058f1  SYSCFG_DL_TIMER_MOTOR_init      
0000512d  SYSCFG_DL_UART_0_init           
00004c15  SYSCFG_DL_UART_MOTOR_init       
00004fcd  SYSCFG_DL_init                  
00003e91  SYSCFG_DL_initPower             
0000643f  SysTick_Handler                 
0000643f  TIMA0_IRQHandler                
0000643f  TIMA1_IRQHandler                
00003f55  TIMG0_IRQHandler                
0000643f  TIMG12_IRQHandler               
0000643f  TIMG6_IRQHandler                
00004019  TIMG7_IRQHandler                
000042b5  TIMG8_IRQHandler                
00006309  TI_memcpy_small                 
000063b5  TI_memset_small                 
20201374  Target_Angle                    
202013a7  Target_Angle_flag               
00003315  Task_1                          
202013a8  Task_1_State                    
202013a9  Task_Select                     
202013aa  Turn_PID_Flag                   
00004add  UART0_IRQHandler                
00005a59  UART1_IRQHandler                
0000643f  UART2_IRQHandler                
0000643f  UART3_IRQHandler                
20200480  _CIOBUF_                        
20200480  __CIOBUF_                       
20208000  __STACK_END                     
00000200  __STACK_SIZE                    
00000800  __SYSMEM_SIZE                   
00000000  __TI_ATRegion0_region_sz        
00000000  __TI_ATRegion0_src_addr         
00000000  __TI_ATRegion0_trg_addr         
00000000  __TI_ATRegion1_region_sz        
00000000  __TI_ATRegion1_src_addr         
00000000  __TI_ATRegion1_trg_addr         
00000000  __TI_ATRegion2_region_sz        
00000000  __TI_ATRegion2_src_addr         
00000000  __TI_ATRegion2_trg_addr         
000077a4  __TI_CINIT_Base                 
000077b4  __TI_CINIT_Limit                
000077b4  __TI_CINIT_Warm                 
00007790  __TI_Handler_Table_Base         
0000779c  __TI_Handler_Table_Limit        
00005705  __TI_auto_init_nobinit_nopinit  
00005925  __TI_cleanup                    
20201360  __TI_cleanup_ptr                
000045fd  __TI_closefile                  
000046f5  __TI_decompress_lzss            
0000631b  __TI_decompress_none            
00005181  __TI_doflush                    
20201364  __TI_dtors_ptr                  
20201378  __TI_ft_end                     
00005025  __TI_ltoa                       
ffffffff  __TI_pprof_out_hndl             
00001735  __TI_printfi                    
ffffffff  __TI_prof_data_size             
ffffffff  __TI_prof_data_start            
00005959  __TI_readmsg                    
00000000  __TI_static_base__              
20200718  __TI_tmpnams                    
0000598d  __TI_writemsg                   
00004c79  __TI_wrt_ok                     
0000635d  __TI_zero_init                  
00002dfb  __adddf3                        
00003dc3  __addsf3                        
00006450  __aeabi_ctype_table_            
00006450  __aeabi_ctype_table_C           
0000535d  __aeabi_d2iz                    
00002dfb  __aeabi_dadd                    
00004d41  __aeabi_dcmpeq                  
00004d7d  __aeabi_dcmpge                  
00004d91  __aeabi_dcmpgt                  
00004d69  __aeabi_dcmple                  
00004d55  __aeabi_dcmplt                  
0000353d  __aeabi_ddiv                    
00003b1d  __aeabi_dmul                    
00002df1  __aeabi_dsub                    
2020137c  __aeabi_errno                   
00006409  __aeabi_errno_addr              
000055d1  __aeabi_f2d                     
00003dc3  __aeabi_fadd                    
00003db9  __aeabi_fsub                    
00005b11  __aeabi_i2d                     
000050d5  __aeabi_idiv                    
00002f83  __aeabi_idiv0                   
000050d5  __aeabi_idivmod                 
0000374f  __aeabi_ldiv0                   
00005ddd  __aeabi_llsl                    
00005cd1  __aeabi_lmul                    
000044e5  __aeabi_memclr                  
000044e5  __aeabi_memclr4                 
000044e5  __aeabi_memclr8                 
00006411  __aeabi_memcpy                  
00006411  __aeabi_memcpy4                 
00006411  __aeabi_memcpy8                 
0000637d  __aeabi_memset                  
0000637d  __aeabi_memset4                 
0000637d  __aeabi_memset8                 
00005591  __aeabi_uidiv                   
00005591  __aeabi_uidivmod                
00006285  __aeabi_uldivmod                
00005ddd  __ashldi3                       
ffffffff  __binit__                       
00004b45  __cmpdf2                        
0000353d  __divdf3                        
00004b45  __eqdf2                         
000055d1  __extendsfdf2                   
0000535d  __fixdfsi                       
00005b11  __floatsidf                     
00004771  __gedf2                         
00004771  __gtdf2                         
00004b45  __ledf2                         
00004b45  __ltdf2                         
UNDEFED   __mpu_init                      
00003b1d  __muldf3                        
00005cd1  __muldi3                        
0000577d  __muldsi3                       
00004b45  __nedf2                         
20207e00  __stack                         
20200000  __start___llvm_prf_bits         
20200000  __start___llvm_prf_cnts         
20200000  __stop___llvm_prf_bits          
20200000  __stop___llvm_prf_cnts          
00002df1  __subdf3                        
00003db9  __subsf3                        
00004175  __udivmoddi4                    
00005c85  _c_int00_noargs                 
20201298  _device                         
202011a8  _ftable                         
20201380  _lock                           
00004217  _nop                            
20201310  _stream                         
202009a8  _sys_memory                     
UNDEFED   _system_post_cinit              
0000644b  _system_pre_init                
20201384  _unlock                         
00006439  abort                           
00003429  aligned_alloc                   
20201388  angle_cnt                       
00005611  atoi                            
ffffffff  binit                           
00005cf5  bytes_to_float                  
00006299  clear_uart_rx_buffer            
00005225  close                           
2020138c  control_cnt                     
000061e3  delay_ms                        
000062f7  delay_us                        
000059c1  exit                            
000059f5  finddevice                      
202013ab  flag_cnt                        
202013ac  flag_state                      
202013ad  flag_warn                       
20201390  flagtim_cnt                     
00005f15  fputc                           
00003855  fputs                           
00003a35  free                            
00004e65  frexp                           
00004e65  frexpl                          
00006429  fseek                           
0000499d  fseeko                          
202005a0  gPWM_0Backup                    
2020065c  gPWM_PD42S1Backup               
202007b8  gTIMER_2Backup                  
20200858  gTIMER_MOTORBackup              
202008f8  g_rx_cmd                        
202013ae  g_rx_frame_flag                 
202013af  g_rx_len                        
00004a09  getdevice                       
00004679  handle_ack                      
202009a0  huidu_lasterror                 
00000000  interruptVectors                
00003ce1  ldexp                           
00003ce1  ldexpl                          
00005c35  lseek                           
00005f4d  main                            
000063c3  malloc                          
00003429  memalign                        
00005d19  memccpy                         
20200990  parmbuf                         
00004ec1  printf                          
00006431  remove                          
00003ce1  scalbn                          
00003ce1  scalbnl                         
000000c1  serial_frame_process            
00003c01  setvbuf                         
0000568d  smd_angle_to_zero               
00005481  smd_checksum                    
000056c9  smd_clear_sta                   
00004855  smd_pos_mode                    
0000550d  smd_send_data                   
000044f1  strcmp                          
20201394  tim2_cnt                        
00005b3d  uart0_send_char                 
202013b1  uart_data                       
00005b69  unlink                          
20201398  warn_cnt                        
0000634d  wcslen                          
00005c5d  write                           


GLOBAL SYMBOLS: SORTED BY Symbol Address 

address   name                            
-------   ----                            
00000000  __TI_ATRegion0_region_sz        
00000000  __TI_ATRegion0_src_addr         
00000000  __TI_ATRegion0_trg_addr         
00000000  __TI_ATRegion1_region_sz        
00000000  __TI_ATRegion1_src_addr         
00000000  __TI_ATRegion1_trg_addr         
00000000  __TI_ATRegion2_region_sz        
00000000  __TI_ATRegion2_src_addr         
00000000  __TI_ATRegion2_trg_addr         
00000000  __TI_static_base__              
00000000  interruptVectors                
000000c1  serial_frame_process            
00000200  __STACK_SIZE                    
00000800  __SYSMEM_SIZE                   
00001735  __TI_printfi                    
00002105  GROUP1_IRQHandler               
000025c5  Key_Read                        
00002a05  SYSCFG_DL_GPIO_init             
00002df1  __aeabi_dsub                    
00002df1  __subdf3                        
00002dfb  __adddf3                        
00002dfb  __aeabi_dadd                    
00002f83  __aeabi_idiv0                   
000030c1  KEY_PROC                        
00003315  Task_1                          
00003429  aligned_alloc                   
00003429  memalign                        
0000353d  __aeabi_ddiv                    
0000353d  __divdf3                        
00003649  OLED_Init                       
0000374f  __aeabi_ldiv0                   
00003751  DL_Timer_initFourCCPWMMode      
00003855  fputs                           
0000394d  DL_Timer_initTimerMode          
00003a35  free                            
00003b1d  __aeabi_dmul                    
00003b1d  __muldf3                        
00003c01  setvbuf                         
00003ce1  ldexp                           
00003ce1  ldexpl                          
00003ce1  scalbn                          
00003ce1  scalbnl                         
00003db9  __aeabi_fsub                    
00003db9  __subsf3                        
00003dc3  __addsf3                        
00003dc3  __aeabi_fadd                    
00003e91  SYSCFG_DL_initPower             
00003f55  TIMG0_IRQHandler                
00004019  TIMG7_IRQHandler                
00004175  __udivmoddi4                    
00004217  _nop                            
00004219  OLED_Refresh                    
000042b5  TIMG8_IRQHandler                
000043d1  SYSCFG_DL_PWM_0_init            
0000445d  Huidu_Read                      
000044e5  __aeabi_memclr                  
000044e5  __aeabi_memclr4                 
000044e5  __aeabi_memclr8                 
000044f1  strcmp                          
000045fd  __TI_closefile                  
00004679  handle_ack                      
000046f5  __TI_decompress_lzss            
00004771  __gedf2                         
00004771  __gtdf2                         
000047e5  SYSCFG_DL_PWM_PD42S1_init       
00004855  smd_pos_mode                    
000048c5  HOSTlseek                       
00004931  HOSTrename                      
0000499d  fseeko                          
00004a09  getdevice                       
00004a75  NVIC_EnableIRQ_Init             
00004add  UART0_IRQHandler                
00004b45  __cmpdf2                        
00004b45  __eqdf2                         
00004b45  __ledf2                         
00004b45  __ltdf2                         
00004b45  __nedf2                         
00004c15  SYSCFG_DL_UART_MOTOR_init       
00004c79  __TI_wrt_ok                     
00004d41  __aeabi_dcmpeq                  
00004d55  __aeabi_dcmplt                  
00004d69  __aeabi_dcmple                  
00004d7d  __aeabi_dcmpge                  
00004d91  __aeabi_dcmpgt                  
00004da5  HOSTopen                        
00004e05  OLED_Clear                      
00004e65  frexp                           
00004e65  frexpl                          
00004ec1  printf                          
00004f1d  HOSTread                        
00004f75  HOSTwrite                       
00004fcd  SYSCFG_DL_init                  
00005025  __TI_ltoa                       
000050d5  __aeabi_idiv                    
000050d5  __aeabi_idivmod                 
0000512d  SYSCFG_DL_UART_0_init           
00005181  __TI_doflush                    
00005225  close                           
00005275  OLED_WR_Byte                    
00005311  OLED_DisplayTurn                
0000535d  __aeabi_d2iz                    
0000535d  __fixdfsi                       
000053a9  DL_UART_init                    
000053f1  HOSTclose                       
00005439  HOSTunlink                      
00005481  smd_checksum                    
0000550d  smd_send_data                   
00005591  __aeabi_uidiv                   
00005591  __aeabi_uidivmod                
000055d1  __aeabi_f2d                     
000055d1  __extendsfdf2                   
00005611  atoi                            
0000568d  smd_angle_to_zero               
000056c9  smd_clear_sta                   
00005705  __TI_auto_init_nobinit_nopinit  
00005741  OLED_GPIO_Init                  
0000577d  __muldsi3                       
00005821  OLED_ColorTurn                  
00005855  SYSCFG_DL_TIMER_0_init          
00005889  SYSCFG_DL_TIMER_1_init          
000058bd  SYSCFG_DL_TIMER_2_init          
000058f1  SYSCFG_DL_TIMER_MOTOR_init      
00005925  __TI_cleanup                    
00005959  __TI_readmsg                    
0000598d  __TI_writemsg                   
000059b9  C$$IO$$                         
000059c1  exit                            
000059f5  finddevice                      
00005a59  UART1_IRQHandler                
00005b11  __aeabi_i2d                     
00005b11  __floatsidf                     
00005b3d  uart0_send_char                 
00005b69  unlink                          
00005c35  lseek                           
00005c5d  write                           
00005c85  _c_int00_noargs                 
00005cad  SYSCFG_DL_SYSCTL_init           
00005cd1  __aeabi_lmul                    
00005cd1  __muldi3                        
00005cf5  bytes_to_float                  
00005d19  memccpy                         
00005d9d  DL_UART_transmitDataBlocking    
00005ddd  __aeabi_llsl                    
00005ddd  __ashldi3                       
00005ec1  DL_Timer_setCaptCompUpdateMethod
00005edd  DL_Timer_setClockConfig         
00005f15  fputc                           
00005f4d  main                            
000060b9  DL_Timer_setCaptureCompareOutCtl
000061e3  delay_ms                        
00006285  __aeabi_uldivmod                
00006299  clear_uart_rx_buffer            
000062e5  DL_UART_setClockConfig          
000062f7  delay_us                        
00006309  TI_memcpy_small                 
0000631b  __TI_decompress_none            
0000633d  DL_Timer_setCaptureCompareValue 
0000634d  wcslen                          
0000635d  __TI_zero_init                  
0000637d  __aeabi_memset                  
0000637d  __aeabi_memset4                 
0000637d  __aeabi_memset8                 
000063b5  TI_memset_small                 
000063c3  malloc                          
000063cf  DL_Common_delayCycles           
00006409  __aeabi_errno_addr              
00006411  __aeabi_memcpy                  
00006411  __aeabi_memcpy4                 
00006411  __aeabi_memcpy8                 
00006429  fseek                           
00006431  remove                          
00006439  abort                           
0000643f  ADC0_IRQHandler                 
0000643f  ADC1_IRQHandler                 
0000643f  AES_IRQHandler                  
0000643f  CANFD0_IRQHandler               
0000643f  DAC0_IRQHandler                 
0000643f  DMA_IRQHandler                  
0000643f  Default_Handler                 
0000643f  GROUP0_IRQHandler               
0000643f  HardFault_Handler               
0000643f  I2C0_IRQHandler                 
0000643f  I2C1_IRQHandler                 
0000643f  NMI_Handler                     
0000643f  PendSV_Handler                  
0000643f  RTC_IRQHandler                  
0000643f  SPI0_IRQHandler                 
0000643f  SPI1_IRQHandler                 
0000643f  SVC_Handler                     
0000643f  SysTick_Handler                 
0000643f  TIMA0_IRQHandler                
0000643f  TIMA1_IRQHandler                
0000643f  TIMG12_IRQHandler               
0000643f  TIMG6_IRQHandler                
0000643f  UART2_IRQHandler                
0000643f  UART3_IRQHandler                
00006442  C$$EXIT                         
00006443  HOSTexit                        
00006447  Reset_Handler                   
0000644b  _system_pre_init                
00006450  __aeabi_ctype_table_            
00006450  __aeabi_ctype_table_C           
00007790  __TI_Handler_Table_Base         
0000779c  __TI_Handler_Table_Limit        
000077a4  __TI_CINIT_Base                 
000077b4  __TI_CINIT_Limit                
000077b4  __TI_CINIT_Warm                 
20200000  OLED_GRAM                       
20200000  __start___llvm_prf_bits         
20200000  __start___llvm_prf_cnts         
20200000  __stop___llvm_prf_bits          
20200000  __stop___llvm_prf_cnts          
20200480  _CIOBUF_                        
20200480  __CIOBUF_                       
202005a0  gPWM_0Backup                    
2020065c  gPWM_PD42S1Backup               
20200718  __TI_tmpnams                    
202007b8  gTIMER_2Backup                  
20200858  gTIMER_MOTORBackup              
202008f8  g_rx_cmd                        
20200978  Key                             
20200990  parmbuf                         
2020099c  Huidu_Error                     
202009a0  huidu_lasterror                 
202009a8  _sys_memory                     
202011a8  _ftable                         
20201298  _device                         
20201310  _stream                         
20201360  __TI_cleanup_ptr                
20201364  __TI_dtors_ptr                  
20201368  Basic_Speed                     
2020136c  Motor1_Encoder_Value            
20201370  Motor2_Encoder_Value            
20201374  Target_Angle                    
20201378  __TI_ft_end                     
2020137c  __aeabi_errno                   
20201380  _lock                           
20201384  _unlock                         
20201388  angle_cnt                       
2020138c  control_cnt                     
20201390  flagtim_cnt                     
20201394  tim2_cnt                        
20201398  warn_cnt                        
202013a2  Angle_PID_Flag                  
202013a3  Distance_PID_Flag               
202013a4  Gyro_PID_Flag                   
202013a5  MOTOR1_ENABLE_FLAG              
202013a6  MOTOR2_ENABLE_FLAG              
202013a7  Target_Angle_flag               
202013a8  Task_1_State                    
202013a9  Task_Select                     
202013aa  Turn_PID_Flag                   
202013ab  flag_cnt                        
202013ac  flag_state                      
202013ad  flag_warn                       
202013ae  g_rx_frame_flag                 
202013af  g_rx_len                        
202013b1  uart_data                       
20207e00  __stack                         
20208000  __STACK_END                     
ffffffff  __TI_pprof_out_hndl             
ffffffff  __TI_prof_data_size             
ffffffff  __TI_prof_data_start            
ffffffff  __binit__                       
ffffffff  binit                           
UNDEFED   __mpu_init                      
UNDEFED   _system_post_cinit              

[267 symbols]
