<?xml version="1.0" encoding="ISO-8859-1" ?>
<link_info>
   <banner>TI ARM Clang Linker PC v4.0.2.LTS</banner>
   <copyright>Copyright (c) 1996-2018 Texas Instruments Incorporated</copyright>
   <command_line>E:\TI_02\CCS\ccs\tools\compiler\ti-cgt-armllvm_4.0.2.LTS\bin\tiarmlnk -IE:\TI_02\CCS\ccs\tools\compiler\ti-cgt-armllvm_4.0.2.LTS\lib -o DS_E03_Show06.out -mDS_E03_Show06.map -iE:/TI_02/CCS/mspm0_sdk_2_05_01_00/source -iE:/TI_Files/DS_E03_Show06 -iE:/TI_Files/DS_E03_Show06/Debug/syscfg -iE:/TI_02/CCS/ccs/tools/compiler/ti-cgt-armllvm_4.0.2.LTS/lib --diag_wrap=off --display_error_number --warn_sections --xml_link_info=DS_E03_Show06_linkInfo.xml --rom_model ./empty.o ./ti_msp_dl_config.o ./startup_mspm0g350x_ticlang.o ./Hardware/Encoder.o ./Hardware/bsp_gyro.o ./Hardware/bsp_hc05.o ./Hardware/gw_gray.o ./Hardware/hw_lcd.o ./Hardware/hw_spi.o ./Hardware/key.o ./Hardware/motor_ctrl.o ./Hardware/process_frame.o ./Hardware/protocol.o ./Hardware/smd.o ./Hardware/task.o ./app/app_lcd.o ./app/app_protocol.o ./middle/delay.o ./middle/timer.o ./middle/usart.o -l./device_linker.cmd -ldevice.cmd.genlibs -llibc.a --start-group -llibc++.a -llibc++abi.a -llibc.a -llibsys.a -llibsysbm.a -llibclang_rt.builtins.a -llibclang_rt.profile.a --end-group --cg_opt_level=0</command_line>
   <link_time>0x6a26a25e</link_time>
   <link_errors>0x0</link_errors>
   <output_file>E:\TI_Files\DS_E03_Show06\Debug\DS_E03_Show06.out</output_file>
   <entry_point>
      <name>_c_int00_noargs</name>
      <address>0xd975</address>
   </entry_point>
   <input_file_list>
      <input_file id="fl-1">
         <path>E:\TI_Files\DS_E03_Show06\Debug\.\</path>
         <kind>object</kind>
         <file>empty.o</file>
         <name>empty.o</name>
      </input_file>
      <input_file id="fl-2">
         <path>E:\TI_Files\DS_E03_Show06\Debug\.\</path>
         <kind>object</kind>
         <file>ti_msp_dl_config.o</file>
         <name>ti_msp_dl_config.o</name>
      </input_file>
      <input_file id="fl-3">
         <path>E:\TI_Files\DS_E03_Show06\Debug\.\</path>
         <kind>object</kind>
         <file>startup_mspm0g350x_ticlang.o</file>
         <name>startup_mspm0g350x_ticlang.o</name>
      </input_file>
      <input_file id="fl-4">
         <path>E:\TI_Files\DS_E03_Show06\Debug\.\Hardware\</path>
         <kind>object</kind>
         <file>Encoder.o</file>
         <name>Encoder.o</name>
      </input_file>
      <input_file id="fl-5">
         <path>E:\TI_Files\DS_E03_Show06\Debug\.\Hardware\</path>
         <kind>object</kind>
         <file>bsp_gyro.o</file>
         <name>bsp_gyro.o</name>
      </input_file>
      <input_file id="fl-6">
         <path>E:\TI_Files\DS_E03_Show06\Debug\.\Hardware\</path>
         <kind>object</kind>
         <file>bsp_hc05.o</file>
         <name>bsp_hc05.o</name>
      </input_file>
      <input_file id="fl-7">
         <path>E:\TI_Files\DS_E03_Show06\Debug\.\Hardware\</path>
         <kind>object</kind>
         <file>gw_gray.o</file>
         <name>gw_gray.o</name>
      </input_file>
      <input_file id="fl-8">
         <path>E:\TI_Files\DS_E03_Show06\Debug\.\Hardware\</path>
         <kind>object</kind>
         <file>hw_lcd.o</file>
         <name>hw_lcd.o</name>
      </input_file>
      <input_file id="fl-9">
         <path>E:\TI_Files\DS_E03_Show06\Debug\.\Hardware\</path>
         <kind>object</kind>
         <file>hw_spi.o</file>
         <name>hw_spi.o</name>
      </input_file>
      <input_file id="fl-a">
         <path>E:\TI_Files\DS_E03_Show06\Debug\.\Hardware\</path>
         <kind>object</kind>
         <file>key.o</file>
         <name>key.o</name>
      </input_file>
      <input_file id="fl-b">
         <path>E:\TI_Files\DS_E03_Show06\Debug\.\Hardware\</path>
         <kind>object</kind>
         <file>motor_ctrl.o</file>
         <name>motor_ctrl.o</name>
      </input_file>
      <input_file id="fl-c">
         <path>E:\TI_Files\DS_E03_Show06\Debug\.\Hardware\</path>
         <kind>object</kind>
         <file>process_frame.o</file>
         <name>process_frame.o</name>
      </input_file>
      <input_file id="fl-d">
         <path>E:\TI_Files\DS_E03_Show06\Debug\.\Hardware\</path>
         <kind>object</kind>
         <file>protocol.o</file>
         <name>protocol.o</name>
      </input_file>
      <input_file id="fl-e">
         <path>E:\TI_Files\DS_E03_Show06\Debug\.\Hardware\</path>
         <kind>object</kind>
         <file>smd.o</file>
         <name>smd.o</name>
      </input_file>
      <input_file id="fl-f">
         <path>E:\TI_Files\DS_E03_Show06\Debug\.\Hardware\</path>
         <kind>object</kind>
         <file>task.o</file>
         <name>task.o</name>
      </input_file>
      <input_file id="fl-10">
         <path>E:\TI_Files\DS_E03_Show06\Debug\.\app\</path>
         <kind>object</kind>
         <file>app_lcd.o</file>
         <name>app_lcd.o</name>
      </input_file>
      <input_file id="fl-11">
         <path>E:\TI_Files\DS_E03_Show06\Debug\.\app\</path>
         <kind>object</kind>
         <file>app_protocol.o</file>
         <name>app_protocol.o</name>
      </input_file>
      <input_file id="fl-12">
         <path>E:\TI_Files\DS_E03_Show06\Debug\.\middle\</path>
         <kind>object</kind>
         <file>delay.o</file>
         <name>delay.o</name>
      </input_file>
      <input_file id="fl-13">
         <path>E:\TI_Files\DS_E03_Show06\Debug\.\middle\</path>
         <kind>object</kind>
         <file>timer.o</file>
         <name>timer.o</name>
      </input_file>
      <input_file id="fl-14">
         <path>E:\TI_Files\DS_E03_Show06\Debug\.\middle\</path>
         <kind>object</kind>
         <file>usart.o</file>
         <name>usart.o</name>
      </input_file>
      <input_file id="fl-21">
         <path>E:\TI_Files\DS_E03_Show06\Debug\</path>
         <kind>object</kind>
         <file>&lt;internal&gt;</file>
         <name>&lt;internal&gt;</name>
      </input_file>
      <input_file id="fl-22">
         <path>E:\TI_02\CCS\mspm0_sdk_2_05_01_00\source\ti\driverlib\lib\ticlang\m0p\mspm0g1x0x_g3x0x\</path>
         <kind>archive</kind>
         <file>driverlib.a</file>
         <name>dl_common.o</name>
      </input_file>
      <input_file id="fl-23">
         <path>E:\TI_02\CCS\mspm0_sdk_2_05_01_00\source\ti\driverlib\lib\ticlang\m0p\mspm0g1x0x_g3x0x\</path>
         <kind>archive</kind>
         <file>driverlib.a</file>
         <name>dl_spi.o</name>
      </input_file>
      <input_file id="fl-24">
         <path>E:\TI_02\CCS\mspm0_sdk_2_05_01_00\source\ti\driverlib\lib\ticlang\m0p\mspm0g1x0x_g3x0x\</path>
         <kind>archive</kind>
         <file>driverlib.a</file>
         <name>dl_timer.o</name>
      </input_file>
      <input_file id="fl-25">
         <path>E:\TI_02\CCS\mspm0_sdk_2_05_01_00\source\ti\driverlib\lib\ticlang\m0p\mspm0g1x0x_g3x0x\</path>
         <kind>archive</kind>
         <file>driverlib.a</file>
         <name>dl_uart.o</name>
      </input_file>
      <input_file id="fl-26">
         <path>E:\TI_02\CCS\mspm0_sdk_2_05_01_00\source\ti\driverlib\lib\ticlang\m0p\mspm0g1x0x_g3x0x\</path>
         <kind>archive</kind>
         <file>driverlib.a</file>
         <name>dl_sysctl_mspm0g1x0x_g3x0x.o</name>
      </input_file>
      <input_file id="fl-3d">
         <path>E:\TI_02\CCS\ccs\tools\compiler\ti-cgt-armllvm_4.0.2.LTS\lib\armv6m-ti-none-eabi\c\</path>
         <kind>archive</kind>
         <file>libc.a</file>
         <name>e_sqrt.c.obj</name>
      </input_file>
      <input_file id="fl-3e">
         <path>E:\TI_02\CCS\ccs\tools\compiler\ti-cgt-armllvm_4.0.2.LTS\lib\armv6m-ti-none-eabi\c\</path>
         <kind>archive</kind>
         <file>libc.a</file>
         <name>printf.c.obj</name>
      </input_file>
      <input_file id="fl-3f">
         <path>E:\TI_02\CCS\ccs\tools\compiler\ti-cgt-armllvm_4.0.2.LTS\lib\armv6m-ti-none-eabi\c\</path>
         <kind>archive</kind>
         <file>libc.a</file>
         <name>_printfi.c.obj</name>
      </input_file>
      <input_file id="fl-40">
         <path>E:\TI_02\CCS\ccs\tools\compiler\ti-cgt-armllvm_4.0.2.LTS\lib\armv6m-ti-none-eabi\c\</path>
         <kind>archive</kind>
         <file>libc.a</file>
         <name>sprintf.c.obj</name>
      </input_file>
      <input_file id="fl-41">
         <path>E:\TI_02\CCS\ccs\tools\compiler\ti-cgt-armllvm_4.0.2.LTS\lib\armv6m-ti-none-eabi\c\</path>
         <kind>archive</kind>
         <file>libc.a</file>
         <name>vsnprintf.c.obj</name>
      </input_file>
      <input_file id="fl-42">
         <path>E:\TI_02\CCS\ccs\tools\compiler\ti-cgt-armllvm_4.0.2.LTS\lib\armv6m-ti-none-eabi\c\</path>
         <kind>archive</kind>
         <file>libc.a</file>
         <name>sscanf.c.obj</name>
      </input_file>
      <input_file id="fl-43">
         <path>E:\TI_02\CCS\ccs\tools\compiler\ti-cgt-armllvm_4.0.2.LTS\lib\armv6m-ti-none-eabi\c\</path>
         <kind>archive</kind>
         <file>libc.a</file>
         <name>fputs.c.obj</name>
      </input_file>
      <input_file id="fl-44">
         <path>E:\TI_02\CCS\ccs\tools\compiler\ti-cgt-armllvm_4.0.2.LTS\lib\armv6m-ti-none-eabi\c\</path>
         <kind>archive</kind>
         <file>libc.a</file>
         <name>_io_perm.c.obj</name>
      </input_file>
      <input_file id="fl-45">
         <path>E:\TI_02\CCS\ccs\tools\compiler\ti-cgt-armllvm_4.0.2.LTS\lib\armv6m-ti-none-eabi\c\</path>
         <kind>archive</kind>
         <file>libc.a</file>
         <name>setvbuf.c.obj</name>
      </input_file>
      <input_file id="fl-46">
         <path>E:\TI_02\CCS\ccs\tools\compiler\ti-cgt-armllvm_4.0.2.LTS\lib\armv6m-ti-none-eabi\c\</path>
         <kind>archive</kind>
         <file>libc.a</file>
         <name>aeabi_ctype.S.obj</name>
      </input_file>
      <input_file id="fl-47">
         <path>E:\TI_02\CCS\ccs\tools\compiler\ti-cgt-armllvm_4.0.2.LTS\lib\armv6m-ti-none-eabi\c\</path>
         <kind>archive</kind>
         <file>libc.a</file>
         <name>strcmp-armv6m.S.obj</name>
      </input_file>
      <input_file id="fl-48">
         <path>E:\TI_02\CCS\ccs\tools\compiler\ti-cgt-armllvm_4.0.2.LTS\lib\armv6m-ti-none-eabi\c\</path>
         <kind>archive</kind>
         <file>libc.a</file>
         <name>aeabi_portable.c.obj</name>
      </input_file>
      <input_file id="fl-49">
         <path>E:\TI_02\CCS\ccs\tools\compiler\ti-cgt-armllvm_4.0.2.LTS\lib\armv6m-ti-none-eabi\c\</path>
         <kind>archive</kind>
         <file>libc.a</file>
         <name>exit.c.obj</name>
      </input_file>
      <input_file id="fl-4a">
         <path>E:\TI_02\CCS\ccs\tools\compiler\ti-cgt-armllvm_4.0.2.LTS\lib\armv6m-ti-none-eabi\c\</path>
         <kind>archive</kind>
         <file>libc.a</file>
         <name>_lock.c.obj</name>
      </input_file>
      <input_file id="fl-4b">
         <path>E:\TI_02\CCS\ccs\tools\compiler\ti-cgt-armllvm_4.0.2.LTS\lib\armv6m-ti-none-eabi\c\</path>
         <kind>archive</kind>
         <file>libc.a</file>
         <name>_ltoa.c.obj</name>
      </input_file>
      <input_file id="fl-4c">
         <path>E:\TI_02\CCS\ccs\tools\compiler\ti-cgt-armllvm_4.0.2.LTS\lib\armv6m-ti-none-eabi\c\</path>
         <kind>archive</kind>
         <file>libc.a</file>
         <name>assert.c.obj</name>
      </input_file>
      <input_file id="fl-4d">
         <path>E:\TI_02\CCS\ccs\tools\compiler\ti-cgt-armllvm_4.0.2.LTS\lib\armv6m-ti-none-eabi\c\</path>
         <kind>archive</kind>
         <file>libc.a</file>
         <name>atof.c.obj</name>
      </input_file>
      <input_file id="fl-4e">
         <path>E:\TI_02\CCS\ccs\tools\compiler\ti-cgt-armllvm_4.0.2.LTS\lib\armv6m-ti-none-eabi\c\</path>
         <kind>archive</kind>
         <file>libc.a</file>
         <name>atoi.c.obj</name>
      </input_file>
      <input_file id="fl-4f">
         <path>E:\TI_02\CCS\ccs\tools\compiler\ti-cgt-armllvm_4.0.2.LTS\lib\armv6m-ti-none-eabi\c\</path>
         <kind>archive</kind>
         <file>libc.a</file>
         <name>defs.c.obj</name>
      </input_file>
      <input_file id="fl-50">
         <path>E:\TI_02\CCS\ccs\tools\compiler\ti-cgt-armllvm_4.0.2.LTS\lib\armv6m-ti-none-eabi\c\</path>
         <kind>archive</kind>
         <file>libc.a</file>
         <name>memccpy.c.obj</name>
      </input_file>
      <input_file id="fl-51">
         <path>E:\TI_02\CCS\ccs\tools\compiler\ti-cgt-armllvm_4.0.2.LTS\lib\armv6m-ti-none-eabi\c\</path>
         <kind>archive</kind>
         <file>libc.a</file>
         <name>memory.c.obj</name>
      </input_file>
      <input_file id="fl-52">
         <path>E:\TI_02\CCS\ccs\tools\compiler\ti-cgt-armllvm_4.0.2.LTS\lib\armv6m-ti-none-eabi\c\</path>
         <kind>archive</kind>
         <file>libc.a</file>
         <name>strcat.c.obj</name>
      </input_file>
      <input_file id="fl-53">
         <path>E:\TI_02\CCS\ccs\tools\compiler\ti-cgt-armllvm_4.0.2.LTS\lib\armv6m-ti-none-eabi\c\</path>
         <kind>archive</kind>
         <file>libc.a</file>
         <name>strcpy.c.obj</name>
      </input_file>
      <input_file id="fl-54">
         <path>E:\TI_02\CCS\ccs\tools\compiler\ti-cgt-armllvm_4.0.2.LTS\lib\armv6m-ti-none-eabi\c\</path>
         <kind>archive</kind>
         <file>libc.a</file>
         <name>strlen.c.obj</name>
      </input_file>
      <input_file id="fl-55">
         <path>E:\TI_02\CCS\ccs\tools\compiler\ti-cgt-armllvm_4.0.2.LTS\lib\armv6m-ti-none-eabi\c\</path>
         <kind>archive</kind>
         <file>libc.a</file>
         <name>strncmp.c.obj</name>
      </input_file>
      <input_file id="fl-56">
         <path>E:\TI_02\CCS\ccs\tools\compiler\ti-cgt-armllvm_4.0.2.LTS\lib\armv6m-ti-none-eabi\c\</path>
         <kind>archive</kind>
         <file>libc.a</file>
         <name>strstr.c.obj</name>
      </input_file>
      <input_file id="fl-57">
         <path>E:\TI_02\CCS\ccs\tools\compiler\ti-cgt-armllvm_4.0.2.LTS\lib\armv6m-ti-none-eabi\c\</path>
         <kind>archive</kind>
         <file>libc.a</file>
         <name>strtod.c.obj</name>
      </input_file>
      <input_file id="fl-58">
         <path>E:\TI_02\CCS\ccs\tools\compiler\ti-cgt-armllvm_4.0.2.LTS\lib\armv6m-ti-none-eabi\c\</path>
         <kind>archive</kind>
         <file>libc.a</file>
         <name>boot_cortex_m.c.obj</name>
      </input_file>
      <input_file id="fl-59">
         <path>E:\TI_02\CCS\ccs\tools\compiler\ti-cgt-armllvm_4.0.2.LTS\lib\armv6m-ti-none-eabi\c\</path>
         <kind>archive</kind>
         <file>libc.a</file>
         <name>mathacl_init.c.obj</name>
      </input_file>
      <input_file id="fl-5a">
         <path>E:\TI_02\CCS\ccs\tools\compiler\ti-cgt-armllvm_4.0.2.LTS\lib\armv6m-ti-none-eabi\c\</path>
         <kind>archive</kind>
         <file>libc.a</file>
         <name>autoinit.c.obj</name>
      </input_file>
      <input_file id="fl-5b">
         <path>E:\TI_02\CCS\ccs\tools\compiler\ti-cgt-armllvm_4.0.2.LTS\lib\armv6m-ti-none-eabi\c\</path>
         <kind>archive</kind>
         <file>libc.a</file>
         <name>pre_init.c.obj</name>
      </input_file>
      <input_file id="fl-5c">
         <path>E:\TI_02\CCS\ccs\tools\compiler\ti-cgt-armllvm_4.0.2.LTS\lib\armv6m-ti-none-eabi\c\</path>
         <kind>archive</kind>
         <file>libc.a</file>
         <name>cpy_tbl.c.obj</name>
      </input_file>
      <input_file id="fl-5d">
         <path>E:\TI_02\CCS\ccs\tools\compiler\ti-cgt-armllvm_4.0.2.LTS\lib\armv6m-ti-none-eabi\c\</path>
         <kind>archive</kind>
         <file>libc.a</file>
         <name>copy_zero_init.c.obj</name>
      </input_file>
      <input_file id="fl-5e">
         <path>E:\TI_02\CCS\ccs\tools\compiler\ti-cgt-armllvm_4.0.2.LTS\lib\armv6m-ti-none-eabi\c\</path>
         <kind>archive</kind>
         <file>libc.a</file>
         <name>copy_decompress_none.c.obj</name>
      </input_file>
      <input_file id="fl-5f">
         <path>E:\TI_02\CCS\ccs\tools\compiler\ti-cgt-armllvm_4.0.2.LTS\lib\armv6m-ti-none-eabi\c\</path>
         <kind>archive</kind>
         <file>libc.a</file>
         <name>copy_decompress_lzss.c.obj</name>
      </input_file>
      <input_file id="fl-60">
         <path>E:\TI_02\CCS\ccs\tools\compiler\ti-cgt-armllvm_4.0.2.LTS\lib\armv6m-ti-none-eabi\c\</path>
         <kind>archive</kind>
         <file>libc.a</file>
         <name>s_frexp.c.obj</name>
      </input_file>
      <input_file id="fl-61">
         <path>E:\TI_02\CCS\ccs\tools\compiler\ti-cgt-armllvm_4.0.2.LTS\lib\armv6m-ti-none-eabi\c\</path>
         <kind>archive</kind>
         <file>libc.a</file>
         <name>s_scalbn.c.obj</name>
      </input_file>
      <input_file id="fl-62">
         <path>E:\TI_02\CCS\ccs\tools\compiler\ti-cgt-armllvm_4.0.2.LTS\lib\armv6m-ti-none-eabi\c\</path>
         <kind>archive</kind>
         <file>libc.a</file>
         <name>wcslen.c.obj</name>
      </input_file>
      <input_file id="fl-63">
         <path>E:\TI_02\CCS\ccs\tools\compiler\ti-cgt-armllvm_4.0.2.LTS\lib\armv6m-ti-none-eabi\c\</path>
         <kind>archive</kind>
         <file>libc.a</file>
         <name>_scanfi.c.obj</name>
      </input_file>
      <input_file id="fl-64">
         <path>E:\TI_02\CCS\ccs\tools\compiler\ti-cgt-armllvm_4.0.2.LTS\lib\armv6m-ti-none-eabi\c\</path>
         <kind>archive</kind>
         <file>libc.a</file>
         <name>fflush.c.obj</name>
      </input_file>
      <input_file id="fl-65">
         <path>E:\TI_02\CCS\ccs\tools\compiler\ti-cgt-armllvm_4.0.2.LTS\lib\armv6m-ti-none-eabi\c\</path>
         <kind>archive</kind>
         <file>libc.a</file>
         <name>fopen.c.obj</name>
      </input_file>
      <input_file id="fl-66">
         <path>E:\TI_02\CCS\ccs\tools\compiler\ti-cgt-armllvm_4.0.2.LTS\lib\armv6m-ti-none-eabi\c\</path>
         <kind>archive</kind>
         <file>libc.a</file>
         <name>fseek.c.obj</name>
      </input_file>
      <input_file id="fl-67">
         <path>E:\TI_02\CCS\ccs\tools\compiler\ti-cgt-armllvm_4.0.2.LTS\lib\armv6m-ti-none-eabi\c\</path>
         <kind>archive</kind>
         <file>libc.a</file>
         <name>args_main.c.obj</name>
      </input_file>
      <input_file id="fl-68">
         <path>E:\TI_02\CCS\ccs\tools\compiler\ti-cgt-armllvm_4.0.2.LTS\lib\armv6m-ti-none-eabi\c\</path>
         <kind>archive</kind>
         <file>libc.a</file>
         <name>strtol.c.obj</name>
      </input_file>
      <input_file id="fl-69">
         <path>E:\TI_02\CCS\ccs\tools\compiler\ti-cgt-armllvm_4.0.2.LTS\lib\armv6m-ti-none-eabi\c\</path>
         <kind>archive</kind>
         <file>libc.a</file>
         <name>strtoll.c.obj</name>
      </input_file>
      <input_file id="fl-6a">
         <path>E:\TI_02\CCS\ccs\tools\compiler\ti-cgt-armllvm_4.0.2.LTS\lib\armv6m-ti-none-eabi\c\</path>
         <kind>archive</kind>
         <file>libc.a</file>
         <name>strtoul.c.obj</name>
      </input_file>
      <input_file id="fl-6b">
         <path>E:\TI_02\CCS\ccs\tools\compiler\ti-cgt-armllvm_4.0.2.LTS\lib\armv6m-ti-none-eabi\c\</path>
         <kind>archive</kind>
         <file>libc.a</file>
         <name>strtoull.c.obj</name>
      </input_file>
      <input_file id="fl-6c">
         <path>E:\TI_02\CCS\ccs\tools\compiler\ti-cgt-armllvm_4.0.2.LTS\lib\armv6m-ti-none-eabi\c\</path>
         <kind>archive</kind>
         <file>libc.a</file>
         <name>fclose.c.obj</name>
      </input_file>
      <input_file id="fl-10c">
         <path>E:\TI_02\CCS\ccs\tools\compiler\ti-cgt-armllvm_4.0.2.LTS\lib\armv6m-ti-none-eabi\c\</path>
         <kind>archive</kind>
         <file>libsysbm.a</file>
         <name>hostexit.c.obj</name>
      </input_file>
      <input_file id="fl-10d">
         <path>E:\TI_02\CCS\ccs\tools\compiler\ti-cgt-armllvm_4.0.2.LTS\lib\armv6m-ti-none-eabi\c\</path>
         <kind>archive</kind>
         <file>libsysbm.a</file>
         <name>write.c.obj</name>
      </input_file>
      <input_file id="fl-10e">
         <path>E:\TI_02\CCS\ccs\tools\compiler\ti-cgt-armllvm_4.0.2.LTS\lib\armv6m-ti-none-eabi\c\</path>
         <kind>archive</kind>
         <file>libsysbm.a</file>
         <name>host_device.c.obj</name>
      </input_file>
      <input_file id="fl-10f">
         <path>E:\TI_02\CCS\ccs\tools\compiler\ti-cgt-armllvm_4.0.2.LTS\lib\armv6m-ti-none-eabi\c\</path>
         <kind>archive</kind>
         <file>libsysbm.a</file>
         <name>remove.c.obj</name>
      </input_file>
      <input_file id="fl-110">
         <path>E:\TI_02\CCS\ccs\tools\compiler\ti-cgt-armllvm_4.0.2.LTS\lib\armv6m-ti-none-eabi\c\</path>
         <kind>archive</kind>
         <file>libsysbm.a</file>
         <name>open.c.obj</name>
      </input_file>
      <input_file id="fl-111">
         <path>E:\TI_02\CCS\ccs\tools\compiler\ti-cgt-armllvm_4.0.2.LTS\lib\armv6m-ti-none-eabi\c\</path>
         <kind>archive</kind>
         <file>libsysbm.a</file>
         <name>lseek.c.obj</name>
      </input_file>
      <input_file id="fl-112">
         <path>E:\TI_02\CCS\ccs\tools\compiler\ti-cgt-armllvm_4.0.2.LTS\lib\armv6m-ti-none-eabi\c\</path>
         <kind>archive</kind>
         <file>libsysbm.a</file>
         <name>close.c.obj</name>
      </input_file>
      <input_file id="fl-113">
         <path>E:\TI_02\CCS\ccs\tools\compiler\ti-cgt-armllvm_4.0.2.LTS\lib\armv6m-ti-none-eabi\c\</path>
         <kind>archive</kind>
         <file>libsysbm.a</file>
         <name>unlink.c.obj</name>
      </input_file>
      <input_file id="fl-114">
         <path>E:\TI_02\CCS\ccs\tools\compiler\ti-cgt-armllvm_4.0.2.LTS\lib\armv6m-ti-none-eabi\c\</path>
         <kind>archive</kind>
         <file>libsysbm.a</file>
         <name>hostclose.c.obj</name>
      </input_file>
      <input_file id="fl-115">
         <path>E:\TI_02\CCS\ccs\tools\compiler\ti-cgt-armllvm_4.0.2.LTS\lib\armv6m-ti-none-eabi\c\</path>
         <kind>archive</kind>
         <file>libsysbm.a</file>
         <name>hostlseek.c.obj</name>
      </input_file>
      <input_file id="fl-116">
         <path>E:\TI_02\CCS\ccs\tools\compiler\ti-cgt-armllvm_4.0.2.LTS\lib\armv6m-ti-none-eabi\c\</path>
         <kind>archive</kind>
         <file>libsysbm.a</file>
         <name>hostopen.c.obj</name>
      </input_file>
      <input_file id="fl-117">
         <path>E:\TI_02\CCS\ccs\tools\compiler\ti-cgt-armllvm_4.0.2.LTS\lib\armv6m-ti-none-eabi\c\</path>
         <kind>archive</kind>
         <file>libsysbm.a</file>
         <name>hostread.c.obj</name>
      </input_file>
      <input_file id="fl-118">
         <path>E:\TI_02\CCS\ccs\tools\compiler\ti-cgt-armllvm_4.0.2.LTS\lib\armv6m-ti-none-eabi\c\</path>
         <kind>archive</kind>
         <file>libsysbm.a</file>
         <name>hostrename.c.obj</name>
      </input_file>
      <input_file id="fl-119">
         <path>E:\TI_02\CCS\ccs\tools\compiler\ti-cgt-armllvm_4.0.2.LTS\lib\armv6m-ti-none-eabi\c\</path>
         <kind>archive</kind>
         <file>libsysbm.a</file>
         <name>hostunlink.c.obj</name>
      </input_file>
      <input_file id="fl-11a">
         <path>E:\TI_02\CCS\ccs\tools\compiler\ti-cgt-armllvm_4.0.2.LTS\lib\armv6m-ti-none-eabi\c\</path>
         <kind>archive</kind>
         <file>libsysbm.a</file>
         <name>hostwrite.c.obj</name>
      </input_file>
      <input_file id="fl-11b">
         <path>E:\TI_02\CCS\ccs\tools\compiler\ti-cgt-armllvm_4.0.2.LTS\lib\armv6m-ti-none-eabi\c\</path>
         <kind>archive</kind>
         <file>libsysbm.a</file>
         <name>trgmsg.c.obj</name>
      </input_file>
      <input_file id="fl-11c">
         <path>E:\TI_02\CCS\ccs\tools\compiler\ti-cgt-armllvm_4.0.2.LTS\lib\armv6m-ti-none-eabi\</path>
         <kind>archive</kind>
         <file>libclang_rt.builtins.a</file>
         <name>addsf3.S.obj</name>
      </input_file>
      <input_file id="fl-11d">
         <path>E:\TI_02\CCS\ccs\tools\compiler\ti-cgt-armllvm_4.0.2.LTS\lib\armv6m-ti-none-eabi\</path>
         <kind>archive</kind>
         <file>libclang_rt.builtins.a</file>
         <name>adddf3.S.obj</name>
      </input_file>
      <input_file id="fl-11e">
         <path>E:\TI_02\CCS\ccs\tools\compiler\ti-cgt-armllvm_4.0.2.LTS\lib\armv6m-ti-none-eabi\</path>
         <kind>archive</kind>
         <file>libclang_rt.builtins.a</file>
         <name>muldf3.S.obj</name>
      </input_file>
      <input_file id="fl-11f">
         <path>E:\TI_02\CCS\ccs\tools\compiler\ti-cgt-armllvm_4.0.2.LTS\lib\armv6m-ti-none-eabi\</path>
         <kind>archive</kind>
         <file>libclang_rt.builtins.a</file>
         <name>muldsi3.S.obj</name>
      </input_file>
      <input_file id="fl-120">
         <path>E:\TI_02\CCS\ccs\tools\compiler\ti-cgt-armllvm_4.0.2.LTS\lib\armv6m-ti-none-eabi\</path>
         <kind>archive</kind>
         <file>libclang_rt.builtins.a</file>
         <name>mulsf3.S.obj</name>
      </input_file>
      <input_file id="fl-121">
         <path>E:\TI_02\CCS\ccs\tools\compiler\ti-cgt-armllvm_4.0.2.LTS\lib\armv6m-ti-none-eabi\</path>
         <kind>archive</kind>
         <file>libclang_rt.builtins.a</file>
         <name>divsf3.S.obj</name>
      </input_file>
      <input_file id="fl-122">
         <path>E:\TI_02\CCS\ccs\tools\compiler\ti-cgt-armllvm_4.0.2.LTS\lib\armv6m-ti-none-eabi\</path>
         <kind>archive</kind>
         <file>libclang_rt.builtins.a</file>
         <name>divdf3.S.obj</name>
      </input_file>
      <input_file id="fl-123">
         <path>E:\TI_02\CCS\ccs\tools\compiler\ti-cgt-armllvm_4.0.2.LTS\lib\armv6m-ti-none-eabi\</path>
         <kind>archive</kind>
         <file>libclang_rt.builtins.a</file>
         <name>extendsfdf2.S.obj</name>
      </input_file>
      <input_file id="fl-124">
         <path>E:\TI_02\CCS\ccs\tools\compiler\ti-cgt-armllvm_4.0.2.LTS\lib\armv6m-ti-none-eabi\</path>
         <kind>archive</kind>
         <file>libclang_rt.builtins.a</file>
         <name>fixdfsi.S.obj</name>
      </input_file>
      <input_file id="fl-125">
         <path>E:\TI_02\CCS\ccs\tools\compiler\ti-cgt-armllvm_4.0.2.LTS\lib\armv6m-ti-none-eabi\</path>
         <kind>archive</kind>
         <file>libclang_rt.builtins.a</file>
         <name>fixsfsi.S.obj</name>
      </input_file>
      <input_file id="fl-126">
         <path>E:\TI_02\CCS\ccs\tools\compiler\ti-cgt-armllvm_4.0.2.LTS\lib\armv6m-ti-none-eabi\</path>
         <kind>archive</kind>
         <file>libclang_rt.builtins.a</file>
         <name>fixunsdfsi.S.obj</name>
      </input_file>
      <input_file id="fl-127">
         <path>E:\TI_02\CCS\ccs\tools\compiler\ti-cgt-armllvm_4.0.2.LTS\lib\armv6m-ti-none-eabi\</path>
         <kind>archive</kind>
         <file>libclang_rt.builtins.a</file>
         <name>fixunssfsi.S.obj</name>
      </input_file>
      <input_file id="fl-128">
         <path>E:\TI_02\CCS\ccs\tools\compiler\ti-cgt-armllvm_4.0.2.LTS\lib\armv6m-ti-none-eabi\</path>
         <kind>archive</kind>
         <file>libclang_rt.builtins.a</file>
         <name>floatsidf.S.obj</name>
      </input_file>
      <input_file id="fl-129">
         <path>E:\TI_02\CCS\ccs\tools\compiler\ti-cgt-armllvm_4.0.2.LTS\lib\armv6m-ti-none-eabi\</path>
         <kind>archive</kind>
         <file>libclang_rt.builtins.a</file>
         <name>floatsisf.S.obj</name>
      </input_file>
      <input_file id="fl-12a">
         <path>E:\TI_02\CCS\ccs\tools\compiler\ti-cgt-armllvm_4.0.2.LTS\lib\armv6m-ti-none-eabi\</path>
         <kind>archive</kind>
         <file>libclang_rt.builtins.a</file>
         <name>floatunsidf.S.obj</name>
      </input_file>
      <input_file id="fl-12b">
         <path>E:\TI_02\CCS\ccs\tools\compiler\ti-cgt-armllvm_4.0.2.LTS\lib\armv6m-ti-none-eabi\</path>
         <kind>archive</kind>
         <file>libclang_rt.builtins.a</file>
         <name>floatunsisf.S.obj</name>
      </input_file>
      <input_file id="fl-12c">
         <path>E:\TI_02\CCS\ccs\tools\compiler\ti-cgt-armllvm_4.0.2.LTS\lib\armv6m-ti-none-eabi\</path>
         <kind>archive</kind>
         <file>libclang_rt.builtins.a</file>
         <name>muldi3.S.obj</name>
      </input_file>
      <input_file id="fl-12d">
         <path>E:\TI_02\CCS\ccs\tools\compiler\ti-cgt-armllvm_4.0.2.LTS\lib\armv6m-ti-none-eabi\</path>
         <kind>archive</kind>
         <file>libclang_rt.builtins.a</file>
         <name>truncdfsf2.S.obj</name>
      </input_file>
      <input_file id="fl-12e">
         <path>E:\TI_02\CCS\ccs\tools\compiler\ti-cgt-armllvm_4.0.2.LTS\lib\armv6m-ti-none-eabi\</path>
         <kind>archive</kind>
         <file>libclang_rt.builtins.a</file>
         <name>aeabi_dcmp.S.obj</name>
      </input_file>
      <input_file id="fl-12f">
         <path>E:\TI_02\CCS\ccs\tools\compiler\ti-cgt-armllvm_4.0.2.LTS\lib\armv6m-ti-none-eabi\</path>
         <kind>archive</kind>
         <file>libclang_rt.builtins.a</file>
         <name>aeabi_fcmp.S.obj</name>
      </input_file>
      <input_file id="fl-130">
         <path>E:\TI_02\CCS\ccs\tools\compiler\ti-cgt-armllvm_4.0.2.LTS\lib\armv6m-ti-none-eabi\</path>
         <kind>archive</kind>
         <file>libclang_rt.builtins.a</file>
         <name>aeabi_idivmod.S.obj</name>
      </input_file>
      <input_file id="fl-131">
         <path>E:\TI_02\CCS\ccs\tools\compiler\ti-cgt-armllvm_4.0.2.LTS\lib\armv6m-ti-none-eabi\</path>
         <kind>archive</kind>
         <file>libclang_rt.builtins.a</file>
         <name>aeabi_memcpy.S.obj</name>
      </input_file>
      <input_file id="fl-132">
         <path>E:\TI_02\CCS\ccs\tools\compiler\ti-cgt-armllvm_4.0.2.LTS\lib\armv6m-ti-none-eabi\</path>
         <kind>archive</kind>
         <file>libclang_rt.builtins.a</file>
         <name>aeabi_memset.S.obj</name>
      </input_file>
      <input_file id="fl-133">
         <path>E:\TI_02\CCS\ccs\tools\compiler\ti-cgt-armllvm_4.0.2.LTS\lib\armv6m-ti-none-eabi\</path>
         <kind>archive</kind>
         <file>libclang_rt.builtins.a</file>
         <name>aeabi_uidivmod.S.obj</name>
      </input_file>
      <input_file id="fl-134">
         <path>E:\TI_02\CCS\ccs\tools\compiler\ti-cgt-armllvm_4.0.2.LTS\lib\armv6m-ti-none-eabi\</path>
         <kind>archive</kind>
         <file>libclang_rt.builtins.a</file>
         <name>aeabi_uldivmod.S.obj</name>
      </input_file>
      <input_file id="fl-135">
         <path>E:\TI_02\CCS\ccs\tools\compiler\ti-cgt-armllvm_4.0.2.LTS\lib\armv6m-ti-none-eabi\</path>
         <kind>archive</kind>
         <file>libclang_rt.builtins.a</file>
         <name>comparesf2.S.obj</name>
      </input_file>
      <input_file id="fl-136">
         <path>E:\TI_02\CCS\ccs\tools\compiler\ti-cgt-armllvm_4.0.2.LTS\lib\armv6m-ti-none-eabi\</path>
         <kind>archive</kind>
         <file>libclang_rt.builtins.a</file>
         <name>udivmoddi4.S.obj</name>
      </input_file>
      <input_file id="fl-137">
         <path>E:\TI_02\CCS\ccs\tools\compiler\ti-cgt-armllvm_4.0.2.LTS\lib\armv6m-ti-none-eabi\</path>
         <kind>archive</kind>
         <file>libclang_rt.builtins.a</file>
         <name>ashldi3.S.obj</name>
      </input_file>
      <input_file id="fl-138">
         <path>E:\TI_02\CCS\ccs\tools\compiler\ti-cgt-armllvm_4.0.2.LTS\lib\armv6m-ti-none-eabi\</path>
         <kind>archive</kind>
         <file>libclang_rt.builtins.a</file>
         <name>comparedf2.c.obj</name>
      </input_file>
      <input_file id="fl-139">
         <path>E:\TI_02\CCS\ccs\tools\compiler\ti-cgt-armllvm_4.0.2.LTS\lib\armv6m-ti-none-eabi\</path>
         <kind>archive</kind>
         <file>libclang_rt.builtins.a</file>
         <name>aeabi_div0.c.obj</name>
      </input_file>
      <input_file id="fl-13a">
         <path>E:\TI_02\CCS\ccs\tools\compiler\ti-cgt-armllvm_4.0.2.LTS\lib\armv6m-ti-none-eabi\c\</path>
         <kind>archive</kind>
         <file>libc.a</file>
         <name>getdevice.c.obj</name>
      </input_file>
      <input_file id="fl-13b">
         <path>E:\TI_02\CCS\ccs\tools\compiler\ti-cgt-armllvm_4.0.2.LTS\lib\armv6m-ti-none-eabi\c\</path>
         <kind>archive</kind>
         <file>libc.a</file>
         <name>memcpy16.S.obj</name>
      </input_file>
      <input_file id="fl-13c">
         <path>E:\TI_02\CCS\ccs\tools\compiler\ti-cgt-armllvm_4.0.2.LTS\lib\armv6m-ti-none-eabi\c\</path>
         <kind>archive</kind>
         <file>libc.a</file>
         <name>memset16.S.obj</name>
      </input_file>
   </input_file_list>
   <object_component_list>
      <object_component id="oc-18">
         <name>.intvecs</name>
         <load_address>0x0</load_address>
         <readonly>true</readonly>
         <run_address>0x0</run_address>
         <size>0xc0</size>
         <alignment>0x4</alignment>
         <input_file_ref idref="fl-3"/>
      </object_component>
      <object_component id="oc-31a">
         <name>.text.serial_frame_process</name>
         <load_address>0xc0</load_address>
         <readonly>true</readonly>
         <executable>true</executable>
         <run_address>0xc0</run_address>
         <size>0x1674</size>
         <alignment>0x4</alignment>
         <input_file_ref idref="fl-c"/>
      </object_component>
      <object_component id="oc-185">
         <name>.text.Receive_Bluetooth_Data</name>
         <load_address>0x1734</load_address>
         <readonly>true</readonly>
         <executable>true</executable>
         <run_address>0x1734</run_address>
         <size>0xfc4</size>
         <alignment>0x4</alignment>
         <input_file_ref idref="fl-6"/>
      </object_component>
      <object_component id="oc-17e">
         <name>.text.LCD_Show_Proc</name>
         <load_address>0x26f8</load_address>
         <readonly>true</readonly>
         <executable>true</executable>
         <run_address>0x26f8</run_address>
         <size>0xf4c</size>
         <alignment>0x4</alignment>
         <input_file_ref idref="fl-10"/>
      </object_component>
      <object_component id="oc-36b">
         <name>.text.__TI_scanfi</name>
         <load_address>0x3644</load_address>
         <readonly>true</readonly>
         <executable>true</executable>
         <run_address>0x3644</run_address>
         <size>0xbdc</size>
         <alignment>0x4</alignment>
         <input_file_ref idref="fl-63"/>
      </object_component>
      <object_component id="oc-46f">
         <name>.text:__TI_printfi</name>
         <load_address>0x4220</load_address>
         <readonly>true</readonly>
         <executable>true</executable>
         <run_address>0x4220</run_address>
         <size>0x9d0</size>
         <alignment>0x4</alignment>
         <input_file_ref idref="fl-3f"/>
      </object_component>
      <object_component id="oc-39">
         <name>.text.TIMG8_IRQHandler</name>
         <load_address>0x4bf0</load_address>
         <readonly>true</readonly>
         <executable>true</executable>
         <run_address>0x4bf0</run_address>
         <size>0x6f0</size>
         <alignment>0x4</alignment>
         <input_file_ref idref="fl-13"/>
      </object_component>
      <object_component id="oc-17d">
         <name>.text.KEY_PROC</name>
         <load_address>0x52e0</load_address>
         <readonly>true</readonly>
         <executable>true</executable>
         <run_address>0x52e0</run_address>
         <size>0x6d8</size>
         <alignment>0x4</alignment>
         <input_file_ref idref="fl-a"/>
      </object_component>
      <object_component id="oc-34">
         <name>.text.GROUP1_IRQHandler</name>
         <load_address>0x59b8</load_address>
         <readonly>true</readonly>
         <executable>true</executable>
         <run_address>0x59b8</run_address>
         <size>0x4c0</size>
         <alignment>0x4</alignment>
         <input_file_ref idref="fl-4"/>
      </object_component>
      <object_component id="oc-35c">
         <name>.text.strtod</name>
         <load_address>0x5e78</load_address>
         <readonly>true</readonly>
         <executable>true</executable>
         <run_address>0x5e78</run_address>
         <size>0x3b8</size>
         <alignment>0x4</alignment>
         <input_file_ref idref="fl-57"/>
      </object_component>
      <object_component id="oc-1bf">
         <name>.text.SYSCFG_DL_GPIO_init</name>
         <load_address>0x6230</load_address>
         <readonly>true</readonly>
         <executable>true</executable>
         <run_address>0x6230</run_address>
         <size>0x298</size>
         <alignment>0x4</alignment>
         <input_file_ref idref="fl-2"/>
      </object_component>
      <object_component id="oc-223">
         <name>.text.Task_1</name>
         <load_address>0x64c8</load_address>
         <readonly>true</readonly>
         <executable>true</executable>
         <run_address>0x64c8</run_address>
         <size>0x280</size>
         <alignment>0x4</alignment>
         <input_file_ref idref="fl-f"/>
      </object_component>
      <object_component id="oc-17c">
         <name>.text.get_angle</name>
         <load_address>0x6748</load_address>
         <readonly>true</readonly>
         <executable>true</executable>
         <run_address>0x6748</run_address>
         <size>0x264</size>
         <alignment>0x4</alignment>
         <input_file_ref idref="fl-5"/>
      </object_component>
      <object_component id="oc-4c6">
         <name>.text._pconv_a</name>
         <load_address>0x69ac</load_address>
         <readonly>true</readonly>
         <executable>true</executable>
         <run_address>0x69ac</run_address>
         <size>0x220</size>
         <alignment>0x4</alignment>
         <input_file_ref idref="fl-3f"/>
      </object_component>
      <object_component id="oc-224">
         <name>.text.Task_2</name>
         <load_address>0x6bcc</load_address>
         <readonly>true</readonly>
         <executable>true</executable>
         <run_address>0x6bcc</run_address>
         <size>0x218</size>
         <alignment>0x4</alignment>
         <input_file_ref idref="fl-f"/>
      </object_component>
      <object_component id="oc-88">
         <name>.text.Key_Read</name>
         <load_address>0x6de4</load_address>
         <readonly>true</readonly>
         <executable>true</executable>
         <run_address>0x6de4</run_address>
         <size>0x20c</size>
         <alignment>0x4</alignment>
         <input_file_ref idref="fl-a"/>
      </object_component>
      <object_component id="oc-e8">
         <name>.text.K230_Parse_Data</name>
         <load_address>0x6ff0</load_address>
         <readonly>true</readonly>
         <executable>true</executable>
         <run_address>0x6ff0</run_address>
         <size>0x1f8</size>
         <alignment>0x4</alignment>
         <input_file_ref idref="fl-11"/>
      </object_component>
      <object_component id="oc-488">
         <name>.text.strtoll</name>
         <load_address>0x71e8</load_address>
         <readonly>true</readonly>
         <executable>true</executable>
         <run_address>0x71e8</run_address>
         <size>0x1e0</size>
         <alignment>0x4</alignment>
         <input_file_ref idref="fl-69"/>
      </object_component>
      <object_component id="oc-345">
         <name>.text.LCD_ShowChar</name>
         <load_address>0x73c8</load_address>
         <readonly>true</readonly>
         <executable>true</executable>
         <run_address>0x73c8</run_address>
         <size>0x1dc</size>
         <alignment>0x4</alignment>
         <input_file_ref idref="fl-8"/>
      </object_component>
      <object_component id="oc-4c7">
         <name>.text._pconv_g</name>
         <load_address>0x75a4</load_address>
         <readonly>true</readonly>
         <executable>true</executable>
         <run_address>0x75a4</run_address>
         <size>0x1dc</size>
         <alignment>0x4</alignment>
         <input_file_ref idref="fl-3f"/>
      </object_component>
      <object_component id="oc-1df">
         <name>.text.lcd_init</name>
         <load_address>0x7780</load_address>
         <readonly>true</readonly>
         <executable>true</executable>
         <run_address>0x7780</run_address>
         <size>0x1d0</size>
         <alignment>0x4</alignment>
         <input_file_ref idref="fl-8"/>
      </object_component>
      <object_component id="oc-9b">
         <name>.text.Huidu_Proc</name>
         <load_address>0x7950</load_address>
         <readonly>true</readonly>
         <executable>true</executable>
         <run_address>0x7950</run_address>
         <size>0x1b4</size>
         <alignment>0x4</alignment>
         <input_file_ref idref="fl-7"/>
      </object_component>
      <object_component id="oc-44e">
         <name>.text.LCD_ShowChinese16x16</name>
         <load_address>0x7b04</load_address>
         <readonly>true</readonly>
         <executable>true</executable>
         <run_address>0x7b04</run_address>
         <size>0x1b4</size>
         <alignment>0x4</alignment>
         <input_file_ref idref="fl-8"/>
      </object_component>
      <object_component id="oc-34d">
         <name>.text.TFT_ShowFloatCenter</name>
         <load_address>0x7cb8</load_address>
         <readonly>true</readonly>
         <executable>true</executable>
         <run_address>0x7cb8</run_address>
         <size>0x1b4</size>
         <alignment>0x4</alignment>
         <input_file_ref idref="fl-10"/>
      </object_component>
      <object_component id="oc-1fd">
         <name>.text.Draw_Dashboard_Page2_Background</name>
         <load_address>0x7e6c</load_address>
         <readonly>true</readonly>
         <executable>true</executable>
         <run_address>0x7e6c</run_address>
         <size>0x1a4</size>
         <alignment>0x4</alignment>
         <input_file_ref idref="fl-10"/>
      </object_component>
      <object_component id="oc-1fc">
         <name>.text.Draw_Dashboard_Page3_Background</name>
         <load_address>0x8010</load_address>
         <readonly>true</readonly>
         <executable>true</executable>
         <run_address>0x8010</run_address>
         <size>0x1a4</size>
         <alignment>0x4</alignment>
         <input_file_ref idref="fl-10"/>
      </object_component>
      <object_component id="oc-1fe">
         <name>.text.Draw_Dashboard_Background</name>
         <load_address>0x81b4</load_address>
         <readonly>true</readonly>
         <executable>true</executable>
         <run_address>0x81b4</run_address>
         <size>0x1a0</size>
         <alignment>0x4</alignment>
         <input_file_ref idref="fl-10"/>
      </object_component>
      <object_component id="oc-44d">
         <name>.text.LCD_ShowChinese12x12</name>
         <load_address>0x8354</load_address>
         <readonly>true</readonly>
         <executable>true</executable>
         <run_address>0x8354</run_address>
         <size>0x19c</size>
         <alignment>0x4</alignment>
         <input_file_ref idref="fl-8"/>
      </object_component>
      <object_component id="oc-44f">
         <name>.text.LCD_ShowChinese24x24</name>
         <load_address>0x84f0</load_address>
         <readonly>true</readonly>
         <executable>true</executable>
         <run_address>0x84f0</run_address>
         <size>0x19c</size>
         <alignment>0x4</alignment>
         <input_file_ref idref="fl-8"/>
      </object_component>
      <object_component id="oc-450">
         <name>.text.LCD_ShowChinese32x32</name>
         <load_address>0x868c</load_address>
         <readonly>true</readonly>
         <executable>true</executable>
         <run_address>0x868c</run_address>
         <size>0x19c</size>
         <alignment>0x4</alignment>
         <input_file_ref idref="fl-8"/>
      </object_component>
      <object_component id="oc-14d">
         <name>.text.adddf3_subdf3</name>
         <load_address>0x8828</load_address>
         <readonly>true</readonly>
         <executable>true</executable>
         <run_address>0x8828</run_address>
         <size>0x192</size>
         <alignment>0x4</alignment>
         <input_file_ref idref="fl-11d"/>
      </object_component>
      <object_component id="oc-347">
         <name>.text.__aeabi_idiv0</name>
         <load_address>0x89ba</load_address>
         <readonly>true</readonly>
         <executable>true</executable>
         <run_address>0x89ba</run_address>
         <size>0x2</size>
         <alignment>0x2</alignment>
         <input_file_ref idref="fl-139"/>
      </object_component>
      <object_component id="oc-186">
         <name>.text.Mobile_sendData_UART1</name>
         <load_address>0x89bc</load_address>
         <readonly>true</readonly>
         <executable>true</executable>
         <run_address>0x89bc</run_address>
         <size>0x18c</size>
         <alignment>0x4</alignment>
         <input_file_ref idref="fl-14"/>
      </object_component>
      <object_component id="oc-209">
         <name>.text.TFT_ShowFloat</name>
         <load_address>0x8b48</load_address>
         <readonly>true</readonly>
         <executable>true</executable>
         <run_address>0x8b48</run_address>
         <size>0x17c</size>
         <alignment>0x4</alignment>
         <input_file_ref idref="fl-10"/>
      </object_component>
      <object_component id="oc-49d">
         <name>.text.sqrt</name>
         <load_address>0x8cc4</load_address>
         <readonly>true</readonly>
         <executable>true</executable>
         <run_address>0x8cc4</run_address>
         <size>0x170</size>
         <alignment>0x4</alignment>
         <input_file_ref idref="fl-3d"/>
      </object_component>
      <object_component id="oc-8d">
         <name>.text.Huidu_Read</name>
         <load_address>0x8e34</load_address>
         <readonly>true</readonly>
         <executable>true</executable>
         <run_address>0x8e34</run_address>
         <size>0x16c</size>
         <alignment>0x4</alignment>
         <input_file_ref idref="fl-7"/>
      </object_component>
      <object_component id="oc-484">
         <name>.text.strtoull</name>
         <load_address>0x8fa0</load_address>
         <readonly>true</readonly>
         <executable>true</executable>
         <run_address>0x8fa0</run_address>
         <size>0x16c</size>
         <alignment>0x4</alignment>
         <input_file_ref idref="fl-6b"/>
      </object_component>
      <object_component id="oc-c0">
         <name>.text.MEASURE_MOTORS_SPEED</name>
         <load_address>0x910c</load_address>
         <readonly>true</readonly>
         <executable>true</executable>
         <run_address>0x910c</run_address>
         <size>0x154</size>
         <alignment>0x4</alignment>
         <input_file_ref idref="fl-4"/>
      </object_component>
      <object_component id="oc-44c">
         <name>.text.Drawarc</name>
         <load_address>0x9260</load_address>
         <readonly>true</readonly>
         <executable>true</executable>
         <run_address>0x9260</run_address>
         <size>0x152</size>
         <alignment>0x2</alignment>
         <input_file_ref idref="fl-8"/>
      </object_component>
      <object_component id="oc-32b">
         <name>.text.LCD_ArcRect</name>
         <load_address>0x93b2</load_address>
         <readonly>true</readonly>
         <executable>true</executable>
         <run_address>0x93b2</run_address>
         <size>0x14a</size>
         <alignment>0x2</alignment>
         <input_file_ref idref="fl-8"/>
      </object_component>
      <object_component id="oc-480">
         <name>.text.strtol</name>
         <load_address>0x94fc</load_address>
         <readonly>true</readonly>
         <executable>true</executable>
         <run_address>0x94fc</run_address>
         <size>0x144</size>
         <alignment>0x4</alignment>
         <input_file_ref idref="fl-68"/>
      </object_component>
      <object_component id="oc-50b">
         <name>.text.fcvt</name>
         <load_address>0x9640</load_address>
         <readonly>true</readonly>
         <executable>true</executable>
         <run_address>0x9640</run_address>
         <size>0x13c</size>
         <alignment>0x4</alignment>
         <input_file_ref idref="fl-3f"/>
      </object_component>
      <object_component id="oc-47c">
         <name>.text.strtoul</name>
         <load_address>0x977c</load_address>
         <readonly>true</readonly>
         <executable>true</executable>
         <run_address>0x977c</run_address>
         <size>0x12c</size>
         <alignment>0x4</alignment>
         <input_file_ref idref="fl-6a"/>
      </object_component>
      <object_component id="oc-32c">
         <name>.text.LCD_ShowChinese</name>
         <load_address>0x98a8</load_address>
         <readonly>true</readonly>
         <executable>true</executable>
         <run_address>0x98a8</run_address>
         <size>0x128</size>
         <alignment>0x2</alignment>
         <input_file_ref idref="fl-8"/>
      </object_component>
      <object_component id="oc-4c9">
         <name>.text._pconv_e</name>
         <load_address>0x99d0</load_address>
         <readonly>true</readonly>
         <executable>true</executable>
         <run_address>0x99d0</run_address>
         <size>0x120</size>
         <alignment>0x4</alignment>
         <input_file_ref idref="fl-3f"/>
      </object_component>
      <object_component id="oc-560">
         <name>.text.aligned_alloc</name>
         <load_address>0x9af0</load_address>
         <readonly>true</readonly>
         <executable>true</executable>
         <run_address>0x9af0</run_address>
         <size>0x114</size>
         <alignment>0x4</alignment>
         <input_file_ref idref="fl-51"/>
      </object_component>
      <object_component id="oc-219">
         <name>.text.LCD_DrawLine</name>
         <load_address>0x9c04</load_address>
         <readonly>true</readonly>
         <executable>true</executable>
         <run_address>0x9c04</run_address>
         <size>0x10c</size>
         <alignment>0x2</alignment>
         <input_file_ref idref="fl-8"/>
      </object_component>
      <object_component id="oc-155">
         <name>.text.__divdf3</name>
         <load_address>0x9d10</load_address>
         <readonly>true</readonly>
         <executable>true</executable>
         <run_address>0x9d10</run_address>
         <size>0x10c</size>
         <alignment>0x4</alignment>
         <input_file_ref idref="fl-122"/>
      </object_component>
      <object_component id="oc-2db">
         <name>.text.DL_Timer_initFourCCPWMMode</name>
         <load_address>0x9e1c</load_address>
         <readonly>true</readonly>
         <executable>true</executable>
         <run_address>0x9e1c</run_address>
         <size>0x104</size>
         <alignment>0x4</alignment>
         <input_file_ref idref="fl-24"/>
      </object_component>
      <object_component id="oc-4e6">
         <name>.text.fputs</name>
         <load_address>0x9f20</load_address>
         <readonly>true</readonly>
         <executable>true</executable>
         <run_address>0x9f20</run_address>
         <size>0xf8</size>
         <alignment>0x4</alignment>
         <input_file_ref idref="fl-43"/>
      </object_component>
      <object_component id="oc-2e3">
         <name>.text.DL_Timer_initTimerMode</name>
         <load_address>0xa018</load_address>
         <readonly>true</readonly>
         <executable>true</executable>
         <run_address>0xa018</run_address>
         <size>0xe8</size>
         <alignment>0x4</alignment>
         <input_file_ref idref="fl-24"/>
      </object_component>
      <object_component id="oc-1be">
         <name>.text.SYSCFG_DL_initPower</name>
         <load_address>0xa100</load_address>
         <readonly>true</readonly>
         <executable>true</executable>
         <run_address>0xa100</run_address>
         <size>0xe8</size>
         <alignment>0x4</alignment>
         <input_file_ref idref="fl-2"/>
      </object_component>
      <object_component id="oc-542">
         <name>.text.free</name>
         <load_address>0xa1e8</load_address>
         <readonly>true</readonly>
         <executable>true</executable>
         <run_address>0xa1e8</run_address>
         <size>0xe8</size>
         <alignment>0x4</alignment>
         <input_file_ref idref="fl-51"/>
      </object_component>
      <object_component id="oc-200">
         <name>.text.Draw_App_UI_PID_Background</name>
         <load_address>0xa2d0</load_address>
         <readonly>true</readonly>
         <executable>true</executable>
         <run_address>0xa2d0</run_address>
         <size>0xe4</size>
         <alignment>0x4</alignment>
         <input_file_ref idref="fl-10"/>
      </object_component>
      <object_component id="oc-149">
         <name>.text.__muldf3</name>
         <load_address>0xa3b4</load_address>
         <readonly>true</readonly>
         <executable>true</executable>
         <run_address>0xa3b4</run_address>
         <size>0xe4</size>
         <alignment>0x4</alignment>
         <input_file_ref idref="fl-11e"/>
      </object_component>
      <object_component id="oc-1ea">
         <name>.text.handle_ack</name>
         <load_address>0xa498</load_address>
         <readonly>true</readonly>
         <executable>true</executable>
         <run_address>0xa498</run_address>
         <size>0xe4</size>
         <alignment>0x4</alignment>
         <input_file_ref idref="fl-f"/>
      </object_component>
      <object_component id="oc-531">
         <name>.text.setvbuf</name>
         <load_address>0xa57c</load_address>
         <readonly>true</readonly>
         <executable>true</executable>
         <run_address>0xa57c</run_address>
         <size>0xe0</size>
         <alignment>0x4</alignment>
         <input_file_ref idref="fl-45"/>
      </object_component>
      <object_component id="oc-2d6">
         <name>.text.DL_SYSCTL_configSYSPLL</name>
         <load_address>0xa65c</load_address>
         <readonly>true</readonly>
         <executable>true</executable>
         <run_address>0xa65c</run_address>
         <size>0xdc</size>
         <alignment>0x4</alignment>
         <input_file_ref idref="fl-26"/>
      </object_component>
      <object_component id="oc-45f">
         <name>.text.scalbn</name>
         <load_address>0xa738</load_address>
         <readonly>true</readonly>
         <executable>true</executable>
         <run_address>0xa738</run_address>
         <size>0xd8</size>
         <alignment>0x4</alignment>
         <input_file_ref idref="fl-61"/>
      </object_component>
      <object_component id="oc-77">
         <name>.text</name>
         <load_address>0xa810</load_address>
         <readonly>true</readonly>
         <executable>true</executable>
         <run_address>0xa810</run_address>
         <size>0xd8</size>
         <alignment>0x4</alignment>
         <input_file_ref idref="fl-11c"/>
      </object_component>
      <object_component id="oc-1ec">
         <name>.text.readDataJy61p</name>
         <load_address>0xa8e8</load_address>
         <readonly>true</readonly>
         <executable>true</executable>
         <run_address>0xa8e8</run_address>
         <size>0xd4</size>
         <alignment>0x2</alignment>
         <input_file_ref idref="fl-5"/>
      </object_component>
      <object_component id="oc-1ff">
         <name>.text.Draw_Dashboard_Page4_Background</name>
         <load_address>0xa9bc</load_address>
         <readonly>true</readonly>
         <executable>true</executable>
         <run_address>0xa9bc</run_address>
         <size>0xcc</size>
         <alignment>0x4</alignment>
         <input_file_ref idref="fl-10"/>
      </object_component>
      <object_component id="oc-43">
         <name>.text.UART1_IRQHandler</name>
         <load_address>0xaa88</load_address>
         <readonly>true</readonly>
         <executable>true</executable>
         <run_address>0xaa88</run_address>
         <size>0xcc</size>
         <alignment>0x4</alignment>
         <input_file_ref idref="fl-6"/>
      </object_component>
      <object_component id="oc-20b">
         <name>.text.Draw_Speed_Bar</name>
         <load_address>0xab54</load_address>
         <readonly>true</readonly>
         <executable>true</executable>
         <run_address>0xab54</run_address>
         <size>0xc8</size>
         <alignment>0x2</alignment>
         <input_file_ref idref="fl-10"/>
      </object_component>
      <object_component id="oc-fb">
         <name>.text.main</name>
         <load_address>0xac1c</load_address>
         <readonly>true</readonly>
         <executable>true</executable>
         <run_address>0xac1c</run_address>
         <size>0xc4</size>
         <alignment>0x4</alignment>
         <input_file_ref idref="fl-1"/>
      </object_component>
      <object_component id="oc-92">
         <name>.text.PID_Calculate</name>
         <load_address>0xace0</load_address>
         <readonly>true</readonly>
         <executable>true</executable>
         <run_address>0xace0</run_address>
         <size>0xc0</size>
         <alignment>0x2</alignment>
         <input_file_ref idref="fl-b"/>
      </object_component>
      <object_component id="oc-30e">
         <name>.text.I2C_WaitAck</name>
         <load_address>0xada0</load_address>
         <readonly>true</readonly>
         <executable>true</executable>
         <run_address>0xada0</run_address>
         <size>0xb0</size>
         <alignment>0x4</alignment>
         <input_file_ref idref="fl-5"/>
      </object_component>
      <object_component id="oc-174">
         <name>.text.jy61pInit</name>
         <load_address>0xae50</load_address>
         <readonly>true</readonly>
         <executable>true</executable>
         <run_address>0xae50</run_address>
         <size>0xa8</size>
         <alignment>0x4</alignment>
         <input_file_ref idref="fl-5"/>
      </object_component>
      <object_component id="oc-83">
         <name>.text.Car_Set_Speed_Unified</name>
         <load_address>0xaef8</load_address>
         <readonly>true</readonly>
         <executable>true</executable>
         <run_address>0xaef8</run_address>
         <size>0xa4</size>
         <alignment>0x4</alignment>
         <input_file_ref idref="fl-b"/>
      </object_component>
      <object_component id="oc-4f9">
         <name>.text</name>
         <load_address>0xaf9c</load_address>
         <readonly>true</readonly>
         <executable>true</executable>
         <run_address>0xaf9c</run_address>
         <size>0xa2</size>
         <alignment>0x4</alignment>
         <input_file_ref idref="fl-136"/>
      </object_component>
      <object_component id="oc-51f">
         <name>.text.__aeabi_ldiv0</name>
         <load_address>0xb03e</load_address>
         <readonly>true</readonly>
         <executable>true</executable>
         <run_address>0xb03e</run_address>
         <size>0x2</size>
         <alignment>0x2</alignment>
         <input_file_ref idref="fl-139"/>
      </object_component>
      <object_component id="oc-15d">
         <name>.text.Set_Motor1_Speed</name>
         <load_address>0xb040</load_address>
         <readonly>true</readonly>
         <executable>true</executable>
         <run_address>0xb040</run_address>
         <size>0x9c</size>
         <alignment>0x4</alignment>
         <input_file_ref idref="fl-b"/>
      </object_component>
      <object_component id="oc-32a">
         <name>.text.UI_DrawTitleCenter</name>
         <load_address>0xb0dc</load_address>
         <readonly>true</readonly>
         <executable>true</executable>
         <run_address>0xb0dc</run_address>
         <size>0x9c</size>
         <alignment>0x4</alignment>
         <input_file_ref idref="fl-10"/>
      </object_component>
      <object_component id="oc-320">
         <name>.text.Read_Byte</name>
         <load_address>0xb178</load_address>
         <readonly>true</readonly>
         <executable>true</executable>
         <run_address>0xb178</run_address>
         <size>0x98</size>
         <alignment>0x4</alignment>
         <input_file_ref idref="fl-5"/>
      </object_component>
      <object_component id="oc-15e">
         <name>.text.Set_Motor2_Speed</name>
         <load_address>0xb210</load_address>
         <readonly>true</readonly>
         <executable>true</executable>
         <run_address>0xb210</run_address>
         <size>0x98</size>
         <alignment>0x4</alignment>
         <input_file_ref idref="fl-b"/>
      </object_component>
      <object_component id="oc-1d6">
         <name>.text.writeDataJy61p</name>
         <load_address>0xb2a8</load_address>
         <readonly>true</readonly>
         <executable>true</executable>
         <run_address>0xb2a8</run_address>
         <size>0x98</size>
         <alignment>0x2</alignment>
         <input_file_ref idref="fl-5"/>
      </object_component>
      <object_component id="oc-30d">
         <name>.text.Send_Byte</name>
         <load_address>0xb340</load_address>
         <readonly>true</readonly>
         <executable>true</executable>
         <run_address>0xb340</run_address>
         <size>0x94</size>
         <alignment>0x4</alignment>
         <input_file_ref idref="fl-5"/>
      </object_component>
      <object_component id="oc-1c1">
         <name>.text.SYSCFG_DL_PWM_0_init</name>
         <load_address>0xb3d4</load_address>
         <readonly>true</readonly>
         <executable>true</executable>
         <run_address>0xb3d4</run_address>
         <size>0x8c</size>
         <alignment>0x4</alignment>
         <input_file_ref idref="fl-2"/>
      </object_component>
      <object_component id="oc-97">
         <name>.text.__mulsf3</name>
         <load_address>0xb460</load_address>
         <readonly>true</readonly>
         <executable>true</executable>
         <run_address>0xb460</run_address>
         <size>0x8c</size>
         <alignment>0x4</alignment>
         <input_file_ref idref="fl-120"/>
      </object_component>
      <object_component id="oc-20a">
         <name>.text.TFT_ShowBinNum12</name>
         <load_address>0xb4ec</load_address>
         <readonly>true</readonly>
         <executable>true</executable>
         <run_address>0xb4ec</run_address>
         <size>0x8a</size>
         <alignment>0x2</alignment>
         <input_file_ref idref="fl-10"/>
      </object_component>
      <object_component id="oc-387">
         <name>.text._nop</name>
         <load_address>0xb576</load_address>
         <readonly>true</readonly>
         <executable>true</executable>
         <run_address>0xb576</run_address>
         <size>0x2</size>
         <alignment>0x2</alignment>
         <input_file_ref idref="fl-4a"/>
      </object_component>
      <object_component id="oc-48">
         <name>.text.UART2_IRQHandler</name>
         <load_address>0xb578</load_address>
         <readonly>true</readonly>
         <executable>true</executable>
         <run_address>0xb578</run_address>
         <size>0x88</size>
         <alignment>0x4</alignment>
         <input_file_ref idref="fl-14"/>
      </object_component>
      <object_component id="oc-3e">
         <name>.text.UART3_IRQHandler</name>
         <load_address>0xb600</load_address>
         <readonly>true</readonly>
         <executable>true</executable>
         <run_address>0xb600</run_address>
         <size>0x88</size>
         <alignment>0x4</alignment>
         <input_file_ref idref="fl-14"/>
      </object_component>
      <object_component id="oc-477">
         <name>.text.OUTLINED_FUNCTION_0</name>
         <load_address>0xb688</load_address>
         <readonly>true</readonly>
         <executable>true</executable>
         <run_address>0xb688</run_address>
         <size>0x8</size>
         <alignment>0x2</alignment>
         <input_file_ref idref="fl-63"/>
      </object_component>
      <object_component id="oc-252">
         <name>.text:strcmp</name>
         <load_address>0xb690</load_address>
         <readonly>true</readonly>
         <executable>true</executable>
         <run_address>0xb690</run_address>
         <size>0x88</size>
         <alignment>0x10</alignment>
         <input_file_ref idref="fl-47"/>
      </object_component>
      <object_component id="oc-2f2">
         <name>.text.__NVIC_SetPriority</name>
         <load_address>0xb718</load_address>
         <readonly>true</readonly>
         <executable>true</executable>
         <run_address>0xb718</run_address>
         <size>0x84</size>
         <alignment>0x4</alignment>
         <input_file_ref idref="fl-2"/>
      </object_component>
      <object_component id="oc-7b">
         <name>.text.__divsf3</name>
         <load_address>0xb79c</load_address>
         <readonly>true</readonly>
         <executable>true</executable>
         <run_address>0xb79c</run_address>
         <size>0x82</size>
         <alignment>0x4</alignment>
         <input_file_ref idref="fl-121"/>
      </object_component>
      <object_component id="oc-321">
         <name>.text.IIC_Send_Ack</name>
         <load_address>0xb820</load_address>
         <readonly>true</readonly>
         <executable>true</executable>
         <run_address>0xb820</run_address>
         <size>0x7c</size>
         <alignment>0x4</alignment>
         <input_file_ref idref="fl-5"/>
      </object_component>
      <object_component id="oc-173">
         <name>.text.NVIC_EnableIRQ_Init</name>
         <load_address>0xb89c</load_address>
         <readonly>true</readonly>
         <executable>true</executable>
         <run_address>0xb89c</run_address>
         <size>0x7c</size>
         <alignment>0x4</alignment>
         <input_file_ref idref="fl-13"/>
      </object_component>
      <object_component id="oc-183">
         <name>.text.Task_Scheduler</name>
         <load_address>0xb918</load_address>
         <readonly>true</readonly>
         <executable>true</executable>
         <run_address>0xb918</run_address>
         <size>0x7c</size>
         <alignment>0x4</alignment>
         <input_file_ref idref="fl-f"/>
      </object_component>
      <object_component id="oc-561">
         <name>.text.__TI_closefile</name>
         <load_address>0xb994</load_address>
         <readonly>true</readonly>
         <executable>true</executable>
         <run_address>0xb994</run_address>
         <size>0x7c</size>
         <alignment>0x4</alignment>
         <input_file_ref idref="fl-6c"/>
      </object_component>
      <object_component id="oc-1c">
         <name>.text:decompress:lzss</name>
         <load_address>0xba10</load_address>
         <readonly>true</readonly>
         <executable>true</executable>
         <run_address>0xba10</run_address>
         <size>0x7c</size>
         <alignment>0x4</alignment>
         <input_file_ref idref="fl-5f"/>
      </object_component>
      <object_component id="oc-17b">
         <name>.text.PD42S1_Init</name>
         <load_address>0xba8c</load_address>
         <readonly>true</readonly>
         <executable>true</executable>
         <run_address>0xba8c</run_address>
         <size>0x78</size>
         <alignment>0x4</alignment>
         <input_file_ref idref="fl-1"/>
      </object_component>
      <object_component id="oc-145">
         <name>.text.__gedf2</name>
         <load_address>0xbb04</load_address>
         <readonly>true</readonly>
         <executable>true</executable>
         <run_address>0xbb04</run_address>
         <size>0x74</size>
         <alignment>0x4</alignment>
         <input_file_ref idref="fl-138"/>
      </object_component>
      <object_component id="oc-458">
         <name>.text.OUTLINED_FUNCTION_0</name>
         <load_address>0xbb78</load_address>
         <readonly>true</readonly>
         <executable>true</executable>
         <run_address>0xbb78</run_address>
         <size>0x8</size>
         <alignment>0x2</alignment>
         <input_file_ref idref="fl-57"/>
      </object_component>
      <object_component id="oc-151">
         <name>.text.__truncdfsf2</name>
         <load_address>0xbb80</load_address>
         <readonly>true</readonly>
         <executable>true</executable>
         <run_address>0xbb80</run_address>
         <size>0x74</size>
         <alignment>0x10</alignment>
         <input_file_ref idref="fl-12d"/>
      </object_component>
      <object_component id="oc-373">
         <name>.text._chkmbc</name>
         <load_address>0xbbf4</load_address>
         <readonly>true</readonly>
         <executable>true</executable>
         <run_address>0xbbf4</run_address>
         <size>0x74</size>
         <alignment>0x4</alignment>
         <input_file_ref idref="fl-42"/>
      </object_component>
      <object_component id="oc-1a5">
         <name>.text.smd_send_data</name>
         <load_address>0xbc68</load_address>
         <readonly>true</readonly>
         <executable>true</executable>
         <run_address>0xbc68</run_address>
         <size>0x74</size>
         <alignment>0x4</alignment>
         <input_file_ref idref="fl-e"/>
      </object_component>
      <object_component id="oc-16e">
         <name>.text.SYSCFG_DL_init</name>
         <load_address>0xbcdc</load_address>
         <readonly>true</readonly>
         <executable>true</executable>
         <run_address>0xbcdc</run_address>
         <size>0x70</size>
         <alignment>0x4</alignment>
         <input_file_ref idref="fl-2"/>
      </object_component>
      <object_component id="oc-15f">
         <name>.text.smd_pos_mode</name>
         <load_address>0xbd4c</load_address>
         <readonly>true</readonly>
         <executable>true</executable>
         <run_address>0xbd4c</run_address>
         <size>0x6e</size>
         <alignment>0x2</alignment>
         <input_file_ref idref="fl-e"/>
      </object_component>
      <object_component id="oc-57a">
         <name>.text.HOSTlseek</name>
         <load_address>0xbdbc</load_address>
         <readonly>true</readonly>
         <executable>true</executable>
         <run_address>0xbdbc</run_address>
         <size>0x6c</size>
         <alignment>0x4</alignment>
         <input_file_ref idref="fl-115"/>
      </object_component>
      <object_component id="oc-582">
         <name>.text.HOSTrename</name>
         <load_address>0xbe28</load_address>
         <readonly>true</readonly>
         <executable>true</executable>
         <run_address>0xbe28</run_address>
         <size>0x6c</size>
         <alignment>0x4</alignment>
         <input_file_ref idref="fl-118"/>
      </object_component>
      <object_component id="oc-148">
         <name>.text.Motor2_Get_Speed</name>
         <load_address>0xbe94</load_address>
         <readonly>true</readonly>
         <executable>true</executable>
         <run_address>0xbe94</run_address>
         <size>0x6c</size>
         <alignment>0x4</alignment>
         <input_file_ref idref="fl-4"/>
      </object_component>
      <object_component id="oc-53f">
         <name>.text.fseeko</name>
         <load_address>0xbf00</load_address>
         <readonly>true</readonly>
         <executable>true</executable>
         <run_address>0xbf00</run_address>
         <size>0x6c</size>
         <alignment>0x4</alignment>
         <input_file_ref idref="fl-66"/>
      </object_component>
      <object_component id="oc-5c4">
         <name>.text.getdevice</name>
         <load_address>0xbf6c</load_address>
         <readonly>true</readonly>
         <executable>true</executable>
         <run_address>0xbf6c</run_address>
         <size>0x6c</size>
         <alignment>0x4</alignment>
         <input_file_ref idref="fl-13a"/>
      </object_component>
      <object_component id="oc-13f">
         <name>.text.__ledf2</name>
         <load_address>0xbfd8</load_address>
         <readonly>true</readonly>
         <executable>true</executable>
         <run_address>0xbfd8</run_address>
         <size>0x68</size>
         <alignment>0x4</alignment>
         <input_file_ref idref="fl-138"/>
      </object_component>
      <object_component id="oc-114">
         <name>.text.smd_speed_mode</name>
         <load_address>0xc040</load_address>
         <readonly>true</readonly>
         <executable>true</executable>
         <run_address>0xc040</run_address>
         <size>0x68</size>
         <alignment>0x4</alignment>
         <input_file_ref idref="fl-e"/>
      </object_component>
      <object_component id="oc-50a">
         <name>.text._mcpy</name>
         <load_address>0xc0a8</load_address>
         <readonly>true</readonly>
         <executable>true</executable>
         <run_address>0xc0a8</run_address>
         <size>0x66</size>
         <alignment>0x2</alignment>
         <input_file_ref idref="fl-3f"/>
      </object_component>
      <object_component id="oc-2d0">
         <name>.text.DL_SYSCTL_setHFCLKSourceHFXTParams</name>
         <load_address>0xc110</load_address>
         <readonly>true</readonly>
         <executable>true</executable>
         <run_address>0xc110</run_address>
         <size>0x64</size>
         <alignment>0x4</alignment>
         <input_file_ref idref="fl-26"/>
      </object_component>
      <object_component id="oc-147">
         <name>.text.Motor1_Get_Speed</name>
         <load_address>0xc174</load_address>
         <readonly>true</readonly>
         <executable>true</executable>
         <run_address>0xc174</run_address>
         <size>0x64</size>
         <alignment>0x4</alignment>
         <input_file_ref idref="fl-4"/>
      </object_component>
      <object_component id="oc-50d">
         <name>.text.__TI_wrt_ok</name>
         <load_address>0xc1d8</load_address>
         <readonly>true</readonly>
         <executable>true</executable>
         <run_address>0xc1d8</run_address>
         <size>0x64</size>
         <alignment>0x2</alignment>
         <input_file_ref idref="fl-44"/>
      </object_component>
      <object_component id="oc-58c">
         <name>.text.split</name>
         <load_address>0xc23c</load_address>
         <readonly>true</readonly>
         <executable>true</executable>
         <run_address>0xc23c</run_address>
         <size>0x64</size>
         <alignment>0x4</alignment>
         <input_file_ref idref="fl-51"/>
      </object_component>
      <object_component id="oc-20d">
         <name>.text.LCD_ShowString</name>
         <load_address>0xc2a0</load_address>
         <readonly>true</readonly>
         <executable>true</executable>
         <run_address>0xc2a0</run_address>
         <size>0x62</size>
         <alignment>0x2</alignment>
         <input_file_ref idref="fl-8"/>
      </object_component>
      <object_component id="oc-bc">
         <name>.text.__aeabi_dcmp</name>
         <load_address>0xc304</load_address>
         <readonly>true</readonly>
         <executable>true</executable>
         <run_address>0xc304</run_address>
         <size>0x62</size>
         <alignment>0x4</alignment>
         <input_file_ref idref="fl-12e"/>
      </object_component>
      <object_component id="oc-93">
         <name>.text.__aeabi_fcmp</name>
         <load_address>0xc368</load_address>
         <readonly>true</readonly>
         <executable>true</executable>
         <run_address>0xc368</run_address>
         <size>0x62</size>
         <alignment>0x4</alignment>
         <input_file_ref idref="fl-12f"/>
      </object_component>
      <object_component id="oc-56a">
         <name>.text.HOSTopen</name>
         <load_address>0xc3cc</load_address>
         <readonly>true</readonly>
         <executable>true</executable>
         <run_address>0xc3cc</run_address>
         <size>0x60</size>
         <alignment>0x4</alignment>
         <input_file_ref idref="fl-116"/>
      </object_component>
      <object_component id="oc-1c9">
         <name>.text.SYSCFG_DL_UART_1_init</name>
         <load_address>0xc42c</load_address>
         <readonly>true</readonly>
         <executable>true</executable>
         <run_address>0xc42c</run_address>
         <size>0x60</size>
         <alignment>0x4</alignment>
         <input_file_ref idref="fl-2"/>
      </object_component>
      <object_component id="oc-1c8">
         <name>.text.SYSCFG_DL_UART_MOTOR_2_init</name>
         <load_address>0xc48c</load_address>
         <readonly>true</readonly>
         <executable>true</executable>
         <run_address>0xc48c</run_address>
         <size>0x60</size>
         <alignment>0x4</alignment>
         <input_file_ref idref="fl-2"/>
      </object_component>
      <object_component id="oc-1c7">
         <name>.text.SYSCFG_DL_UART_MOTOR_init</name>
         <load_address>0xc4ec</load_address>
         <readonly>true</readonly>
         <executable>true</executable>
         <run_address>0xc4ec</run_address>
         <size>0x60</size>
         <alignment>0x4</alignment>
         <input_file_ref idref="fl-2"/>
      </object_component>
      <object_component id="oc-30c">
         <name>.text.IIC_Start</name>
         <load_address>0xc54c</load_address>
         <readonly>true</readonly>
         <executable>true</executable>
         <run_address>0xc54c</run_address>
         <size>0x5c</size>
         <alignment>0x4</alignment>
         <input_file_ref idref="fl-5"/>
      </object_component>
      <object_component id="oc-1e4">
         <name>.text.LCD_Fill</name>
         <load_address>0xc5a8</load_address>
         <readonly>true</readonly>
         <executable>true</executable>
         <run_address>0xc5a8</run_address>
         <size>0x5c</size>
         <alignment>0x2</alignment>
         <input_file_ref idref="fl-8"/>
      </object_component>
      <object_component id="oc-4fe">
         <name>.text.frexp</name>
         <load_address>0xc604</load_address>
         <readonly>true</readonly>
         <executable>true</executable>
         <run_address>0xc604</run_address>
         <size>0x5c</size>
         <alignment>0x4</alignment>
         <input_file_ref idref="fl-60"/>
      </object_component>
      <object_component id="oc-3a3">
         <name>.text.printf</name>
         <load_address>0xc660</load_address>
         <readonly>true</readonly>
         <executable>true</executable>
         <run_address>0xc660</run_address>
         <size>0x5c</size>
         <alignment>0x4</alignment>
         <input_file_ref idref="fl-3e"/>
      </object_component>
      <object_component id="oc-572">
         <name>.text.HOSTread</name>
         <load_address>0xc6bc</load_address>
         <readonly>true</readonly>
         <executable>true</executable>
         <run_address>0xc6bc</run_address>
         <size>0x58</size>
         <alignment>0x4</alignment>
         <input_file_ref idref="fl-117"/>
      </object_component>
      <object_component id="oc-576">
         <name>.text.HOSTwrite</name>
         <load_address>0xc714</load_address>
         <readonly>true</readonly>
         <executable>true</executable>
         <run_address>0xc714</run_address>
         <size>0x58</size>
         <alignment>0x4</alignment>
         <input_file_ref idref="fl-11a"/>
      </object_component>
      <object_component id="oc-21a">
         <name>.text.Update_App_UI_PID_Values</name>
         <load_address>0xc76c</load_address>
         <readonly>true</readonly>
         <executable>true</executable>
         <run_address>0xc76c</run_address>
         <size>0x58</size>
         <alignment>0x4</alignment>
         <input_file_ref idref="fl-10"/>
      </object_component>
      <object_component id="oc-502">
         <name>.text.__TI_ltoa</name>
         <load_address>0xc7c4</load_address>
         <readonly>true</readonly>
         <executable>true</executable>
         <run_address>0xc7c4</run_address>
         <size>0x58</size>
         <alignment>0x2</alignment>
         <input_file_ref idref="fl-4b"/>
      </object_component>
      <object_component id="oc-4c8">
         <name>.text._pconv_f</name>
         <load_address>0xc81c</load_address>
         <readonly>true</readonly>
         <executable>true</executable>
         <run_address>0xc81c</run_address>
         <size>0x58</size>
         <alignment>0x2</alignment>
         <input_file_ref idref="fl-3f"/>
      </object_component>
      <object_component id="oc-214">
         <name>.text.__aeabi_idivmod</name>
         <load_address>0xc874</load_address>
         <readonly>true</readonly>
         <executable>true</executable>
         <run_address>0xc874</run_address>
         <size>0x56</size>
[...]
      </symbol>
      <symbol id="sm-783">
         <name>__TI_zero_init</name>
         <value>0xe385</value>
         <object_component_ref idref="oc-64"/>
      </symbol>
      <symbol id="sm-78c">
         <name>__TI_decompress_none</name>
         <value>0xe341</value>
         <object_component_ref idref="oc-20"/>
      </symbol>
      <symbol id="sm-797">
         <name>__TI_decompress_lzss</name>
         <value>0xba11</value>
         <object_component_ref idref="oc-1c"/>
      </symbol>
      <symbol id="sm-7a1">
         <name>frexp</name>
         <value>0xc605</value>
         <object_component_ref idref="oc-4fe"/>
      </symbol>
      <symbol id="sm-7a2">
         <name>frexpl</name>
         <value>0xc605</value>
         <object_component_ref idref="oc-4fe"/>
      </symbol>
      <symbol id="sm-7ac">
         <name>scalbn</name>
         <value>0xa739</value>
         <object_component_ref idref="oc-45f"/>
      </symbol>
      <symbol id="sm-7ad">
         <name>ldexp</name>
         <value>0xa739</value>
         <object_component_ref idref="oc-45f"/>
      </symbol>
      <symbol id="sm-7ae">
         <name>scalbnl</name>
         <value>0xa739</value>
         <object_component_ref idref="oc-45f"/>
      </symbol>
      <symbol id="sm-7af">
         <name>ldexpl</name>
         <value>0xa739</value>
         <object_component_ref idref="oc-45f"/>
      </symbol>
      <symbol id="sm-7b8">
         <name>wcslen</name>
         <value>0xe375</value>
         <object_component_ref idref="oc-4b9"/>
      </symbol>
      <symbol id="sm-7df">
         <name>__TI_scanfi</name>
         <value>0x3645</value>
         <object_component_ref idref="oc-36b"/>
      </symbol>
      <symbol id="sm-7e9">
         <name>__TI_doflush</name>
         <value>0xc973</value>
         <object_component_ref idref="oc-517"/>
      </symbol>
      <symbol id="sm-7f4">
         <name>__TI_cleanup</name>
         <value>0xd3e9</value>
         <object_component_ref idref="oc-549"/>
      </symbol>
      <symbol id="sm-801">
         <name>fseek</name>
         <value>0xe4bd</value>
         <object_component_ref idref="oc-52b"/>
      </symbol>
      <symbol id="sm-802">
         <name>fseeko</name>
         <value>0xbf01</value>
         <object_component_ref idref="oc-53f"/>
      </symbol>
      <symbol id="sm-80e">
         <name>strtol</name>
         <value>0x94fd</value>
         <object_component_ref idref="oc-480"/>
      </symbol>
      <symbol id="sm-819">
         <name>strtoll</name>
         <value>0x71e9</value>
         <object_component_ref idref="oc-488"/>
      </symbol>
      <symbol id="sm-824">
         <name>strtoul</name>
         <value>0x977d</value>
         <object_component_ref idref="oc-47c"/>
      </symbol>
      <symbol id="sm-82f">
         <name>strtoull</name>
         <value>0x8fa1</value>
         <object_component_ref idref="oc-484"/>
      </symbol>
      <symbol id="sm-83a">
         <name>__TI_closefile</name>
         <value>0xb995</value>
         <object_component_ref idref="oc-561"/>
      </symbol>
      <symbol id="sm-842">
         <name>HOSTexit</name>
         <value>0xe4dd</value>
         <object_component_ref idref="oc-294"/>
      </symbol>
      <symbol id="sm-843">
         <name>C$$EXIT</name>
         <value>0xe4dc</value>
         <object_component_ref idref="oc-294"/>
      </symbol>
      <symbol id="sm-84d">
         <name>write</name>
         <value>0xd94d</value>
         <object_component_ref idref="oc-513"/>
      </symbol>
      <symbol id="sm-852">
         <name>_device</name>
         <value>0x20201300</value>
         <object_component_ref idref="oc-552"/>
      </symbol>
      <symbol id="sm-853">
         <name>_stream</name>
         <value>0x20201378</value>
         <object_component_ref idref="oc-537"/>
      </symbol>
      <symbol id="sm-85c">
         <name>remove</name>
         <value>0xe4c5</value>
         <object_component_ref idref="oc-592"/>
      </symbol>
      <symbol id="sm-867">
         <name>lseek</name>
         <value>0xd925</value>
         <object_component_ref idref="oc-556"/>
      </symbol>
      <symbol id="sm-871">
         <name>close</name>
         <value>0xca69</value>
         <object_component_ref idref="oc-58e"/>
      </symbol>
      <symbol id="sm-87b">
         <name>unlink</name>
         <value>0xd831</value>
         <object_component_ref idref="oc-5ba"/>
      </symbol>
      <symbol id="sm-885">
         <name>HOSTclose</name>
         <value>0xcb99</value>
         <object_component_ref idref="oc-56e"/>
      </symbol>
      <symbol id="sm-88f">
         <name>HOSTlseek</name>
         <value>0xbdbd</value>
         <object_component_ref idref="oc-57a"/>
      </symbol>
      <symbol id="sm-899">
         <name>HOSTopen</name>
         <value>0xc3cd</value>
         <object_component_ref idref="oc-56a"/>
      </symbol>
      <symbol id="sm-89a">
         <name>parmbuf</name>
         <value>0x202009e0</value>
         <object_component_ref idref="oc-5a0"/>
      </symbol>
      <symbol id="sm-8a4">
         <name>HOSTread</name>
         <value>0xc6bd</value>
         <object_component_ref idref="oc-572"/>
      </symbol>
      <symbol id="sm-8b5">
         <name>HOSTrename</name>
         <value>0xbe29</value>
         <object_component_ref idref="oc-582"/>
      </symbol>
      <symbol id="sm-8bf">
         <name>HOSTunlink</name>
         <value>0xcbe1</value>
         <object_component_ref idref="oc-57e"/>
      </symbol>
      <symbol id="sm-8c9">
         <name>HOSTwrite</name>
         <value>0xc715</value>
         <object_component_ref idref="oc-576"/>
      </symbol>
      <symbol id="sm-8d7">
         <name>C$$IO$$</name>
         <value>0xd47d</value>
         <object_component_ref idref="oc-599"/>
      </symbol>
      <symbol id="sm-8d8">
         <name>__TI_writemsg</name>
         <value>0xd451</value>
         <object_component_ref idref="oc-599"/>
      </symbol>
      <symbol id="sm-8d9">
         <name>__CIOBUF_</name>
         <value>0x20200400</value>
         <object_component_ref idref="oc-5c1"/>
      </symbol>
      <symbol id="sm-8da">
         <name>__TI_readmsg</name>
         <value>0xd41d</value>
         <object_component_ref idref="oc-59f"/>
      </symbol>
      <symbol id="sm-8db">
         <name>_CIOBUF_</name>
         <value>0x20200400</value>
         <object_component_ref idref="oc-5c1"/>
      </symbol>
      <symbol id="sm-8e1">
         <name>__aeabi_fadd</name>
         <value>0xa81b</value>
         <object_component_ref idref="oc-77"/>
      </symbol>
      <symbol id="sm-8e2">
         <name>__addsf3</name>
         <value>0xa81b</value>
         <object_component_ref idref="oc-77"/>
      </symbol>
      <symbol id="sm-8e3">
         <name>__aeabi_fsub</name>
         <value>0xa811</value>
         <object_component_ref idref="oc-77"/>
      </symbol>
      <symbol id="sm-8e4">
         <name>__subsf3</name>
         <value>0xa811</value>
         <object_component_ref idref="oc-77"/>
      </symbol>
      <symbol id="sm-8ea">
         <name>__aeabi_dadd</name>
         <value>0x8833</value>
         <object_component_ref idref="oc-14d"/>
      </symbol>
      <symbol id="sm-8eb">
         <name>__adddf3</name>
         <value>0x8833</value>
         <object_component_ref idref="oc-14d"/>
      </symbol>
      <symbol id="sm-8ec">
         <name>__aeabi_dsub</name>
         <value>0x8829</value>
         <object_component_ref idref="oc-14d"/>
      </symbol>
      <symbol id="sm-8ed">
         <name>__subdf3</name>
         <value>0x8829</value>
         <object_component_ref idref="oc-14d"/>
      </symbol>
      <symbol id="sm-8f6">
         <name>__aeabi_dmul</name>
         <value>0xa3b5</value>
         <object_component_ref idref="oc-149"/>
      </symbol>
      <symbol id="sm-8f7">
         <name>__muldf3</name>
         <value>0xa3b5</value>
         <object_component_ref idref="oc-149"/>
      </symbol>
      <symbol id="sm-8fd">
         <name>__muldsi3</name>
         <value>0xd201</value>
         <object_component_ref idref="oc-12c"/>
      </symbol>
      <symbol id="sm-903">
         <name>__aeabi_fmul</name>
         <value>0xb461</value>
         <object_component_ref idref="oc-97"/>
      </symbol>
      <symbol id="sm-904">
         <name>__mulsf3</name>
         <value>0xb461</value>
         <object_component_ref idref="oc-97"/>
      </symbol>
      <symbol id="sm-90a">
         <name>__aeabi_fdiv</name>
         <value>0xb79d</value>
         <object_component_ref idref="oc-7b"/>
      </symbol>
      <symbol id="sm-90b">
         <name>__divsf3</name>
         <value>0xb79d</value>
         <object_component_ref idref="oc-7b"/>
      </symbol>
      <symbol id="sm-911">
         <name>__aeabi_ddiv</name>
         <value>0x9d11</value>
         <object_component_ref idref="oc-155"/>
      </symbol>
      <symbol id="sm-912">
         <name>__divdf3</name>
         <value>0x9d11</value>
         <object_component_ref idref="oc-155"/>
      </symbol>
      <symbol id="sm-918">
         <name>__aeabi_f2d</name>
         <value>0xcf21</value>
         <object_component_ref idref="oc-b8"/>
      </symbol>
      <symbol id="sm-919">
         <name>__extendsfdf2</name>
         <value>0xcf21</value>
         <object_component_ref idref="oc-b8"/>
      </symbol>
      <symbol id="sm-91f">
         <name>__aeabi_d2iz</name>
         <value>0xcb05</value>
         <object_component_ref idref="oc-4a1"/>
      </symbol>
      <symbol id="sm-920">
         <name>__fixdfsi</name>
         <value>0xcb05</value>
         <object_component_ref idref="oc-4a1"/>
      </symbol>
      <symbol id="sm-926">
         <name>__aeabi_f2iz</name>
         <value>0xd23d</value>
         <object_component_ref idref="oc-c1"/>
      </symbol>
      <symbol id="sm-927">
         <name>__fixsfsi</name>
         <value>0xd23d</value>
         <object_component_ref idref="oc-c1"/>
      </symbol>
      <symbol id="sm-92d">
         <name>__aeabi_d2uiz</name>
         <value>0xce5d</value>
         <object_component_ref idref="oc-10c"/>
      </symbol>
      <symbol id="sm-92e">
         <name>__fixunsdfsi</name>
         <value>0xce5d</value>
         <object_component_ref idref="oc-10c"/>
      </symbol>
      <symbol id="sm-934">
         <name>__aeabi_i2d</name>
         <value>0xd7ad</value>
         <object_component_ref idref="oc-1ee"/>
      </symbol>
      <symbol id="sm-935">
         <name>__floatsidf</name>
         <value>0xd7ad</value>
         <object_component_ref idref="oc-1ee"/>
      </symbol>
      <symbol id="sm-93b">
         <name>__aeabi_i2f</name>
         <value>0xd099</value>
         <object_component_ref idref="oc-7f"/>
      </symbol>
      <symbol id="sm-93c">
         <name>__floatsisf</name>
         <value>0xd099</value>
         <object_component_ref idref="oc-7f"/>
      </symbol>
      <symbol id="sm-942">
         <name>__aeabi_ui2d</name>
         <value>0xda2d</value>
         <object_component_ref idref="oc-499"/>
      </symbol>
      <symbol id="sm-943">
         <name>__floatunsidf</name>
         <value>0xda2d</value>
         <object_component_ref idref="oc-499"/>
      </symbol>
      <symbol id="sm-949">
         <name>__aeabi_ui2f</name>
         <value>0xd8d5</value>
         <object_component_ref idref="oc-110"/>
      </symbol>
      <symbol id="sm-94a">
         <name>__floatunsisf</name>
         <value>0xd8d5</value>
         <object_component_ref idref="oc-110"/>
      </symbol>
      <symbol id="sm-950">
         <name>__aeabi_lmul</name>
         <value>0xda51</value>
         <object_component_ref idref="oc-4bd"/>
      </symbol>
      <symbol id="sm-951">
         <name>__muldi3</name>
         <value>0xda51</value>
         <object_component_ref idref="oc-4bd"/>
      </symbol>
      <symbol id="sm-958">
         <name>__aeabi_d2f</name>
         <value>0xbb81</value>
         <object_component_ref idref="oc-151"/>
      </symbol>
      <symbol id="sm-959">
         <name>__truncdfsf2</name>
         <value>0xbb81</value>
         <object_component_ref idref="oc-151"/>
      </symbol>
      <symbol id="sm-95f">
         <name>__aeabi_dcmpeq</name>
         <value>0xc305</value>
         <object_component_ref idref="oc-bc"/>
      </symbol>
      <symbol id="sm-960">
         <name>__aeabi_dcmplt</name>
         <value>0xc319</value>
         <object_component_ref idref="oc-bc"/>
      </symbol>
      <symbol id="sm-961">
         <name>__aeabi_dcmple</name>
         <value>0xc32d</value>
         <object_component_ref idref="oc-bc"/>
      </symbol>
      <symbol id="sm-962">
         <name>__aeabi_dcmpge</name>
         <value>0xc341</value>
         <object_component_ref idref="oc-bc"/>
      </symbol>
      <symbol id="sm-963">
         <name>__aeabi_dcmpgt</name>
         <value>0xc355</value>
         <object_component_ref idref="oc-bc"/>
      </symbol>
      <symbol id="sm-96c">
         <name>__aeabi_fcmpeq</name>
         <value>0xc369</value>
         <object_component_ref idref="oc-93"/>
      </symbol>
      <symbol id="sm-96d">
         <name>__aeabi_fcmplt</name>
         <value>0xc37d</value>
         <object_component_ref idref="oc-93"/>
      </symbol>
      <symbol id="sm-96e">
         <name>__aeabi_fcmple</name>
         <value>0xc391</value>
         <object_component_ref idref="oc-93"/>
      </symbol>
      <symbol id="sm-96f">
         <name>__aeabi_fcmpge</name>
         <value>0xc3a5</value>
         <object_component_ref idref="oc-93"/>
      </symbol>
      <symbol id="sm-970">
         <name>__aeabi_fcmpgt</name>
         <value>0xc3b9</value>
         <object_component_ref idref="oc-93"/>
      </symbol>
      <symbol id="sm-976">
         <name>__aeabi_idiv</name>
         <value>0xc875</value>
         <object_component_ref idref="oc-214"/>
      </symbol>
      <symbol id="sm-977">
         <name>__aeabi_idivmod</name>
         <value>0xc875</value>
         <object_component_ref idref="oc-214"/>
      </symbol>
      <symbol id="sm-97d">
         <name>__aeabi_memcpy</name>
         <value>0xe49d</value>
         <object_component_ref idref="oc-57"/>
      </symbol>
      <symbol id="sm-97e">
         <name>__aeabi_memcpy4</name>
         <value>0xe49d</value>
         <object_component_ref idref="oc-57"/>
      </symbol>
      <symbol id="sm-97f">
         <name>__aeabi_memcpy8</name>
         <value>0xe49d</value>
         <object_component_ref idref="oc-57"/>
      </symbol>
      <symbol id="sm-988">
         <name>__aeabi_memset</name>
         <value>0xe3cd</value>
         <object_component_ref idref="oc-4b1"/>
      </symbol>
      <symbol id="sm-989">
         <name>__aeabi_memset4</name>
         <value>0xe3cd</value>
         <object_component_ref idref="oc-4b1"/>
      </symbol>
      <symbol id="sm-98a">
         <name>__aeabi_memset8</name>
         <value>0xe3cd</value>
         <object_component_ref idref="oc-4b1"/>
      </symbol>
      <symbol id="sm-98b">
         <name>__aeabi_memclr</name>
         <value>0xe421</value>
         <object_component_ref idref="oc-f2"/>
      </symbol>
      <symbol id="sm-98c">
         <name>__aeabi_memclr4</name>
         <value>0xe421</value>
         <object_component_ref idref="oc-f2"/>
      </symbol>
      <symbol id="sm-98d">
         <name>__aeabi_memclr8</name>
         <value>0xe421</value>
         <object_component_ref idref="oc-f2"/>
      </symbol>
      <symbol id="sm-993">
         <name>__aeabi_uidiv</name>
         <value>0xcee1</value>
         <object_component_ref idref="oc-272"/>
      </symbol>
      <symbol id="sm-994">
         <name>__aeabi_uidivmod</name>
         <value>0xcee1</value>
         <object_component_ref idref="oc-272"/>
      </symbol>
      <symbol id="sm-99a">
         <name>__aeabi_uldivmod</name>
         <value>0xe285</value>
         <object_component_ref idref="oc-4c2"/>
      </symbol>
      <symbol id="sm-9a3">
         <name>__eqsf2</name>
         <value>0xd1c5</value>
         <object_component_ref idref="oc-125"/>
      </symbol>
      <symbol id="sm-9a4">
         <name>__lesf2</name>
         <value>0xd1c5</value>
         <object_component_ref idref="oc-125"/>
      </symbol>
      <symbol id="sm-9a5">
         <name>__ltsf2</name>
         <value>0xd1c5</value>
         <object_component_ref idref="oc-125"/>
      </symbol>
      <symbol id="sm-9a6">
         <name>__nesf2</name>
         <value>0xd1c5</value>
         <object_component_ref idref="oc-125"/>
      </symbol>
      <symbol id="sm-9a7">
         <name>__cmpsf2</name>
         <value>0xd1c5</value>
         <object_component_ref idref="oc-125"/>
      </symbol>
      <symbol id="sm-9a8">
         <name>__gtsf2</name>
         <value>0xd0d5</value>
         <object_component_ref idref="oc-12a"/>
      </symbol>
      <symbol id="sm-9a9">
         <name>__gesf2</name>
         <value>0xd0d5</value>
         <object_component_ref idref="oc-12a"/>
      </symbol>
      <symbol id="sm-9af">
         <name>__udivmoddi4</name>
         <value>0xaf9d</value>
         <object_component_ref idref="oc-4f9"/>
      </symbol>
      <symbol id="sm-9b5">
         <name>__aeabi_llsl</name>
         <value>0xdb9d</value>
         <object_component_ref idref="oc-520"/>
      </symbol>
      <symbol id="sm-9b6">
         <name>__ashldi3</name>
         <value>0xdb9d</value>
         <object_component_ref idref="oc-520"/>
      </symbol>
      <symbol id="sm-9c4">
         <name>__ledf2</name>
         <value>0xbfd9</value>
         <object_component_ref idref="oc-13f"/>
      </symbol>
      <symbol id="sm-9c5">
         <name>__gedf2</name>
         <value>0xbb05</value>
         <object_component_ref idref="oc-145"/>
      </symbol>
      <symbol id="sm-9c6">
         <name>__cmpdf2</name>
         <value>0xbfd9</value>
         <object_component_ref idref="oc-13f"/>
      </symbol>
      <symbol id="sm-9c7">
         <name>__eqdf2</name>
         <value>0xbfd9</value>
         <object_component_ref idref="oc-13f"/>
      </symbol>
      <symbol id="sm-9c8">
         <name>__ltdf2</name>
         <value>0xbfd9</value>
         <object_component_ref idref="oc-13f"/>
      </symbol>
      <symbol id="sm-9c9">
         <name>__nedf2</name>
         <value>0xbfd9</value>
         <object_component_ref idref="oc-13f"/>
      </symbol>
      <symbol id="sm-9ca">
         <name>__gtdf2</name>
         <value>0xbb05</value>
         <object_component_ref idref="oc-145"/>
      </symbol>
      <symbol id="sm-9d6">
         <name>__aeabi_idiv0</name>
         <value>0x89bb</value>
         <object_component_ref idref="oc-347"/>
      </symbol>
      <symbol id="sm-9d7">
         <name>__aeabi_ldiv0</name>
         <value>0xb03f</value>
         <object_component_ref idref="oc-51f"/>
      </symbol>
      <symbol id="sm-9e5">
         <name>finddevice</name>
         <value>0xd4b9</value>
         <object_component_ref idref="oc-5cd"/>
      </symbol>
      <symbol id="sm-9e6">
         <name>getdevice</name>
         <value>0xbf6d</value>
         <object_component_ref idref="oc-5c4"/>
      </symbol>
      <symbol id="sm-9ef">
         <name>TI_memcpy_small</name>
         <value>0xe32f</value>
         <object_component_ref idref="oc-164"/>
      </symbol>
      <symbol id="sm-9f8">
         <name>TI_memset_small</name>
         <value>0xe405</value>
         <object_component_ref idref="oc-1b8"/>
      </symbol>
      <symbol id="sm-9f9">
         <name>__TI_static_base__</name>
         <value>0x0</value>
      </symbol>
      <symbol id="sm-9fd">
         <name>__mpu_init</name>
         <value>0x0</value>
      </symbol>
      <symbol id="sm-9fe">
         <name>_system_post_cinit</name>
         <value>0x0</value>
      </symbol>
   </symbol_table>
   <title>Link successful</title>
</link_info>
