******************************************************************************
            TI ARM Clang Linker PC v4.0.2                      
******************************************************************************
>> Linked Tue Jul 29 23:08:35 2025

OUTPUT FILE NAME:   <NEW_LDG_CAR03.out>
ENTRY POINT SYMBOL: "_c_int00_noargs"  address: 0000515d


MEMORY CONFIGURATION

         name            origin    length      used     unused   attr    fill
----------------------  --------  ---------  --------  --------  ----  --------
  FLASH                 00000000   00020000  000061c8  00019e38  R  X
  SRAM                  20200000   00008000  00000a69  00007597  RW X
  BCR_CONFIG            41c00000   000000ff  00000000  000000ff  R   
  BSL_CONFIG            41c00100   00000080  00000000  00000080  R   


SEGMENT ALLOCATION MAP

run origin  load origin   length   init length attrs members
----------  ----------- ---------- ----------- ----- -------
00000000    00000000    000061c8   000061c8    r-x
  00000000    00000000    000000c0   000000c0    r-- .intvecs
  000000c0    000000c0    000059a0   000059a0    r-x .text
  00005a60    00005a60    000006d0   000006d0    r-- .rodata
  00006130    00006130    00000098   00000098    r-- .cinit
20200000    20200000    00000869   00000000    rw-
  20200000    20200000    00000690   00000000    rw- .bss
  20200690    20200690    000001d9   00000000    rw- .data
20207e00    20207e00    00000200   00000000    rw-
  20207e00    20207e00    00000200   00000000    rw- .stack


SECTION ALLOCATION MAP

 output                                  attributes/
section   page    origin      length       input sections
--------  ----  ----------  ----------   ----------------
.intvecs   0    00000000    000000c0     
                  00000000    000000c0     startup_mspm0g350x_ticlang.o (.intvecs)

.text      0    000000c0    000059a0     
                  000000c0    000006a0     app_oled.o (.text.OLED_Show_Proc)
                  00000760    000004c0     Encoder.o (.text.GROUP1_IRQHandler)
                  00000c20    000002f8     libc.a : s_atan.c.obj (.text.atan)
                  00000f18    000002e4     protocol.o (.text.receiving_process)
                  000011fc    000002a8     mpu6050.o (.text.MPU6050_ReadDatas_Proc)
                  000014a4    00000288     mpu6050.o (.text.AHRS_Geteuler)
                  0000172c    00000224     timer.o (.text.TIMG8_IRQHandler)
                  00001950    00000220     key.o (.text.Key_Read)
                  00001b70    00000214     protocol.o (.text.protocol_frame_parse)
                  00001d84    00000208     ti_msp_dl_config.o (.text.SYSCFG_DL_GPIO_init)
                  00001f8c    000001c4     gw_gray.o (.text.Huidu_Proc)
                  00002150    000001a6     oled.o (.text.OLED_ShowFloatNum)
                  000022f6    00000002     libclang_rt.builtins.a : aeabi_div0.c.obj (.text.__aeabi_idiv0)
                  000022f8    00000192                            : adddf3.S.obj (.text.adddf3_subdf3)
                  0000248a    00000002     --HOLE-- [fill = 0]
                  0000248c    00000158     oled.o (.text.OLED_ShowChar)
                  000025e4    00000158     app_protocol.o (.text.Protocol_Datas_Proc)
                  0000273c    00000144     libc.a : s_floor.c.obj (.text.floor)
                  00002880    0000011c     key.o (.text.KEY_PROC)
                  0000299c    0000010c     Encoder.o (.text.MEASURE_MOTORS_SPEED)
                  00002aa8    0000010c     libclang_rt.builtins.a : divdf3.S.obj (.text.__divdf3)
                  00002bb4    00000106     oled.o (.text.OLED_Init)
                  00002cba    00000002     --HOLE-- [fill = 0]
                  00002cbc    00000104     driverlib.a : dl_timer.o (.text.DL_Timer_initFourCCPWMMode)
                  00002dc0    000000f0     gw_gray.o (.text.Huidu_Read)
                  00002eb0    000000e8     driverlib.a : dl_timer.o (.text.DL_Timer_initTimerMode)
                  00002f98    000000e4     libclang_rt.builtins.a : muldf3.S.obj (.text.__muldf3)
                  0000307c    000000e2     oled.o (.text.OLED_ShowNum)
                  0000315e    00000002     --HOLE-- [fill = 0]
                  00003160    000000d8     libclang_rt.builtins.a : addsf3.S.obj (.text)
                  00003238    000000d0     protocol.o (.text.recvbuf_find_header)
                  00003308    000000cc     oled.o (.text.OLED_ShowSignedNum)
                  000033d4    000000c4     mpu6050.o (.text.I2C_ReadReg)
                  00003498    000000c0     mpu6050.o (.text.I2C_WriteReg)
                  00003558    000000c0     motor_ctrl.o (.text.PID_Calculate)
                  00003618    000000b6     oled.o (.text.OLED_ShowBinNum)
                  000036ce    00000002     --HOLE-- [fill = 0]
                  000036d0    000000a8     oled.o (.text.I2C_WaitAck)
                  00003778    000000a8     libc.a : s_round.c.obj (.text.round)
                  00003820    000000a4     oled.o (.text.OLED_DrawPoint)
                  000038c4    000000a0     libc.a : e_sqrtf.c.obj (.text.sqrtf)
                  00003964    0000009c     oled.o (.text.OLED_Refresh)
                  00003a00    0000009c     motor_ctrl.o (.text.Set_Motor1_Speed)
                  00003a9c    0000009c     protocol.o (.text.set_computer_value)
                  00003b38    0000009a     oled.o (.text.OLED_ShowString)
                  00003bd2    00000002     --HOLE-- [fill = 0]
                  00003bd4    00000098     motor_ctrl.o (.text.Set_Motor2_Speed)
                  00003c6c    00000094     mpu6050.o (.text.mpu6050_init)
                  00003d00    00000094     mpu6050.o (.text.mpu6050_read)
                  00003d94    0000008c     oled.o (.text.I2C_Send_Byte)
                  00003e20    0000008c     ti_msp_dl_config.o (.text.SYSCFG_DL_PWM_0_init)
                  00003eac    0000008c     libclang_rt.builtins.a : mulsf3.S.obj (.text.__mulsf3)
                  00003f38    00000084     ti_msp_dl_config.o (.text.__NVIC_SetPriority)
                  00003fbc    00000082     libclang_rt.builtins.a : divsf3.S.obj (.text.__divsf3)
                  0000403e    00000002     --HOLE-- [fill = 0]
                  00004040    0000007c     ti_msp_dl_config.o (.text.SYSCFG_DL_initPower)
                  000040bc    0000007c     libc.a : copy_decompress_lzss.c.obj (.text:decompress:lzss)
                  00004138    0000007a     protocol.o (.text.recvbuf_put_data)
                  000041b2    00000002     --HOLE-- [fill = 0]
                  000041b4    00000074     libclang_rt.builtins.a : comparedf2.c.obj (.text.__gedf2)
                  00004228    00000008     oled.o (.text.OLED_Update)
                  00004230    00000074     libclang_rt.builtins.a : truncdfsf2.S.obj (.text.__truncdfsf2)
                  000042a4    00000074     mpu6050.o (.text.kalmanfiter)
                  00004318    0000006c     Encoder.o (.text.Motor2_Get_Speed)
                  00004384    00000068     libclang_rt.builtins.a : comparedf2.c.obj (.text.__ledf2)
                  000043ec    00000064     Encoder.o (.text.Motor1_Get_Speed)
                  00004450    00000062     libclang_rt.builtins.a : aeabi_dcmp.S.obj (.text.__aeabi_dcmp)
                  000044b2    00000002     --HOLE-- [fill = 0]
                  000044b4    00000062                            : aeabi_fcmp.S.obj (.text.__aeabi_fcmp)
                  00004516    00000062     protocol.o (.text.recvbuf_get_len_to_parse)
                  00004578    00000060     oled.o (.text.OLED_Clear)
                  000045d8    0000005e     driverlib.a : dl_i2c.o (.text.DL_I2C_fillControllerTXFIFO)
                  00004636    00000002     --HOLE-- [fill = 0]
                  00004638    0000005c     usart.o (.text.HAL_UART_Transmit)
                  00004694    00000058     ti_msp_dl_config.o (.text.SYSCFG_DL_I2C_0_init)
                  000046ec    00000054     ti_msp_dl_config.o (.text.SYSCFG_DL_UART_0_init)
                  00004740    00000050     mpu6050.o (.text.DL_I2C_startControllerTransfer)
                  00004790    0000004e     oled.o (.text.OLED_WR_Byte)
                  000047de    00000002     --HOLE-- [fill = 0]
                  000047e0    0000004c     ti_msp_dl_config.o (.text.DL_UART_setBaudRateDivisor)
                  0000482c    0000004a     oled.o (.text.OLED_DisplayTurn)
                  00004876    00000002     --HOLE-- [fill = 0]
                  00004878    00000048     driverlib.a : dl_uart.o (.text.DL_UART_init)
                  000048c0    00000048     motor_ctrl.o (.text.PID_Limit)
                  00004908    00000044     oled.o (.text.I2C_Stop)
                  0000494c    00000044     usart.o (.text.UART1_IRQHandler)
                  00004990    00000042     libclang_rt.builtins.a : fixunsdfsi.S.obj (.text.__fixunsdfsi)
                  000049d2    00000002     --HOLE-- [fill = 0]
                  000049d4    00000040     oled.o (.text.I2C_Start)
                  00004a14    00000040     ti_msp_dl_config.o (.text.SYSCFG_DL_TIMER_0_init)
                  00004a54    00000040     libclang_rt.builtins.a : aeabi_uidivmod.S.obj (.text.__aeabi_uidivmod)
                  00004a94    00000040                            : extendsfdf2.S.obj (.text.__extendsfdf2)
                  00004ad4    0000003e     protocol.o (.text.check_sum)
                  00004b12    00000002     --HOLE-- [fill = 0]
                  00004b14    0000003c     ti_msp_dl_config.o (.text.DL_GPIO_initPeripheralInputFunctionFeatures)
                  00004b50    0000003c     driverlib.a : dl_i2c.o (.text.DL_I2C_flushControllerTXFIFO)
                  00004b8c    0000003c     ti_msp_dl_config.o (.text.DL_Timer_setCounterControl)
                  00004bc8    0000003c     libclang_rt.builtins.a : floatsisf.S.obj (.text.__floatsisf)
                  00004c04    0000003c                            : comparesf2.S.obj (.text.__gtsf2)
                  00004c40    0000003c     empty.o (.text.main)
                  00004c7c    0000003c     protocol.o (.text.protocol_data_recv)
                  00004cb8    0000003c     libc.a : autoinit.c.obj (.text:__TI_auto_init_nobinit_nopinit)
                  00004cf4    0000003a     mpu6050.o (.text.LPF_1st)
                  00004d2e    0000003a     oled.o (.text.OLED_GPIO_Init)
                  00004d68    0000003a     libclang_rt.builtins.a : comparesf2.S.obj (.text.__eqsf2)
                  00004da2    00000002     --HOLE-- [fill = 0]
                  00004da4    0000003a                            : muldsi3.S.obj (.text.__muldsi3)
                  00004dde    00000002     --HOLE-- [fill = 0]
                  00004de0    00000038                            : fixsfsi.S.obj (.text.__fixsfsi)
                  00004e18    00000036     motor_ctrl.o (.text.PWM_Limit)
                  00004e4e    00000002     --HOLE-- [fill = 0]
                  00004e50    00000034     oled.o (.text.DL_GPIO_initDigitalInputFeatures)
                  00004e84    00000034     ti_msp_dl_config.o (.text.DL_GPIO_initDigitalInputFeatures)
                  00004eb8    00000034     timer.o (.text.NVIC_EnableIRQ_Init)
                  00004eec    00000034     oled.o (.text.OLED_ColorTurn)
                  00004f20    00000034     motor_ctrl.o (.text.Set_PID_Param)
                  00004f54    00000030     ti_msp_dl_config.o (.text.DL_GPIO_initDigitalOutputFeatures)
                  00004f84    00000030     oled.o (.text.OLED_Pow)
                  00004fb4    0000002e     protocol.o (.text.get_frame_checksum)
                  00004fe2    00000002     --HOLE-- [fill = 0]
                  00004fe4    0000002c     ti_msp_dl_config.o (.text.SYSCFG_DL_init)
                  00005010    0000002c     timer.o (.text.__NVIC_ClearPendingIRQ)
                  0000503c    0000002c     timer.o (.text.__NVIC_EnableIRQ)
                  00005068    0000002c     libclang_rt.builtins.a : floatsidf.S.obj (.text.__floatsidf)
                  00005094    00000028     mpu6050.o (.text.DL_Common_updateReg)
                  000050bc    00000028     ti_msp_dl_config.o (.text.DL_Common_updateReg)
                  000050e4    00000028     ti_msp_dl_config.o (.text.DL_I2C_setControllerRXFIFOThreshold)
                  0000510c    00000028     ti_msp_dl_config.o (.text.DL_I2C_setControllerTXFIFOThreshold)
                  00005134    00000028     libclang_rt.builtins.a : floatunsisf.S.obj (.text.__floatunsisf)
                  0000515c    00000028     libc.a : boot_cortex_m.c.obj (.text:_c_int00_noargs)
                  00005184    00000026     ti_msp_dl_config.o (.text.DL_I2C_setAnalogGlitchFilterPulseWidth)
                  000051aa    00000026     driverlib.a : dl_i2c.o (.text.DL_I2C_setClockConfig)
                  000051d0    00000026     mpu6050.o (.text.Single_ReadI2C)
                  000051f6    00000024     ti_msp_dl_config.o (.text.SYSCFG_DL_SYSCTL_init)
                  0000521a    00000002     --HOLE-- [fill = 0]
                  0000521c    00000024     motor_ctrl.o (.text.Set_Motor1_PWM)
                  00005240    00000024     motor_ctrl.o (.text.Set_Motor2_PWM)
                  00005264    00000024     mpu6050.o (.text.Single_WriteI2C)
                  00005288    00000024     libclang_rt.builtins.a : floatunsidf.S.obj (.text.__floatunsidf)
                  000052ac    00000022     protocol.o (.text.get_frame_len)
                  000052ce    00000002     --HOLE-- [fill = 0]
                  000052d0    00000020     ti_msp_dl_config.o (.text.DL_GPIO_initPeripheralInputFunction)
                  000052f0    00000020     Encoder.o (.text.DL_Interrupt_getStatusGroup)
                  00005310    00000020     ti_msp_dl_config.o (.text.DL_SYSCTL_setMFPCLKSource)
                  00005330    00000020     driverlib.a : dl_uart.o (.text.DL_UART_transmitDataBlocking)
                  00005350    0000001e     ti_msp_dl_config.o (.text.DL_UART_setOversampling)
                  0000536e    00000002     --HOLE-- [fill = 0]
                  00005370    0000001c     Encoder.o (.text.DL_GPIO_clearInterruptStatus)
                  0000538c    0000001c     ti_msp_dl_config.o (.text.DL_GPIO_clearInterruptStatus)
                  000053a8    0000001c     ti_msp_dl_config.o (.text.DL_GPIO_enableHiZ)
                  000053c4    0000001c     ti_msp_dl_config.o (.text.DL_GPIO_enableInterrupt)
                  000053e0    0000001c     ti_msp_dl_config.o (.text.DL_GPIO_initPeripheralOutputFunction)
                  000053fc    0000001c     ti_msp_dl_config.o (.text.DL_GPIO_setLowerPinsPolarity)
                  00005418    0000001c     mpu6050.o (.text.DL_I2C_isControllerRXFIFOEmpty)
                  00005434    0000001c     ti_msp_dl_config.o (.text.DL_SYSCTL_setSYSOSCFreq)
                  00005450    0000001c     ti_msp_dl_config.o (.text.DL_Timer_enableInterrupt)
                  0000546c    0000001c     driverlib.a : dl_timer.o (.text.DL_Timer_setCaptCompUpdateMethod)
                  00005488    0000001c                 : dl_timer.o (.text.DL_Timer_setClockConfig)
                  000054a4    0000001c     ti_msp_dl_config.o (.text.DL_UART_enableInterrupt)
                  000054c0    0000001c     protocol.o (.text.__NVIC_SystemReset)
                  000054dc    00000018     oled.o (.text.DL_GPIO_enableOutput)
                  000054f4    00000018     ti_msp_dl_config.o (.text.DL_GPIO_enableOutput)
                  0000550c    00000018     ti_msp_dl_config.o (.text.DL_GPIO_enablePower)
                  00005524    00000018     Encoder.o (.text.DL_GPIO_getEnabledInterruptStatus)
                  0000553c    00000018     oled.o (.text.DL_GPIO_initDigitalOutput)
                  00005554    00000018     ti_msp_dl_config.o (.text.DL_GPIO_initDigitalOutput)
                  0000556c    00000018     ti_msp_dl_config.o (.text.DL_GPIO_reset)
                  00005584    00000018     motor_ctrl.o (.text.DL_GPIO_setPins)
                  0000559c    00000018     oled.o (.text.DL_GPIO_setPins)
                  000055b4    00000018     ti_msp_dl_config.o (.text.DL_GPIO_setPins)
                  000055cc    00000018     ti_msp_dl_config.o (.text.DL_GPIO_setUpperPinsPolarity)
                  000055e4    00000018     key.o (.text.DL_GPIO_togglePins)
                  000055fc    00000018     timer.o (.text.DL_GPIO_togglePins)
                  00005614    00000018     ti_msp_dl_config.o (.text.DL_I2C_enableAnalogGlitchFilter)
                  0000562c    00000018     ti_msp_dl_config.o (.text.DL_I2C_enableController)
                  00005644    00000018     ti_msp_dl_config.o (.text.DL_I2C_enableControllerClockStretching)
                  0000565c    00000018     ti_msp_dl_config.o (.text.DL_I2C_enablePower)
                  00005674    00000018     ti_msp_dl_config.o (.text.DL_I2C_reset)
                  0000568c    00000018     ti_msp_dl_config.o (.text.DL_I2C_setTimerPeriod)
                  000056a4    00000018     ti_msp_dl_config.o (.text.DL_SYSCTL_setBORThreshold)
                  000056bc    00000018     ti_msp_dl_config.o (.text.DL_Timer_enablePower)
                  000056d4    00000018     ti_msp_dl_config.o (.text.DL_Timer_reset)
                  000056ec    00000018     driverlib.a : dl_timer.o (.text.DL_Timer_setCaptureCompareOutCtl)
                  00005704    00000018     timer.o (.text.DL_Timer_startCounter)
                  0000571c    00000018     usart.o (.text.DL_UART_clearInterruptStatus)
                  00005734    00000018     ti_msp_dl_config.o (.text.DL_UART_enablePower)
                  0000574c    00000018     usart.o (.text.DL_UART_getEnabledInterruptStatus)
                  00005764    00000018     ti_msp_dl_config.o (.text.DL_UART_reset)
                  0000577c    00000018     motor_ctrl.o (.text.SET_MOTORS_SPEED)
                  00005794    00000018     protocol.o (.text.get_frame_type)
                  000057ac    00000018     protocol.o (.text.protocol_init)
                  000057c4    00000016     Encoder.o (.text.DL_GPIO_readPins)
                  000057da    00000016     gw_gray.o (.text.DL_GPIO_readPins)
                  000057f0    00000016     key.o (.text.DL_GPIO_readPins)
                  00005806    00000016     oled.o (.text.DL_GPIO_readPins)
                  0000581c    00000016     ti_msp_dl_config.o (.text.DL_UART_enable)
                  00005832    00000014     empty.o (.text.DL_GPIO_clearPins)
                  00005846    00000014     motor_ctrl.o (.text.DL_GPIO_clearPins)
                  0000585a    00000014     oled.o (.text.DL_GPIO_clearPins)
                  0000586e    00000014     ti_msp_dl_config.o (.text.DL_GPIO_clearPins)
                  00005882    00000014     oled.o (.text.DL_GPIO_disableOutput)
                  00005896    00000002     --HOLE-- [fill = 0]
                  00005898    00000014     mpu6050.o (.text.DL_I2C_getControllerStatus)
                  000058ac    00000014     mpu6050.o (.text.DL_I2C_receiveControllerData)
                  000058c0    00000014     ti_msp_dl_config.o (.text.DL_I2C_resetControllerTransfer)
                  000058d4    00000014     ti_msp_dl_config.o (.text.DL_SYSCTL_enableMFCLK)
                  000058e8    00000014     ti_msp_dl_config.o (.text.DL_Timer_enableClock)
                  000058fc    00000014     ti_msp_dl_config.o (.text.DL_Timer_setCCPDirection)
                  00005910    00000014     usart.o (.text.DL_UART_receiveData)
                  00005924    00000012     timer.o (.text.DL_Timer_getPendingInterrupt)
                  00005936    00000012     driverlib.a : dl_uart.o (.text.DL_UART_setClockConfig)
                  00005948    00000012     delay.o (.text.delay_us)
                  0000595a    00000012     libc.a : memcpy16.S.obj (.text:TI_memcpy_small)
                  0000596c    00000012            : copy_decompress_none.c.obj (.text:decompress:none)
                  0000597e    00000002     --HOLE-- [fill = 0]
                  00005980    00000010     ti_msp_dl_config.o (.text.DL_SYSCTL_enableMFPCLK)
                  00005990    00000010     driverlib.a : dl_timer.o (.text.DL_Timer_setCaptureCompareValue)
                  000059a0    00000010     libc.a : copy_zero_init.c.obj (.text:decompress:ZI)
                  000059b0    0000000e            : memset16.S.obj (.text:TI_memset_small)
                  000059be    00000002     --HOLE-- [fill = 0]
                  000059c0    0000000c     libclang_rt.builtins.a : aeabi_memset.S.obj (.text.__aeabi_memclr)
                  000059cc    0000000a     driverlib.a : dl_common.o (.text.DL_Common_delayCycles)
                  000059d6    0000000a     oled.o (.text.I2C_Delay)
                  000059e0    0000000a     libc.a : s_atan.c.obj (.text.OUTLINED_FUNCTION_0)
                  000059ea    00000002     --HOLE-- [fill = 0]
                  000059ec    00000010     libclang_rt.builtins.a : muldf3.S.obj (.tramp.__aeabi_dmul.1)
                  000059fc    00000008     libc.a : s_round.c.obj (.text.OUTLINED_FUNCTION_0)
                  00005a04    00000010     libclang_rt.builtins.a : adddf3.S.obj (.tramp.__aeabi_dadd.1)
                  00005a14    00000008     libc.a : s_atan.c.obj (.text.OUTLINED_FUNCTION_2)
                  00005a1c    00000008            : aeabi_portable.c.obj (.text.__aeabi_errno_addr)
                  00005a24    00000008     libclang_rt.builtins.a : aeabi_memcpy.S.obj (.text.__aeabi_memcpy)
                  00005a2c    00000006     libc.a : s_atan.c.obj (.text.OUTLINED_FUNCTION_1)
                  00005a32    00000006            : exit.c.obj (.text:abort)
                  00005a38    00000004     startup_mspm0g350x_ticlang.o (.text.Default_Handler)
                  00005a3c    00000004     libsysbm.a : hostexit.c.obj (.text.HOSTexit)
                  00005a40    00000004     startup_mspm0g350x_ticlang.o (.text.Reset_Handler)
                  00005a44    00000010     libc.a : boot_cortex_m.c.obj (.tramp._c_int00_noargs.1)
                  00005a54    00000004            : pre_init.c.obj (.text._system_pre_init)
                  00005a58    00000008     --HOLE-- [fill = 0]

.cinit     0    00006130    00000098     
                  00006130    0000006e     (.cinit..data.load) [load image, compression = lzss]
                  0000619e    00000002     --HOLE-- [fill = 0]
                  000061a0    0000000c     (__TI_handler_table)
                  000061ac    00000008     (.cinit..bss.load) [load image, compression = zero_init]
                  000061b4    00000010     (__TI_cinit_table)
                  000061c4    00000004     --HOLE-- [fill = 0]

.rodata    0    00005a60    000006d0     
                  00005a60    000005f0     oled.o (.rodata.OLED_F8x16)
                  00006050    00000040     libc.a : s_atan.c.obj (.rodata.cst32)
                  00006090    00000014     ti_msp_dl_config.o (.rodata.gTIMER_0TimerConfig)
                  000060a4    0000000d     app_oled.o (.rodata.str1.3359168702919667222.1)
                  000060b1    0000000b     app_oled.o (.rodata.str1.1447123384928220746.1)
                  000060bc    0000000b     app_oled.o (.rodata.str1.15423261460788342562.1)
                  000060c7    00000001     --HOLE-- [fill = 0]
                  000060c8    0000000a     ti_msp_dl_config.o (.rodata.gUART_0Config)
                  000060d2    0000000a     app_oled.o (.rodata.str1.15518859946869302998.1)
                  000060dc    00000009     app_oled.o (.rodata.str1.14224910786666964591.1)
                  000060e5    00000009     app_oled.o (.rodata.str1.15567594371661960906.1)
                  000060ee    00000009     app_oled.o (.rodata.str1.4826353225083720302.1)
                  000060f7    00000001     --HOLE-- [fill = 0]
                  000060f8    00000008     ti_msp_dl_config.o (.rodata.gPWM_0Config)
                  00006100    00000006     app_oled.o (.rodata.str1.7443581757110324970.1)
                  00006106    00000005     app_oled.o (.rodata.str1.11319836962472706390.1)
                  0000610b    00000005     app_oled.o (.rodata.str1.14537904905130562231.1)
                  00006110    00000005     app_oled.o (.rodata.str1.14837369829790482031.1)
                  00006115    00000005     app_oled.o (.rodata.str1.7842465535629281655.1)
                  0000611a    00000004     app_oled.o (.rodata.str1.16330337898474194396.1)
                  0000611e    00000004     app_oled.o (.rodata.str1.16915410810118921761.1)
                  00006122    00000004     app_oled.o (.rodata.str1.2308200305200294155.1)
                  00006126    00000003     ti_msp_dl_config.o (.rodata.gPWM_0ClockConfig)
                  00006129    00000003     ti_msp_dl_config.o (.rodata.gTIMER_0ClockConfig)
                  0000612c    00000002     ti_msp_dl_config.o (.rodata.gI2C_0ClockConfig)
                  0000612e    00000002     ti_msp_dl_config.o (.rodata.gUART_0ClockConfig)

.init_array 
*          0    00000000    00000000     UNINITIALIZED

.binit     0    00000000    00000000     

.bss       0    20200000    00000690     UNINITIALIZED
                  20200000    00000480     (.common:OLED_GRAM)
                  20200480    000000bc     (.common:gPWM_0Backup)
                  2020053c    00000080     protocol.o (.bss.recv_buf)
                  202005bc    00000064     (.common:mpu6050)
                  20200620    00000018     (.common:Key)
                  20200638    0000000c     protocol.o (.bss.parser)
                  20200644    0000000a     protocol.o (.bss.set_computer_value.set_packet)
                  2020064e    00000005     (.common:read_imu)
                  20200653    00000001     (.common:Huidu_Datas)
                  20200654    00000004     mpu6050.o (.bss.MPU6050_ReadDatas_Proc.x)
                  20200658    00000004     mpu6050.o (.bss.MPU6050_ReadDatas_Proc.y)
                  2020065c    00000004     mpu6050.o (.bss.MPU6050_ReadDatas_Proc.z)
                  20200660    00000004     (.common:Huidu_Error)
                  20200664    00000004     (.common:Huidu_Sum)
                  20200668    00000004     (.common:Motor1_Lucheng)
                  2020066c    00000004     (.common:Motor1_Target_Speed)
                  20200670    00000004     (.common:Motor2_Lucheng)
                  20200674    00000004     (.common:Motor2_Target_Speed)
                  20200678    00000004     (.common:Target_ChaSu)
                  2020067c    00000004     (.common:Yaw)
                  20200680    00000004     (.common:huidu_error)
                  20200684    00000004     (.common:huidu_lasterror)
                  20200688    00000004     (.common:pitch2)
                  2020068c    00000004     (.common:roll2)

.data      0    20200690    000001d9     UNINITIALIZED
                  20200690    00000048     mpu6050.o (.data.MPU6050_ReadDatas_Proc.EKF)
                  202006d8    00000038     motor_ctrl.o (.data.pid_Angle)
                  20200710    00000038     motor_ctrl.o (.data.pid_Distance)
                  20200748    00000038     motor_ctrl.o (.data.pid_Gyro)
                  20200780    00000038     motor_ctrl.o (.data.pid_Motor1_Speed)
                  202007b8    00000038     motor_ctrl.o (.data.pid_Motor2_Speed)
                  202007f0    00000038     motor_ctrl.o (.data.pid_Turn)
                  20200828    00000004     empty.o (.data.Basic_Speed)
                  2020082c    00000004     mpu6050.o (.data.Gyro_Z_Measeure)
                  20200830    00000004     gw_gray.o (.data.Huidu_Target)
                  20200834    00000004     Encoder.o (.data.Measure_Distance)
                  20200838    00000004     Encoder.o (.data.Motor1_Encoder_Value)
                  2020083c    00000004     Encoder.o (.data.Motor1_Speed)
                  20200840    00000004     Encoder.o (.data.Motor2_Encoder_Value)
                  20200844    00000004     Encoder.o (.data.Motor2_Speed)
                  20200848    00000004     empty.o (.data.Target_Angle)
                  2020084c    00000004     empty.o (.data.Target_Distance)
                  20200850    00000004     empty.o (.data.Target_Gyro)
                  20200854    00000004     libc.a : aeabi_portable.c.obj (.data.__aeabi_errno)
                  20200858    00000002     mpu6050.o (.data.MPU6050_ReadDatas_Proc.time)
                  2020085a    00000002     timer.o (.data.TIMG8_IRQHandler.count_100ms)
                  2020085c    00000002     timer.o (.data.TIMG8_IRQHandler.count_10ms)
                  2020085e    00000002     timer.o (.data.TIMG8_IRQHandler.t)
                  20200860    00000001     motor_ctrl.o (.data.Angle_PID_Flag)
                  20200861    00000001     empty.o (.data.Car_Mode)
                  20200862    00000001     motor_ctrl.o (.data.Distance_PID_Flag)
                  20200863    00000001     motor_ctrl.o (.data.Gyro_PID_Flag)
                  20200864    00000001     motor_ctrl.o (.data.MOTOR1_ENABLE_FLAG)
                  20200865    00000001     motor_ctrl.o (.data.MOTOR2_ENABLE_FLAG)
                  20200866    00000001     empty.o (.data.OLED_View_Select)
                  20200867    00000001     protocol.o (.data.Set_Motor_Param_Select)
                  20200868    00000001     motor_ctrl.o (.data.Turn_PID_Flag)

.stack     0    20207e00    00000200     UNINITIALIZED
                  20207e00    00000004     libc.a : boot_cortex_m.c.obj (.stack)
                  20207e04    000001fc     --HOLE--

__llvm_prf_cnts 
*          0    20200000    00000000     UNINITIALIZED

__llvm_prf_bits 
*          0    20200000    00000000     UNINITIALIZED

MODULE SUMMARY

       Module                         code    ro data   rw data
       ------                         ----    -------   -------
    .\
       ti_msp_dl_config.o             2550    48        188    
       startup_mspm0g350x_ticlang.o   8       192       0      
       empty.o                        80      0         18     
    +--+------------------------------+-------+---------+---------+
       Total:                         2638    240       206    
                                                               
    .\Hardware\
       oled.o                         3164    1520      1152   
       protocol.o                     2134    0         151    
       Encoder.o                      1798    0         28     
       motor_ctrl.o                   818     0         342    
       key.o                          874     0         24     
       gw_gray.o                      714     0         21     
    +--+------------------------------+-------+---------+---------+
       Total:                         9502    1520      1718   
                                                               
    .\Hardware\mpu6050\
       mpu6050.o                      2448    0         207    
    +--+------------------------------+-------+---------+---------+
       Total:                         2448    0         207    
                                                               
    .\app\
       app_oled.o                     1696    110       0      
       app_protocol.o                 344     0         0      
    +--+------------------------------+-------+---------+---------+
       Total:                         2040    110       0      
                                                               
    .\middle\
       timer.o                        754     0         18     
       usart.o                        228     0         0      
       delay.o                        18      0         0      
    +--+------------------------------+-------+---------+---------+
       Total:                         1000    0         18     
                                                               
    E:/TI_02/CCS/mspm0_sdk_2_05_01_00/source/ti/driverlib/lib/ticlang/m0p/mspm0g1x0x_g3x0x/driverlib.a
       dl_timer.o                     588     0         0      
       dl_i2c.o                       192     0         0      
       dl_uart.o                      122     0         0      
       dl_common.o                    10      0         0      
    +--+------------------------------+-------+---------+---------+
       Total:                         912     0         0      
                                                               
    E:\TI_02\CCS\ccs\tools\compiler\ti-cgt-armllvm_4.0.2.LTS\lib\armv6m-ti-none-eabi/c/libc.a
       s_atan.c.obj                   784     64        0      
       s_floor.c.obj                  324     0         0      
       s_round.c.obj                  176     0         0      
       e_sqrtf.c.obj                  160     0         0      
       copy_decompress_lzss.c.obj     124     0         0      
       autoinit.c.obj                 60      0         0      
       boot_cortex_m.c.obj            56      0         0      
       copy_decompress_none.c.obj     18      0         0      
       memcpy16.S.obj                 18      0         0      
       copy_zero_init.c.obj           16      0         0      
       memset16.S.obj                 14      0         0      
       aeabi_portable.c.obj           8       0         4      
       exit.c.obj                     6       0         0      
       pre_init.c.obj                 4       0         0      
    +--+------------------------------+-------+---------+---------+
       Total:                         1768    64        4      
                                                               
    E:\TI_02\CCS\ccs\tools\compiler\ti-cgt-armllvm_4.0.2.LTS\lib\armv6m-ti-none-eabi/c/libsysbm.a
       hostexit.c.obj                 4       0         0      
    +--+------------------------------+-------+---------+---------+
       Total:                         4       0         0      
                                                               
    E:\TI_02\CCS\ccs\tools\compiler\ti-cgt-armllvm_4.0.2.LTS\lib\armv6m-ti-none-eabi/libclang_rt.builtins.a
       adddf3.S.obj                   418     0         0      
       divdf3.S.obj                   268     0         0      
       muldf3.S.obj                   244     0         0      
       comparedf2.c.obj               220     0         0      
       addsf3.S.obj                   216     0         0      
       mulsf3.S.obj                   140     0         0      
       divsf3.S.obj                   130     0         0      
       comparesf2.S.obj               118     0         0      
       truncdfsf2.S.obj               116     0         0      
       aeabi_dcmp.S.obj               98      0         0      
       aeabi_fcmp.S.obj               98      0         0      
       fixunsdfsi.S.obj               66      0         0      
       aeabi_uidivmod.S.obj           64      0         0      
       extendsfdf2.S.obj              64      0         0      
       floatsisf.S.obj                60      0         0      
       muldsi3.S.obj                  58      0         0      
       fixsfsi.S.obj                  56      0         0      
       floatsidf.S.obj                44      0         0      
       floatunsisf.S.obj              40      0         0      
       floatunsidf.S.obj              36      0         0      
       aeabi_memset.S.obj             12      0         0      
       aeabi_memcpy.S.obj             8       0         0      
       aeabi_div0.c.obj               2       0         0      
    +--+------------------------------+-------+---------+---------+
       Total:                         2576    0         0      
                                                               
       Stack:                         0       0         512    
       Linker Generated:              0       146       0      
    +--+------------------------------+-------+---------+---------+
       Grand Total:                   22888   2080      2665   


LINKER GENERATED COPY TABLES

__TI_cinit_table @ 000061b4 records: 2, size/record: 8, table size: 16
	.data: load addr=00006130, load size=0000006e bytes, run addr=20200690, run size=000001d9 bytes, compression=lzss
	.bss: load addr=000061ac, load size=00000008 bytes, run addr=20200000, run size=00000690 bytes, compression=zero_init


LINKER GENERATED HANDLER TABLE

__TI_handler_table @ 000061a0 records: 3, size/record: 4, table size: 12
	index: 0, handler: __TI_decompress_lzss
	index: 1, handler: __TI_decompress_none
	index: 2, handler: __TI_zero_init


FAR CALL TRAMPOLINES

callee name               trampoline name
   callee addr  tramp addr   call addr  call info
--------------  -----------  ---------  ----------------
__aeabi_dmul              $Tramp$TT$L$PI$$__aeabi_dmul
   00002f99     000059ec     000059e8   libc.a : s_atan.c.obj (.text.OUTLINED_FUNCTION_0)
                             00005a1a          : s_atan.c.obj (.text.OUTLINED_FUNCTION_2)
__aeabi_dadd              $Tramp$TT$L$PI$$__aeabi_dadd
   00002303     00005a04     00005a02   libc.a : s_round.c.obj (.text.OUTLINED_FUNCTION_0)
                             00005a30          : s_atan.c.obj (.text.OUTLINED_FUNCTION_1)
_c_int00_noargs           $Tramp$TT$L$PI$$_c_int00_noargs
   0000515d     00005a44     00005a40   startup_mspm0g350x_ticlang.o (.text.Reset_Handler)

[3 trampolines]
[5 trampoline calls]


GLOBAL SYMBOLS: SORTED ALPHABETICALLY BY Name 

address   name                            
-------   ----                            
00005a39  ADC0_IRQHandler                 
00005a39  ADC1_IRQHandler                 
00005a39  AES_IRQHandler                  
000014a5  AHRS_Geteuler                   
20200860  Angle_PID_Flag                  
20200828  Basic_Speed                     
00005a3c  C$$EXIT                         
00005a39  CANFD0_IRQHandler               
20200861  Car_Mode                        
00005a39  DAC0_IRQHandler                 
000059cd  DL_Common_delayCycles           
000045d9  DL_I2C_fillControllerTXFIFO     
00004b51  DL_I2C_flushControllerTXFIFO    
000051ab  DL_I2C_setClockConfig           
00002cbd  DL_Timer_initFourCCPWMMode      
00002eb1  DL_Timer_initTimerMode          
0000546d  DL_Timer_setCaptCompUpdateMethod
000056ed  DL_Timer_setCaptureCompareOutCtl
00005991  DL_Timer_setCaptureCompareValue 
00005489  DL_Timer_setClockConfig         
00004879  DL_UART_init                    
00005937  DL_UART_setClockConfig          
00005331  DL_UART_transmitDataBlocking    
00005a39  DMA_IRQHandler                  
00005a39  Default_Handler                 
20200862  Distance_PID_Flag               
00005a39  GROUP0_IRQHandler               
00000761  GROUP1_IRQHandler               
20200863  Gyro_PID_Flag                   
2020082c  Gyro_Z_Measeure                 
00004639  HAL_UART_Transmit               
00005a3d  HOSTexit                        
00005a39  HardFault_Handler               
20200653  Huidu_Datas                     
20200660  Huidu_Error                     
00001f8d  Huidu_Proc                      
00002dc1  Huidu_Read                      
20200664  Huidu_Sum                       
20200830  Huidu_Target                    
00005a39  I2C0_IRQHandler                 
00005a39  I2C1_IRQHandler                 
000033d5  I2C_ReadReg                     
00003499  I2C_WriteReg                    
00002881  KEY_PROC                        
20200620  Key                             
00001951  Key_Read                        
00004cf5  LPF_1st                         
0000299d  MEASURE_MOTORS_SPEED            
20200864  MOTOR1_ENABLE_FLAG              
20200865  MOTOR2_ENABLE_FLAG              
000011fd  MPU6050_ReadDatas_Proc          
20200834  Measure_Distance                
20200838  Motor1_Encoder_Value            
000043ed  Motor1_Get_Speed                
20200668  Motor1_Lucheng                  
2020083c  Motor1_Speed                    
2020066c  Motor1_Target_Speed             
20200840  Motor2_Encoder_Value            
00004319  Motor2_Get_Speed                
20200670  Motor2_Lucheng                  
20200844  Motor2_Speed                    
20200674  Motor2_Target_Speed             
00005a39  NMI_Handler                     
00004eb9  NVIC_EnableIRQ_Init             
00004579  OLED_Clear                      
00004eed  OLED_ColorTurn                  
0000482d  OLED_DisplayTurn                
00003821  OLED_DrawPoint                  
00005a60  OLED_F8x16                      
00004d2f  OLED_GPIO_Init                  
20200000  OLED_GRAM                       
00002bb5  OLED_Init                       
00004f85  OLED_Pow                        
00003965  OLED_Refresh                    
00003619  OLED_ShowBinNum                 
0000248d  OLED_ShowChar                   
00002151  OLED_ShowFloatNum               
0000307d  OLED_ShowNum                    
00003309  OLED_ShowSignedNum              
00003b39  OLED_ShowString                 
000000c1  OLED_Show_Proc                  
00004229  OLED_Update                     
20200866  OLED_View_Select                
00004791  OLED_WR_Byte                    
00003559  PID_Calculate                   
000048c1  PID_Limit                       
00004e19  PWM_Limit                       
00005a39  PendSV_Handler                  
000025e5  Protocol_Datas_Proc             
00005a39  RTC_IRQHandler                  
00005a41  Reset_Handler                   
0000577d  SET_MOTORS_SPEED                
00005a39  SPI0_IRQHandler                 
00005a39  SPI1_IRQHandler                 
00005a39  SVC_Handler                     
00001d85  SYSCFG_DL_GPIO_init             
00004695  SYSCFG_DL_I2C_0_init            
00003e21  SYSCFG_DL_PWM_0_init            
000051f7  SYSCFG_DL_SYSCTL_init           
00004a15  SYSCFG_DL_TIMER_0_init          
000046ed  SYSCFG_DL_UART_0_init           
00004fe5  SYSCFG_DL_init                  
00004041  SYSCFG_DL_initPower             
0000521d  Set_Motor1_PWM                  
00003a01  Set_Motor1_Speed                
00005241  Set_Motor2_PWM                  
00003bd5  Set_Motor2_Speed                
20200867  Set_Motor_Param_Select          
00004f21  Set_PID_Param                   
000051d1  Single_ReadI2C                  
00005265  Single_WriteI2C                 
00005a39  SysTick_Handler                 
00005a39  TIMA0_IRQHandler                
00005a39  TIMA1_IRQHandler                
00005a39  TIMG0_IRQHandler                
00005a39  TIMG12_IRQHandler               
00005a39  TIMG6_IRQHandler                
00005a39  TIMG7_IRQHandler                
0000172d  TIMG8_IRQHandler                
0000595b  TI_memcpy_small                 
000059b1  TI_memset_small                 
20200848  Target_Angle                    
20200678  Target_ChaSu                    
2020084c  Target_Distance                 
20200850  Target_Gyro                     
20200868  Turn_PID_Flag                   
00005a39  UART0_IRQHandler                
0000494d  UART1_IRQHandler                
00005a39  UART2_IRQHandler                
00005a39  UART3_IRQHandler                
2020067c  Yaw                             
20208000  __STACK_END                     
00000200  __STACK_SIZE                    
00000000  __TI_ATRegion0_region_sz        
00000000  __TI_ATRegion0_src_addr         
00000000  __TI_ATRegion0_trg_addr         
00000000  __TI_ATRegion1_region_sz        
00000000  __TI_ATRegion1_src_addr         
00000000  __TI_ATRegion1_trg_addr         
00000000  __TI_ATRegion2_region_sz        
00000000  __TI_ATRegion2_src_addr         
00000000  __TI_ATRegion2_trg_addr         
000061b4  __TI_CINIT_Base                 
000061c4  __TI_CINIT_Limit                
000061c4  __TI_CINIT_Warm                 
000061a0  __TI_Handler_Table_Base         
000061ac  __TI_Handler_Table_Limit        
00004cb9  __TI_auto_init_nobinit_nopinit  
000040bd  __TI_decompress_lzss            
0000596d  __TI_decompress_none            
ffffffff  __TI_pprof_out_hndl             
ffffffff  __TI_prof_data_size             
ffffffff  __TI_prof_data_start            
00000000  __TI_static_base__              
000059a1  __TI_zero_init                  
00002303  __adddf3                        
0000316b  __addsf3                        
00004231  __aeabi_d2f                     
00004991  __aeabi_d2uiz                   
00002303  __aeabi_dadd                    
00004451  __aeabi_dcmpeq                  
0000448d  __aeabi_dcmpge                  
000044a1  __aeabi_dcmpgt                  
00004479  __aeabi_dcmple                  
00004465  __aeabi_dcmplt                  
00002aa9  __aeabi_ddiv                    
00002f99  __aeabi_dmul                    
000022f9  __aeabi_dsub                    
20200854  __aeabi_errno                   
00005a1d  __aeabi_errno_addr              
00004a95  __aeabi_f2d                     
00004de1  __aeabi_f2iz                    
0000316b  __aeabi_fadd                    
000044b5  __aeabi_fcmpeq                  
000044f1  __aeabi_fcmpge                  
00004505  __aeabi_fcmpgt                  
000044dd  __aeabi_fcmple                  
000044c9  __aeabi_fcmplt                  
00003fbd  __aeabi_fdiv                    
00003ead  __aeabi_fmul                    
00003161  __aeabi_fsub                    
00005069  __aeabi_i2d                     
00004bc9  __aeabi_i2f                     
000022f7  __aeabi_idiv0                   
000059c1  __aeabi_memclr                  
000059c1  __aeabi_memclr4                 
000059c1  __aeabi_memclr8                 
00005a25  __aeabi_memcpy                  
00005a25  __aeabi_memcpy4                 
00005a25  __aeabi_memcpy8                 
00005289  __aeabi_ui2d                    
00005135  __aeabi_ui2f                    
00004a55  __aeabi_uidiv                   
00004a55  __aeabi_uidivmod                
ffffffff  __binit__                       
00004385  __cmpdf2                        
00004d69  __cmpsf2                        
00002aa9  __divdf3                        
00003fbd  __divsf3                        
00004385  __eqdf2                         
00004d69  __eqsf2                         
00004a95  __extendsfdf2                   
00004de1  __fixsfsi                       
00004991  __fixunsdfsi                    
00005069  __floatsidf                     
00004bc9  __floatsisf                     
00005289  __floatunsidf                   
00005135  __floatunsisf                   
000041b5  __gedf2                         
00004c05  __gesf2                         
000041b5  __gtdf2                         
00004c05  __gtsf2                         
00004385  __ledf2                         
00004d69  __lesf2                         
00004385  __ltdf2                         
00004d69  __ltsf2                         
UNDEFED   __mpu_init                      
00002f99  __muldf3                        
00004da5  __muldsi3                       
00003ead  __mulsf3                        
00004385  __nedf2                         
00004d69  __nesf2                         
20207e00  __stack                         
20200000  __start___llvm_prf_bits         
20200000  __start___llvm_prf_cnts         
20200000  __stop___llvm_prf_bits          
20200000  __stop___llvm_prf_cnts          
000022f9  __subdf3                        
00003161  __subsf3                        
00004231  __truncdfsf2                    
0000515d  _c_int00_noargs                 
UNDEFED   _system_post_cinit              
00005a55  _system_pre_init                
00005a33  abort                           
00000c21  atan                            
00000c21  atanl                           
ffffffff  binit                           
00004ad5  check_sum                       
00005949  delay_us                        
0000273d  floor                           
0000273d  floorl                          
20200480  gPWM_0Backup                    
20200680  huidu_error                     
20200684  huidu_lasterror                 
00000000  interruptVectors                
000042a5  kalmanfiter                     
00004c41  main                            
202005bc  mpu6050                         
00003c6d  mpu6050_init                    
00003d01  mpu6050_read                    
202006d8  pid_Angle                       
20200710  pid_Distance                    
20200748  pid_Gyro                        
20200780  pid_Motor1_Speed                
202007b8  pid_Motor2_Speed                
202007f0  pid_Turn                        
20200688  pitch2                          
00004c7d  protocol_data_recv              
000057ad  protocol_init                   
2020064e  read_imu                        
00000f19  receiving_process               
2020068c  roll2                           
00003779  round                           
00003779  roundl                          
00003a9d  set_computer_value              
000038c5  sqrtf                           


GLOBAL SYMBOLS: SORTED BY Symbol Address 

address   name                            
-------   ----                            
00000000  __TI_ATRegion0_region_sz        
00000000  __TI_ATRegion0_src_addr         
00000000  __TI_ATRegion0_trg_addr         
00000000  __TI_ATRegion1_region_sz        
00000000  __TI_ATRegion1_src_addr         
00000000  __TI_ATRegion1_trg_addr         
00000000  __TI_ATRegion2_region_sz        
00000000  __TI_ATRegion2_src_addr         
00000000  __TI_ATRegion2_trg_addr         
00000000  __TI_static_base__              
00000000  interruptVectors                
000000c1  OLED_Show_Proc                  
00000200  __STACK_SIZE                    
00000761  GROUP1_IRQHandler               
00000c21  atan                            
00000c21  atanl                           
00000f19  receiving_process               
000011fd  MPU6050_ReadDatas_Proc          
000014a5  AHRS_Geteuler                   
0000172d  TIMG8_IRQHandler                
00001951  Key_Read                        
00001d85  SYSCFG_DL_GPIO_init             
00001f8d  Huidu_Proc                      
00002151  OLED_ShowFloatNum               
000022f7  __aeabi_idiv0                   
000022f9  __aeabi_dsub                    
000022f9  __subdf3                        
00002303  __adddf3                        
00002303  __aeabi_dadd                    
0000248d  OLED_ShowChar                   
000025e5  Protocol_Datas_Proc             
0000273d  floor                           
0000273d  floorl                          
00002881  KEY_PROC                        
0000299d  MEASURE_MOTORS_SPEED            
00002aa9  __aeabi_ddiv                    
00002aa9  __divdf3                        
00002bb5  OLED_Init                       
00002cbd  DL_Timer_initFourCCPWMMode      
00002dc1  Huidu_Read                      
00002eb1  DL_Timer_initTimerMode          
00002f99  __aeabi_dmul                    
00002f99  __muldf3                        
0000307d  OLED_ShowNum                    
00003161  __aeabi_fsub                    
00003161  __subsf3                        
0000316b  __addsf3                        
0000316b  __aeabi_fadd                    
00003309  OLED_ShowSignedNum              
000033d5  I2C_ReadReg                     
00003499  I2C_WriteReg                    
00003559  PID_Calculate                   
00003619  OLED_ShowBinNum                 
00003779  round                           
00003779  roundl                          
00003821  OLED_DrawPoint                  
000038c5  sqrtf                           
00003965  OLED_Refresh                    
00003a01  Set_Motor1_Speed                
00003a9d  set_computer_value              
00003b39  OLED_ShowString                 
00003bd5  Set_Motor2_Speed                
00003c6d  mpu6050_init                    
00003d01  mpu6050_read                    
00003e21  SYSCFG_DL_PWM_0_init            
00003ead  __aeabi_fmul                    
00003ead  __mulsf3                        
00003fbd  __aeabi_fdiv                    
00003fbd  __divsf3                        
00004041  SYSCFG_DL_initPower             
000040bd  __TI_decompress_lzss            
000041b5  __gedf2                         
000041b5  __gtdf2                         
00004229  OLED_Update                     
00004231  __aeabi_d2f                     
00004231  __truncdfsf2                    
000042a5  kalmanfiter                     
00004319  Motor2_Get_Speed                
00004385  __cmpdf2                        
00004385  __eqdf2                         
00004385  __ledf2                         
00004385  __ltdf2                         
00004385  __nedf2                         
000043ed  Motor1_Get_Speed                
00004451  __aeabi_dcmpeq                  
00004465  __aeabi_dcmplt                  
00004479  __aeabi_dcmple                  
0000448d  __aeabi_dcmpge                  
000044a1  __aeabi_dcmpgt                  
000044b5  __aeabi_fcmpeq                  
000044c9  __aeabi_fcmplt                  
000044dd  __aeabi_fcmple                  
000044f1  __aeabi_fcmpge                  
00004505  __aeabi_fcmpgt                  
00004579  OLED_Clear                      
000045d9  DL_I2C_fillControllerTXFIFO     
00004639  HAL_UART_Transmit               
00004695  SYSCFG_DL_I2C_0_init            
000046ed  SYSCFG_DL_UART_0_init           
00004791  OLED_WR_Byte                    
0000482d  OLED_DisplayTurn                
00004879  DL_UART_init                    
000048c1  PID_Limit                       
0000494d  UART1_IRQHandler                
00004991  __aeabi_d2uiz                   
00004991  __fixunsdfsi                    
00004a15  SYSCFG_DL_TIMER_0_init          
00004a55  __aeabi_uidiv                   
00004a55  __aeabi_uidivmod                
00004a95  __aeabi_f2d                     
00004a95  __extendsfdf2                   
00004ad5  check_sum                       
00004b51  DL_I2C_flushControllerTXFIFO    
00004bc9  __aeabi_i2f                     
00004bc9  __floatsisf                     
00004c05  __gesf2                         
00004c05  __gtsf2                         
00004c41  main                            
00004c7d  protocol_data_recv              
00004cb9  __TI_auto_init_nobinit_nopinit  
00004cf5  LPF_1st                         
00004d2f  OLED_GPIO_Init                  
00004d69  __cmpsf2                        
00004d69  __eqsf2                         
00004d69  __lesf2                         
00004d69  __ltsf2                         
00004d69  __nesf2                         
00004da5  __muldsi3                       
00004de1  __aeabi_f2iz                    
00004de1  __fixsfsi                       
00004e19  PWM_Limit                       
00004eb9  NVIC_EnableIRQ_Init             
00004eed  OLED_ColorTurn                  
00004f21  Set_PID_Param                   
00004f85  OLED_Pow                        
00004fe5  SYSCFG_DL_init                  
00005069  __aeabi_i2d                     
00005069  __floatsidf                     
00005135  __aeabi_ui2f                    
00005135  __floatunsisf                   
0000515d  _c_int00_noargs                 
000051ab  DL_I2C_setClockConfig           
000051d1  Single_ReadI2C                  
000051f7  SYSCFG_DL_SYSCTL_init           
0000521d  Set_Motor1_PWM                  
00005241  Set_Motor2_PWM                  
00005265  Single_WriteI2C                 
00005289  __aeabi_ui2d                    
00005289  __floatunsidf                   
00005331  DL_UART_transmitDataBlocking    
0000546d  DL_Timer_setCaptCompUpdateMethod
00005489  DL_Timer_setClockConfig         
000056ed  DL_Timer_setCaptureCompareOutCtl
0000577d  SET_MOTORS_SPEED                
000057ad  protocol_init                   
00005937  DL_UART_setClockConfig          
00005949  delay_us                        
0000595b  TI_memcpy_small                 
0000596d  __TI_decompress_none            
00005991  DL_Timer_setCaptureCompareValue 
000059a1  __TI_zero_init                  
000059b1  TI_memset_small                 
000059c1  __aeabi_memclr                  
000059c1  __aeabi_memclr4                 
000059c1  __aeabi_memclr8                 
000059cd  DL_Common_delayCycles           
00005a1d  __aeabi_errno_addr              
00005a25  __aeabi_memcpy                  
00005a25  __aeabi_memcpy4                 
00005a25  __aeabi_memcpy8                 
00005a33  abort                           
00005a39  ADC0_IRQHandler                 
00005a39  ADC1_IRQHandler                 
00005a39  AES_IRQHandler                  
00005a39  CANFD0_IRQHandler               
00005a39  DAC0_IRQHandler                 
00005a39  DMA_IRQHandler                  
00005a39  Default_Handler                 
00005a39  GROUP0_IRQHandler               
00005a39  HardFault_Handler               
00005a39  I2C0_IRQHandler                 
00005a39  I2C1_IRQHandler                 
00005a39  NMI_Handler                     
00005a39  PendSV_Handler                  
00005a39  RTC_IRQHandler                  
00005a39  SPI0_IRQHandler                 
00005a39  SPI1_IRQHandler                 
00005a39  SVC_Handler                     
00005a39  SysTick_Handler                 
00005a39  TIMA0_IRQHandler                
00005a39  TIMA1_IRQHandler                
00005a39  TIMG0_IRQHandler                
00005a39  TIMG12_IRQHandler               
00005a39  TIMG6_IRQHandler                
00005a39  TIMG7_IRQHandler                
00005a39  UART0_IRQHandler                
00005a39  UART2_IRQHandler                
00005a39  UART3_IRQHandler                
00005a3c  C$$EXIT                         
00005a3d  HOSTexit                        
00005a41  Reset_Handler                   
00005a55  _system_pre_init                
00005a60  OLED_F8x16                      
000061a0  __TI_Handler_Table_Base         
000061ac  __TI_Handler_Table_Limit        
000061b4  __TI_CINIT_Base                 
000061c4  __TI_CINIT_Limit                
000061c4  __TI_CINIT_Warm                 
20200000  OLED_GRAM                       
20200000  __start___llvm_prf_bits         
20200000  __start___llvm_prf_cnts         
20200000  __stop___llvm_prf_bits          
20200000  __stop___llvm_prf_cnts          
20200480  gPWM_0Backup                    
202005bc  mpu6050                         
20200620  Key                             
2020064e  read_imu                        
20200653  Huidu_Datas                     
20200660  Huidu_Error                     
20200664  Huidu_Sum                       
20200668  Motor1_Lucheng                  
2020066c  Motor1_Target_Speed             
20200670  Motor2_Lucheng                  
20200674  Motor2_Target_Speed             
20200678  Target_ChaSu                    
2020067c  Yaw                             
20200680  huidu_error                     
20200684  huidu_lasterror                 
20200688  pitch2                          
2020068c  roll2                           
202006d8  pid_Angle                       
20200710  pid_Distance                    
20200748  pid_Gyro                        
20200780  pid_Motor1_Speed                
202007b8  pid_Motor2_Speed                
202007f0  pid_Turn                        
20200828  Basic_Speed                     
2020082c  Gyro_Z_Measeure                 
20200830  Huidu_Target                    
20200834  Measure_Distance                
20200838  Motor1_Encoder_Value            
2020083c  Motor1_Speed                    
20200840  Motor2_Encoder_Value            
20200844  Motor2_Speed                    
20200848  Target_Angle                    
2020084c  Target_Distance                 
20200850  Target_Gyro                     
20200854  __aeabi_errno                   
20200860  Angle_PID_Flag                  
20200861  Car_Mode                        
20200862  Distance_PID_Flag               
20200863  Gyro_PID_Flag                   
20200864  MOTOR1_ENABLE_FLAG              
20200865  MOTOR2_ENABLE_FLAG              
20200866  OLED_View_Select                
20200867  Set_Motor_Param_Select          
20200868  Turn_PID_Flag                   
20207e00  __stack                         
20208000  __STACK_END                     
ffffffff  __TI_pprof_out_hndl             
ffffffff  __TI_prof_data_size             
ffffffff  __TI_prof_data_start            
ffffffff  __binit__                       
ffffffff  binit                           
UNDEFED   __mpu_init                      
UNDEFED   _system_post_cinit              

[266 symbols]
